prospective 4 / 200
prospective 8 / 200
prospective 12 / 200
prospective 16 / 200
prospective 20 / 200
prospective 24 / 200
prospective 28 / 200
prospective 32 / 200
prospective 36 / 200
prospective 40 / 200
prospective 44 / 200
prospective 48 / 200
prospective 52 / 200
prospective 56 / 200
prospective 60 / 200
prospective 64 / 200
prospective 68 / 200
prospective 72 / 200
prospective 76 / 200
prospective 80 / 200
prospective 84 / 200
prospective 88 / 200
prospective 92 / 200
prospective 96 / 200
prospective 100 / 200
prospective 104 / 200
prospective 108 / 200
prospective 112 / 200
prospective 116 / 200
prospective 120 / 200
prospective 124 / 200
prospective 128 / 200
prospective 132 / 200
prospective 136 / 200
prospective 140 / 200
prospective 144 / 200
prospective 148 / 200
prospective 152 / 200
prospective 156 / 200
prospective 160 / 200
prospective 164 / 200
prospective 168 / 200
prospective 172 / 200
prospective 176 / 200
prospective 180 / 200
prospective 184 / 200
prospective 188 / 200
prospective 192 / 200
prospective 196 / 200
prospective 200 / 200
