preflop gpu: coupled multiway, 1024 particles, 198564 reach CDFs, 32-particle batches, 2079 MB CDF scratch
preflop gpu: compact CDF slots 95564 of 198564, 6.4 MB immutable map
preflop gpu: deployed_prepass reference, 32-particle grouping and HU-cache=true with accurately budgeted storage
preflop gpu: 410270 nodes, 23 levels, 211189 terminals (21534 calibrated), 0 forced + 0 frozen nodes, ~3418 MB VRAM
iteration 525 elapsed 28.13
iteration 550 elapsed 56.63
iteration 575 elapsed 85.17
iteration 600 elapsed 113.65
iteration 625 elapsed 142.08
iteration 650 elapsed 170.55
iteration 675 elapsed 199.34
iteration 700 elapsed 227.72
iteration 725 elapsed 256.05
iteration 750 elapsed 284.66
iteration 775 elapsed 311.72
iteration 800 elapsed 339.84
iteration 825 elapsed 367.75
iteration 850 elapsed 396.00
iteration 875 elapsed 424.38
iteration 900 elapsed 452.35
iteration 925 elapsed 479.92
iteration 950 elapsed 507.84
iteration 975 elapsed 535.87
iteration 1000 elapsed 563.71
completed 1000
