   Compiling solver v0.1.0 (T:\Dev\GTOpen\target\autoresearch\workspace\crates\solver)
    Finished `release` profile [optimized] target(s) in 10.91s
     Running tests\postflop_state_perf.rs (target\release\deps\postflop_state_perf-30f8f44fd8c03f05.exe)

running 1 test
test postflop_states ... gpu: 152448 nodes, 12 levels, staging+arenas 121.1 MB
METRIC_JSON {"board":"KsQs2d","iso":false,"metrics":{},"rake":0.0,"states":[{"exploit_bits":4587303795425830328,"hash":"ced25cd534160a7a","locked":false},{"exploit_bits":4581640868563274656,"hash":"8729320849b9d33c","locked":true}]}
gpu: 152448 nodes, 12 levels, staging+arenas 121.1 MB
METRIC_JSON {"board":"KsQs2d","iso":false,"metrics":{},"rake":0.05,"states":[{"exploit_bits":4587469623950769688,"hash":"dce9b2717e0df16e","locked":false},{"exploit_bits":4581722223845122880,"hash":"99111fb9c8ec709b","locked":true}]}
gpu: 152448 nodes, 12 levels, staging+arenas 107.7 MB
METRIC_JSON {"board":"KsQs2d","iso":true,"metrics":{},"rake":0.0,"states":[{"exploit_bits":4587284094896033288,"hash":"f28b67b0f43f8498","locked":false},{"exploit_bits":4581629036489079792,"hash":"52fbd9a266ab35c1","locked":true}]}
gpu: 152448 nodes, 12 levels, staging+arenas 107.7 MB
METRIC_JSON {"board":"KsQs2d","iso":true,"metrics":{},"rake":0.05,"states":[{"exploit_bits":4587467559043767640,"hash":"7abb90d6fa5ac2fc","locked":false},{"exploit_bits":4581695983154347840,"hash":"b529102cce25dc39","locked":true}]}
gpu: 1161 nodes, 8 levels, staging+arenas 0.9 MB
METRIC_JSON {"board":"Qs7h2dKh","iso":false,"metrics":{},"rake":0.0,"states":[{"exploit_bits":4582461738720506392,"hash":"816eeeb55df5fe5c","locked":false},{"exploit_bits":4576041536399700112,"hash":"202311fe47670cc0","locked":true}]}
gpu: 1161 nodes, 8 levels, staging+arenas 0.9 MB
METRIC_JSON {"board":"Qs7h2dKh","iso":false,"metrics":{},"rake":0.05,"states":[{"exploit_bits":4583407264393491801,"hash":"ed2549bfcfbc34f1","locked":false},{"exploit_bits":4576219535588436580,"hash":"8217b6d74d4da526","locked":true}]}
gpu: 1161 nodes, 8 levels, staging+arenas 0.9 MB
METRIC_JSON {"board":"Qs7h2dKh","iso":true,"metrics":{},"rake":0.0,"states":[{"exploit_bits":4582461738720506392,"hash":"816eeeb55df5fe5c","locked":false},{"exploit_bits":4576041536399700112,"hash":"202311fe47670cc0","locked":true}]}
gpu: 1161 nodes, 8 levels, staging+arenas 0.9 MB
METRIC_JSON {"board":"Qs7h2dKh","iso":true,"metrics":{},"rake":0.05,"states":[{"exploit_bits":4583407264393491801,"hash":"ed2549bfcfbc34f1","locked":false},{"exploit_bits":4576219535588436580,"hash":"8217b6d74d4da526","locked":true}]}
gpu: 9 nodes, 4 levels, staging+arenas 0.0 MB
METRIC_JSON {"board":"AsKsQsJsTs","iso":false,"metrics":{},"rake":0.0,"states":[{"exploit_bits":4554443791804951647,"hash":"7f53c8ac5434860d","locked":false},{"exploit_bits":4545576682231338880,"hash":"409995a6b2afc105","locked":true}]}
gpu: 9 nodes, 4 levels, staging+arenas 0.0 MB
METRIC_JSON {"board":"AsKsQsJsTs","iso":false,"metrics":{},"rake":0.05,"states":[{"exploit_bits":4566905886187841344,"hash":"af8ff4550d82f9ef","locked":false},{"exploit_bits":4558330255933400576,"hash":"db670420a8559b3f","locked":true}]}
gpu: 9 nodes, 4 levels, staging+arenas 0.0 MB
METRIC_JSON {"board":"AsKsQsJsTs","iso":true,"metrics":{},"rake":0.0,"states":[{"exploit_bits":4554443791804951647,"hash":"7f53c8ac5434860d","locked":false},{"exploit_bits":4545576682231338880,"hash":"409995a6b2afc105","locked":true}]}
gpu: 9 nodes, 4 levels, staging+arenas 0.0 MB
METRIC_JSON {"board":"AsKsQsJsTs","iso":true,"metrics":{},"rake":0.05,"states":[{"exploit_bits":4566905886187841344,"hash":"af8ff4550d82f9ef","locked":false},{"exploit_bits":4558330255933400576,"hash":"db670420a8559b3f","locked":true}]}
ok

test result: ok. 1 passed; 0 failed; 0 ignored; 0 measured; 0 filtered out; finished in 3.46s

