   Compiling solver v0.1.0 (T:\Dev\GTOpen\target\autoresearch\workspace\crates\solver)
    Finished `release` profile [optimized] target(s) in 11.88s
     Running tests\postflop_perf.rs (target\release\deps\postflop_perf-7abb3f6ddb825dff.exe)

running 1 test
test postflop_timings ... gpu: 1346813 nodes, 14 levels, staging+arenas 7551.1 MB
CONVERGENCE board=Ks7h2d iteration=20 pct=18.077340863
CONVERGENCE board=Ks7h2d iteration=40 pct=6.460407140
CONVERGENCE board=Ks7h2d iteration=60 pct=3.241066130
CONVERGENCE board=Ks7h2d iteration=80 pct=1.870261448
CONVERGENCE board=Ks7h2d iteration=100 pct=1.198460969
CONVERGENCE board=Ks7h2d iteration=120 pct=0.813294048
CONVERGENCE board=Ks7h2d iteration=140 pct=0.615107858
CONVERGENCE board=Ks7h2d iteration=160 pct=0.460753804
CONVERGENCE board=Ks7h2d iteration=180 pct=0.353374381
CONVERGENCE board=Ks7h2d iteration=200 pct=0.279914604
POSTFLOP_TARGET board=Ks7h2d iteration=200 seconds=11.305 pct=0.279914604
gpu: 1346813 nodes, 14 levels, staging+arenas 7576.8 MB
CONVERGENCE board=Ks7s2d iteration=20 pct=15.735612948
CONVERGENCE board=Ks7s2d iteration=40 pct=5.414592133
CONVERGENCE board=Ks7s2d iteration=60 pct=2.562267662
CONVERGENCE board=Ks7s2d iteration=80 pct=1.493222759
CONVERGENCE board=Ks7s2d iteration=100 pct=0.979467509
CONVERGENCE board=Ks7s2d iteration=120 pct=0.695761494
CONVERGENCE board=Ks7s2d iteration=140 pct=0.521666668
CONVERGENCE board=Ks7s2d iteration=160 pct=0.397852289
CONVERGENCE board=Ks7s2d iteration=180 pct=0.319724792
CONVERGENCE board=Ks7s2d iteration=200 pct=0.255958513
POSTFLOP_TARGET board=Ks7s2d iteration=200 seconds=6.739 pct=0.255958513
gpu: 33 nodes, 8 levels, staging+arenas 0.2 MB
CONVERGENCE board=Ks7h2dQhTc iteration=20 pct=2.680129899
CONVERGENCE board=Ks7h2dQhTc iteration=40 pct=0.645940364
CONVERGENCE board=Ks7h2dQhTc iteration=60 pct=0.269896858
POSTFLOP_TARGET board=Ks7h2dQhTc iteration=60 seconds=0.022 pct=0.269896858
ok

test result: ok. 1 passed; 0 failed; 0 ignored; 0 measured; 0 filtered out; finished in 20.71s

