   Compiling solver v0.1.0 (T:\Dev\GTOpen\target\autoresearch\workspace\crates\solver)
    Finished `release` profile [optimized] target(s) in 38.78s
     Running tests\postflop_capacity_perf.rs (target\release\deps\postflop_capacity_perf-5e96ceeedaf7d760.exe)

running 1 test
test postflop_capacity ... gpu: 1346813 nodes, 14 levels, staging+arenas 6109.8 MB
METRIC_JSON {"board":"Ks7h2d","metrics":{"postflop.Ks7h2d.iso.allocated_vram_mb":6241.124352,"postflop.Ks7h2d.iso.estimated_vram_mb":6716.6347,"postflop.Ks7h2d.iso.init_ms":1514.7133,"postflop.Ks7h2d.iso.plan_build_ms":103.6747,"postflop.Ks7h2d.iso.staging_memory_mb":3380.293588},"nodes":1346813,"use_isomorphism":true}
gpu: 1346813 nodes, 14 levels, staging+arenas 4802.7 MB
METRIC_JSON {"board":"Ks7s2d","metrics":{"postflop.Ks7s2d.iso.allocated_vram_mb":4932.501504,"postflop.Ks7s2d.iso.estimated_vram_mb":6737.546704,"postflop.Ks7s2d.iso.init_ms":557.8100000000001,"postflop.Ks7s2d.iso.plan_build_ms":85.025,"postflop.Ks7s2d.iso.staging_memory_mb":2063.622928},"nodes":1346813,"use_isomorphism":true}
gpu: 1346813 nodes, 14 levels, staging+arenas 6130.5 MB
METRIC_JSON {"board":"Ks7s2d","metrics":{"postflop.Ks7s2d.full.allocated_vram_mb":6274.678784,"postflop.Ks7s2d.full.estimated_vram_mb":6737.546704,"postflop.Ks7s2d.full.init_ms":636.3002,"postflop.Ks7s2d.full.plan_build_ms":118.643,"postflop.Ks7s2d.full.staging_memory_mb":3391.473816},"nodes":1346813,"use_isomorphism":false}
ok

test result: ok. 1 passed; 0 failed; 0 ignored; 0 measured; 0 filtered out; finished in 4.46s

     Running tests\postflop_perf.rs (target\release\deps\postflop_perf-7abb3f6ddb825dff.exe)

running 1 test
test postflop_timings ... gpu: 1346813 nodes, 14 levels, staging+arenas 6109.8 MB
POSTFLOP board=Ks7h2d rake=0 nodes=1346813 init_ms=1208.383 iteration_ms=57.556 check_ms=35.825 exploit_chips=1.698464289
KERNELS board=Ks7h2d ms=[0.1044, 11.774899999999999, 1.7105, 4.2837000000000005, 16.960800000000003, 1.7391999999999996, 22.0936]
gpu: 1346813 nodes, 14 levels, staging+arenas 4802.7 MB
POSTFLOP board=Ks7s2d rake=0.05 nodes=1346813 init_ms=778.332 iteration_ms=34.056 check_ms=29.436 exploit_chips=1.329163551
KERNELS board=Ks7s2d ms=[0.1034, 6.7761, 2.0886, 2.4262, 10.777, 1.5834000000000004, 11.430299999999999]
gpu: 33 nodes, 8 levels, staging+arenas 0.1 MB
POSTFLOP board=Ks7h2dQhTc rake=0.05 nodes=33 init_ms=75.530 iteration_ms=0.319 check_ms=0.562 exploit_chips=0.140634178
KERNELS board=Ks7h2dQhTc ms=[0.0237, 0.23230000000000003, 0.0, 0.1843, 0.22560000000000002, 0.0, 0.29309999999999997]
ok

test result: ok. 1 passed; 0 failed; 0 ignored; 0 measured; 0 filtered out; finished in 9.87s

     Running tests\postflop_state_perf.rs (target\release\deps\postflop_state_perf-30f8f44fd8c03f05.exe)

running 1 test
test postflop_states ... gpu: 152448 nodes, 12 levels, staging+arenas 120.5 MB
METRIC_JSON {"board":"KsQs2d","iso":false,"metrics":{},"rake":0.0,"states":[{"exploit_bits":4587303795425830328,"hash":"ced25cd534160a7a","locked":false},{"exploit_bits":4581640868563274656,"hash":"8729320849b9d33c","locked":true}]}
gpu: 152448 nodes, 12 levels, staging+arenas 120.5 MB
METRIC_JSON {"board":"KsQs2d","iso":false,"metrics":{},"rake":0.05,"states":[{"exploit_bits":4587469623950769688,"hash":"dce9b2717e0df16e","locked":false},{"exploit_bits":4581722223845122880,"hash":"99111fb9c8ec709b","locked":true}]}
gpu: 152448 nodes, 12 levels, staging+arenas 94.6 MB
METRIC_JSON {"board":"KsQs2d","iso":true,"metrics":{},"rake":0.0,"states":[{"exploit_bits":4587284094896033288,"hash":"f28b67b0f43f8498","locked":false},{"exploit_bits":4581629036489079792,"hash":"52fbd9a266ab35c1","locked":true}]}
gpu: 152448 nodes, 12 levels, staging+arenas 94.6 MB
METRIC_JSON {"board":"KsQs2d","iso":true,"metrics":{},"rake":0.05,"states":[{"exploit_bits":4587467559043767640,"hash":"7abb90d6fa5ac2fc","locked":false},{"exploit_bits":4581695983154347840,"hash":"b529102cce25dc39","locked":true}]}
gpu: 1161 nodes, 8 levels, staging+arenas 0.9 MB
METRIC_JSON {"board":"Qs7h2dKh","iso":false,"metrics":{},"rake":0.0,"states":[{"exploit_bits":4582461738720506392,"hash":"816eeeb55df5fe5c","locked":false},{"exploit_bits":4576041536399700112,"hash":"202311fe47670cc0","locked":true}]}
gpu: 1161 nodes, 8 levels, staging+arenas 0.9 MB
METRIC_JSON {"board":"Qs7h2dKh","iso":false,"metrics":{},"rake":0.05,"states":[{"exploit_bits":4583407264393491801,"hash":"ed2549bfcfbc34f1","locked":false},{"exploit_bits":4576219535588436580,"hash":"8217b6d74d4da526","locked":true}]}
gpu: 1161 nodes, 8 levels, staging+arenas 0.9 MB
METRIC_JSON {"board":"Qs7h2dKh","iso":true,"metrics":{},"rake":0.0,"states":[{"exploit_bits":4582461738720506392,"hash":"816eeeb55df5fe5c","locked":false},{"exploit_bits":4576041536399700112,"hash":"202311fe47670cc0","locked":true}]}
gpu: 1161 nodes, 8 levels, staging+arenas 0.9 MB
METRIC_JSON {"board":"Qs7h2dKh","iso":true,"metrics":{},"rake":0.05,"states":[{"exploit_bits":4583407264393491801,"hash":"ed2549bfcfbc34f1","locked":false},{"exploit_bits":4576219535588436580,"hash":"8217b6d74d4da526","locked":true}]}
gpu: 9 nodes, 4 levels, staging+arenas 0.0 MB
METRIC_JSON {"board":"AsKsQsJsTs","iso":false,"metrics":{},"rake":0.0,"states":[{"exploit_bits":4554443791804951647,"hash":"7f53c8ac5434860d","locked":false},{"exploit_bits":4545576682231338880,"hash":"409995a6b2afc105","locked":true}]}
gpu: 9 nodes, 4 levels, staging+arenas 0.0 MB
METRIC_JSON {"board":"AsKsQsJsTs","iso":false,"metrics":{},"rake":0.05,"states":[{"exploit_bits":4566905886187841344,"hash":"af8ff4550d82f9ef","locked":false},{"exploit_bits":4558330255933400576,"hash":"db670420a8559b3f","locked":true}]}
gpu: 9 nodes, 4 levels, staging+arenas 0.0 MB
METRIC_JSON {"board":"AsKsQsJsTs","iso":true,"metrics":{},"rake":0.0,"states":[{"exploit_bits":4554443791804951647,"hash":"7f53c8ac5434860d","locked":false},{"exploit_bits":4545576682231338880,"hash":"409995a6b2afc105","locked":true}]}
gpu: 9 nodes, 4 levels, staging+arenas 0.0 MB
METRIC_JSON {"board":"AsKsQsJsTs","iso":true,"metrics":{},"rake":0.05,"states":[{"exploit_bits":4566905886187841344,"hash":"af8ff4550d82f9ef","locked":false},{"exploit_bits":4558330255933400576,"hash":"db670420a8559b3f","locked":true}]}
ok

test result: ok. 1 passed; 0 failed; 0 ignored; 0 measured; 0 filtered out; finished in 3.46s

