   Compiling solver v0.1.0 (T:\Dev\GTOpen\target\autoresearch\workspace\crates\solver)
    Finished `release` profile [optimized] target(s) in 36.02s
     Running tests\cuda_resources.rs (target\release\deps\cuda_resources-9be3e8f9a845bdf5.exe)

running 1 test
test cuda_resources ... METRIC_JSON {"area":"postflop","kernel":"down_action","local_bytes_per_thread":0,"metrics":{},"registers":48,"static_shared_bytes":0}
METRIC_JSON {"area":"postflop","kernel":"up_action","local_bytes_per_thread":0,"metrics":{},"registers":66,"static_shared_bytes":0}
METRIC_JSON {"area":"postflop","kernel":"up_action_eval","local_bytes_per_thread":0,"metrics":{},"registers":40,"static_shared_bytes":0}
METRIC_JSON {"area":"postflop","kernel":"up_show","local_bytes_per_thread":0,"metrics":{},"registers":40,"static_shared_bytes":1040}
METRIC_JSON {"area":"postflop","kernel":"up_fold","local_bytes_per_thread":0,"metrics":{},"registers":40,"static_shared_bytes":1232}
METRIC_JSON {"area":"preflop","kernel":"pf_down","local_bytes_per_thread":64,"metrics":{},"registers":40,"static_shared_bytes":0}
METRIC_JSON {"area":"preflop","kernel":"pf_up","local_bytes_per_thread":64,"metrics":{},"registers":40,"static_shared_bytes":0}
METRIC_JSON {"area":"preflop","kernel":"pf_terminal","local_bytes_per_thread":40,"metrics":{},"registers":46,"static_shared_bytes":0}
METRIC_JSON {"area":"preflop","kernel":"pf_reach_mass","local_bytes_per_thread":0,"metrics":{},"registers":12,"static_shared_bytes":1024}
ok

test result: ok. 1 passed; 0 failed; 0 ignored; 0 measured; 0 filtered out; finished in 0.90s

     Running tests\postflop_perf.rs (target\release\deps\postflop_perf-7abb3f6ddb825dff.exe)

running 1 test
test postflop_timings ... gpu: 1346813 nodes, 14 levels, staging+arenas 6109.8 MB
POSTFLOP board=Ks7h2d rake=0 nodes=1346813 init_ms=1030.994 iteration_ms=52.084 check_ms=34.969 exploit_chips=1.698464289
KERNELS board=Ks7h2d ms=[0.1673, 10.296100000000001, 2.4469, 4.4692, 19.504, 3.3382999999999994, 18.46020000000001]
gpu: 1346813 nodes, 14 levels, staging+arenas 4802.7 MB
POSTFLOP board=Ks7s2d rake=0.05 nodes=1346813 init_ms=677.237 iteration_ms=31.235 check_ms=28.881 exploit_chips=1.329163551
KERNELS board=Ks7s2d ms=[0.10640000000000001, 5.570600000000001, 1.063, 2.9475000000000002, 10.5371, 1.6026999999999998, 10.835099999999999]
gpu: 33 nodes, 8 levels, staging+arenas 0.1 MB
POSTFLOP board=Ks7h2dQhTc rake=0.05 nodes=33 init_ms=76.760 iteration_ms=0.273 check_ms=0.571 exploit_chips=0.140634178
KERNELS board=Ks7h2dQhTc ms=[0.025599999999999998, 0.23089999999999997, 0.0, 0.2066, 0.25730000000000003, 0.0, 0.26280000000000003]
ok

test result: ok. 1 passed; 0 failed; 0 ignored; 0 measured; 0 filtered out; finished in 9.21s

     Running tests\postflop_state_perf.rs (target\release\deps\postflop_state_perf-30f8f44fd8c03f05.exe)

running 1 test
test postflop_states ... gpu: 152448 nodes, 12 levels, staging+arenas 120.5 MB
METRIC_JSON {"board":"KsQs2d","iso":false,"metrics":{},"rake":0.0,"states":[{"exploit_bits":4587303795425830328,"hash":"ced25cd534160a7a","locked":false},{"exploit_bits":4581640868563274656,"hash":"8729320849b9d33c","locked":true}]}
gpu: 152448 nodes, 12 levels, staging+arenas 120.5 MB
METRIC_JSON {"board":"KsQs2d","iso":false,"metrics":{},"rake":0.05,"states":[{"exploit_bits":4587469623950769688,"hash":"dce9b2717e0df16e","locked":false},{"exploit_bits":4581722223845122880,"hash":"99111fb9c8ec709b","locked":true}]}
gpu: 152448 nodes, 12 levels, staging+arenas 94.6 MB
METRIC_JSON {"board":"KsQs2d","iso":true,"metrics":{},"rake":0.0,"states":[{"exploit_bits":4587284094896033288,"hash":"f28b67b0f43f8498","locked":false},{"exploit_bits":4581629036489079792,"hash":"52fbd9a266ab35c1","locked":true}]}
gpu: 152448 nodes, 12 levels, staging+arenas 94.6 MB
METRIC_JSON {"board":"KsQs2d","iso":true,"metrics":{},"rake":0.05,"states":[{"exploit_bits":4587467559043767640,"hash":"7abb90d6fa5ac2fc","locked":false},{"exploit_bits":4581695983154347840,"hash":"b529102cce25dc39","locked":true}]}
gpu: 1161 nodes, 8 levels, staging+arenas 0.9 MB
METRIC_JSON {"board":"Qs7h2dKh","iso":false,"metrics":{},"rake":0.0,"states":[{"exploit_bits":4582461738720506392,"hash":"816eeeb55df5fe5c","locked":false},{"exploit_bits":4576041536399700112,"hash":"202311fe47670cc0","locked":true}]}
gpu: 1161 nodes, 8 levels, staging+arenas 0.9 MB
METRIC_JSON {"board":"Qs7h2dKh","iso":false,"metrics":{},"rake":0.05,"states":[{"exploit_bits":4583407264393491801,"hash":"ed2549bfcfbc34f1","locked":false},{"exploit_bits":4576219535588436580,"hash":"8217b6d74d4da526","locked":true}]}
gpu: 1161 nodes, 8 levels, staging+arenas 0.9 MB
METRIC_JSON {"board":"Qs7h2dKh","iso":true,"metrics":{},"rake":0.0,"states":[{"exploit_bits":4582461738720506392,"hash":"816eeeb55df5fe5c","locked":false},{"exploit_bits":4576041536399700112,"hash":"202311fe47670cc0","locked":true}]}
gpu: 1161 nodes, 8 levels, staging+arenas 0.9 MB
METRIC_JSON {"board":"Qs7h2dKh","iso":true,"metrics":{},"rake":0.05,"states":[{"exploit_bits":4583407264393491801,"hash":"ed2549bfcfbc34f1","locked":false},{"exploit_bits":4576219535588436580,"hash":"8217b6d74d4da526","locked":true}]}
gpu: 9 nodes, 4 levels, staging+arenas 0.0 MB
METRIC_JSON {"board":"AsKsQsJsTs","iso":false,"metrics":{},"rake":0.0,"states":[{"exploit_bits":4554443791804951647,"hash":"7f53c8ac5434860d","locked":false},{"exploit_bits":4545576682231338880,"hash":"409995a6b2afc105","locked":true}]}
gpu: 9 nodes, 4 levels, staging+arenas 0.0 MB
METRIC_JSON {"board":"AsKsQsJsTs","iso":false,"metrics":{},"rake":0.05,"states":[{"exploit_bits":4566905886187841344,"hash":"af8ff4550d82f9ef","locked":false},{"exploit_bits":4558330255933400576,"hash":"db670420a8559b3f","locked":true}]}
gpu: 9 nodes, 4 levels, staging+arenas 0.0 MB
METRIC_JSON {"board":"AsKsQsJsTs","iso":true,"metrics":{},"rake":0.0,"states":[{"exploit_bits":4554443791804951647,"hash":"7f53c8ac5434860d","locked":false},{"exploit_bits":4545576682231338880,"hash":"409995a6b2afc105","locked":true}]}
gpu: 9 nodes, 4 levels, staging+arenas 0.0 MB
METRIC_JSON {"board":"AsKsQsJsTs","iso":true,"metrics":{},"rake":0.05,"states":[{"exploit_bits":4566905886187841344,"hash":"af8ff4550d82f9ef","locked":false},{"exploit_bits":4558330255933400576,"hash":"db670420a8559b3f","locked":true}]}
ok

test result: ok. 1 passed; 0 failed; 0 ignored; 0 measured; 0 filtered out; finished in 3.57s

