   Compiling solver v0.1.0 (T:\Dev\GTOpen\target\autoresearch\workspace\crates\solver)
    Finished `release` profile [optimized] target(s) in 33.43s
     Running unittests src\lib.rs (target\release\deps\solver-361fd64e0c11ad35.exe)

running 29 tests
test cards::tests::card_roundtrip ... ok
test cards::tests::combo_index_roundtrip ... ok
test cards::tests::flops_subset_full_mode_keeps_iso_weights ... ok
test cards::tests::flops_subset_multiplicity_tracks_true_share ... ok
test cards::tests::flops_subset_no_duplicates_and_weights_sum_to_n ... ok
test cards::tests::flops_subset_weight_is_one_at_ui_presets ... ok
test cards::tests::parse_board ... ok
test evaluator::tests::full_house_better_pair ... ok
test evaluator::tests::known_hands ... ok
test evaluator::tests::matches_reference_random ... ok
test evaluator::tests::straight_top_works ... ok
test gpu::plan::tests::river_bounds_match_strength_comparisons ... ok
test gpu::tests::shared_evaluation_matches_independent_sweeps ... gpu: 152448 nodes, 12 levels, staging+arenas 69.8 MB
gpu: 152448 nodes, 12 levels, staging+arenas 91.8 MB
gpu: 152448 nodes, 12 levels, staging+arenas 69.8 MB
gpu: 152448 nodes, 12 levels, staging+arenas 91.8 MB
gpu: 1161 nodes, 8 levels, staging+arenas 0.9 MB
gpu: 1161 nodes, 8 levels, staging+arenas 0.9 MB
gpu: 1161 nodes, 8 levels, staging+arenas 0.9 MB
gpu: 1161 nodes, 8 levels, staging+arenas 0.9 MB
gpu: 9 nodes, 4 levels, staging+arenas 0.0 MB
gpu: 9 nodes, 4 levels, staging+arenas 0.0 MB
gpu: 9 nodes, 4 levels, staging+arenas 0.0 MB
gpu: 9 nodes, 4 levels, staging+arenas 0.0 MB
ok
test gpu::tests::tight_f32_budget_preserves_warm_and_queried_inactive_state ... gpu: 1161 nodes, 8 levels, staging+arenas 0.4 MB
gpu: 1161 nodes, 8 levels, staging+arenas 0.5 MB
gpu: 1161 nodes, 8 levels, staging+arenas 0.4 MB
gpu: 1161 nodes, 8 levels, staging+arenas 0.5 MB
ok
test preflop::equity::tests::batched_equities_match_scalar_bits ... ok
test preflop::gpu::tests::cached_evaluation_matches_full_sweeps_exactly ... preflop gpu: 46 nodes, 5 levels, 30 terminals (0 calibrated), 0 forced + 0 frozen nodes, ~64 MB VRAM
preflop gpu: 46 nodes, 5 levels, 30 terminals (0 calibrated), 4 forced + 0 frozen nodes, ~64 MB VRAM
preflop gpu: 46 nodes, 5 levels, 30 terminals (0 calibrated), 4 forced + 5 frozen nodes, ~64 MB VRAM
preflop gpu: 46 nodes, 5 levels, 30 terminals (0 calibrated), 0 forced + 0 frozen nodes, ~64 MB VRAM
preflop gpu: 46 nodes, 5 levels, 30 terminals (0 calibrated), 4 forced + 0 frozen nodes, ~64 MB VRAM
preflop gpu: 46 nodes, 5 levels, 30 terminals (0 calibrated), 4 forced + 5 frozen nodes, ~64 MB VRAM
preflop gpu: 46 nodes, 5 levels, 30 terminals (9 calibrated), 0 forced + 0 frozen nodes, ~64 MB VRAM
preflop gpu: 46 nodes, 5 levels, 30 terminals (9 calibrated), 4 forced + 0 frozen nodes, ~64 MB VRAM
preflop gpu: 46 nodes, 5 levels, 30 terminals (9 calibrated), 4 forced + 5 frozen nodes, ~64 MB VRAM
preflop gpu: 340 nodes, 8 levels, 202 terminals (0 calibrated), 0 forced + 0 frozen nodes, ~65 MB VRAM
preflop gpu: 340 nodes, 8 levels, 202 terminals (0 calibrated), 10 forced + 0 frozen nodes, ~65 MB VRAM
preflop gpu: 340 nodes, 8 levels, 202 terminals (0 calibrated), 10 forced + 88 frozen nodes, ~65 MB VRAM
preflop gpu: 340 nodes, 8 levels, 202 terminals (0 calibrated), 0 forced + 0 frozen nodes, ~65 MB VRAM
preflop gpu: 340 nodes, 8 levels, 202 terminals (0 calibrated), 10 forced + 0 frozen nodes, ~65 MB VRAM
preflop gpu: 340 nodes, 8 levels, 202 terminals (0 calibrated), 10 forced + 88 frozen nodes, ~65 MB VRAM
preflop gpu: 340 nodes, 8 levels, 202 terminals (56 calibrated), 0 forced + 0 frozen nodes, ~65 MB VRAM
preflop gpu: 340 nodes, 8 levels, 202 terminals (56 calibrated), 10 forced + 0 frozen nodes, ~65 MB VRAM
preflop gpu: 340 nodes, 8 levels, 202 terminals (56 calibrated), 10 forced + 88 frozen nodes, ~65 MB VRAM
ok
test preflop::gpu::tests::captured_learning_matches_eager_and_preserves_stop ... preflop gpu: 64 nodes, 6 levels, 42 terminals (0 calibrated), 0 forced + 0 frozen nodes, ~64 MB VRAM
preflop gpu: 64 nodes, 6 levels, 42 terminals (0 calibrated), 0 forced + 0 frozen nodes, ~64 MB VRAM
ok
test preflop::gpu::tests::compact_reach_has_unique_writers_and_fits_smaller_budget ... preflop gpu: 166090 nodes, 22 levels, 88496 terminals (0 calibrated), 0 forced + 0 frozen nodes, ~595 MB VRAM
ok
test query::tests::rake_assigns_target_to_unrakeable_hands ... ok
test range::tests::combo_counts ... ok
test range::tests::overwrite_later_tokens ... ok
test range::tests::rejects_garbage ... ok
test range::tests::roundtrip_compact ... ok
test range::tests::weight_above_one_is_percent ... ok
test range::tests::weights ... ok
test report::tests::classifier_matches_the_js_rules ... ok
test store::tests::i16_roundtrip_accuracy ... ok
test store::tests::u16_roundtrip_accuracy ... ok
test store::tests::zero_and_nonfinite_blocks ... ok

test result: ok. 29 passed; 0 failed; 0 ignored; 0 measured; 0 filtered out; finished in 4.23s

     Running tests\gpu.rs (target\release\deps\gpu-eab8bc6c2cd6ab44.exe)

running 6 tests
test gpu_clairvoyance_closed_form ... gpu: 6 nodes, 3 levels, staging+arenas 0.0 MB
ok
test gpu_converges_and_matches_cpu ... gpu: 208516 nodes, 12 levels, staging+arenas 70.4 MB
ok
test gpu_exploitability_matches_cpu ... gpu: 208516 nodes, 12 levels, staging+arenas 70.4 MB
gpu: 208516 nodes, 12 levels, staging+arenas 70.4 MB
ok
test gpu_locked_always_call_kills_bluffs ... gpu: 6 nodes, 3 levels, staging+arenas 0.0 MB
ok
test gpu_suit_isomorphism_equivalence ... gpu: 152448 nodes, 12 levels, staging+arenas 94.8 MB
gpu: 152448 nodes, 12 levels, staging+arenas 120.6 MB
ok
test gpu_with_compressed_cpu_storage ... gpu: 208516 nodes, 12 levels, staging+arenas 70.4 MB
ok

test result: ok. 6 passed; 0 failed; 0 ignored; 0 measured; 0 filtered out; finished in 5.83s

     Running tests\gpu_check_perf.rs (target\release\deps\gpu_check_perf-77d2459eda489b76.exe)

running 2 tests
test postflop_checks ... gpu: 1346813 nodes, 14 levels, staging+arenas 5781.6 MB
METRIC_JSON {"check_board":"Ks7h2d","check_eval_bits":4610328022310931180,"check_iteration":65,"metrics":{"postflop.Ks7h2d.first_check_ms":35.6008,"postflop.Ks7h2d.second_check_ms":36.2908,"postflop.Ks7h2d.steady_check_ms":38.141025}}
gpu: 1346813 nodes, 14 levels, staging+arenas 4601.7 MB
METRIC_JSON {"check_board":"Ks7s2d","check_eval_bits":4608664839644425536,"check_iteration":65,"metrics":{"postflop.Ks7s2d.first_check_ms":28.5117,"postflop.Ks7s2d.second_check_ms":28.5552,"postflop.Ks7s2d.steady_check_ms":28.0433}}
gpu: 33 nodes, 8 levels, staging+arenas 0.1 MB
METRIC_JSON {"check_board":"Ks7h2dQhTc","check_eval_bits":4594234900545878240,"check_iteration":65,"metrics":{"postflop.Ks7h2dQhTc.first_check_ms":0.8764000000000001,"postflop.Ks7h2dQhTc.second_check_ms":0.6049,"postflop.Ks7h2dQhTc.steady_check_ms":0.310175}}
ok
test preflop_checks ... preflop gpu: 40 nodes, 6 levels, 26 terminals (13 calibrated), 0 forced + 0 frozen nodes, ~64 MB VRAM
METRIC_JSON {"check_ev_bits":[13818231149285967788,13824505857993336927],"check_gap_bits":[4587494750677495240,4578740950612821696],"check_iteration":65,"check_seats":2,"metrics":{"preflop.2.first_check_ms":0.2673,"preflop.2.second_check_ms":0.24259999999999998,"preflop.2.steady_check_ms":0.09787499999999999}}
preflop gpu: 166090 nodes, 22 levels, 88496 terminals (0 calibrated), 0 forced + 0 frozen nodes, ~595 MB VRAM
METRIC_JSON {"check_ev_bits":[4591139080588829428,4592693985497883551,4593946344391214828,4594927179058488125,13822800502159894828,13825431794291804883],"check_gap_bits":[4592169847827907240,4585164356934551850,4588296313823012216,4586437900670586676,4583054015422772960,4583031084747833216],"check_iteration":65,"check_seats":6,"metrics":{"preflop.6.first_check_ms":13.2616,"preflop.6.second_check_ms":13.448699999999999,"preflop.6.steady_check_ms":12.04815}}
preflop gpu: 434350 nodes, 23 levels, 223416 terminals (45051 calibrated), 0 forced + 0 frozen nodes, ~1457 MB VRAM
METRIC_JSON {"check_ev_bits":[4587160621192900714,4588059182301650598,4589561616460845131,4590424431923123478,4591846028241297974,4594029634723087085,13824156832147184690,13826821985834700352],"check_gap_bits":[4582186906385158536,4577078707904519064,4576017671529333144,4577694025738397696,4577605411036232848,4578121278065602480,4579111217966708928,4577595012631213824],"check_iteration":65,"check_seats":8,"metrics":{"preflop.8.first_check_ms":38.4597,"preflop.8.second_check_ms":38.809000000000005,"preflop.8.steady_check_ms":37.40525}}
ok

test result: ok. 2 passed; 0 failed; 0 ignored; 0 measured; 0 filtered out; finished in 18.91s

