   Compiling solver v0.1.0 (T:\Dev\GTOpen\target\autoresearch\workspace\crates\solver)
    Finished `release` profile [optimized] target(s) in 7.15s
     Running tests\capacity_perf.rs (target\release\deps\capacity_perf-db2456cc418898b1.exe)

running 1 test
test preflop_capacity ... preflop gpu: 166090 nodes, 22 levels, 88496 terminals (0 calibrated), 0 forced + 0 frozen nodes, ~559 MB VRAM
METRIC_JSON {"metrics":{"preflop.6.allocated_vram_mb":503.31648,"preflop.6.build_ms":78.336,"preflop.6.cpu_arena_mb":224.552328,"preflop.6.estimated_vram_mb":558.527272,"preflop.6.init_ms":138.59959999999998},"nodes":166090,"note":"Allocated VRAM is device free-memory delta; estimate is the engine preflight formula.","seats":6}
preflop gpu: 434350 nodes, 23 levels, 223416 terminals (45051 calibrated), 0 forced + 0 frozen nodes, ~1357 MB VRAM
METRIC_JSON {"metrics":{"preflop.8.allocated_vram_mb":1308.622848,"preflop.8.build_ms":212.7641,"preflop.8.cpu_arena_mb":587.239848,"preflop.8.estimated_vram_mb":1357.2225680000001,"preflop.8.init_ms":217.7318},"nodes":434350,"note":"Allocated VRAM is device free-memory delta; estimate is the engine preflight formula.","seats":8}
ok

test result: ok. 1 passed; 0 failed; 0 ignored; 0 measured; 0 filtered out; finished in 1.06s

     Running tests\preflop_gpu.rs (target\release\deps\preflop_gpu-bce7c06cc8c83a94.exe)

running 5 tests
test gpu_matches_cpu ... preflop gpu: 64 nodes, 6 levels, 42 terminals (0 calibrated), 0 forced + 0 frozen nodes, ~64 MB VRAM
ok
test gpu_matches_cpu_calibrated ... preflop gpu: 64 nodes, 6 levels, 42 terminals (11 calibrated), 0 forced + 0 frozen nodes, ~64 MB VRAM
ok
test gpu_matches_cpu_frozen_hero ... preflop gpu: 64 nodes, 6 levels, 42 terminals (0 calibrated), 0 forced + 11 frozen nodes, ~64 MB VRAM
ok
test gpu_matches_cpu_with_profile_and_lock ... preflop gpu: 64 nodes, 6 levels, 42 terminals (0 calibrated), 4 forced + 0 frozen nodes, ~64 MB VRAM
ok
test gpu_push_fold_anchors ... preflop gpu: 5 nodes, 3 levels, 3 terminals (0 calibrated), 0 forced + 0 frozen nodes, ~64 MB VRAM
ok

test result: ok. 5 passed; 0 failed; 0 ignored; 0 measured; 0 filtered out; finished in 1.72s

     Running tests\preflop_perf.rs (target\release\deps\preflop_perf-287016022e340143.exe)

running 1 test
test preflop_timings_and_fingerprints ... preflop gpu: 40 nodes, 6 levels, 26 terminals (13 calibrated), 0 forced + 0 frozen nodes, ~64 MB VRAM
PERF seats=2 nodes=40 iteration_ms=0.082 check_ms=0.283 sync_ms=0.018 arena_hash=6d4781fae03e3474 gaps=[0.05088935968248226, 0.013161917444424076] evs=[-0.15795953824550446, -0.4142353804778675]
preflop gpu: 166090 nodes, 22 levels, 88496 terminals (0 calibrated), 0 forced + 0 frozen nodes, ~559 MB VRAM
PERF seats=6 nodes=166090 iteration_ms=16.474 check_ms=11.629 sync_ms=29.096 arena_hash=b70284af63586e3f gaps=[0.10415872559930028, 0.03471900474586882, 0.05645132130650671, 0.04355598961220011, 0.02566278444731196, 0.025583227687036025] evs=[0.08985395657613165, 0.11143259696531381, 0.13262513589238922, 0.15984876666632344, -0.3195691149045554, -0.4656351703726333]
preflop gpu: 434350 nodes, 23 levels, 223416 terminals (45051 calibrated), 0 forced + 0 frozen nodes, ~1357 MB VRAM
PERF seats=8 nodes=434350 iteration_ms=57.946 check_ms=39.740 sync_ms=66.138 arena_hash=e01dd7a18632644d gaps=[0.022654395639749164, 0.010278385995560232, 0.008437781286659882, 0.011345792287176693, 0.011192070283014638, 0.012086956929344556, 0.01380422891560007, 0.011174031925715422] evs=[0.04857087063871364, 0.05480589083850633, 0.06796224413352651, 0.07993621403632675, 0.0996648260883227, 0.13493690699672048, -0.39486055394849295, -0.5856126067014387]
ok

test result: ok. 1 passed; 0 failed; 0 ignored; 0 measured; 0 filtered out; finished in 7.18s

     Running tests\preflop_target_perf.rs (target\release\deps\preflop_target_perf-6542d356f51a5be4.exe)

running 1 test
test preflop_target ... preflop gpu: 166090 nodes, 22 levels, 88496 terminals (0 calibrated), 0 forced + 0 frozen nodes, ~559 MB VRAM
TARGET_CHECK seats=6 iteration=25 gap=1.399144243085
TARGET_CHECK seats=6 iteration=50 gap=0.347566225396
TARGET_CHECK seats=6 iteration=75 gap=0.214671987537
TARGET_CHECK seats=6 iteration=100 gap=0.102249435579
TARGET_CHECK seats=6 iteration=125 gap=0.057666191470
TARGET_CHECK seats=6 iteration=150 gap=0.036422545380
TARGET_CHECK seats=6 iteration=175 gap=0.024847662904
METRIC_JSON {"arena_hash":"c2dad646abce18b5","evs":[0.08797255266730505,0.11134619537831136,0.14089217263325687,0.18902651619282607,-0.30302059818816424,-0.4718418733933629],"gap_total":0.024847662904315698,"gaps":[0.008891930020792499,0.0028558437428595207,0.004669706392101347,0.003544522935725547,0.0024462647714426633,0.0024393950413941212],"iteration":175,"metrics":{"preflop.6.target_seconds":2.9564696},"seats":6}
preflop gpu: 434350 nodes, 23 levels, 223416 terminals (45051 calibrated), 0 forced + 0 frozen nodes, ~1357 MB VRAM
TARGET_CHECK seats=8 iteration=25 gap=0.366242349538
TARGET_CHECK seats=8 iteration=50 gap=0.153337873617
TARGET_CHECK seats=8 iteration=75 gap=0.071773417179
TARGET_CHECK seats=8 iteration=100 gap=0.034612834973
TARGET_CHECK seats=8 iteration=125 gap=0.020521659486
METRIC_JSON {"arena_hash":"84a3dfccf7629cc7","evs":[0.05031450986961973,0.06125595802790403,0.07389315031782204,0.08774957648238482,0.10797622645047951,0.14606867660221595,-0.3852499664026161,-0.5872064351282983],"gap_total":0.020521659486179414,"gaps":[0.00410024124668109,0.002149521831405564,0.0020851674306289897,0.0024997828874374906,0.0022918593337274834,0.0023690504386156275,0.002572443936215363,0.0024535923814678062],"iteration":125,"metrics":{"preflop.8.target_seconds":7.4261381},"seats":8}
ok

test result: ok. 1 passed; 0 failed; 0 ignored; 0 measured; 0 filtered out; finished in 12.37s

