   Compiling solver v0.1.0 (T:\Dev\GTOpen\target\autoresearch\workspace\crates\solver)
    Finished `release` profile [optimized] target(s) in 19.73s
     Running tests\capacity_perf.rs (target\release\deps\capacity_perf-db2456cc418898b1.exe)

running 1 test
test preflop_capacity ... preflop gpu: 166090 nodes, 22 levels, 88496 terminals (0 calibrated), 0 forced + 0 frozen nodes, ~559 MB VRAM
METRIC_JSON {"metrics":{"preflop.6.allocated_vram_mb":503.31648,"preflop.6.build_ms":82.515,"preflop.6.cpu_arena_mb":224.552328,"preflop.6.estimated_vram_mb":558.527272,"preflop.6.init_ms":151.8129},"nodes":166090,"note":"Allocated VRAM is device free-memory delta; estimate is the engine preflight formula.","seats":6}
preflop gpu: 434350 nodes, 23 levels, 223416 terminals (45051 calibrated), 0 forced + 0 frozen nodes, ~1357 MB VRAM
METRIC_JSON {"metrics":{"preflop.8.allocated_vram_mb":1308.622848,"preflop.8.build_ms":220.894,"preflop.8.cpu_arena_mb":587.239848,"preflop.8.estimated_vram_mb":1357.2225680000001,"preflop.8.init_ms":243.2158},"nodes":434350,"note":"Allocated VRAM is device free-memory delta; estimate is the engine preflight formula.","seats":8}
ok

test result: ok. 1 passed; 0 failed; 0 ignored; 0 measured; 0 filtered out; finished in 1.14s

     Running tests\gpu_check_perf.rs (target\release\deps\gpu_check_perf-77d2459eda489b76.exe)

running 2 tests
test postflop_checks ... gpu: 1346813 nodes, 14 levels, staging+arenas 5781.6 MB
METRIC_JSON {"check_board":"Ks7h2d","check_eval_bits":4610328022310931180,"check_iteration":65,"metrics":{"postflop.Ks7h2d.first_check_ms":34.8859,"postflop.Ks7h2d.second_check_ms":35.5047,"postflop.Ks7h2d.steady_check_ms":34.780975}}
gpu: 1346813 nodes, 14 levels, staging+arenas 4601.7 MB
METRIC_JSON {"check_board":"Ks7s2d","check_eval_bits":4608664839644425536,"check_iteration":65,"metrics":{"postflop.Ks7s2d.first_check_ms":28.037,"postflop.Ks7s2d.second_check_ms":28.5076,"postflop.Ks7s2d.steady_check_ms":28.0708}}
gpu: 33 nodes, 8 levels, staging+arenas 0.1 MB
METRIC_JSON {"check_board":"Ks7h2dQhTc","check_eval_bits":4594234900545878240,"check_iteration":65,"metrics":{"postflop.Ks7h2dQhTc.first_check_ms":0.6189,"postflop.Ks7h2dQhTc.second_check_ms":0.6246,"postflop.Ks7h2dQhTc.steady_check_ms":0.305775}}
ok
test preflop_checks ... preflop gpu: 40 nodes, 6 levels, 26 terminals (13 calibrated), 0 forced + 0 frozen nodes, ~64 MB VRAM
METRIC_JSON {"check_ev_bits":[13818231149285967788,13824505857993336927],"check_gap_bits":[4587494750677495240,4578740950612821696],"check_iteration":65,"check_seats":2,"metrics":{"preflop.2.first_check_ms":0.3327,"preflop.2.second_check_ms":0.2743,"preflop.2.steady_check_ms":0.11299999999999999}}
preflop gpu: 166090 nodes, 22 levels, 88496 terminals (0 calibrated), 0 forced + 0 frozen nodes, ~559 MB VRAM
METRIC_JSON {"check_ev_bits":[4591139080588829428,4592693985497883551,4593946344391214828,4594927179058488125,13822800502159894828,13825431794291804883],"check_gap_bits":[4592169847827907240,4585164356934551850,4588296313823012216,4586437900670586676,4583054015422772960,4583031084747833216],"check_iteration":65,"check_seats":6,"metrics":{"preflop.6.first_check_ms":8.960600000000001,"preflop.6.second_check_ms":9.577300000000001,"preflop.6.steady_check_ms":8.108525}}
preflop gpu: 434350 nodes, 23 levels, 223416 terminals (45051 calibrated), 0 forced + 0 frozen nodes, ~1357 MB VRAM
METRIC_JSON {"check_ev_bits":[4587160621192900714,4588059182301650598,4589561616460845131,4590424431923123478,4591846028241297974,4594029634723087085,13824156832147184690,13826821985834700352],"check_gap_bits":[4582186906385158536,4577078707904519064,4576017671529333144,4577694025738397696,4577605411036232848,4578121278065602480,4579111217966708928,4577595012631213824],"check_iteration":65,"check_seats":8,"metrics":{"preflop.8.first_check_ms":25.958,"preflop.8.second_check_ms":26.7404,"preflop.8.steady_check_ms":24.275925}}
ok

test result: ok. 2 passed; 0 failed; 0 ignored; 0 measured; 0 filtered out; finished in 16.83s

     Running tests\postflop_capacity_perf.rs (target\release\deps\postflop_capacity_perf-5e96ceeedaf7d760.exe)

running 1 test
test postflop_capacity ... gpu: 1346813 nodes, 14 levels, staging+arenas 5781.6 MB
METRIC_JSON {"board":"Ks7h2d","metrics":{"postflop.Ks7h2d.iso.allocated_vram_mb":5905.580032,"postflop.Ks7h2d.iso.estimated_vram_mb":6716.6347,"postflop.Ks7h2d.iso.init_ms":983.6586000000001,"postflop.Ks7h2d.iso.plan_build_ms":114.645,"postflop.Ks7h2d.iso.staging_memory_mb":3052.063004},"nodes":1346813,"use_isomorphism":true}
gpu: 1346813 nodes, 14 levels, staging+arenas 4601.7 MB
METRIC_JSON {"board":"Ks7s2d","metrics":{"postflop.Ks7s2d.iso.allocated_vram_mb":4731.174912,"postflop.Ks7s2d.iso.estimated_vram_mb":6737.546704,"postflop.Ks7s2d.iso.init_ms":668.1643,"postflop.Ks7s2d.iso.plan_build_ms":147.952,"postflop.Ks7s2d.iso.staging_memory_mb":1862.657808},"nodes":1346813,"use_isomorphism":true}
gpu: 1346813 nodes, 14 levels, staging+arenas 5801.3 MB
METRIC_JSON {"board":"Ks7s2d","metrics":{"postflop.Ks7s2d.full.allocated_vram_mb":5939.134464,"postflop.Ks7s2d.full.estimated_vram_mb":6737.546704,"postflop.Ks7s2d.full.init_ms":792.9421,"postflop.Ks7s2d.full.plan_build_ms":112.8806,"postflop.Ks7s2d.full.staging_memory_mb":3062.214296},"nodes":1346813,"use_isomorphism":false}
ok

test result: ok. 1 passed; 0 failed; 0 ignored; 0 measured; 0 filtered out; finished in 3.88s

     Running tests\postflop_full_memory_perf.rs (target\release\deps\postflop_full_memory_perf-5bb0c04cc48ae358.exe)

running 1 test
test postflop_full_memory ... gpu: 1346813 nodes, 14 levels, staging+arenas 5781.6 MB
gpu: 1346813 nodes, 14 levels, staging+arenas 5781.6 MB
gpu: 1346813 nodes, 14 levels, staging+arenas 5781.6 MB
METRIC_JSON {"memory_checks":[{"exploit_bits":4635293868072649448,"iteration":5},{"exploit_bits":4630023946365015954,"iteration":10},{"exploit_bits":4625769973037188852,"iteration":15}],"metrics":{"postflop.memory.rainbow.cold.compressed.allocated_vram_mb":5905.580032,"postflop.memory.rainbow.cold.compressed.host_live_mb":2585.35424,"postflop.memory.rainbow.cold.compressed.host_private_mb":9075.191808,"postflop.memory.rainbow.cold.compressed.init_ms":849.6359,"postflop.memory.rainbow.cold.compressed.strategy_sync_ms":165.93179999999998,"postflop.memory.rainbow.cold.compressed.sync_ms":337.33459999999997},"storage":"Compressed","warm":false}
gpu: 1346813 nodes, 14 levels, staging+arenas 5781.6 MB
gpu: 1346813 nodes, 14 levels, staging+arenas 5781.6 MB
gpu: 1346813 nodes, 14 levels, staging+arenas 5781.6 MB
gpu: 1346813 nodes, 14 levels, staging+arenas 5781.6 MB
METRIC_JSON {"memory_checks":[{"exploit_bits":4619888790163774590,"iteration":25},{"exploit_bits":4617985406012120520,"iteration":30},{"exploit_bits":4616854213690844608,"iteration":35}],"metrics":{"postflop.memory.rainbow.warm.compressed.allocated_vram_mb":5905.580032,"postflop.memory.rainbow.warm.compressed.host_live_mb":2596.999168,"postflop.memory.rainbow.warm.compressed.host_private_mb":9088.483328,"postflop.memory.rainbow.warm.compressed.init_ms":812.5689,"postflop.memory.rainbow.warm.compressed.strategy_sync_ms":167.1227,"postflop.memory.rainbow.warm.compressed.sync_ms":338.3694},"storage":"Compressed","warm":true}
ok

test result: ok. 1 passed; 0 failed; 0 ignored; 0 measured; 0 filtered out; finished in 13.28s

     Running tests\postflop_memory_perf.rs (target\release\deps\postflop_memory_perf-6668b2ebcfbe0830.exe)

running 1 test
test postflop_memory ... gpu: 1346813 nodes, 14 levels, staging+arenas 4601.7 MB
gpu: 1346813 nodes, 14 levels, staging+arenas 4601.7 MB
gpu: 1346813 nodes, 14 levels, staging+arenas 4601.7 MB
METRIC_JSON {"memory_checks":[{"exploit_bits":4635171514568527266,"iteration":5},{"exploit_bits":4628956113180057410,"iteration":10},{"exploit_bits":4624490585901877567,"iteration":15}],"metrics":{"postflop.memory.cold.f32.allocated_vram_mb":4731.174912,"postflop.memory.cold.f32.host_live_mb":3917.201408,"postflop.memory.cold.f32.host_private_mb":9231.663104,"postflop.memory.cold.f32.init_ms":764.0916,"postflop.memory.cold.f32.strategy_sync_ms":160.8278,"postflop.memory.cold.f32.sync_ms":315.06309999999996},"storage":"F32","warm":false}
gpu: 1346813 nodes, 14 levels, staging+arenas 4601.7 MB
gpu: 1346813 nodes, 14 levels, staging+arenas 4601.7 MB
gpu: 1346813 nodes, 14 levels, staging+arenas 4601.7 MB
gpu: 1346813 nodes, 14 levels, staging+arenas 4601.7 MB
METRIC_JSON {"memory_checks":[{"exploit_bits":4619248813860274839,"iteration":25},{"exploit_bits":4617407200860962841,"iteration":30},{"exploit_bits":4616217340056387513,"iteration":35}],"metrics":{"postflop.memory.warm.f32.allocated_vram_mb":4731.174912,"postflop.memory.warm.f32.host_live_mb":3936.37888,"postflop.memory.warm.f32.host_private_mb":9246.818304,"postflop.memory.warm.f32.init_ms":679.6604000000001,"postflop.memory.warm.f32.strategy_sync_ms":157.4178,"postflop.memory.warm.f32.sync_ms":315.5089},"storage":"F32","warm":true}
gpu: 1346813 nodes, 14 levels, staging+arenas 3495.7 MB
gpu: 1346813 nodes, 14 levels, staging+arenas 3495.7 MB
gpu: 1346813 nodes, 14 levels, staging+arenas 3495.7 MB
METRIC_JSON {"memory_checks":[{"exploit_bits":4635171514568527266,"iteration":5},{"exploit_bits":4628919606694372554,"iteration":10},{"exploit_bits":4624481349270140468,"iteration":15}],"metrics":{"postflop.memory.cold.compressed.allocated_vram_mb":3623.878656,"postflop.memory.cold.compressed.host_live_mb":2309.14048,"postflop.memory.cold.compressed.host_private_mb":6511.149056,"postflop.memory.cold.compressed.init_ms":610.103,"postflop.memory.cold.compressed.strategy_sync_ms":125.4606,"postflop.memory.cold.compressed.sync_ms":259.5902},"storage":"Compressed","warm":false}
gpu: 1346813 nodes, 14 levels, staging+arenas 3495.7 MB
gpu: 1346813 nodes, 14 levels, staging+arenas 3495.7 MB
gpu: 1346813 nodes, 14 levels, staging+arenas 3495.7 MB
gpu: 1346813 nodes, 14 levels, staging+arenas 3495.7 MB
METRIC_JSON {"memory_checks":[{"exploit_bits":4619250289695226916,"iteration":25},{"exploit_bits":4617408694201541058,"iteration":30},{"exploit_bits":4616218029189393624,"iteration":35}],"metrics":{"postflop.memory.warm.compressed.allocated_vram_mb":3623.878656,"postflop.memory.warm.compressed.host_live_mb":3770.580992,"postflop.memory.warm.compressed.host_private_mb":8131.416064,"postflop.memory.warm.compressed.init_ms":1099.2911000000001,"postflop.memory.warm.compressed.strategy_sync_ms":164.6826,"postflop.memory.warm.compressed.sync_ms":305.50939999999997},"storage":"Compressed","warm":true}
ok

test result: ok. 1 passed; 0 failed; 0 ignored; 0 measured; 0 filtered out; finished in 23.37s

