preflop gpu: coupled multiway, 1024 particles, 30 reach CDFs, 32-particle batches, 1 MB CDF scratch
preflop gpu: 100 nodes, 8 levels, 58 terminals (0 calibrated), 0 forced + 0 frozen nodes, ~67 MB VRAM
BENCH {"build_ms":13.339500000000001,"init_ms":184.6568,"model":"coupled_deck_v1","nodes":100,"phase":"init","start_iteration":0}
BENCH {"iteration":1,"ms":3.4774,"phase":"iterate"}
BENCH {"iteration":2,"ms":3.0575,"phase":"iterate"}
BENCH {"iteration":3,"ms":2.5167,"phase":"iterate"}
BENCH {"iteration":4,"ms":3.5389000000000004,"phase":"iterate"}
BENCH {"iteration":5,"ms":2.5265999999999997,"phase":"iterate"}
BENCH {"iteration":6,"ms":2.5154,"phase":"iterate"}
BENCH {"iteration":7,"ms":2.859,"phase":"iterate"}
BENCH {"iteration":8,"ms":3.3563,"phase":"iterate"}
BENCH {"iteration":9,"ms":2.5279,"phase":"iterate"}
BENCH {"iteration":10,"ms":2.5197000000000003,"phase":"iterate"}
BENCH {"iteration":11,"ms":2.8973,"phase":"iterate"}
BENCH {"iteration":12,"ms":2.5277,"phase":"iterate"}
BENCH {"iteration":13,"ms":2.5105,"phase":"iterate"}
BENCH {"iteration":14,"ms":2.5116,"phase":"iterate"}
BENCH {"iteration":15,"ms":3.5431999999999997,"phase":"iterate"}
BENCH {"iteration":16,"ms":2.5492000000000004,"phase":"iterate"}
BENCH {"iteration":17,"ms":2.5219,"phase":"iterate"}
BENCH {"iteration":18,"ms":2.8788,"phase":"iterate"}
BENCH {"iteration":19,"ms":2.5219,"phase":"iterate"}
BENCH {"iteration":20,"ms":2.522,"phase":"iterate"}
BENCH {"iteration":21,"ms":2.5127,"phase":"iterate"}
BENCH {"iteration":22,"ms":2.8981,"phase":"iterate"}
BENCH {"iteration":23,"ms":3.1285000000000003,"phase":"iterate"}
BENCH {"iteration":24,"ms":2.5219,"phase":"iterate"}
BENCH {"iteration":25,"ms":2.5117999999999996,"phase":"iterate"}
BENCH {"iteration":26,"ms":2.931,"phase":"iterate"}
BENCH {"iteration":27,"ms":2.5277,"phase":"iterate"}
BENCH {"iteration":28,"ms":2.5103999999999997,"phase":"iterate"}
BENCH {"iteration":29,"ms":2.8359,"phase":"iterate"}
BENCH {"iteration":30,"ms":3.2055,"phase":"iterate"}
BENCH {"arena_hash":"c428858c474fde73","check_ms":3.2127000000000003,"evs":[0.10060544574438775,-0.14715149229308094,-0.13009906825700532],"gaps":[0.0009725331098406342,0.0017061595366514581,0.0008015214145071781],"iteration":30,"load_ms":20.1293,"phase":"result","save_bytes":134416,"save_ms":4.3979,"sync_ms":0.6664,"times_ms":[3.4774,3.0575,2.5167,3.5389000000000004,2.5265999999999997,2.5154,2.859,3.3563,2.5279,2.5197000000000003,2.8973,2.5277,2.5105,2.5116,3.5431999999999997,2.5492000000000004,2.5219,2.8788,2.5219,2.522,2.5127,2.8981,3.1285000000000003,2.5219,2.5117999999999996,2.931,2.5277,2.5103999999999997,2.8359,3.2055]}
