{
  "absolute_difference_bin_upper_bounds": [
    "0",
    "1e-12",
    "1e-10",
    "1e-8",
    "1e-6",
    "1e-4",
    "1e-2",
    "1",
    "infinity"
  ],
  "action_nodes": 762114,
  "all_compared_values_finite": true,
  "candidate": "T:\\Dev\\GTOpen\\target\\autoresearch\\preflop-20260910\\target\\research-api-qualification\\api-first-strategy-eight-a\\candidate\\saves\\preflop\\result.gtop",
  "decision_reach_weighted_class_tv_candidate": 0.0,
  "decision_reach_weighted_class_tv_original": 0.0,
  "effective_average_strategy": {
    "abs_bins": [
      264950257,
      0,
      0,
      0,
      0,
      0,
      0,
      0,
      0
    ],
    "bit_equal": 264950257,
    "entries": 264950257,
    "finite_pairs": 264950257,
    "max_abs": 0.0,
    "max_abs_index": 0,
    "max_relative": 0.0,
    "max_ulp": 0,
    "mean_abs": 0.0,
    "mean_signed_candidate_minus_original": 0.0,
    "negative_a": 0,
    "negative_b": 0,
    "nonfinite_a": 0,
    "nonfinite_b": 0,
    "numeric_equal": 264950257,
    "rmse": 0.0,
    "signed_sum": 0.0,
    "sum_abs": 0.0,
    "sum_squared": 0.0
  },
  "effective_by_accumulated_support_pair": {
    "(1e-6,1e-3] -> (1e-6,1e-3]": {
      "abs_bins": [
        100251758,
        0,
        0,
        0,
        0,
        0,
        0,
        0,
        0
      ],
      "bit_equal": 100251758,
      "entries": 100251758,
      "finite_pairs": 100251758,
      "max_abs": 0.0,
      "max_abs_index": 0,
      "max_relative": 0.0,
      "max_ulp": 0,
      "mean_abs": 0.0,
      "mean_signed_candidate_minus_original": 0.0,
      "negative_a": 0,
      "negative_b": 0,
      "nonfinite_a": 0,
      "nonfinite_b": 0,
      "numeric_equal": 100251758,
      "rmse": 0.0,
      "signed_sum": 0.0,
      "sum_abs": 0.0,
      "sum_squared": 0.0
    },
    "(1e-9,1e-6] -> (1e-9,1e-6]": {
      "abs_bins": [
        94176964,
        0,
        0,
        0,
        0,
        0,
        0,
        0,
        0
      ],
      "bit_equal": 94176964,
      "entries": 94176964,
      "finite_pairs": 94176964,
      "max_abs": 0.0,
      "max_abs_index": 0,
      "max_relative": 0.0,
      "max_ulp": 0,
      "mean_abs": 0.0,
      "mean_signed_candidate_minus_original": 0.0,
      "negative_a": 0,
      "negative_b": 0,
      "nonfinite_a": 0,
      "nonfinite_b": 0,
      "numeric_equal": 94176964,
      "rmse": 0.0,
      "signed_sum": 0.0,
      "sum_abs": 0.0,
      "sum_squared": 0.0
    },
    "above_1e-3 -> above_1e-3": {
      "abs_bins": [
        70521535,
        0,
        0,
        0,
        0,
        0,
        0,
        0,
        0
      ],
      "bit_equal": 70521535,
      "entries": 70521535,
      "finite_pairs": 70521535,
      "max_abs": 0.0,
      "max_abs_index": 0,
      "max_relative": 0.0,
      "max_ulp": 0,
      "mean_abs": 0.0,
      "mean_signed_candidate_minus_original": 0.0,
      "negative_a": 0,
      "negative_b": 0,
      "nonfinite_a": 0,
      "nonfinite_b": 0,
      "numeric_equal": 70521535,
      "rmse": 0.0,
      "signed_sum": 0.0,
      "sum_abs": 0.0,
      "sum_squared": 0.0
    }
  },
  "effective_by_current_factorized_reach_pair": {
    "(0,1e-15] -> (0,1e-15]": {
      "abs_bins": [
        172144924,
        0,
        0,
        0,
        0,
        0,
        0,
        0,
        0
      ],
      "bit_equal": 172144924,
      "entries": 172144924,
      "finite_pairs": 172144924,
      "max_abs": 0.0,
      "max_abs_index": 0,
      "max_relative": 0.0,
      "max_ulp": 0,
      "mean_abs": 0.0,
      "mean_signed_candidate_minus_original": 0.0,
      "negative_a": 0,
      "negative_b": 0,
      "nonfinite_a": 0,
      "nonfinite_b": 0,
      "numeric_equal": 172144924,
      "rmse": 0.0,
      "signed_sum": 0.0,
      "sum_abs": 0.0,
      "sum_squared": 0.0
    },
    "(1e-12,1e-9] -> (1e-12,1e-9]": {
      "abs_bins": [
        30357296,
        0,
        0,
        0,
        0,
        0,
        0,
        0,
        0
      ],
      "bit_equal": 30357296,
      "entries": 30357296,
      "finite_pairs": 30357296,
      "max_abs": 0.0,
      "max_abs_index": 0,
      "max_relative": 0.0,
      "max_ulp": 0,
      "mean_abs": 0.0,
      "mean_signed_candidate_minus_original": 0.0,
      "negative_a": 0,
      "negative_b": 0,
      "nonfinite_a": 0,
      "nonfinite_b": 0,
      "numeric_equal": 30357296,
      "rmse": 0.0,
      "signed_sum": 0.0,
      "sum_abs": 0.0,
      "sum_squared": 0.0
    },
    "(1e-15,1e-12] -> (1e-15,1e-12]": {
      "abs_bins": [
        55558564,
        0,
        0,
        0,
        0,
        0,
        0,
        0,
        0
      ],
      "bit_equal": 55558564,
      "entries": 55558564,
      "finite_pairs": 55558564,
      "max_abs": 0.0,
      "max_abs_index": 0,
      "max_relative": 0.0,
      "max_ulp": 0,
      "mean_abs": 0.0,
      "mean_signed_candidate_minus_original": 0.0,
      "negative_a": 0,
      "negative_b": 0,
      "nonfinite_a": 0,
      "nonfinite_b": 0,
      "numeric_equal": 55558564,
      "rmse": 0.0,
      "signed_sum": 0.0,
      "sum_abs": 0.0,
      "sum_squared": 0.0
    },
    "(1e-9,1e-6] -> (1e-9,1e-6]": {
      "abs_bins": [
        6430467,
        0,
        0,
        0,
        0,
        0,
        0,
        0,
        0
      ],
      "bit_equal": 6430467,
      "entries": 6430467,
      "finite_pairs": 6430467,
      "max_abs": 0.0,
      "max_abs_index": 0,
      "max_relative": 0.0,
      "max_ulp": 0,
      "mean_abs": 0.0,
      "mean_signed_candidate_minus_original": 0.0,
      "negative_a": 0,
      "negative_b": 0,
      "nonfinite_a": 0,
      "nonfinite_b": 0,
      "numeric_equal": 6430467,
      "rmse": 0.0,
      "signed_sum": 0.0,
      "sum_abs": 0.0,
      "sum_squared": 0.0
    },
    "above_1e-6 -> above_1e-6": {
      "abs_bins": [
        459006,
        0,
        0,
        0,
        0,
        0,
        0,
        0,
        0
      ],
      "bit_equal": 459006,
      "entries": 459006,
      "finite_pairs": 459006,
      "max_abs": 0.0,
      "max_abs_index": 0,
      "max_relative": 0.0,
      "max_ulp": 0,
      "mean_abs": 0.0,
      "mean_signed_candidate_minus_original": 0.0,
      "negative_a": 0,
      "negative_b": 0,
      "nonfinite_a": 0,
      "nonfinite_b": 0,
      "numeric_equal": 459006,
      "rmse": 0.0,
      "signed_sum": 0.0,
      "sum_abs": 0.0,
      "sum_squared": 0.0
    }
  },
  "equity_cache_samples": 20000,
  "finite_tv_classes": 128797266,
  "headers_identical_after_point_lock_order_canonicalization": true,
  "interpretation": [
    "Mass/support is accumulated strategy sum, not observation count or confidence.",
    "Zero raw mass can coexist with a valid forced policy. Effective averages use native locks/profile routing.",
    "Current reach uses the solver's factorized f32 propagation, including underflow; zero reach is not proof a state is mathematically impossible.",
    "Reach weighting sums decision opportunities across nodes; it is not an exploitability metric.",
    "Relative/ULP and near-zero bins are descriptive. No threshold or numerical acceptance conclusion is inferred."
  ],
  "invalid_effective_entries": 0,
  "invalid_reach_classes": 0,
  "iteration": 50,
  "largest_effective_differences": [],
  "max_class_total_variation": 0.0,
  "max_effective_row_sum_error": 4.172325134277344e-7,
  "mean_class_total_variation": 0.0,
  "node_hand_classes": 128797266,
  "original": "T:\\Dev\\GTOpen\\target\\autoresearch\\preflop-20260910\\target\\research-api-qualification\\api-first-strategy-eight-a\\original\\saves\\preflop\\result.gtop",
  "payoff_model": "coupled_deck_v1",
  "purpose": "descriptive numerical comparison; no acceptance thresholds applied",
  "raw_arena_normalized_strategy": {
    "abs_bins": [
      264950257,
      0,
      0,
      0,
      0,
      0,
      0,
      0,
      0
    ],
    "bit_equal": 264950257,
    "entries": 264950257,
    "finite_pairs": 264950257,
    "max_abs": 0.0,
    "max_abs_index": 0,
    "max_relative": 0.0,
    "max_ulp": 0,
    "mean_abs": 0.0,
    "mean_signed_candidate_minus_original": 0.0,
    "negative_a": 0,
    "negative_b": 0,
    "nonfinite_a": 0,
    "nonfinite_b": 0,
    "numeric_equal": 264950257,
    "rmse": 0.0,
    "signed_sum": 0.0,
    "sum_abs": 0.0,
    "sum_squared": 0.0
  },
  "raw_arenas": {
    "regrets": {
      "abs_bins": [
        264950257,
        0,
        0,
        0,
        0,
        0,
        0,
        0,
        0
      ],
      "bit_equal": 264950257,
      "entries": 264950257,
      "finite_pairs": 264950257,
      "max_abs": 0.0,
      "max_abs_index": 0,
      "max_relative": 0.0,
      "max_ulp": 0,
      "mean_abs": 0.0,
      "mean_signed_candidate_minus_original": 0.0,
      "negative_a": 106651043,
      "negative_b": 106651043,
      "nonfinite_a": 0,
      "nonfinite_b": 0,
      "numeric_equal": 264950257,
      "rmse": 0.0,
      "signed_sum": 0.0,
      "sum_abs": 0.0,
      "sum_squared": 0.0
    },
    "strategy_sums": {
      "abs_bins": [
        264950257,
        0,
        0,
        0,
        0,
        0,
        0,
        0,
        0
      ],
      "bit_equal": 264950257,
      "entries": 264950257,
      "finite_pairs": 264950257,
      "max_abs": 0.0,
      "max_abs_index": 0,
      "max_relative": 0.0,
      "max_ulp": 0,
      "mean_abs": 0.0,
      "mean_signed_candidate_minus_original": 0.0,
      "negative_a": 0,
      "negative_b": 0,
      "nonfinite_a": 0,
      "nonfinite_b": 0,
      "numeric_equal": 264950257,
      "rmse": 0.0,
      "signed_sum": 0.0,
      "sum_abs": 0.0,
      "sum_squared": 0.0
    }
  },
  "reach_pair_class_counts": {
    "(0,1e-15] -> (0,1e-15]": 85576966,
    "(1e-12,1e-9] -> (1e-12,1e-9]": 13794964,
    "(1e-15,1e-12] -> (1e-15,1e-12]": 26832638,
    "(1e-9,1e-6] -> (1e-9,1e-6]": 2460293,
    "above_1e-6 -> above_1e-6": 132405
  },
  "support_pair_class_counts": {
    "(1e-6,1e-3] -> (1e-6,1e-3]": 48843091,
    "(1e-9,1e-6] -> (1e-9,1e-6]": 47081306,
    "above_1e-3 -> above_1e-3": 32872869
  }
}
