preflop gpu: coupled multiway, 1024 particles, 30 reach CDFs, 32-particle batches, 1 MB CDF scratch
preflop gpu: 100 nodes, 8 levels, 58 terminals (0 calibrated), 0 forced + 0 frozen nodes, ~67 MB VRAM
BENCH {"build_ms":13.1753,"init_ms":169.8415,"model":"coupled_deck_v1","nodes":100,"phase":"init","start_iteration":0}
BENCH {"iteration":1,"ms":3.4930999999999996,"phase":"iterate"}
BENCH {"iteration":2,"ms":3.0036,"phase":"iterate"}
BENCH {"iteration":3,"ms":2.4741,"phase":"iterate"}
BENCH {"iteration":4,"ms":2.4685,"phase":"iterate"}
BENCH {"iteration":5,"ms":2.851,"phase":"iterate"}
BENCH {"iteration":6,"ms":2.4775,"phase":"iterate"}
BENCH {"iteration":7,"ms":3.1228,"phase":"iterate"}
BENCH {"iteration":8,"ms":2.4765,"phase":"iterate"}
BENCH {"iteration":9,"ms":2.7166,"phase":"iterate"}
BENCH {"iteration":10,"ms":2.4814,"phase":"iterate"}
BENCH {"iteration":11,"ms":2.4753000000000003,"phase":"iterate"}
BENCH {"iteration":12,"ms":2.4746,"phase":"iterate"}
BENCH {"iteration":13,"ms":2.8069,"phase":"iterate"}
BENCH {"iteration":14,"ms":3.1286,"phase":"iterate"}
BENCH {"iteration":15,"ms":2.4792,"phase":"iterate"}
BENCH {"iteration":16,"ms":2.8679,"phase":"iterate"}
BENCH {"iteration":17,"ms":2.4717,"phase":"iterate"}
BENCH {"iteration":18,"ms":2.4677000000000002,"phase":"iterate"}
BENCH {"iteration":19,"ms":2.4992,"phase":"iterate"}
BENCH {"iteration":20,"ms":2.8531,"phase":"iterate"}
BENCH {"iteration":21,"ms":2.4751,"phase":"iterate"}
BENCH {"iteration":22,"ms":3.1265,"phase":"iterate"}
BENCH {"iteration":23,"ms":2.4778000000000002,"phase":"iterate"}
BENCH {"iteration":24,"ms":2.9263000000000003,"phase":"iterate"}
BENCH {"iteration":25,"ms":2.4697,"phase":"iterate"}
BENCH {"iteration":26,"ms":2.4644,"phase":"iterate"}
BENCH {"iteration":27,"ms":2.464,"phase":"iterate"}
BENCH {"iteration":28,"ms":2.8027,"phase":"iterate"}
BENCH {"iteration":29,"ms":3.1266000000000003,"phase":"iterate"}
BENCH {"iteration":30,"ms":2.4812,"phase":"iterate"}
BENCH {"arena_hash":"c428858c474fde73","check_ms":3.3345,"evs":[0.10060544574438775,-0.14715149229308094,-0.13009906825700532],"gaps":[0.0009725331098406342,0.0017061595366514581,0.0008015214145071781],"iteration":30,"load_ms":19.5391,"phase":"result","save_bytes":134416,"save_ms":91.9834,"sync_ms":0.6675,"times_ms":[3.4930999999999996,3.0036,2.4741,2.4685,2.851,2.4775,3.1228,2.4765,2.7166,2.4814,2.4753000000000003,2.4746,2.8069,3.1286,2.4792,2.8679,2.4717,2.4677000000000002,2.4992,2.8531,2.4751,3.1265,2.4778000000000002,2.9263000000000003,2.4697,2.4644,2.464,2.8027,3.1266000000000003,2.4812]}
