preflop gpu: coupled multiway, 1024 particles, 30 reach CDFs, 32-particle batches, 0 MB CDF scratch
preflop gpu: compact CDF slots 20 of 30, 0.0 MB immutable map
preflop gpu: 100 nodes, 8 levels, 58 terminals (0 calibrated), 0 forced + 0 frozen nodes, ~67 MB VRAM
BENCH {"build_ms":13.4473,"init_ms":183.2422,"model":"coupled_deck_v1","nodes":100,"phase":"init","start_iteration":0}
BENCH {"iteration":1,"ms":3.4347000000000003,"phase":"iterate"}
BENCH {"iteration":2,"ms":3.554,"phase":"iterate"}
BENCH {"iteration":3,"ms":2.339,"phase":"iterate"}
BENCH {"iteration":4,"ms":2.7366,"phase":"iterate"}
BENCH {"iteration":5,"ms":2.3467000000000002,"phase":"iterate"}
BENCH {"iteration":6,"ms":2.3238999999999996,"phase":"iterate"}
BENCH {"iteration":7,"ms":2.3419,"phase":"iterate"}
BENCH {"iteration":8,"ms":3.2697,"phase":"iterate"}
BENCH {"iteration":9,"ms":2.3996999999999997,"phase":"iterate"}
BENCH {"iteration":10,"ms":2.3417,"phase":"iterate"}
BENCH {"iteration":11,"ms":2.6584999999999996,"phase":"iterate"}
BENCH {"iteration":12,"ms":2.4154,"phase":"iterate"}
BENCH {"iteration":13,"ms":2.3498,"phase":"iterate"}
BENCH {"iteration":14,"ms":2.343,"phase":"iterate"}
BENCH {"iteration":15,"ms":2.6351999999999998,"phase":"iterate"}
BENCH {"iteration":16,"ms":3.0566,"phase":"iterate"}
BENCH {"iteration":17,"ms":2.3381000000000003,"phase":"iterate"}
BENCH {"iteration":18,"ms":2.3314,"phase":"iterate"}
BENCH {"iteration":19,"ms":2.7337,"phase":"iterate"}
BENCH {"iteration":20,"ms":2.3417,"phase":"iterate"}
BENCH {"iteration":21,"ms":2.3311,"phase":"iterate"}
BENCH {"iteration":22,"ms":2.3314,"phase":"iterate"}
BENCH {"iteration":23,"ms":3.3381000000000003,"phase":"iterate"}
BENCH {"iteration":24,"ms":2.3459000000000003,"phase":"iterate"}
BENCH {"iteration":25,"ms":2.3492,"phase":"iterate"}
BENCH {"iteration":26,"ms":2.6291,"phase":"iterate"}
BENCH {"iteration":27,"ms":2.4124,"phase":"iterate"}
BENCH {"iteration":28,"ms":2.3335,"phase":"iterate"}
BENCH {"iteration":29,"ms":2.3343000000000003,"phase":"iterate"}
BENCH {"iteration":30,"ms":2.6229999999999998,"phase":"iterate"}
BENCH {"arena_hash":"c428858c474fde73","check_ms":3.8717,"evs":[0.10060544574438775,-0.14715149229308094,-0.13009906825700532],"gaps":[0.0009725331098406342,0.0017061595366514581,0.0008015214145071781],"iteration":30,"load_ms":20.6701,"phase":"result","save_bytes":134416,"save_ms":4.7773,"sync_ms":0.7004,"times_ms":[3.4347000000000003,3.554,2.339,2.7366,2.3467000000000002,2.3238999999999996,2.3419,3.2697,2.3996999999999997,2.3417,2.6584999999999996,2.4154,2.3498,2.343,2.6351999999999998,3.0566,2.3381000000000003,2.3314,2.7337,2.3417,2.3311,2.3314,3.3381000000000003,2.3459000000000003,2.3492,2.6291,2.4124,2.3335,2.3343000000000003,2.6229999999999998]}
