preflop gpu: coupled multiway, 1024 particles, 30 reach CDFs, 32-particle batches, 1 MB CDF scratch
preflop gpu: 100 nodes, 8 levels, 58 terminals (0 calibrated), 0 forced + 0 frozen nodes, ~67 MB VRAM
BENCH {"build_ms":13.2873,"init_ms":172.98340000000002,"model":"coupled_deck_v1","nodes":100,"phase":"init","start_iteration":0}
BENCH {"iteration":1,"ms":3.0683,"phase":"iterate"}
BENCH {"iteration":2,"ms":3.8482,"phase":"iterate"}
BENCH {"iteration":3,"ms":2.4798,"phase":"iterate"}
BENCH {"iteration":4,"ms":2.4827,"phase":"iterate"}
BENCH {"iteration":5,"ms":2.879,"phase":"iterate"}
BENCH {"iteration":6,"ms":2.4853,"phase":"iterate"}
BENCH {"iteration":7,"ms":2.4819,"phase":"iterate"}
BENCH {"iteration":8,"ms":2.471,"phase":"iterate"}
BENCH {"iteration":9,"ms":3.0955000000000004,"phase":"iterate"}
BENCH {"iteration":10,"ms":2.4823,"phase":"iterate"}
BENCH {"iteration":11,"ms":2.4752,"phase":"iterate"}
BENCH {"iteration":12,"ms":2.4756,"phase":"iterate"}
BENCH {"iteration":13,"ms":3.4382,"phase":"iterate"}
BENCH {"iteration":14,"ms":2.5216000000000003,"phase":"iterate"}
BENCH {"iteration":15,"ms":2.4746,"phase":"iterate"}
BENCH {"iteration":16,"ms":2.8055,"phase":"iterate"}
BENCH {"iteration":17,"ms":2.5468,"phase":"iterate"}
BENCH {"iteration":18,"ms":2.4855,"phase":"iterate"}
BENCH {"iteration":19,"ms":2.4812,"phase":"iterate"}
BENCH {"iteration":20,"ms":3.4327,"phase":"iterate"}
BENCH {"iteration":21,"ms":2.5909,"phase":"iterate"}
BENCH {"iteration":22,"ms":2.4846999999999997,"phase":"iterate"}
BENCH {"iteration":23,"ms":2.8744,"phase":"iterate"}
BENCH {"iteration":24,"ms":2.4949999999999997,"phase":"iterate"}
BENCH {"iteration":25,"ms":2.4837000000000002,"phase":"iterate"}
BENCH {"iteration":26,"ms":2.4758,"phase":"iterate"}
BENCH {"iteration":27,"ms":2.8914,"phase":"iterate"}
BENCH {"iteration":28,"ms":3.12,"phase":"iterate"}
BENCH {"iteration":29,"ms":2.4777,"phase":"iterate"}
BENCH {"iteration":30,"ms":2.9155,"phase":"iterate"}
BENCH {"arena_hash":"c428858c474fde73","check_ms":3.0065,"evs":[0.10060544574438775,-0.14715149229308094,-0.13009906825700532],"gaps":[0.0009725331098406342,0.0017061595366514581,0.0008015214145071781],"iteration":30,"load_ms":21.9448,"phase":"result","save_bytes":134416,"save_ms":89.3754,"sync_ms":0.6118,"times_ms":[3.0683,3.8482,2.4798,2.4827,2.879,2.4853,2.4819,2.471,3.0955000000000004,2.4823,2.4752,2.4756,3.4382,2.5216000000000003,2.4746,2.8055,2.5468,2.4855,2.4812,3.4327,2.5909,2.4846999999999997,2.8744,2.4949999999999997,2.4837000000000002,2.4758,2.8914,3.12,2.4777,2.9155]}
