preflop gpu: coupled multiway, 1024 particles, 30 reach CDFs, 32-particle batches, 0 MB CDF scratch
preflop gpu: compact CDF slots 20 of 30, 0.0 MB immutable map
preflop gpu: 100 nodes, 8 levels, 58 terminals (0 calibrated), 0 forced + 0 frozen nodes, ~67 MB VRAM
BENCH {"build_ms":12.9651,"init_ms":170.3367,"model":"coupled_deck_v1","nodes":100,"phase":"init","start_iteration":0}
BENCH {"iteration":1,"ms":3.4193000000000002,"phase":"iterate"}
BENCH {"iteration":2,"ms":2.8574,"phase":"iterate"}
BENCH {"iteration":3,"ms":2.3351,"phase":"iterate"}
BENCH {"iteration":4,"ms":2.3289999999999997,"phase":"iterate"}
BENCH {"iteration":5,"ms":3.2689,"phase":"iterate"}
BENCH {"iteration":6,"ms":2.3945,"phase":"iterate"}
BENCH {"iteration":7,"ms":2.3333999999999997,"phase":"iterate"}
BENCH {"iteration":8,"ms":2.3205999999999998,"phase":"iterate"}
BENCH {"iteration":9,"ms":2.6831,"phase":"iterate"}
BENCH {"iteration":10,"ms":2.333,"phase":"iterate"}
BENCH {"iteration":11,"ms":2.3430999999999997,"phase":"iterate"}
BENCH {"iteration":12,"ms":2.3388,"phase":"iterate"}
BENCH {"iteration":13,"ms":3.2414,"phase":"iterate"}
BENCH {"iteration":14,"ms":2.4013,"phase":"iterate"}
BENCH {"iteration":15,"ms":2.335,"phase":"iterate"}
BENCH {"iteration":16,"ms":2.3205999999999998,"phase":"iterate"}
BENCH {"iteration":17,"ms":2.7027,"phase":"iterate"}
BENCH {"iteration":18,"ms":2.3312,"phase":"iterate"}
BENCH {"iteration":19,"ms":2.3192999999999997,"phase":"iterate"}
BENCH {"iteration":20,"ms":2.3227,"phase":"iterate"}
BENCH {"iteration":21,"ms":3.2697999999999996,"phase":"iterate"}
BENCH {"iteration":22,"ms":2.3952,"phase":"iterate"}
BENCH {"iteration":23,"ms":2.3348,"phase":"iterate"}
BENCH {"iteration":24,"ms":2.3583,"phase":"iterate"}
BENCH {"iteration":25,"ms":2.6795,"phase":"iterate"}
BENCH {"iteration":26,"ms":2.3240000000000003,"phase":"iterate"}
BENCH {"iteration":27,"ms":2.319,"phase":"iterate"}
BENCH {"iteration":28,"ms":2.3230999999999997,"phase":"iterate"}
BENCH {"iteration":29,"ms":2.6872,"phase":"iterate"}
BENCH {"iteration":30,"ms":2.8881,"phase":"iterate"}
BENCH {"arena_hash":"c428858c474fde73","check_ms":3.0484,"evs":[0.10060544574438775,-0.14715149229308094,-0.13009906825700532],"gaps":[0.0009725331098406342,0.0017061595366514581,0.0008015214145071781],"iteration":30,"load_ms":19.3466,"phase":"result","save_bytes":134416,"save_ms":4.4962,"sync_ms":0.6999000000000001,"times_ms":[3.4193000000000002,2.8574,2.3351,2.3289999999999997,3.2689,2.3945,2.3333999999999997,2.3205999999999998,2.6831,2.333,2.3430999999999997,2.3388,3.2414,2.4013,2.335,2.3205999999999998,2.7027,2.3312,2.3192999999999997,2.3227,3.2697999999999996,2.3952,2.3348,2.3583,2.6795,2.3240000000000003,2.319,2.3230999999999997,2.6872,2.8881]}
