preflop gpu: coupled multiway, 1024 particles, 30 reach CDFs, 32-particle batches, 0 MB CDF scratch
preflop gpu: compact CDF slots 20 of 30, 0.0 MB immutable map
preflop gpu: 100 nodes, 8 levels, 58 terminals (0 calibrated), 0 forced + 0 frozen nodes, ~67 MB VRAM
BENCH {"build_ms":13.0043,"init_ms":172.2246,"model":"coupled_deck_v1","nodes":100,"phase":"init","start_iteration":0}
BENCH {"iteration":1,"ms":3.4426,"phase":"iterate"}
BENCH {"iteration":2,"ms":3.0036,"phase":"iterate"}
BENCH {"iteration":3,"ms":2.3371,"phase":"iterate"}
BENCH {"iteration":4,"ms":2.3385,"phase":"iterate"}
BENCH {"iteration":5,"ms":2.7238,"phase":"iterate"}
BENCH {"iteration":6,"ms":2.8777,"phase":"iterate"}
BENCH {"iteration":7,"ms":2.3403,"phase":"iterate"}
BENCH {"iteration":8,"ms":2.5619,"phase":"iterate"}
BENCH {"iteration":9,"ms":2.7041999999999997,"phase":"iterate"}
BENCH {"iteration":10,"ms":2.9267,"phase":"iterate"}
BENCH {"iteration":11,"ms":2.3354,"phase":"iterate"}
BENCH {"iteration":12,"ms":2.3322,"phase":"iterate"}
BENCH {"iteration":13,"ms":2.679,"phase":"iterate"}
BENCH {"iteration":14,"ms":2.3341,"phase":"iterate"}
BENCH {"iteration":15,"ms":2.3396,"phase":"iterate"}
BENCH {"iteration":16,"ms":2.3352,"phase":"iterate"}
BENCH {"iteration":17,"ms":3.3134,"phase":"iterate"}
BENCH {"iteration":18,"ms":2.3365,"phase":"iterate"}
BENCH {"iteration":19,"ms":2.3426,"phase":"iterate"}
BENCH {"iteration":20,"ms":2.3386,"phase":"iterate"}
BENCH {"iteration":21,"ms":2.7136,"phase":"iterate"}
BENCH {"iteration":22,"ms":2.3367,"phase":"iterate"}
BENCH {"iteration":23,"ms":2.3294,"phase":"iterate"}
BENCH {"iteration":24,"ms":2.323,"phase":"iterate"}
BENCH {"iteration":25,"ms":3.2855,"phase":"iterate"}
BENCH {"iteration":26,"ms":2.3354,"phase":"iterate"}
BENCH {"iteration":27,"ms":2.3373,"phase":"iterate"}
BENCH {"iteration":28,"ms":2.3352,"phase":"iterate"}
BENCH {"iteration":29,"ms":2.6790999999999996,"phase":"iterate"}
BENCH {"iteration":30,"ms":2.3318000000000003,"phase":"iterate"}
BENCH {"arena_hash":"c428858c474fde73","check_ms":2.9823,"evs":[0.10060544574438775,-0.14715149229308094,-0.13009906825700532],"gaps":[0.0009725331098406342,0.0017061595366514581,0.0008015214145071781],"iteration":30,"load_ms":19.024,"phase":"result","save_bytes":134416,"save_ms":4.2187,"sync_ms":0.6774,"times_ms":[3.4426,3.0036,2.3371,2.3385,2.7238,2.8777,2.3403,2.5619,2.7041999999999997,2.9267,2.3354,2.3322,2.679,2.3341,2.3396,2.3352,3.3134,2.3365,2.3426,2.3386,2.7136,2.3367,2.3294,2.323,3.2855,2.3354,2.3373,2.3352,2.6790999999999996,2.3318000000000003]}
