preflop gpu: coupled multiway, 1024 particles, 30 reach CDFs, 32-particle batches, 0 MB CDF scratch
preflop gpu: compact CDF slots 20 of 30, 0.0 MB immutable map
preflop gpu: 100 nodes, 8 levels, 58 terminals (0 calibrated), 0 forced + 0 frozen nodes, ~67 MB VRAM
BENCH {"build_ms":13.0015,"init_ms":175.74980000000002,"model":"coupled_deck_v1","nodes":100,"phase":"init","start_iteration":0}
BENCH {"iteration":1,"ms":3.1700999999999997,"phase":"iterate"}
BENCH {"iteration":2,"ms":2.8487999999999998,"phase":"iterate"}
BENCH {"iteration":3,"ms":2.7293,"phase":"iterate"}
BENCH {"iteration":4,"ms":2.9455,"phase":"iterate"}
BENCH {"iteration":5,"ms":2.3673,"phase":"iterate"}
BENCH {"iteration":6,"ms":2.3623,"phase":"iterate"}
BENCH {"iteration":7,"ms":3.5421,"phase":"iterate"}
BENCH {"iteration":8,"ms":2.3745,"phase":"iterate"}
BENCH {"iteration":9,"ms":2.3771999999999998,"phase":"iterate"}
BENCH {"iteration":10,"ms":2.6809999999999996,"phase":"iterate"}
BENCH {"iteration":11,"ms":2.4587,"phase":"iterate"}
BENCH {"iteration":12,"ms":2.367,"phase":"iterate"}
BENCH {"iteration":13,"ms":2.3581000000000003,"phase":"iterate"}
BENCH {"iteration":14,"ms":2.6536,"phase":"iterate"}
BENCH {"iteration":15,"ms":3.0821,"phase":"iterate"}
BENCH {"iteration":16,"ms":2.3722000000000003,"phase":"iterate"}
BENCH {"iteration":17,"ms":2.3771999999999998,"phase":"iterate"}
BENCH {"iteration":18,"ms":2.7455000000000003,"phase":"iterate"}
BENCH {"iteration":19,"ms":2.3794,"phase":"iterate"}
BENCH {"iteration":20,"ms":2.3655999999999997,"phase":"iterate"}
BENCH {"iteration":21,"ms":2.3630999999999998,"phase":"iterate"}
BENCH {"iteration":22,"ms":2.7298,"phase":"iterate"}
BENCH {"iteration":23,"ms":3.0153,"phase":"iterate"}
BENCH {"iteration":24,"ms":2.3720999999999997,"phase":"iterate"}
BENCH {"iteration":25,"ms":2.3617999999999997,"phase":"iterate"}
BENCH {"iteration":26,"ms":2.8427000000000002,"phase":"iterate"}
BENCH {"iteration":27,"ms":2.3663,"phase":"iterate"}
BENCH {"iteration":28,"ms":2.3646000000000003,"phase":"iterate"}
BENCH {"iteration":29,"ms":2.7374,"phase":"iterate"}
BENCH {"iteration":30,"ms":3.0419,"phase":"iterate"}
BENCH {"arena_hash":"c428858c474fde73","check_ms":3.0223,"evs":[0.10060544574438775,-0.14715149229308094,-0.13009906825700532],"gaps":[0.0009725331098406342,0.0017061595366514581,0.0008015214145071781],"iteration":30,"load_ms":19.256800000000002,"phase":"result","save_bytes":134416,"save_ms":4.2144,"sync_ms":0.6888000000000001,"times_ms":[3.1700999999999997,2.8487999999999998,2.7293,2.9455,2.3673,2.3623,3.5421,2.3745,2.3771999999999998,2.6809999999999996,2.4587,2.367,2.3581000000000003,2.6536,3.0821,2.3722000000000003,2.3771999999999998,2.7455000000000003,2.3794,2.3655999999999997,2.3630999999999998,2.7298,3.0153,2.3720999999999997,2.3617999999999997,2.8427000000000002,2.3663,2.3646000000000003,2.7374,3.0419]}
