CONVERGENCE {"additional_iteration_limit":250,"backend":"gpu","budget_mb":19000,"check_every":10,"equity_cache_fnv1a64":"eb725e19520a8405","harness":"convergence-control-v2","input":"\\\\?\\T:\\Dev\\GTOpen\\target\\autoresearch\\preflop-20260910\\target\\fixtures\\fresh-coupled-validated.gtop","input_fnv1a64":"42bc26b3ccd607ca","load_input_ms":1722.8051,"nodes":1845520,"output":"\\\\?\\T:\\Dev\\GTOpen\\target\\autoresearch\\preflop-20260910\\target\\research-convergence\\convergence-modeled-original-a.gtop","phase":"manifest","realization_fit_fnv1a64":"7117a9b28b8ea80b","realization_fit_path":"\\\\?\\T:\\Dev\\GTOpen\\target\\autoresearch\\preflop-20260910\\cache\\realization_fit.json","start_state":{"config":{"add_allin":true,"allin_threshold":0.85,"ante":0.0,"call_only_seats":[],"limp":true,"max_raises":3,"no_flop_no_drop":true,"open_raises":[2.0,2.5,3.0,5.0],"open_raises_by_seat":null,"positions":["UTG","HJ","CO","BTN","SB","BB"],"posts":[0.0,0.0,0.0,0.0,0.5,1.0],"raise_mults":[2.5,3.5],"raise_mults_by_seat":null,"rake_cap":3.0,"rake_pct":5.0,"realization":"calibrated","stack":100.0},"frozen":[false,false,false,false,false,false],"hero":null,"iteration":0,"live_seats":[true,true,true,true,true,true],"model":"coupled_deck_v1","profiles_fnv1a64":"a8c9414d14e84943","profiles_json_bytes":13887767},"stop_rule":"sum(gaps of live_seats) < target; no initial check","target_gap_bb":0.004}
preflop gpu: coupled multiway, 1024 particles, 846156 reach CDFs, 23-particle batches, 13234 MB CDF scratch
preflop gpu: 1845520 nodes, 22 levels, 984136 terminals (216797 calibrated), 255070 forced + 0 frozen nodes, ~18867 MB VRAM
preflop gpu layout: {"baseline":"1b8fc3f_forced_budget_only","budget_mb":19000,"cdf_allocated_bytes":13233879840,"cdf_slots":846156,"compact_cdf":false,"forced_bytes":414292684,"forced_elements":103573171,"forced_nodes":255070,"frozen_nodes":0,"hu_equity_cache_allocated_bytes":302708744,"hu_equity_cache_enabled":true,"hu_equity_cache_slots":447794,"model":"coupled_deck_v1","multiway_batch":23,"multiway_enabled":true,"multiway_particles":1024,"nodes":1845520,"normalized_cdf":false,"planned_need_mb":18866.75968,"seats":6}
CONVERGENCE {"ms":1972.3947,"phase":"gpu_init"}
CONVERGENCE {"done":1,"iteration":1,"ms":6629.9294,"phase":"iterate"}
CONVERGENCE {"done":2,"iteration":2,"ms":6557.5545999999995,"phase":"iterate"}
CONVERGENCE {"done":3,"iteration":3,"ms":6624.9791,"phase":"iterate"}
CONVERGENCE {"done":4,"iteration":4,"ms":6597.493799999999,"phase":"iterate"}
CONVERGENCE {"done":5,"iteration":5,"ms":6582.3699,"phase":"iterate"}
CONVERGENCE {"done":6,"iteration":6,"ms":6572.5997,"phase":"iterate"}
CONVERGENCE {"done":7,"iteration":7,"ms":6550.8752,"phase":"iterate"}
CONVERGENCE {"done":8,"iteration":8,"ms":6507.5756,"phase":"iterate"}
CONVERGENCE {"done":9,"iteration":9,"ms":6483.2901999999995,"phase":"iterate"}
CONVERGENCE {"done":10,"iteration":10,"ms":6460.3976999999995,"phase":"iterate"}
CONVERGENCE {"check_ms":6756.5823,"checkpoint_ms":7302.1603,"checks_ms_total":6756.5823,"done":10,"evs":[-0.04602513639238685,-0.060093448952322326,-0.03752224932357917,0.14857471071603318,-0.35660144992184634,-0.5972063787450257],"gaps":[0.009417260096926366,0.009911833078602633,0.009699287742418877,0.13194997877656678,0.00828296617541363,0.007085174972350394],"iteration":10,"iterations_ms_total":65567.06520000001,"learning_gap_bb":0.17634650084227868,"live_seats":[true,true,true,true,true,true],"phase":"checkpoint","sync_ms":545.578,"syncs_ms_total":545.578,"target_gap_bb":0.004,"target_reached":false}
CONVERGENCE {"done":11,"iteration":11,"ms":6431.7044000000005,"phase":"iterate"}
CONVERGENCE {"done":12,"iteration":12,"ms":6402.3154,"phase":"iterate"}
CONVERGENCE {"done":13,"iteration":13,"ms":6365.2781,"phase":"iterate"}
CONVERGENCE {"done":14,"iteration":14,"ms":6318.83,"phase":"iterate"}
CONVERGENCE {"done":15,"iteration":15,"ms":6276.2279,"phase":"iterate"}
CONVERGENCE {"done":16,"iteration":16,"ms":6245.2655,"phase":"iterate"}
CONVERGENCE {"done":17,"iteration":17,"ms":6219.8692,"phase":"iterate"}
CONVERGENCE {"done":18,"iteration":18,"ms":6203.9438,"phase":"iterate"}
CONVERGENCE {"done":19,"iteration":19,"ms":6185.3521,"phase":"iterate"}
CONVERGENCE {"done":20,"iteration":20,"ms":6162.268,"phase":"iterate"}
CONVERGENCE {"check_ms":6758.7349,"checkpoint_ms":7050.3910000000005,"checks_ms_total":13515.317200000001,"done":20,"evs":[-0.05073105726754809,-0.06384117538881283,-0.040147978804847384,0.22487316928285944,-0.382364509789355,-0.6163378103149796],"gaps":[0.0015252379718541376,0.0015665526223797993,0.0013092924892082886,0.048373474648021164,0.0010077110403049483,0.0009486751418952277],"iteration":20,"iterations_ms_total":128378.1196,"learning_gap_bb":0.054730943913663566,"live_seats":[true,true,true,true,true,true],"phase":"checkpoint","sync_ms":291.6561,"syncs_ms_total":837.2340999999999,"target_gap_bb":0.004,"target_reached":false}
CONVERGENCE {"done":21,"iteration":21,"ms":6141.975600000001,"phase":"iterate"}
CONVERGENCE {"done":22,"iteration":22,"ms":6105.303,"phase":"iterate"}
CONVERGENCE {"done":23,"iteration":23,"ms":6079.2809,"phase":"iterate"}
CONVERGENCE {"done":24,"iteration":24,"ms":6046.2782,"phase":"iterate"}
CONVERGENCE {"done":25,"iteration":25,"ms":6025.9833,"phase":"iterate"}
CONVERGENCE {"done":26,"iteration":26,"ms":6010.0678,"phase":"iterate"}
CONVERGENCE {"done":27,"iteration":27,"ms":5993.5675,"phase":"iterate"}
CONVERGENCE {"done":28,"iteration":28,"ms":5953.0711,"phase":"iterate"}
CONVERGENCE {"done":29,"iteration":29,"ms":5895.8137,"phase":"iterate"}
CONVERGENCE {"done":30,"iteration":30,"ms":5868.5615,"phase":"iterate"}
CONVERGENCE {"check_ms":6733.653399999999,"checkpoint_ms":7038.432999999999,"checks_ms_total":20248.9706,"done":30,"evs":[-0.05261101939489354,-0.06616889839906018,-0.042806706357511534,0.24741484355642143,-0.3874347974622638,-0.6209912119185936],"gaps":[0.0005771065643365991,0.0005532186918707216,0.00045131469396347823,0.025287145601478794,0.00031153231396885417,0.0003142432395221162],"iteration":30,"iterations_ms_total":188498.0222,"learning_gap_bb":0.027494561105140564,"live_seats":[true,true,true,true,true,true],"phase":"checkpoint","sync_ms":304.77959999999996,"syncs_ms_total":1142.0137,"target_gap_bb":0.004,"target_reached":false}
CONVERGENCE {"done":31,"iteration":31,"ms":5839.5292,"phase":"iterate"}
CONVERGENCE {"done":32,"iteration":32,"ms":5837.2600999999995,"phase":"iterate"}
CONVERGENCE {"done":33,"iteration":33,"ms":5822.4663,"phase":"iterate"}
CONVERGENCE {"done":34,"iteration":34,"ms":5809.6511,"phase":"iterate"}
CONVERGENCE {"done":35,"iteration":35,"ms":5788.7539,"phase":"iterate"}
CONVERGENCE {"done":36,"iteration":36,"ms":5788.4436,"phase":"iterate"}
CONVERGENCE {"done":37,"iteration":37,"ms":5787.222299999999,"phase":"iterate"}
CONVERGENCE {"done":38,"iteration":38,"ms":5774.1286,"phase":"iterate"}
CONVERGENCE {"done":39,"iteration":39,"ms":5760.5104,"phase":"iterate"}
CONVERGENCE {"done":40,"iteration":40,"ms":5735.6457,"phase":"iterate"}
CONVERGENCE {"check_ms":6746.1405,"checkpoint_ms":7037.6971,"checks_ms_total":26995.111100000002,"done":40,"evs":[-0.05334725485432683,-0.06740934338860197,-0.04401844597989921,0.256844787199648,-0.3887812098463054,-0.623456386829351],"gaps":[0.0002511668096165792,0.00025602434270269314,0.0002104006953316806,0.01571701124416358,0.00014165088610562648,0.0001480328269614084],"iteration":40,"iterations_ms_total":246441.6334,"learning_gap_bb":0.01672428680488157,"live_seats":[true,true,true,true,true,true],"phase":"checkpoint","sync_ms":291.5566,"syncs_ms_total":1433.5702999999999,"target_gap_bb":0.004,"target_reached":false}
CONVERGENCE {"done":41,"iteration":41,"ms":5746.8415,"phase":"iterate"}
CONVERGENCE {"done":42,"iteration":42,"ms":5734.945299999999,"phase":"iterate"}
CONVERGENCE {"done":43,"iteration":43,"ms":5718.515,"phase":"iterate"}
CONVERGENCE {"done":44,"iteration":44,"ms":5710.6215999999995,"phase":"iterate"}
CONVERGENCE {"done":45,"iteration":45,"ms":5706.7477,"phase":"iterate"}
CONVERGENCE {"done":46,"iteration":46,"ms":5696.8965,"phase":"iterate"}
CONVERGENCE {"done":47,"iteration":47,"ms":5691.918000000001,"phase":"iterate"}
CONVERGENCE {"done":48,"iteration":48,"ms":5677.1267,"phase":"iterate"}
CONVERGENCE {"done":49,"iteration":49,"ms":5674.3562,"phase":"iterate"}
CONVERGENCE {"done":50,"iteration":50,"ms":5655.3229,"phase":"iterate"}
CONVERGENCE {"check_ms":6748.392199999999,"checkpoint_ms":7048.525699999999,"checks_ms_total":33743.503300000004,"done":50,"evs":[-0.05379198110239462,-0.06810086747015855,-0.044640381798265794,0.26208274739101234,-0.38923858170812464,-0.6256442905014259],"gaps":[0.0001349014645284502,0.00013672536091198506,0.00011443254729232022,0.01043073162320668,0.00007871929623792795,0.00008536578892370805],"iteration":50,"iterations_ms_total":303454.92480000004,"learning_gap_bb":0.01098087608110107,"live_seats":[true,true,true,true,true,true],"phase":"checkpoint","sync_ms":300.13349999999997,"syncs_ms_total":1733.7037999999998,"target_gap_bb":0.004,"target_reached":false}
CONVERGENCE {"done":51,"iteration":51,"ms":5663.392400000001,"phase":"iterate"}
CONVERGENCE {"done":52,"iteration":52,"ms":5644.1786,"phase":"iterate"}
CONVERGENCE {"done":53,"iteration":53,"ms":5630.0206,"phase":"iterate"}
CONVERGENCE {"done":54,"iteration":54,"ms":5626.8471,"phase":"iterate"}
CONVERGENCE {"done":55,"iteration":55,"ms":5621.7807,"phase":"iterate"}
CONVERGENCE {"done":56,"iteration":56,"ms":5600.672699999999,"phase":"iterate"}
CONVERGENCE {"done":57,"iteration":57,"ms":5599.2687,"phase":"iterate"}
CONVERGENCE {"done":58,"iteration":58,"ms":5591.788799999999,"phase":"iterate"}
CONVERGENCE {"done":59,"iteration":59,"ms":5594.1134,"phase":"iterate"}
CONVERGENCE {"done":60,"iteration":60,"ms":5590.5552,"phase":"iterate"}
CONVERGENCE {"check_ms":6743.6257,"checkpoint_ms":7038.5538,"checks_ms_total":40487.129,"done":60,"evs":[-0.0540756479807413,-0.06852953587105126,-0.04499586024158424,0.26528516526971946,-0.38930187203798616,-0.6273377583265468],"gaps":[0.00008247669404831681,0.00008423989147168798,0.00007217536842524241,0.007140274582048689,0.00005203482873217258,0.000057631782617750815],"iteration":60,"iterations_ms_total":359617.543,"learning_gap_bb":0.00748883314734386,"live_seats":[true,true,true,true,true,true],"phase":"checkpoint","sync_ms":294.92810000000003,"syncs_ms_total":2028.6318999999999,"target_gap_bb":0.004,"target_reached":false}
CONVERGENCE {"done":61,"iteration":61,"ms":5583.1549,"phase":"iterate"}
CONVERGENCE {"done":62,"iteration":62,"ms":5583.9151,"phase":"iterate"}
CONVERGENCE {"done":63,"iteration":63,"ms":5576.2827,"phase":"iterate"}
CONVERGENCE {"done":64,"iteration":64,"ms":5559.1047,"phase":"iterate"}
CONVERGENCE {"done":65,"iteration":65,"ms":5533.098199999999,"phase":"iterate"}
CONVERGENCE {"done":66,"iteration":66,"ms":5519.3221,"phase":"iterate"}
CONVERGENCE {"done":67,"iteration":67,"ms":5502.4805,"phase":"iterate"}
CONVERGENCE {"done":68,"iteration":68,"ms":5511.3658000000005,"phase":"iterate"}
CONVERGENCE {"done":69,"iteration":69,"ms":5563.6768999999995,"phase":"iterate"}
CONVERGENCE {"done":70,"iteration":70,"ms":5499.8607,"phase":"iterate"}
CONVERGENCE {"check_ms":6753.464199999999,"checkpoint_ms":7044.6433,"checks_ms_total":47240.5932,"done":70,"evs":[-0.05425333826050485,-0.06880588940674712,-0.04520569878152804,0.2673706371724217,-0.38912174403669253,-0.6287182361380244],"gaps":[0.00005555793080339044,0.00005643005334568518,0.00004888055561681759,0.00499123740486912,0.000037759549460503194,0.00004159372740342171],"iteration":70,"iterations_ms_total":415049.8046000001,"learning_gap_bb":0.005231459221498938,"live_seats":[true,true,true,true,true,true],"phase":"checkpoint","sync_ms":291.1791,"syncs_ms_total":2319.8109999999997,"target_gap_bb":0.004,"target_reached":false}
CONVERGENCE {"done":71,"iteration":71,"ms":5491.3875,"phase":"iterate"}
CONVERGENCE {"done":72,"iteration":72,"ms":5498.057400000001,"phase":"iterate"}
CONVERGENCE {"done":73,"iteration":73,"ms":5498.1062999999995,"phase":"iterate"}
CONVERGENCE {"done":74,"iteration":74,"ms":5500.811900000001,"phase":"iterate"}
CONVERGENCE {"done":75,"iteration":75,"ms":5484.3746,"phase":"iterate"}
CONVERGENCE {"done":76,"iteration":76,"ms":5477.639,"phase":"iterate"}
CONVERGENCE {"done":77,"iteration":77,"ms":5475.0309,"phase":"iterate"}
CONVERGENCE {"done":78,"iteration":78,"ms":5479.5719,"phase":"iterate"}
CONVERGENCE {"done":79,"iteration":79,"ms":5468.2909,"phase":"iterate"}
CONVERGENCE {"done":80,"iteration":80,"ms":5472.4291,"phase":"iterate"}
CONVERGENCE {"check_ms":6751.2657,"checkpoint_ms":7050.38,"checks_ms_total":53991.85890000001,"done":80,"evs":[-0.05438229481894802,-0.06898177140600736,-0.04534234499244856,0.26871105835492254,-0.3889270709116681,-0.6297218977762029],"gaps":[0.00003942463347370029,0.000039947753043820255,0.00003490935672526008,0.0036384825791155873,0.000028436310570367773,0.000030865688816494874],"iteration":80,"iterations_ms_total":469895.50410000014,"learning_gap_bb":0.0038120663217452305,"live_seats":[true,true,true,true,true,true],"phase":"checkpoint","sync_ms":299.1143,"syncs_ms_total":2618.9253,"target_gap_bb":0.004,"target_reached":true}
CONVERGENCE {"path":"\\\\?\\T:\\Dev\\GTOpen\\target\\autoresearch\\preflop-20260910\\target\\research-convergence\\.convergence-89844-1789053073021938300\\checkpoint.gtop","phase":"save_staging"}
CONVERGENCE {"arena_fnv1a64":"d2df70bd6515aabf","budget_mb":19000,"check_every":10,"checks_ms_total":53991.85890000001,"converged":true,"done":80,"evs":[-0.05438229481894802,-0.06898177140600736,-0.04534234499244856,0.26871105835492254,-0.3889270709116681,-0.6297218977762029],"gaps":[0.00003942463347370029,0.000039947753043820255,0.00003490935672526008,0.0036384825791155873,0.000028436310570367773,0.000030865688816494874],"harness":"convergence-control-v2","iteration":80,"iterations_ms_total":469895.50410000014,"learning_gap_bb":0.0038120663217452305,"live_seats":[true,true,true,true,true,true],"no_learning_seats":false,"output":"\\\\?\\T:\\Dev\\GTOpen\\target\\autoresearch\\preflop-20260910\\target\\research-convergence\\convergence-modeled-original-a.gtop","phase":"result","reload_ms":1966.3745000000001,"roundtrip_verified":true,"save_bytes":2509030076,"save_ms":5125.2562,"start_iteration":0,"status":"target_reached","syncs_ms_total":2618.9253,"target_gap_bb":0.004,"trajectory_ms":526510.5347}
