CONVERGENCE {"additional_iteration_limit":100,"backend":"gpu","budget_mb":23000,"check_every":10,"equity_cache_fnv1a64":"eb725e19520a8405","harness":"convergence-control-v2","input":"\\\\?\\T:\\Dev\\GTOpen\\saves\\preflop\\Before preflop autoresearch 20260910 2104.gtop","input_fnv1a64":"01101fb1eb26d926","load_input_ms":1234.754,"nodes":1567754,"output":"\\\\?\\T:\\Dev\\GTOpen\\target\\autoresearch\\preflop-20260910\\target\\research-convergence\\convergence-eight-compatible-a.gtop","phase":"manifest","realization_fit_fnv1a64":"7117a9b28b8ea80b","realization_fit_path":"\\\\?\\T:\\Dev\\GTOpen\\target\\autoresearch\\preflop-20260910\\cache\\realization_fit.json","start_state":{"config":{"add_allin":true,"allin_threshold":0.85,"ante":0.0,"call_only_seats":[],"limp":true,"max_raises":2,"no_flop_no_drop":true,"open_raises":[6.0,10.0],"open_raises_by_seat":null,"positions":["UTG","UTG1","MP","HJ","CO","BTN","SB","BB"],"posts":[0.0,0.0,0.0,0.0,0.0,0.0,1.0,1.0],"raise_mults":[3.0,5.0,7.0],"raise_mults_by_seat":null,"rake_cap":8.5,"rake_pct":10.0,"realization":"calibrated","stack":150.0},"frozen":[false,false,false,false,false,false,false,false],"hero":null,"iteration":74,"live_seats":[true,true,true,true,true,true,true,true],"model":"coupled_deck_v1","profiles_fnv1a64":"591c502870565ad5","profiles_json_bytes":41},"stop_rule":"sum(gaps of live_seats) < target; no initial check","target_gap_bb":0.005}
preflop gpu: coupled multiway, 1024 particles, 760578 reach CDFs, 32-particle batches, 8445 MB CDF scratch
preflop gpu: compact CDF slots 388082 of 760578, 24.3 MB immutable map
preflop gpu: original union 32-particle grouping and HU-cache=true preserved with optimized storage
preflop gpu: 1567754 nodes, 23 levels, 805640 terminals (119099 calibrated), 0 forced + 0 frozen nodes, ~13075 MB VRAM
preflop gpu layout: {"baseline":"optimized_8e7e4b0","batch_policy":"original_union_compatible","budget_mb":23000,"cdf_allocated_bytes":8444664320,"cdf_slots":388082,"compact_cdf":true,"forced_bytes":4,"forced_elements":0,"forced_nodes":0,"frozen_nodes":0,"hu_equity_cache_allocated_bytes":137043452,"hu_equity_cache_enabled":true,"hu_equity_cache_slots":202727,"model":"coupled_deck_v1","multiway_batch":32,"multiway_enabled":true,"multiway_particles":1024,"nodes":1567754,"normalized_cdf":true,"planned_need_mb":13075.176548,"reference_hu_cache_enabled":true,"reference_multiway_batch":32,"seats":8}
CONVERGENCE {"ms":1108.9563,"phase":"gpu_init"}
CONVERGENCE {"done":1,"iteration":75,"ms":5504.0439,"phase":"iterate"}
CONVERGENCE {"done":2,"iteration":76,"ms":5476.6278,"phase":"iterate"}
CONVERGENCE {"done":3,"iteration":77,"ms":5476.9299,"phase":"iterate"}
CONVERGENCE {"done":4,"iteration":78,"ms":5454.8997,"phase":"iterate"}
CONVERGENCE {"done":5,"iteration":79,"ms":5415.4474,"phase":"iterate"}
CONVERGENCE {"done":6,"iteration":80,"ms":5400.6251,"phase":"iterate"}
CONVERGENCE {"done":7,"iteration":81,"ms":5417.9999,"phase":"iterate"}
CONVERGENCE {"done":8,"iteration":82,"ms":5404.4282,"phase":"iterate"}
CONVERGENCE {"done":9,"iteration":83,"ms":5392.593599999999,"phase":"iterate"}
CONVERGENCE {"done":10,"iteration":84,"ms":5398.9357,"phase":"iterate"}
CONVERGENCE {"check_ms":7040.3382,"checkpoint_ms":7584.4383,"checks_ms_total":7040.3382,"done":10,"evs":[0.058262882742487455,0.07852465860085647,0.0751721471950938,0.08716670577471682,0.09506732555306989,0.1026398762721947,-0.6240956725356281,-0.5276447800261648],"gaps":[0.04835482385330866,0.04801031007998233,0.05311058890401216,0.05142507951082591,0.06595851666565945,0.08653453064365005,0.08632751663522142,0.10309151162970065],"iteration":84,"iterations_ms_total":54342.531200000005,"learning_gap_bb":0.5428128779223607,"live_seats":[true,true,true,true,true,true,true,true],"phase":"checkpoint","sync_ms":544.1001,"syncs_ms_total":544.1001,"target_gap_bb":0.005,"target_reached":false}
CONVERGENCE {"done":11,"iteration":85,"ms":5401.1524,"phase":"iterate"}
CONVERGENCE {"done":12,"iteration":86,"ms":5408.4092,"phase":"iterate"}
CONVERGENCE {"done":13,"iteration":87,"ms":5398.4625,"phase":"iterate"}
CONVERGENCE {"done":14,"iteration":88,"ms":5392.674999999999,"phase":"iterate"}
CONVERGENCE {"done":15,"iteration":89,"ms":5393.355299999999,"phase":"iterate"}
CONVERGENCE {"done":16,"iteration":90,"ms":5403.4316,"phase":"iterate"}
CONVERGENCE {"done":17,"iteration":91,"ms":5416.1279,"phase":"iterate"}
CONVERGENCE {"done":18,"iteration":92,"ms":5394.816900000001,"phase":"iterate"}
CONVERGENCE {"done":19,"iteration":93,"ms":5319.4542,"phase":"iterate"}
CONVERGENCE {"done":20,"iteration":94,"ms":5329.4163,"phase":"iterate"}
CONVERGENCE {"check_ms":7041.0472,"checkpoint_ms":7293.4487,"checks_ms_total":14081.3854,"done":20,"evs":[0.05861473523448957,0.07328069416767242,0.07753096036967211,0.09210378091153427,0.10149496038481343,0.11309889762948133,-0.6134739720933027,-0.5141371570122222],"gaps":[0.03466519469416647,0.03876768066022948,0.043305991332547145,0.03982575456328956,0.05282867717281542,0.068141260914026,0.06743314670546963,0.08183584982837333],"iteration":94,"iterations_ms_total":108199.8325,"learning_gap_bb":0.426803555870917,"live_seats":[true,true,true,true,true,true,true,true],"phase":"checkpoint","sync_ms":252.4015,"syncs_ms_total":796.5016,"target_gap_bb":0.005,"target_reached":false}
CONVERGENCE {"done":21,"iteration":95,"ms":5339.1752,"phase":"iterate"}
CONVERGENCE {"done":22,"iteration":96,"ms":5387.6486,"phase":"iterate"}
CONVERGENCE {"done":23,"iteration":97,"ms":5370.6999,"phase":"iterate"}
CONVERGENCE {"done":24,"iteration":98,"ms":5380.0614,"phase":"iterate"}
CONVERGENCE {"done":25,"iteration":99,"ms":5362.0639,"phase":"iterate"}
CONVERGENCE {"done":26,"iteration":100,"ms":5374.8067,"phase":"iterate"}
CONVERGENCE {"done":27,"iteration":101,"ms":5367.8726,"phase":"iterate"}
CONVERGENCE {"done":28,"iteration":102,"ms":5358.3945,"phase":"iterate"}
CONVERGENCE {"done":29,"iteration":103,"ms":5384.552000000001,"phase":"iterate"}
CONVERGENCE {"done":30,"iteration":104,"ms":5416.4819,"phase":"iterate"}
CONVERGENCE {"check_ms":7036.5459,"checkpoint_ms":7276.7171,"checks_ms_total":21117.9313,"done":30,"evs":[0.05816111318490129,0.07190843830153013,0.0798607380513582,0.09514954007374408,0.10589657416763572,0.11964388693163777,-0.6050374577822286,-0.5047173635867919],"gaps":[0.027139702586018735,0.03273093473755723,0.03406597828835582,0.03134384279453402,0.043436097749706096,0.05574921583680861,0.05453257911864817,0.06640094342374403],"iteration":104,"iterations_ms_total":161941.58920000002,"learning_gap_bb":0.34539929453537266,"live_seats":[true,true,true,true,true,true,true,true],"phase":"checkpoint","sync_ms":240.1712,"syncs_ms_total":1036.6728,"target_gap_bb":0.005,"target_reached":false}
CONVERGENCE {"done":31,"iteration":105,"ms":5449.241,"phase":"iterate"}
CONVERGENCE {"done":32,"iteration":106,"ms":5435.6794,"phase":"iterate"}
CONVERGENCE {"done":33,"iteration":107,"ms":5450.1959,"phase":"iterate"}
CONVERGENCE {"done":34,"iteration":108,"ms":5461.2478,"phase":"iterate"}
CONVERGENCE {"done":35,"iteration":109,"ms":5336.3877999999995,"phase":"iterate"}
CONVERGENCE {"done":36,"iteration":110,"ms":5374.6946,"phase":"iterate"}
CONVERGENCE {"done":37,"iteration":111,"ms":5372.5692,"phase":"iterate"}
CONVERGENCE {"done":38,"iteration":112,"ms":5299.986,"phase":"iterate"}
CONVERGENCE {"done":39,"iteration":113,"ms":5261.9139,"phase":"iterate"}
CONVERGENCE {"done":40,"iteration":114,"ms":5298.0418,"phase":"iterate"}
CONVERGENCE {"check_ms":7041.934,"checkpoint_ms":7287.8007,"checks_ms_total":28159.8653,"done":40,"evs":[0.05952772342933617,0.0714831539557797,0.08152928369552068,0.09677722407170522,0.10864390406588639,0.1238196214803872,-0.5989599744950238,-0.4987341335966168],"gaps":[0.02264343785124935,0.028218060315331098,0.028536959432070963,0.025495897445166338,0.03697998024494989,0.04726441192784256,0.0456874998664909,0.05449006859637329],"iteration":114,"iterations_ms_total":215681.5466,"learning_gap_bb":0.28931631567947436,"live_seats":[true,true,true,true,true,true,true,true],"phase":"checkpoint","sync_ms":245.86669999999998,"syncs_ms_total":1282.5395,"target_gap_bb":0.005,"target_reached":false}
CONVERGENCE {"done":41,"iteration":115,"ms":5294.438099999999,"phase":"iterate"}
CONVERGENCE {"done":42,"iteration":116,"ms":5284.8613000000005,"phase":"iterate"}
CONVERGENCE {"done":43,"iteration":117,"ms":5252.2505,"phase":"iterate"}
CONVERGENCE {"done":44,"iteration":118,"ms":5264.743100000001,"phase":"iterate"}
CONVERGENCE {"done":45,"iteration":119,"ms":5193.9286999999995,"phase":"iterate"}
CONVERGENCE {"done":46,"iteration":120,"ms":5256.3099,"phase":"iterate"}
CONVERGENCE {"done":47,"iteration":121,"ms":5329.2333,"phase":"iterate"}
CONVERGENCE {"done":48,"iteration":122,"ms":5324.373600000001,"phase":"iterate"}
CONVERGENCE {"done":49,"iteration":123,"ms":5335.782,"phase":"iterate"}
CONVERGENCE {"done":50,"iteration":124,"ms":5284.5742,"phase":"iterate"}
CONVERGENCE {"check_ms":7059.2042,"checkpoint_ms":7440.3053,"checks_ms_total":35219.0695,"done":50,"evs":[0.059719638153093606,0.07215315856586592,0.08259231675716197,0.09839278828085718,0.11097211101569436,0.12738614993469,-0.594677398029211,-0.49457518466301886],"gaps":[0.019740149353509255,0.02389056054840362,0.023397550660000863,0.02111766490631499,0.03178512308654256,0.04066591386715218,0.03853890746134425,0.045321440819190206],"iteration":124,"iterations_ms_total":268502.0412999999,"learning_gap_bb":0.24445731070245794,"live_seats":[true,true,true,true,true,true,true,true],"phase":"checkpoint","sync_ms":381.10110000000003,"syncs_ms_total":1663.6406000000002,"target_gap_bb":0.005,"target_reached":false}
CONVERGENCE {"done":51,"iteration":125,"ms":5293.1809,"phase":"iterate"}
CONVERGENCE {"done":52,"iteration":126,"ms":5252.0247,"phase":"iterate"}
CONVERGENCE {"done":53,"iteration":127,"ms":5218.211,"phase":"iterate"}
CONVERGENCE {"done":54,"iteration":128,"ms":5234.3994,"phase":"iterate"}
CONVERGENCE {"done":55,"iteration":129,"ms":5208.4593,"phase":"iterate"}
CONVERGENCE {"done":56,"iteration":130,"ms":5185.0908,"phase":"iterate"}
CONVERGENCE {"done":57,"iteration":131,"ms":5186.0859,"phase":"iterate"}
CONVERGENCE {"done":58,"iteration":132,"ms":5251.3905,"phase":"iterate"}
CONVERGENCE {"done":59,"iteration":133,"ms":5233.598,"phase":"iterate"}
CONVERGENCE {"done":60,"iteration":134,"ms":5193.3512,"phase":"iterate"}
CONVERGENCE {"check_ms":7041.062,"checkpoint_ms":7331.1064,"checks_ms_total":42260.131499999996,"done":60,"evs":[0.06064158117107034,0.07278949227480509,0.083870566695174,0.09902385564101657,0.11229978802419506,0.12986394991276615,-0.5920485390060137,-0.49161834963077167],"gaps":[0.017522200573719296,0.020543370214387402,0.022071661297008327,0.018568486652260185,0.02824806538688139,0.03590994578128823,0.03358290212871862,0.039146956527570054],"iteration":134,"iterations_ms_total":320757.83299999987,"learning_gap_bb":0.2155935885618335,"live_seats":[true,true,true,true,true,true,true,true],"phase":"checkpoint","sync_ms":290.0444,"syncs_ms_total":1953.6850000000002,"target_gap_bb":0.005,"target_reached":false}
CONVERGENCE {"done":61,"iteration":135,"ms":5277.4406,"phase":"iterate"}
CONVERGENCE {"done":62,"iteration":136,"ms":5220.4425,"phase":"iterate"}
CONVERGENCE {"done":63,"iteration":137,"ms":5273.8029,"phase":"iterate"}
CONVERGENCE {"done":64,"iteration":138,"ms":5284.0866000000005,"phase":"iterate"}
CONVERGENCE {"done":65,"iteration":139,"ms":5331.5672,"phase":"iterate"}
CONVERGENCE {"done":66,"iteration":140,"ms":5359.621899999999,"phase":"iterate"}
CONVERGENCE {"done":67,"iteration":141,"ms":5256.003500000001,"phase":"iterate"}
CONVERGENCE {"done":68,"iteration":142,"ms":5231.909500000001,"phase":"iterate"}
CONVERGENCE {"done":69,"iteration":143,"ms":5252.5094,"phase":"iterate"}
CONVERGENCE {"done":70,"iteration":144,"ms":5277.399,"phase":"iterate"}
CONVERGENCE {"check_ms":7042.7542,"checkpoint_ms":7329.6462,"checks_ms_total":49302.8857,"done":70,"evs":[0.0621864240254523,0.07298689729958026,0.08401911769772759,0.09931205019133829,0.11309909853005465,0.13190682925812044,-0.590152399467218,-0.4891728160714194],"gaps":[0.022354522976387875,0.01810493617139229,0.018367939343787484,0.016826983802325474,0.0255134985938964,0.03218926499225269,0.02974360676284138,0.03439728877423642],"iteration":144,"iterations_ms_total":373522.6160999998,"learning_gap_bb":0.19749804141712002,"live_seats":[true,true,true,true,true,true,true,true],"phase":"checkpoint","sync_ms":286.892,"syncs_ms_total":2240.577,"target_gap_bb":0.005,"target_reached":false}
CONVERGENCE {"done":71,"iteration":145,"ms":5311.1817,"phase":"iterate"}
CONVERGENCE {"done":72,"iteration":146,"ms":5290.902,"phase":"iterate"}
CONVERGENCE {"done":73,"iteration":147,"ms":5216.532800000001,"phase":"iterate"}
CONVERGENCE {"done":74,"iteration":148,"ms":5131.3552,"phase":"iterate"}
CONVERGENCE {"done":75,"iteration":149,"ms":5279.2426,"phase":"iterate"}
CONVERGENCE {"done":76,"iteration":150,"ms":5370.9234,"phase":"iterate"}
CONVERGENCE {"done":77,"iteration":151,"ms":5341.9963,"phase":"iterate"}
CONVERGENCE {"done":78,"iteration":152,"ms":5267.4965,"phase":"iterate"}
CONVERGENCE {"done":79,"iteration":153,"ms":5176.7501999999995,"phase":"iterate"}
CONVERGENCE {"done":80,"iteration":154,"ms":5164.5478,"phase":"iterate"}
CONVERGENCE {"check_ms":7042.462,"checkpoint_ms":7337.563300000001,"checks_ms_total":56345.3477,"done":80,"evs":[0.06259908231395397,0.07350387475503542,0.08470656842133911,0.1000827668235569,0.11422663156968163,0.13380840858116533,-0.588450289720723,-0.487314752503589],"gaps":[0.021734125616335948,0.015923150207518458,0.017050366919756393,0.014941136478134567,0.022761953567621312,0.029003977874313386,0.026543354205015857,0.030825374585530474],"iteration":154,"iterations_ms_total":426073.54459999985,"learning_gap_bb":0.1787834394542264,"live_seats":[true,true,true,true,true,true,true,true],"phase":"checkpoint","sync_ms":295.10130000000004,"syncs_ms_total":2535.6783000000005,"target_gap_bb":0.005,"target_reached":false}
CONVERGENCE {"done":81,"iteration":155,"ms":5152.4628999999995,"phase":"iterate"}
CONVERGENCE {"done":82,"iteration":156,"ms":5136.0216,"phase":"iterate"}
CONVERGENCE {"done":83,"iteration":157,"ms":5125.0972,"phase":"iterate"}
CONVERGENCE {"done":84,"iteration":158,"ms":5170.089499999999,"phase":"iterate"}
CONVERGENCE {"done":85,"iteration":159,"ms":5192.6755,"phase":"iterate"}
CONVERGENCE {"done":86,"iteration":160,"ms":5163.3323,"phase":"iterate"}
CONVERGENCE {"done":87,"iteration":161,"ms":5242.0877,"phase":"iterate"}
CONVERGENCE {"done":88,"iteration":162,"ms":5238.782099999999,"phase":"iterate"}
CONVERGENCE {"done":89,"iteration":163,"ms":5123.5336,"phase":"iterate"}
CONVERGENCE {"done":90,"iteration":164,"ms":5100.7254,"phase":"iterate"}
CONVERGENCE {"check_ms":7037.3327,"checkpoint_ms":7278.785,"checks_ms_total":63382.6804,"done":90,"evs":[0.06242634218943041,0.07411248726618533,0.08511439127588102,0.10084223193736545,0.11537008392099991,0.1356266589465292,-0.5869509997286908,-0.48589231246481535],"gaps":[0.017790543586057028,0.013855030566305299,0.01430660116678574,0.01300961227027364,0.020163378220769676,0.02590077243927047,0.023488009903176787,0.027313744825814945],"iteration":164,"iterations_ms_total":477718.35239999986,"learning_gap_bb":0.15582769297845359,"live_seats":[true,true,true,true,true,true,true,true],"phase":"checkpoint","sync_ms":241.4523,"syncs_ms_total":2777.1306000000004,"target_gap_bb":0.005,"target_reached":false}
CONVERGENCE {"done":91,"iteration":165,"ms":5190.244500000001,"phase":"iterate"}
CONVERGENCE {"done":92,"iteration":166,"ms":5196.8261,"phase":"iterate"}
CONVERGENCE {"done":93,"iteration":167,"ms":5172.0190999999995,"phase":"iterate"}
CONVERGENCE {"done":94,"iteration":168,"ms":5098.8189,"phase":"iterate"}
CONVERGENCE {"done":95,"iteration":169,"ms":5082.8782,"phase":"iterate"}
CONVERGENCE {"done":96,"iteration":170,"ms":5132.2819,"phase":"iterate"}
CONVERGENCE {"done":97,"iteration":171,"ms":5112.205,"phase":"iterate"}
CONVERGENCE {"done":98,"iteration":172,"ms":5129.4761,"phase":"iterate"}
CONVERGENCE {"done":99,"iteration":173,"ms":5076.4258,"phase":"iterate"}
CONVERGENCE {"done":100,"iteration":174,"ms":5132.7998,"phase":"iterate"}
CONVERGENCE {"check_ms":7033.7525000000005,"checkpoint_ms":7285.4503,"checks_ms_total":70416.4329,"done":100,"evs":[0.06245083809860991,0.07470774298520155,0.08573235310879104,0.10153338252687297,0.11639061280506388,0.13729712264140484,-0.5859207220009617,-0.4850827070627268],"gaps":[0.016016001976965955,0.012179097390051297,0.012876445651850449,0.01145213193340569,0.018025280617627426,0.023372518128638026,0.021021044916717413,0.02430201814337296],"iteration":174,"iterations_ms_total":529042.3277999999,"learning_gap_bb":0.13924453875862922,"live_seats":[true,true,true,true,true,true,true,true],"phase":"checkpoint","sync_ms":251.69780000000003,"syncs_ms_total":3028.8284000000003,"target_gap_bb":0.005,"target_reached":false}
CONVERGENCE {"path":"\\\\?\\T:\\Dev\\GTOpen\\target\\autoresearch\\preflop-20260910\\target\\research-convergence\\.convergence-99456-1789055102829901200\\checkpoint.gtop","phase":"save_staging"}
CONVERGENCE {"arena_fnv1a64":"34d3d0185ea97ce4","budget_mb":23000,"check_every":10,"checks_ms_total":70416.4329,"converged":false,"done":100,"evs":[0.06245083809860991,0.07470774298520155,0.08573235310879104,0.10153338252687297,0.11639061280506388,0.13729712264140484,-0.5859207220009617,-0.4850827070627268],"gaps":[0.016016001976965955,0.012179097390051297,0.012876445651850449,0.01145213193340569,0.018025280617627426,0.023372518128638026,0.021021044916717413,0.02430201814337296],"harness":"convergence-control-v2","iteration":174,"iterations_ms_total":529042.3277999999,"learning_gap_bb":0.13924453875862922,"live_seats":[true,true,true,true,true,true,true,true],"no_learning_seats":false,"output":"\\\\?\\T:\\Dev\\GTOpen\\target\\autoresearch\\preflop-20260910\\target\\research-convergence\\convergence-eight-compatible-a.gtop","phase":"result","reload_ms":1087.3724,"roundtrip_verified":true,"save_bytes":2119602749,"save_ms":4136.599999999999,"start_iteration":74,"status":"not_converged_iteration_limit","syncs_ms_total":3028.8284000000003,"target_gap_bb":0.005,"trajectory_ms":602492.8996}
