CONVERGENCE {"additional_iteration_limit":250,"backend":"gpu","budget_mb":19000,"check_every":10,"equity_cache_fnv1a64":"eb725e19520a8405","harness":"convergence-control-v2","input":"\\\\?\\T:\\Dev\\GTOpen\\target\\autoresearch\\preflop-20260910\\target\\fixtures\\fresh-coupled-validated.gtop","input_fnv1a64":"42bc26b3ccd607ca","load_input_ms":1777.3352,"nodes":1845520,"output":"\\\\?\\T:\\Dev\\GTOpen\\target\\autoresearch\\preflop-20260910\\target\\research-convergence\\convergence-modeled-compatible-a.gtop","phase":"manifest","realization_fit_fnv1a64":"7117a9b28b8ea80b","realization_fit_path":"\\\\?\\T:\\Dev\\GTOpen\\target\\autoresearch\\preflop-20260910\\cache\\realization_fit.json","start_state":{"config":{"add_allin":true,"allin_threshold":0.85,"ante":0.0,"call_only_seats":[],"limp":true,"max_raises":3,"no_flop_no_drop":true,"open_raises":[2.0,2.5,3.0,5.0],"open_raises_by_seat":null,"positions":["UTG","HJ","CO","BTN","SB","BB"],"posts":[0.0,0.0,0.0,0.0,0.5,1.0],"raise_mults":[2.5,3.5],"raise_mults_by_seat":null,"rake_cap":3.0,"rake_pct":5.0,"realization":"calibrated","stack":100.0},"frozen":[false,false,false,false,false,false],"hero":null,"iteration":0,"live_seats":[true,true,true,true,true,true],"model":"coupled_deck_v1","profiles_fnv1a64":"a8c9414d14e84943","profiles_json_bytes":13887767},"stop_rule":"sum(gaps of live_seats) < target; no initial check","target_gap_bb":0.004}
preflop gpu: coupled multiway, 1024 particles, 846156 reach CDFs, 23-particle batches, 6761 MB CDF scratch
preflop gpu: compact CDF slots 432300 of 846156, 20.3 MB immutable map
preflop gpu: original union 23-particle grouping and HU-cache=true preserved with optimized storage
preflop gpu: 1845520 nodes, 22 levels, 984136 terminals (216797 calibrated), 255070 forced + 0 frozen nodes, ~12712 MB VRAM
preflop gpu layout: {"baseline":"optimized_8e7e4b0","batch_policy":"original_union_compatible","budget_mb":19000,"cdf_allocated_bytes":6761172000,"cdf_slots":432300,"compact_cdf":true,"forced_bytes":414292684,"forced_elements":103573171,"forced_nodes":255070,"frozen_nodes":0,"hu_equity_cache_allocated_bytes":302708744,"hu_equity_cache_enabled":true,"hu_equity_cache_slots":447794,"model":"coupled_deck_v1","multiway_batch":23,"multiway_enabled":true,"multiway_particles":1024,"nodes":1845520,"normalized_cdf":true,"planned_need_mb":12712.124392,"reference_hu_cache_enabled":true,"reference_multiway_batch":23,"seats":6}
CONVERGENCE {"ms":1808.2335,"phase":"gpu_init"}
CONVERGENCE {"done":1,"iteration":1,"ms":3751.2932,"phase":"iterate"}
CONVERGENCE {"done":2,"iteration":2,"ms":3631.9253,"phase":"iterate"}
CONVERGENCE {"done":3,"iteration":3,"ms":3693.4794,"phase":"iterate"}
CONVERGENCE {"done":4,"iteration":4,"ms":3659.7778000000003,"phase":"iterate"}
CONVERGENCE {"done":5,"iteration":5,"ms":3646.6406,"phase":"iterate"}
CONVERGENCE {"done":6,"iteration":6,"ms":3628.6348,"phase":"iterate"}
CONVERGENCE {"done":7,"iteration":7,"ms":3608.6626,"phase":"iterate"}
CONVERGENCE {"done":8,"iteration":8,"ms":3588.6636,"phase":"iterate"}
CONVERGENCE {"done":9,"iteration":9,"ms":3576.9451,"phase":"iterate"}
CONVERGENCE {"done":10,"iteration":10,"ms":3545.8785000000003,"phase":"iterate"}
CONVERGENCE {"check_ms":4556.3965,"checkpoint_ms":5269.739799999999,"checks_ms_total":4556.3965,"done":10,"evs":[-0.04602513639238685,-0.060093448952322326,-0.03752224932357917,0.14857471071603318,-0.35660144992184634,-0.5972063787450257],"gaps":[0.009417260096926366,0.009911833078602633,0.009699287742418877,0.13194997877656678,0.00828296617541363,0.007085174972350394],"iteration":10,"iterations_ms_total":36331.90089999999,"learning_gap_bb":0.17634650084227868,"live_seats":[true,true,true,true,true,true],"phase":"checkpoint","sync_ms":713.3433,"syncs_ms_total":713.3433,"target_gap_bb":0.004,"target_reached":false}
CONVERGENCE {"done":11,"iteration":11,"ms":3524.3929,"phase":"iterate"}
CONVERGENCE {"done":12,"iteration":12,"ms":3510.5965,"phase":"iterate"}
CONVERGENCE {"done":13,"iteration":13,"ms":3479.1477,"phase":"iterate"}
CONVERGENCE {"done":14,"iteration":14,"ms":3437.6117000000004,"phase":"iterate"}
CONVERGENCE {"done":15,"iteration":15,"ms":3409.152,"phase":"iterate"}
CONVERGENCE {"done":16,"iteration":16,"ms":3391.9622,"phase":"iterate"}
CONVERGENCE {"done":17,"iteration":17,"ms":3375.2621999999997,"phase":"iterate"}
CONVERGENCE {"done":18,"iteration":18,"ms":3362.5843,"phase":"iterate"}
CONVERGENCE {"done":19,"iteration":19,"ms":3343.806,"phase":"iterate"}
CONVERGENCE {"done":20,"iteration":20,"ms":3326.4804,"phase":"iterate"}
CONVERGENCE {"check_ms":4559.6269999999995,"checkpoint_ms":4846.998699999999,"checks_ms_total":9116.0235,"done":20,"evs":[-0.05073105726754809,-0.06384117538881283,-0.040147978804847384,0.22487316928285944,-0.382364509789355,-0.6163378103149796],"gaps":[0.0015252379718541376,0.0015665526223797993,0.0013092924892082886,0.048373474648021164,0.0010077110403049483,0.0009486751418952277],"iteration":20,"iterations_ms_total":70492.8968,"learning_gap_bb":0.054730943913663566,"live_seats":[true,true,true,true,true,true],"phase":"checkpoint","sync_ms":287.37170000000003,"syncs_ms_total":1000.715,"target_gap_bb":0.004,"target_reached":false}
CONVERGENCE {"done":21,"iteration":21,"ms":3312.2009000000003,"phase":"iterate"}
CONVERGENCE {"done":22,"iteration":22,"ms":3299.9505999999997,"phase":"iterate"}
CONVERGENCE {"done":23,"iteration":23,"ms":3269.2371,"phase":"iterate"}
CONVERGENCE {"done":24,"iteration":24,"ms":3255.4154999999996,"phase":"iterate"}
CONVERGENCE {"done":25,"iteration":25,"ms":3242.0087999999996,"phase":"iterate"}
CONVERGENCE {"done":26,"iteration":26,"ms":3229.1376,"phase":"iterate"}
CONVERGENCE {"done":27,"iteration":27,"ms":3216.0962,"phase":"iterate"}
CONVERGENCE {"done":28,"iteration":28,"ms":3188.5973,"phase":"iterate"}
CONVERGENCE {"done":29,"iteration":29,"ms":3140.6594999999998,"phase":"iterate"}
CONVERGENCE {"done":30,"iteration":30,"ms":3131.3988,"phase":"iterate"}
CONVERGENCE {"check_ms":4547.8135999999995,"checkpoint_ms":4843.705,"checks_ms_total":13663.837099999999,"done":30,"evs":[-0.05261101939489354,-0.06616889839906018,-0.042806706357511534,0.24741484355642143,-0.3874347974622638,-0.6209912119185936],"gaps":[0.0005771065643365991,0.0005532186918707216,0.00045131469396347823,0.025287145601478794,0.00031153231396885417,0.0003142432395221162],"iteration":30,"iterations_ms_total":102777.59909999998,"learning_gap_bb":0.027494561105140564,"live_seats":[true,true,true,true,true,true],"phase":"checkpoint","sync_ms":295.89140000000003,"syncs_ms_total":1296.6064000000001,"target_gap_bb":0.004,"target_reached":false}
CONVERGENCE {"done":31,"iteration":31,"ms":3109.9494999999997,"phase":"iterate"}
CONVERGENCE {"done":32,"iteration":32,"ms":3114.5888,"phase":"iterate"}
CONVERGENCE {"done":33,"iteration":33,"ms":3100.4060999999997,"phase":"iterate"}
CONVERGENCE {"done":34,"iteration":34,"ms":3087.0595,"phase":"iterate"}
CONVERGENCE {"done":35,"iteration":35,"ms":3081.453,"phase":"iterate"}
CONVERGENCE {"done":36,"iteration":36,"ms":3072.2147999999997,"phase":"iterate"}
CONVERGENCE {"done":37,"iteration":37,"ms":3067.6936,"phase":"iterate"}
CONVERGENCE {"done":38,"iteration":38,"ms":3058.2022,"phase":"iterate"}
CONVERGENCE {"done":39,"iteration":39,"ms":3053.1255,"phase":"iterate"}
CONVERGENCE {"done":40,"iteration":40,"ms":3041.7076,"phase":"iterate"}
CONVERGENCE {"check_ms":4556.3344,"checkpoint_ms":4848.500099999999,"checks_ms_total":18220.171499999997,"done":40,"evs":[-0.05334725485432683,-0.06740934338860197,-0.04401844597989921,0.256844787199648,-0.3887812098463054,-0.623456386829351],"gaps":[0.0002511668096165792,0.00025602434270269314,0.0002104006953316806,0.01571701124416358,0.00014165088610562648,0.0001480328269614084],"iteration":40,"iterations_ms_total":133563.99969999996,"learning_gap_bb":0.01672428680488157,"live_seats":[true,true,true,true,true,true],"phase":"checkpoint","sync_ms":292.16569999999996,"syncs_ms_total":1588.7721000000001,"target_gap_bb":0.004,"target_reached":false}
CONVERGENCE {"done":41,"iteration":41,"ms":3024.462,"phase":"iterate"}
CONVERGENCE {"done":42,"iteration":42,"ms":3020.8855,"phase":"iterate"}
CONVERGENCE {"done":43,"iteration":43,"ms":3015.1099,"phase":"iterate"}
CONVERGENCE {"done":44,"iteration":44,"ms":3012.663,"phase":"iterate"}
CONVERGENCE {"done":45,"iteration":45,"ms":3002.5626,"phase":"iterate"}
CONVERGENCE {"done":46,"iteration":46,"ms":3000.616,"phase":"iterate"}
CONVERGENCE {"done":47,"iteration":47,"ms":2996.8197,"phase":"iterate"}
CONVERGENCE {"done":48,"iteration":48,"ms":2994.1513,"phase":"iterate"}
CONVERGENCE {"done":49,"iteration":49,"ms":2976.3432000000003,"phase":"iterate"}
CONVERGENCE {"done":50,"iteration":50,"ms":2977.5755999999997,"phase":"iterate"}
CONVERGENCE {"check_ms":4553.2002,"checkpoint_ms":4856.6591,"checks_ms_total":22773.371699999996,"done":50,"evs":[-0.05379198110239462,-0.06810086747015855,-0.044640381798265794,0.26208274739101234,-0.38923858170812464,-0.6256442905014259],"gaps":[0.0001349014645284502,0.00013672536091198506,0.00011443254729232022,0.01043073162320668,0.00007871929623792795,0.00008536578892370805],"iteration":50,"iterations_ms_total":163585.1885,"learning_gap_bb":0.01098087608110107,"live_seats":[true,true,true,true,true,true],"phase":"checkpoint","sync_ms":303.45889999999997,"syncs_ms_total":1892.2310000000002,"target_gap_bb":0.004,"target_reached":false}
CONVERGENCE {"done":51,"iteration":51,"ms":2959.3464000000004,"phase":"iterate"}
CONVERGENCE {"done":52,"iteration":52,"ms":2963.041,"phase":"iterate"}
CONVERGENCE {"done":53,"iteration":53,"ms":2959.6728,"phase":"iterate"}
CONVERGENCE {"done":54,"iteration":54,"ms":2952.5559000000003,"phase":"iterate"}
CONVERGENCE {"done":55,"iteration":55,"ms":2948.8021,"phase":"iterate"}
CONVERGENCE {"done":56,"iteration":56,"ms":2940.4671000000003,"phase":"iterate"}
CONVERGENCE {"done":57,"iteration":57,"ms":2930.9652,"phase":"iterate"}
CONVERGENCE {"done":58,"iteration":58,"ms":2922.3752,"phase":"iterate"}
CONVERGENCE {"done":59,"iteration":59,"ms":2924.7782,"phase":"iterate"}
CONVERGENCE {"done":60,"iteration":60,"ms":2923.3208,"phase":"iterate"}
CONVERGENCE {"check_ms":4554.3267,"checkpoint_ms":4855.1803,"checks_ms_total":27327.698399999994,"done":60,"evs":[-0.0540756479807413,-0.06852953587105126,-0.04499586024158424,0.26528516526971946,-0.38930187203798616,-0.6273377583265468],"gaps":[0.00008247669404831681,0.00008423989147168798,0.00007217536842524241,0.007140274582048689,0.00005203482873217258,0.000057631782617750815],"iteration":60,"iterations_ms_total":193010.51320000002,"learning_gap_bb":0.00748883314734386,"live_seats":[true,true,true,true,true,true],"phase":"checkpoint","sync_ms":300.8536,"syncs_ms_total":2193.0846,"target_gap_bb":0.004,"target_reached":false}
CONVERGENCE {"done":61,"iteration":61,"ms":2923.8179,"phase":"iterate"}
CONVERGENCE {"done":62,"iteration":62,"ms":2923.8673,"phase":"iterate"}
CONVERGENCE {"done":63,"iteration":63,"ms":2914.1285999999996,"phase":"iterate"}
CONVERGENCE {"done":64,"iteration":64,"ms":2906.9079,"phase":"iterate"}
CONVERGENCE {"done":65,"iteration":65,"ms":2885.3531000000003,"phase":"iterate"}
CONVERGENCE {"done":66,"iteration":66,"ms":2878.2297999999996,"phase":"iterate"}
CONVERGENCE {"done":67,"iteration":67,"ms":2865.8965,"phase":"iterate"}
CONVERGENCE {"done":68,"iteration":68,"ms":2860.9102000000003,"phase":"iterate"}
CONVERGENCE {"done":69,"iteration":69,"ms":2861.2487,"phase":"iterate"}
CONVERGENCE {"done":70,"iteration":70,"ms":2854.435,"phase":"iterate"}
CONVERGENCE {"check_ms":4552.2961,"checkpoint_ms":4874.051399999999,"checks_ms_total":31879.994499999993,"done":70,"evs":[-0.05425333826050485,-0.06880588940674712,-0.04520569878152804,0.2673706371724217,-0.38912174403669253,-0.6287182361380244],"gaps":[0.00005555793080339044,0.00005643005334568518,0.00004888055561681759,0.00499123740486912,0.000037759549460503194,0.00004159372740342171],"iteration":70,"iterations_ms_total":221885.30820000003,"learning_gap_bb":0.005231459221498938,"live_seats":[true,true,true,true,true,true],"phase":"checkpoint","sync_ms":321.75530000000003,"syncs_ms_total":2514.8399,"target_gap_bb":0.004,"target_reached":false}
CONVERGENCE {"done":71,"iteration":71,"ms":2855.0472999999997,"phase":"iterate"}
CONVERGENCE {"done":72,"iteration":72,"ms":2853.1206,"phase":"iterate"}
CONVERGENCE {"done":73,"iteration":73,"ms":2853.3653,"phase":"iterate"}
CONVERGENCE {"done":74,"iteration":74,"ms":2852.9420999999998,"phase":"iterate"}
CONVERGENCE {"done":75,"iteration":75,"ms":2844.1115999999997,"phase":"iterate"}
CONVERGENCE {"done":76,"iteration":76,"ms":2846.3898,"phase":"iterate"}
CONVERGENCE {"done":77,"iteration":77,"ms":2839.1061999999997,"phase":"iterate"}
CONVERGENCE {"done":78,"iteration":78,"ms":2840.4348,"phase":"iterate"}
CONVERGENCE {"done":79,"iteration":79,"ms":2839.5925,"phase":"iterate"}
CONVERGENCE {"done":80,"iteration":80,"ms":2829.0760999999998,"phase":"iterate"}
CONVERGENCE {"check_ms":4559.5837,"checkpoint_ms":4853.5281,"checks_ms_total":36439.578199999996,"done":80,"evs":[-0.05438229481894802,-0.06898177140600736,-0.04534234499244856,0.26871105835492254,-0.3889270709116681,-0.6297218977762029],"gaps":[0.00003942463347370029,0.000039947753043820255,0.00003490935672526008,0.0036384825791155873,0.000028436310570367773,0.000030865688816494874],"iteration":80,"iterations_ms_total":250338.49450000003,"learning_gap_bb":0.0038120663217452305,"live_seats":[true,true,true,true,true,true],"phase":"checkpoint","sync_ms":293.9444,"syncs_ms_total":2808.7843,"target_gap_bb":0.004,"target_reached":true}
CONVERGENCE {"path":"\\\\?\\T:\\Dev\\GTOpen\\target\\autoresearch\\preflop-20260910\\target\\research-convergence\\.convergence-53116-1789053389028287600\\checkpoint.gtop","phase":"save_staging"}
CONVERGENCE {"arena_fnv1a64":"d2df70bd6515aabf","budget_mb":19000,"check_every":10,"checks_ms_total":36439.578199999996,"converged":true,"done":80,"evs":[-0.05438229481894802,-0.06898177140600736,-0.04534234499244856,0.26871105835492254,-0.3889270709116681,-0.6297218977762029],"gaps":[0.00003942463347370029,0.000039947753043820255,0.00003490935672526008,0.0036384825791155873,0.000028436310570367773,0.000030865688816494874],"harness":"convergence-control-v2","iteration":80,"iterations_ms_total":250338.49450000003,"learning_gap_bb":0.0038120663217452305,"live_seats":[true,true,true,true,true,true],"no_learning_seats":false,"output":"\\\\?\\T:\\Dev\\GTOpen\\target\\autoresearch\\preflop-20260910\\target\\research-convergence\\convergence-modeled-compatible-a.gtop","phase":"result","reload_ms":2045.3427,"roundtrip_verified":true,"save_bytes":2509030076,"save_ms":5134.790599999999,"start_iteration":0,"status":"target_reached","syncs_ms_total":2808.7843,"target_gap_bb":0.004,"trajectory_ms":289591.0553}
