CONVERGENCE {"additional_iteration_limit":100,"backend":"gpu","budget_mb":19000,"check_every":10,"equity_cache_fnv1a64":"eb725e19520a8405","harness":"convergence-control-v2","input":"\\\\?\\T:\\Dev\\GTOpen\\target\\autoresearch\\preflop-20260910\\target\\fixtures\\fresh-coupled-validated.gtop","input_fnv1a64":"42bc26b3ccd607ca","load_input_ms":1703.8,"nodes":1845520,"output":"\\\\?\\T:\\Dev\\GTOpen\\target\\autoresearch\\preflop-20260910\\target\\research-convergence\\extended-convergence-modeled-compatible-a.gtop","phase":"manifest","realization_fit_fnv1a64":"7117a9b28b8ea80b","realization_fit_path":"\\\\?\\T:\\Dev\\GTOpen\\target\\autoresearch\\preflop-20260910\\cache\\realization_fit.json","start_state":{"config":{"add_allin":true,"allin_threshold":0.85,"ante":0.0,"call_only_seats":[],"limp":true,"max_raises":3,"no_flop_no_drop":true,"open_raises":[2.0,2.5,3.0,5.0],"open_raises_by_seat":null,"positions":["UTG","HJ","CO","BTN","SB","BB"],"posts":[0.0,0.0,0.0,0.0,0.5,1.0],"raise_mults":[2.5,3.5],"raise_mults_by_seat":null,"rake_cap":3.0,"rake_pct":5.0,"realization":"calibrated","stack":100.0},"frozen":[false,false,false,false,false,false],"hero":null,"iteration":0,"live_seats":[true,true,true,true,true,true],"model":"coupled_deck_v1","profiles_fnv1a64":"a8c9414d14e84943","profiles_json_bytes":13887767},"stop_rule":"sum(gaps of live_seats) < target; no initial check","target_gap_bb":0.004}
preflop gpu: coupled multiway, 1024 particles, 846156 reach CDFs, 24-particle batches, 7055 MB CDF scratch
preflop gpu: compact CDF slots 432300 of 846156, 20.3 MB immutable map
preflop gpu: deployed_prepass reference, 24-particle grouping and HU-cache=false with accurately budgeted storage
preflop gpu: 1845520 nodes, 22 levels, 984136 terminals (216797 calibrated), 255070 forced + 0 frozen nodes, ~12690 MB VRAM
preflop gpu layout: {"baseline":"optimized_8e7e4b0","batch_policy":"deployed_prepass","budget_mb":19000,"cdf_allocated_bytes":7055136000,"cdf_slots":432300,"compact_cdf":true,"forced_bytes":414292684,"forced_elements":103573171,"forced_nodes":255070,"frozen_nodes":0,"hu_equity_cache_allocated_bytes":4,"hu_equity_cache_enabled":false,"hu_equity_cache_slots":0,"literal_reference_hu_cache_enabled":false,"literal_reference_multiway_batch":24,"minimal_multiway_metadata":false,"model":"coupled_deck_v1","multiway_batch":24,"multiway_enabled":true,"multiway_particles":1024,"nodes":1845520,"normalized_cdf":true,"planned_need_mb":12689.815139999999,"reference_hu_cache_enabled":false,"reference_multiway_batch":24,"seats":6}
CONVERGENCE {"ms":1808.097,"phase":"gpu_init"}
CONVERGENCE {"done":1,"iteration":1,"ms":3669.8534999999997,"phase":"iterate"}
CONVERGENCE {"done":2,"iteration":2,"ms":3550.3067,"phase":"iterate"}
CONVERGENCE {"done":3,"iteration":3,"ms":3612.4073000000003,"phase":"iterate"}
CONVERGENCE {"done":4,"iteration":4,"ms":3578.2695000000003,"phase":"iterate"}
CONVERGENCE {"done":5,"iteration":5,"ms":3558.2042,"phase":"iterate"}
CONVERGENCE {"done":6,"iteration":6,"ms":3540.1107,"phase":"iterate"}
CONVERGENCE {"done":7,"iteration":7,"ms":3516.95,"phase":"iterate"}
CONVERGENCE {"done":8,"iteration":8,"ms":3513.4434,"phase":"iterate"}
CONVERGENCE {"done":9,"iteration":9,"ms":3496.6472,"phase":"iterate"}
CONVERGENCE {"done":10,"iteration":10,"ms":3471.6539000000002,"phase":"iterate"}
CONVERGENCE {"check_ms":4476.5743,"checkpoint_ms":5402.4631,"checks_ms_total":4476.5743,"done":10,"evs":[-0.04602514089132126,-0.060093461341863025,-0.037522248804538944,0.14857470103652898,-0.3566014667277947,-0.5972063842500837],"gaps":[0.009417260891641022,0.009911841768137586,0.009699288335908857,0.13194998274733022,0.008282986757221944,0.007085169363343802],"iteration":10,"iterations_ms_total":35507.8464,"learning_gap_bb":0.17634652986358343,"live_seats":[true,true,true,true,true,true],"phase":"checkpoint","sync_ms":925.8888,"syncs_ms_total":925.8888,"target_gap_bb":0.004,"target_reached":false}
CONVERGENCE {"done":11,"iteration":11,"ms":3446.8734,"phase":"iterate"}
CONVERGENCE {"done":12,"iteration":12,"ms":3434.0649000000003,"phase":"iterate"}
CONVERGENCE {"done":13,"iteration":13,"ms":3404.725,"phase":"iterate"}
CONVERGENCE {"done":14,"iteration":14,"ms":3358.5443999999998,"phase":"iterate"}
CONVERGENCE {"done":15,"iteration":15,"ms":3337.1063,"phase":"iterate"}
CONVERGENCE {"done":16,"iteration":16,"ms":3314.8585000000003,"phase":"iterate"}
CONVERGENCE {"done":17,"iteration":17,"ms":3289.4385,"phase":"iterate"}
CONVERGENCE {"done":18,"iteration":18,"ms":3275.2025,"phase":"iterate"}
CONVERGENCE {"done":19,"iteration":19,"ms":3265.136,"phase":"iterate"}
CONVERGENCE {"done":20,"iteration":20,"ms":3244.2001999999998,"phase":"iterate"}
CONVERGENCE {"check_ms":4475.4156,"checkpoint_ms":4783.3819,"checks_ms_total":8951.9899,"done":20,"evs":[-0.050731062209317335,-0.0638411745712717,-0.04014798779499028,0.22487316623457332,-0.3823645121155546,-0.6163378162569019],"gaps":[0.001525244992594016,0.0015665527445895,0.0013092983974179462,0.04837348120246299,0.0010077129577341082,0.0009486690538824671],"iteration":20,"iterations_ms_total":68877.9961,"learning_gap_bb":0.054730959348681024,"live_seats":[true,true,true,true,true,true],"phase":"checkpoint","sync_ms":307.96630000000005,"syncs_ms_total":1233.8551,"target_gap_bb":0.004,"target_reached":false}
CONVERGENCE {"done":21,"iteration":21,"ms":3227.0671,"phase":"iterate"}
CONVERGENCE {"done":22,"iteration":22,"ms":3209.9789,"phase":"iterate"}
CONVERGENCE {"done":23,"iteration":23,"ms":3192.291,"phase":"iterate"}
CONVERGENCE {"done":24,"iteration":24,"ms":3172.8098999999997,"phase":"iterate"}
CONVERGENCE {"done":25,"iteration":25,"ms":3158.4009,"phase":"iterate"}
CONVERGENCE {"done":26,"iteration":26,"ms":3144.0345,"phase":"iterate"}
CONVERGENCE {"done":27,"iteration":27,"ms":3137.8961,"phase":"iterate"}
CONVERGENCE {"done":28,"iteration":28,"ms":3104.9687000000004,"phase":"iterate"}
CONVERGENCE {"done":29,"iteration":29,"ms":3068.1813,"phase":"iterate"}
CONVERGENCE {"done":30,"iteration":30,"ms":3055.4258999999997,"phase":"iterate"}
CONVERGENCE {"check_ms":4472.532700000001,"checkpoint_ms":4773.7763,"checks_ms_total":13424.5226,"done":30,"evs":[-0.052611010798069485,-0.06616889488869035,-0.042806703233436855,0.24741483584612278,-0.38743479428832206,-0.6209912204929428],"gaps":[0.0005771080701853781,0.0005532173503728088,0.00045131484286267676,0.025287147041152758,0.00031152792916705474,0.00031423833989396854],"iteration":30,"iterations_ms_total":100349.05039999998,"learning_gap_bb":0.027494553573634645,"live_seats":[true,true,true,true,true,true],"phase":"checkpoint","sync_ms":301.2436,"syncs_ms_total":1535.0987,"target_gap_bb":0.004,"target_reached":false}
CONVERGENCE {"done":31,"iteration":31,"ms":3038.0056,"phase":"iterate"}
CONVERGENCE {"done":32,"iteration":32,"ms":3033.3918,"phase":"iterate"}
CONVERGENCE {"done":33,"iteration":33,"ms":3021.4338000000002,"phase":"iterate"}
CONVERGENCE {"done":34,"iteration":34,"ms":3016.0155999999997,"phase":"iterate"}
CONVERGENCE {"done":35,"iteration":35,"ms":3000.6824,"phase":"iterate"}
CONVERGENCE {"done":36,"iteration":36,"ms":2991.0904,"phase":"iterate"}
CONVERGENCE {"done":37,"iteration":37,"ms":2988.0727,"phase":"iterate"}
CONVERGENCE {"done":38,"iteration":38,"ms":2987.0162,"phase":"iterate"}
CONVERGENCE {"done":39,"iteration":39,"ms":2971.4291,"phase":"iterate"}
CONVERGENCE {"done":40,"iteration":40,"ms":2956.5567,"phase":"iterate"}
CONVERGENCE {"check_ms":4472.1651,"checkpoint_ms":4772.3306,"checks_ms_total":17896.687700000002,"done":40,"evs":[-0.053347251589781264,-0.06740934063958473,-0.04401846069563936,0.2568447921123571,-0.3887812191988633,-0.6234563971062081],"gaps":[0.00025116382882243993,0.0002560205612236466,0.00021040285296605732,0.01571700896107131,0.00014165858251080632,0.00014804070457385965],"iteration":40,"iterations_ms_total":130352.74469999998,"learning_gap_bb":0.01672429549116812,"live_seats":[true,true,true,true,true,true],"phase":"checkpoint","sync_ms":300.16549999999995,"syncs_ms_total":1835.2642,"target_gap_bb":0.004,"target_reached":false}
CONVERGENCE {"done":41,"iteration":41,"ms":2946.9816,"phase":"iterate"}
CONVERGENCE {"done":42,"iteration":42,"ms":2947.4156000000003,"phase":"iterate"}
CONVERGENCE {"done":43,"iteration":43,"ms":2936.8129,"phase":"iterate"}
CONVERGENCE {"done":44,"iteration":44,"ms":2932.4003,"phase":"iterate"}
CONVERGENCE {"done":45,"iteration":45,"ms":2923.7701,"phase":"iterate"}
CONVERGENCE {"done":46,"iteration":46,"ms":2926.246,"phase":"iterate"}
CONVERGENCE {"done":47,"iteration":47,"ms":2917.0631,"phase":"iterate"}
CONVERGENCE {"done":48,"iteration":48,"ms":2905.2436,"phase":"iterate"}
CONVERGENCE {"done":49,"iteration":49,"ms":2902.7509,"phase":"iterate"}
CONVERGENCE {"done":50,"iteration":50,"ms":2895.2483,"phase":"iterate"}
CONVERGENCE {"check_ms":4475.0508,"checkpoint_ms":4769.3217,"checks_ms_total":22371.738500000003,"done":50,"evs":[-0.05379196679963941,-0.06810087163371858,-0.0446403820567325,0.2620827585711857,-0.3892385753377655,-0.6256442739146123],"gaps":[0.00013490453522424506,0.00013673541722972193,0.00011443383400670804,0.010430722398389491,0.00007872672715281137,0.00008536593501307088],"iteration":50,"iterations_ms_total":159586.6771,"learning_gap_bb":0.010980888847016049,"live_seats":[true,true,true,true,true,true],"phase":"checkpoint","sync_ms":294.2709,"syncs_ms_total":2129.5351,"target_gap_bb":0.004,"target_reached":false}
CONVERGENCE {"done":51,"iteration":51,"ms":2885.3711999999996,"phase":"iterate"}
CONVERGENCE {"done":52,"iteration":52,"ms":2882.5799,"phase":"iterate"}
CONVERGENCE {"done":53,"iteration":53,"ms":2876.5293,"phase":"iterate"}
CONVERGENCE {"done":54,"iteration":54,"ms":2879.4010000000003,"phase":"iterate"}
CONVERGENCE {"done":55,"iteration":55,"ms":2870.288,"phase":"iterate"}
CONVERGENCE {"done":56,"iteration":56,"ms":2861.8228,"phase":"iterate"}
CONVERGENCE {"done":57,"iteration":57,"ms":2850.4524,"phase":"iterate"}
CONVERGENCE {"done":58,"iteration":58,"ms":2849.4657,"phase":"iterate"}
CONVERGENCE {"done":59,"iteration":59,"ms":2843.9181,"phase":"iterate"}
CONVERGENCE {"done":60,"iteration":60,"ms":2843.0186,"phase":"iterate"}
CONVERGENCE {"check_ms":4472.963400000001,"checkpoint_ms":4774.3648,"checks_ms_total":26844.701900000004,"done":60,"evs":[-0.05407565399008986,-0.06852953399154951,-0.044995872289780386,0.26528517442689115,-0.38930188110960207,-0.6273377564386172],"gaps":[0.00008247852017105595,0.00008423629120038467,0.00007217801630335363,0.007140267784789434,0.00005203375553403111,0.000057638581414498624],"iteration":60,"iterations_ms_total":188229.52410000004,"learning_gap_bb":0.007488832949412758,"live_seats":[true,true,true,true,true,true],"phase":"checkpoint","sync_ms":301.40139999999997,"syncs_ms_total":2430.9365,"target_gap_bb":0.004,"target_reached":false}
CONVERGENCE {"done":61,"iteration":61,"ms":2845.656,"phase":"iterate"}
CONVERGENCE {"done":62,"iteration":62,"ms":2847.1162,"phase":"iterate"}
CONVERGENCE {"done":63,"iteration":63,"ms":2840.4053,"phase":"iterate"}
CONVERGENCE {"done":64,"iteration":64,"ms":2835.3804,"phase":"iterate"}
CONVERGENCE {"done":65,"iteration":65,"ms":2804.7373000000002,"phase":"iterate"}
CONVERGENCE {"done":66,"iteration":66,"ms":2807.4838,"phase":"iterate"}
CONVERGENCE {"done":67,"iteration":67,"ms":2792.3275,"phase":"iterate"}
CONVERGENCE {"done":68,"iteration":68,"ms":2787.2187999999996,"phase":"iterate"}
CONVERGENCE {"done":69,"iteration":69,"ms":2783.8582,"phase":"iterate"}
CONVERGENCE {"done":70,"iteration":70,"ms":2788.1453,"phase":"iterate"}
CONVERGENCE {"check_ms":4469.315500000001,"checkpoint_ms":4766.219900000001,"checks_ms_total":31314.017400000004,"done":70,"evs":[-0.05425333377667117,-0.06880589059653619,-0.04520570533590401,0.2673706555742629,-0.38912176544587496,-0.6287182354075753],"gaps":[0.00005554694878211197,0.00005643490099924153,0.000048882569970612466,0.00499125312061971,0.000037768764357570817,0.00004158297294498681],"iteration":70,"iterations_ms_total":216361.85290000003,"learning_gap_bb":0.005231469277674233,"live_seats":[true,true,true,true,true,true],"phase":"checkpoint","sync_ms":296.9044,"syncs_ms_total":2727.8408999999997,"target_gap_bb":0.004,"target_reached":false}
CONVERGENCE {"done":71,"iteration":71,"ms":2779.379,"phase":"iterate"}
CONVERGENCE {"done":72,"iteration":72,"ms":2782.7371,"phase":"iterate"}
CONVERGENCE {"done":73,"iteration":73,"ms":2778.0245,"phase":"iterate"}
CONVERGENCE {"done":74,"iteration":74,"ms":2775.9332,"phase":"iterate"}
CONVERGENCE {"done":75,"iteration":75,"ms":2772.1506,"phase":"iterate"}
CONVERGENCE {"done":76,"iteration":76,"ms":2770.7500999999997,"phase":"iterate"}
CONVERGENCE {"done":77,"iteration":77,"ms":2768.5995000000003,"phase":"iterate"}
CONVERGENCE {"done":78,"iteration":78,"ms":2768.1545,"phase":"iterate"}
CONVERGENCE {"done":79,"iteration":79,"ms":2763.0768,"phase":"iterate"}
CONVERGENCE {"done":80,"iteration":80,"ms":2759.5739999999996,"phase":"iterate"}
CONVERGENCE {"check_ms":4471.8481,"checkpoint_ms":4797.843800000001,"checks_ms_total":35785.86550000001,"done":80,"evs":[-0.05438231164456206,-0.06898176858113571,-0.045342372514927703,0.268711088993383,-0.3889270635622264,-0.6297218940565307],"gaps":[0.00003942195609693555,0.00003993881066108318,0.000034905142595534344,0.0036384920591674974,0.000028442909897063995,0.000030859710371422544],"iteration":80,"iterations_ms_total":244080.23220000003,"learning_gap_bb":0.003812060588789537,"live_seats":[true,true,true,true,true,true],"phase":"checkpoint","sync_ms":325.9957,"syncs_ms_total":3053.8365999999996,"target_gap_bb":0.004,"target_reached":true}
CONVERGENCE {"path":"\\\\?\\T:\\Dev\\GTOpen\\target\\autoresearch\\preflop-20260910\\target\\research-convergence\\.convergence-97724-1789060321853269300\\checkpoint.gtop","phase":"save_staging"}
CONVERGENCE {"arena_fnv1a64":"1b3d3446b42d6ad5","budget_mb":19000,"check_every":10,"checks_ms_total":35785.86550000001,"converged":true,"done":80,"evs":[-0.05438231164456206,-0.06898176858113571,-0.045342372514927703,0.268711088993383,-0.3889270635622264,-0.6297218940565307],"gaps":[0.00003942195609693555,0.00003993881066108318,0.000034905142595534344,0.0036384920591674974,0.000028442909897063995,0.000030859710371422544],"harness":"convergence-control-v2","iteration":80,"iterations_ms_total":244080.23220000003,"learning_gap_bb":0.003812060588789537,"live_seats":[true,true,true,true,true,true],"no_learning_seats":false,"output":"\\\\?\\T:\\Dev\\GTOpen\\target\\autoresearch\\preflop-20260910\\target\\research-convergence\\extended-convergence-modeled-compatible-a.gtop","phase":"result","reload_ms":2096.6841999999997,"roundtrip_verified":true,"save_bytes":2509030076,"save_ms":5128.702200000001,"start_iteration":0,"status":"target_reached","syncs_ms_total":3053.8365999999996,"target_gap_bb":0.004,"trajectory_ms":282924.16709999996}
