CONVERGENCE {"additional_iteration_limit":100,"backend":"gpu","budget_mb":19000,"check_every":10,"equity_cache_fnv1a64":"eb725e19520a8405","harness":"convergence-control-v2","input":"\\\\?\\T:\\Dev\\GTOpen\\target\\autoresearch\\preflop-20260910\\target\\fixtures\\fresh-coupled-validated.gtop","input_fnv1a64":"42bc26b3ccd607ca","load_input_ms":1821.3167,"nodes":1845520,"output":"\\\\?\\T:\\Dev\\GTOpen\\target\\autoresearch\\preflop-20260910\\target\\research-convergence\\extended-convergence-modeled-original-a.gtop","phase":"manifest","realization_fit_fnv1a64":"7117a9b28b8ea80b","realization_fit_path":"\\\\?\\T:\\Dev\\GTOpen\\target\\autoresearch\\preflop-20260910\\cache\\realization_fit.json","start_state":{"config":{"add_allin":true,"allin_threshold":0.85,"ante":0.0,"call_only_seats":[],"limp":true,"max_raises":3,"no_flop_no_drop":true,"open_raises":[2.0,2.5,3.0,5.0],"open_raises_by_seat":null,"positions":["UTG","HJ","CO","BTN","SB","BB"],"posts":[0.0,0.0,0.0,0.0,0.5,1.0],"raise_mults":[2.5,3.5],"raise_mults_by_seat":null,"rake_cap":3.0,"rake_pct":5.0,"realization":"calibrated","stack":100.0},"frozen":[false,false,false,false,false,false],"hero":null,"iteration":0,"live_seats":[true,true,true,true,true,true],"model":"coupled_deck_v1","profiles_fnv1a64":"a8c9414d14e84943","profiles_json_bytes":13887767},"stop_rule":"sum(gaps of live_seats) < target; no initial check","target_gap_bb":0.004}
preflop gpu: coupled multiway, 1024 particles, 846156 reach CDFs, 24-particle batches, 13809 MB CDF scratch
preflop gpu: 1845520 nodes, 22 levels, 984136 terminals (216797 calibrated), 255070 forced + 0 frozen nodes, ~18712 MB VRAM
CONVERGENCE {"ms":2186.464,"phase":"gpu_init"}
CONVERGENCE {"done":1,"iteration":1,"ms":6584.295,"phase":"iterate"}
CONVERGENCE {"done":2,"iteration":2,"ms":6486.2733,"phase":"iterate"}
CONVERGENCE {"done":3,"iteration":3,"ms":6568.0294,"phase":"iterate"}
CONVERGENCE {"done":4,"iteration":4,"ms":6551.275000000001,"phase":"iterate"}
CONVERGENCE {"done":5,"iteration":5,"ms":6523.287200000001,"phase":"iterate"}
CONVERGENCE {"done":6,"iteration":6,"ms":6503.5975,"phase":"iterate"}
CONVERGENCE {"done":7,"iteration":7,"ms":6486.3675,"phase":"iterate"}
CONVERGENCE {"done":8,"iteration":8,"ms":6454.3525,"phase":"iterate"}
CONVERGENCE {"done":9,"iteration":9,"ms":6427.8198,"phase":"iterate"}
CONVERGENCE {"done":10,"iteration":10,"ms":6412.633900000001,"phase":"iterate"}
CONVERGENCE {"check_ms":6713.1188,"checkpoint_ms":7658.0149,"checks_ms_total":6713.1188,"done":10,"evs":[-0.04602514089132126,-0.060093461341863025,-0.037522248804538944,0.14857470103652898,-0.3566014667277947,-0.5972063842500837],"gaps":[0.009417260891641022,0.009911841768137586,0.009699288335908857,0.13194998274733022,0.008282986757221944,0.007085169363343802],"iteration":10,"iterations_ms_total":64997.9311,"learning_gap_bb":0.17634652986358343,"live_seats":[true,true,true,true,true,true],"phase":"checkpoint","sync_ms":944.8961,"syncs_ms_total":944.8961,"target_gap_bb":0.004,"target_reached":false}
CONVERGENCE {"done":11,"iteration":11,"ms":6393.141,"phase":"iterate"}
CONVERGENCE {"done":12,"iteration":12,"ms":6345.1644,"phase":"iterate"}
CONVERGENCE {"done":13,"iteration":13,"ms":6308.7146,"phase":"iterate"}
CONVERGENCE {"done":14,"iteration":14,"ms":6247.238399999999,"phase":"iterate"}
CONVERGENCE {"done":15,"iteration":15,"ms":6213.5239,"phase":"iterate"}
CONVERGENCE {"done":16,"iteration":16,"ms":6192.688999999999,"phase":"iterate"}
CONVERGENCE {"done":17,"iteration":17,"ms":6172.0596,"phase":"iterate"}
CONVERGENCE {"done":18,"iteration":18,"ms":6158.0198,"phase":"iterate"}
CONVERGENCE {"done":19,"iteration":19,"ms":6125.7339,"phase":"iterate"}
CONVERGENCE {"done":20,"iteration":20,"ms":6108.8371,"phase":"iterate"}
CONVERGENCE {"check_ms":6727.2284,"checkpoint_ms":7050.6739,"checks_ms_total":13440.3472,"done":20,"evs":[-0.050731062209317335,-0.0638411745712717,-0.04014798779499028,0.22487316623457332,-0.3823645121155546,-0.6163378162569019],"gaps":[0.001525244992594016,0.0015665527445895,0.0013092983974179462,0.04837348120246299,0.0010077129577341082,0.0009486690538824671],"iteration":20,"iterations_ms_total":127263.0528,"learning_gap_bb":0.054730959348681024,"live_seats":[true,true,true,true,true,true],"phase":"checkpoint","sync_ms":323.4455,"syncs_ms_total":1268.3416,"target_gap_bb":0.004,"target_reached":false}
CONVERGENCE {"done":21,"iteration":21,"ms":6082.5895,"phase":"iterate"}
CONVERGENCE {"done":22,"iteration":22,"ms":6054.1504,"phase":"iterate"}
CONVERGENCE {"done":23,"iteration":23,"ms":6026.338,"phase":"iterate"}
CONVERGENCE {"done":24,"iteration":24,"ms":5997.6355,"phase":"iterate"}
CONVERGENCE {"done":25,"iteration":25,"ms":5986.7246,"phase":"iterate"}
CONVERGENCE {"done":26,"iteration":26,"ms":5970.3645,"phase":"iterate"}
CONVERGENCE {"done":27,"iteration":27,"ms":5942.0727,"phase":"iterate"}
CONVERGENCE {"done":28,"iteration":28,"ms":5903.851900000001,"phase":"iterate"}
CONVERGENCE {"done":29,"iteration":29,"ms":5844.9444,"phase":"iterate"}
CONVERGENCE {"done":30,"iteration":30,"ms":5818.1937,"phase":"iterate"}
CONVERGENCE {"check_ms":6697.001,"checkpoint_ms":7008.6742,"checks_ms_total":20137.3482,"done":30,"evs":[-0.052611010798069485,-0.06616889488869035,-0.042806703233436855,0.24741483584612278,-0.38743479428832206,-0.6209912204929428],"gaps":[0.0005771080701853781,0.0005532173503728088,0.00045131484286267676,0.025287147041152758,0.00031152792916705474,0.00031423833989396854],"iteration":30,"iterations_ms_total":186889.918,"learning_gap_bb":0.027494553573634645,"live_seats":[true,true,true,true,true,true],"phase":"checkpoint","sync_ms":311.6732,"syncs_ms_total":1580.0148,"target_gap_bb":0.004,"target_reached":false}
CONVERGENCE {"done":31,"iteration":31,"ms":5784.5981,"phase":"iterate"}
CONVERGENCE {"done":32,"iteration":32,"ms":5777.376399999999,"phase":"iterate"}
CONVERGENCE {"done":33,"iteration":33,"ms":5774.3995,"phase":"iterate"}
CONVERGENCE {"done":34,"iteration":34,"ms":5749.0545,"phase":"iterate"}
CONVERGENCE {"done":35,"iteration":35,"ms":5739.6167,"phase":"iterate"}
CONVERGENCE {"done":36,"iteration":36,"ms":5717.975799999999,"phase":"iterate"}
CONVERGENCE {"done":37,"iteration":37,"ms":5723.5831,"phase":"iterate"}
CONVERGENCE {"done":38,"iteration":38,"ms":5752.4825,"phase":"iterate"}
CONVERGENCE {"done":39,"iteration":39,"ms":5699.9362,"phase":"iterate"}
CONVERGENCE {"done":40,"iteration":40,"ms":5677.443399999999,"phase":"iterate"}
CONVERGENCE {"check_ms":6684.538200000001,"checkpoint_ms":6986.826000000001,"checks_ms_total":26821.886400000003,"done":40,"evs":[-0.053347251589781264,-0.06740934063958473,-0.04401846069563936,0.2568447921123571,-0.3887812191988633,-0.6234563971062081],"gaps":[0.00025116382882243993,0.0002560205612236466,0.00021040285296605732,0.01571700896107131,0.00014165858251080632,0.00014804070457385965],"iteration":40,"iterations_ms_total":244286.3842,"learning_gap_bb":0.01672429549116812,"live_seats":[true,true,true,true,true,true],"phase":"checkpoint","sync_ms":302.2878,"syncs_ms_total":1882.3026,"target_gap_bb":0.004,"target_reached":false}
CONVERGENCE {"done":41,"iteration":41,"ms":5664.6138,"phase":"iterate"}
CONVERGENCE {"done":42,"iteration":42,"ms":5664.4977,"phase":"iterate"}
CONVERGENCE {"done":43,"iteration":43,"ms":5668.2511,"phase":"iterate"}
CONVERGENCE {"done":44,"iteration":44,"ms":5654.045499999999,"phase":"iterate"}
CONVERGENCE {"done":45,"iteration":45,"ms":5651.7147,"phase":"iterate"}
CONVERGENCE {"done":46,"iteration":46,"ms":5637.9061,"phase":"iterate"}
CONVERGENCE {"done":47,"iteration":47,"ms":5631.9712,"phase":"iterate"}
CONVERGENCE {"done":48,"iteration":48,"ms":5616.4486,"phase":"iterate"}
CONVERGENCE {"done":49,"iteration":49,"ms":5608.0516,"phase":"iterate"}
CONVERGENCE {"done":50,"iteration":50,"ms":5607.2098,"phase":"iterate"}
CONVERGENCE {"check_ms":6700.2703,"checkpoint_ms":7006.0029,"checks_ms_total":33522.15670000001,"done":50,"evs":[-0.05379196679963941,-0.06810087163371858,-0.0446403820567325,0.2620827585711857,-0.3892385753377655,-0.6256442739146123],"gaps":[0.00013490453522424506,0.00013673541722972193,0.00011443383400670804,0.010430722398389491,0.00007872672715281137,0.00008536593501307088],"iteration":50,"iterations_ms_total":300691.09430000006,"learning_gap_bb":0.010980888847016049,"live_seats":[true,true,true,true,true,true],"phase":"checkpoint","sync_ms":305.73260000000005,"syncs_ms_total":2188.0352000000003,"target_gap_bb":0.004,"target_reached":false}
CONVERGENCE {"done":51,"iteration":51,"ms":5588.2888,"phase":"iterate"}
CONVERGENCE {"done":52,"iteration":52,"ms":5586.4594,"phase":"iterate"}
CONVERGENCE {"done":53,"iteration":53,"ms":5588.1601,"phase":"iterate"}
CONVERGENCE {"done":54,"iteration":54,"ms":5583.6652,"phase":"iterate"}
CONVERGENCE {"done":55,"iteration":55,"ms":5563.926399999999,"phase":"iterate"}
CONVERGENCE {"done":56,"iteration":56,"ms":5553.1378,"phase":"iterate"}
CONVERGENCE {"done":57,"iteration":57,"ms":5545.0112,"phase":"iterate"}
CONVERGENCE {"done":58,"iteration":58,"ms":5534.3679999999995,"phase":"iterate"}
CONVERGENCE {"done":59,"iteration":59,"ms":5542.014800000001,"phase":"iterate"}
CONVERGENCE {"done":60,"iteration":60,"ms":5539.1435,"phase":"iterate"}
CONVERGENCE {"check_ms":6697.0687,"checkpoint_ms":7003.1068,"checks_ms_total":40219.22540000001,"done":60,"evs":[-0.05407565399008986,-0.06852953399154951,-0.044995872289780386,0.26528517442689115,-0.38930188110960207,-0.6273377564386172],"gaps":[0.00008247852017105595,0.00008423629120038467,0.00007217801630335363,0.007140267784789434,0.00005203375553403111,0.000057638581414498624],"iteration":60,"iterations_ms_total":356315.26950000005,"learning_gap_bb":0.007488832949412758,"live_seats":[true,true,true,true,true,true],"phase":"checkpoint","sync_ms":306.0381,"syncs_ms_total":2494.0733,"target_gap_bb":0.004,"target_reached":false}
CONVERGENCE {"done":61,"iteration":61,"ms":5534.379999999999,"phase":"iterate"}
CONVERGENCE {"done":62,"iteration":62,"ms":5527.497399999999,"phase":"iterate"}
CONVERGENCE {"done":63,"iteration":63,"ms":5524.7662,"phase":"iterate"}
CONVERGENCE {"done":64,"iteration":64,"ms":5524.4684,"phase":"iterate"}
CONVERGENCE {"done":65,"iteration":65,"ms":5470.1322,"phase":"iterate"}
CONVERGENCE {"done":66,"iteration":66,"ms":5468.2004,"phase":"iterate"}
CONVERGENCE {"done":67,"iteration":67,"ms":5446.739,"phase":"iterate"}
CONVERGENCE {"done":68,"iteration":68,"ms":5447.5024,"phase":"iterate"}
CONVERGENCE {"done":69,"iteration":69,"ms":5442.3035,"phase":"iterate"}
CONVERGENCE {"done":70,"iteration":70,"ms":5440.510200000001,"phase":"iterate"}
CONVERGENCE {"check_ms":6700.5971,"checkpoint_ms":7004.2132,"checks_ms_total":46919.82250000001,"done":70,"evs":[-0.05425333377667117,-0.06880589059653619,-0.04520570533590401,0.2673706555742629,-0.38912176544587496,-0.6287182354075753],"gaps":[0.00005554694878211197,0.00005643490099924153,0.000048882569970612466,0.00499125312061971,0.000037768764357570817,0.00004158297294498681],"iteration":70,"iterations_ms_total":411141.76920000004,"learning_gap_bb":0.005231469277674233,"live_seats":[true,true,true,true,true,true],"phase":"checkpoint","sync_ms":303.6161,"syncs_ms_total":2797.6894,"target_gap_bb":0.004,"target_reached":false}
CONVERGENCE {"done":71,"iteration":71,"ms":5430.7352,"phase":"iterate"}
CONVERGENCE {"done":72,"iteration":72,"ms":5431.9173,"phase":"iterate"}
CONVERGENCE {"done":73,"iteration":73,"ms":5434.1013,"phase":"iterate"}
CONVERGENCE {"done":74,"iteration":74,"ms":5434.341100000001,"phase":"iterate"}
CONVERGENCE {"done":75,"iteration":75,"ms":5431.432199999999,"phase":"iterate"}
CONVERGENCE {"done":76,"iteration":76,"ms":5427.177000000001,"phase":"iterate"}
CONVERGENCE {"done":77,"iteration":77,"ms":5418.775000000001,"phase":"iterate"}
CONVERGENCE {"done":78,"iteration":78,"ms":5423.3129,"phase":"iterate"}
CONVERGENCE {"done":79,"iteration":79,"ms":5410.5043000000005,"phase":"iterate"}
CONVERGENCE {"done":80,"iteration":80,"ms":5406.6556,"phase":"iterate"}
CONVERGENCE {"check_ms":6700.0554,"checkpoint_ms":7026.004,"checks_ms_total":53619.87790000001,"done":80,"evs":[-0.05438231164456206,-0.06898176858113571,-0.045342372514927703,0.268711088993383,-0.3889270635622264,-0.6297218940565307],"gaps":[0.00003942195609693555,0.00003993881066108318,0.000034905142595534344,0.0036384920591674974,0.000028442909897063995,0.000030859710371422544],"iteration":80,"iterations_ms_total":465390.7211,"learning_gap_bb":0.003812060588789537,"live_seats":[true,true,true,true,true,true],"phase":"checkpoint","sync_ms":325.9486,"syncs_ms_total":3123.6380000000004,"target_gap_bb":0.004,"target_reached":true}
CONVERGENCE {"path":"\\\\?\\T:\\Dev\\GTOpen\\target\\autoresearch\\preflop-20260910\\target\\research-convergence\\.convergence-15116-1789060011418015000\\checkpoint.gtop","phase":"save_staging"}
CONVERGENCE {"arena_fnv1a64":"1b3d3446b42d6ad5","budget_mb":19000,"check_every":10,"checks_ms_total":53619.87790000001,"converged":true,"done":80,"evs":[-0.05438231164456206,-0.06898176858113571,-0.045342372514927703,0.268711088993383,-0.3889270635622264,-0.6297218940565307],"gaps":[0.00003942195609693555,0.00003993881066108318,0.000034905142595534344,0.0036384920591674974,0.000028442909897063995,0.000030859710371422544],"harness":"convergence-control-v2","iteration":80,"iterations_ms_total":465390.7211,"learning_gap_bb":0.003812060588789537,"live_seats":[true,true,true,true,true,true],"no_learning_seats":false,"output":"\\\\?\\T:\\Dev\\GTOpen\\target\\autoresearch\\preflop-20260910\\target\\research-convergence\\extended-convergence-modeled-original-a.gtop","phase":"result","reload_ms":2106.8008,"roundtrip_verified":true,"save_bytes":2509030076,"save_ms":7781.817300000001,"start_iteration":0,"status":"target_reached","syncs_ms_total":3123.6380000000004,"target_gap_bb":0.004,"trajectory_ms":522138.66559999995}
