CONVERGENCE {"additional_iteration_limit":900,"backend":"gpu","budget_mb":23000,"check_every":50,"equity_cache_fnv1a64":"eb725e19520a8405","harness":"convergence-control-v2","input":"\\\\?\\T:\\Dev\\GTOpen\\target\\autoresearch\\preflop-20260910\\target\\research-convergence\\convergence-eight-original-a.gtop","input_fnv1a64":"9b5a2d3f2c918f53","load_input_ms":1150.1984,"nodes":1567754,"output":"\\\\?\\T:\\Dev\\GTOpen\\target\\autoresearch\\preflop-20260910\\target\\research-convergence\\extended-convergence-eight-compatible-a.gtop","phase":"manifest","realization_fit_fnv1a64":"7117a9b28b8ea80b","realization_fit_path":"\\\\?\\T:\\Dev\\GTOpen\\target\\autoresearch\\preflop-20260910\\cache\\realization_fit.json","start_state":{"config":{"add_allin":true,"allin_threshold":0.85,"ante":0.0,"call_only_seats":[],"limp":true,"max_raises":2,"no_flop_no_drop":true,"open_raises":[6.0,10.0],"open_raises_by_seat":null,"positions":["UTG","UTG1","MP","HJ","CO","BTN","SB","BB"],"posts":[0.0,0.0,0.0,0.0,0.0,0.0,1.0,1.0],"raise_mults":[3.0,5.0,7.0],"raise_mults_by_seat":null,"rake_cap":8.5,"rake_pct":10.0,"realization":"calibrated","stack":150.0},"frozen":[false,false,false,false,false,false,false,false],"hero":null,"iteration":174,"live_seats":[true,true,true,true,true,true,true,true],"model":"coupled_deck_v1","profiles_fnv1a64":"591c502870565ad5","profiles_json_bytes":41},"stop_rule":"sum(gaps of live_seats) < target; no initial check","target_gap_bb":0.005}
preflop gpu: coupled multiway, 1024 particles, 760578 reach CDFs, 32-particle batches, 8445 MB CDF scratch
preflop gpu: compact CDF slots 388082 of 760578, 24.3 MB immutable map
preflop gpu: deployed_prepass reference, 32-particle grouping and HU-cache=true with accurately budgeted storage
preflop gpu: 1567754 nodes, 23 levels, 805640 terminals (119099 calibrated), 0 forced + 0 frozen nodes, ~13075 MB VRAM
preflop gpu layout: {"baseline":"optimized_8e7e4b0","batch_policy":"deployed_prepass","budget_mb":23000,"cdf_allocated_bytes":8444664320,"cdf_slots":388082,"compact_cdf":true,"forced_bytes":4,"forced_elements":0,"forced_nodes":0,"frozen_nodes":0,"hu_equity_cache_allocated_bytes":137043452,"hu_equity_cache_enabled":true,"hu_equity_cache_slots":202727,"literal_reference_hu_cache_enabled":true,"literal_reference_multiway_batch":32,"minimal_multiway_metadata":false,"model":"coupled_deck_v1","multiway_batch":32,"multiway_enabled":true,"multiway_particles":1024,"nodes":1567754,"normalized_cdf":true,"planned_need_mb":13075.176548,"reference_hu_cache_enabled":true,"reference_multiway_batch":32,"seats":8}
CONVERGENCE {"ms":1040.4002,"phase":"gpu_init"}
CONVERGENCE {"done":1,"iteration":175,"ms":4748.9726,"phase":"iterate"}
CONVERGENCE {"done":2,"iteration":176,"ms":4703.0921,"phase":"iterate"}
CONVERGENCE {"done":3,"iteration":177,"ms":4745.6887,"phase":"iterate"}
CONVERGENCE {"done":4,"iteration":178,"ms":4723.6738000000005,"phase":"iterate"}
CONVERGENCE {"done":5,"iteration":179,"ms":4740.41,"phase":"iterate"}
CONVERGENCE {"done":6,"iteration":180,"ms":4736.129400000001,"phase":"iterate"}
CONVERGENCE {"done":7,"iteration":181,"ms":4720.586,"phase":"iterate"}
CONVERGENCE {"done":8,"iteration":182,"ms":4731.923400000001,"phase":"iterate"}
CONVERGENCE {"done":9,"iteration":183,"ms":4734.4086,"phase":"iterate"}
CONVERGENCE {"done":10,"iteration":184,"ms":4757.7456,"phase":"iterate"}
CONVERGENCE {"done":11,"iteration":185,"ms":4767.2208,"phase":"iterate"}
CONVERGENCE {"done":12,"iteration":186,"ms":4766.1148,"phase":"iterate"}
CONVERGENCE {"done":13,"iteration":187,"ms":4750.5139,"phase":"iterate"}
CONVERGENCE {"done":14,"iteration":188,"ms":4724.4838,"phase":"iterate"}
CONVERGENCE {"done":15,"iteration":189,"ms":4731.1601,"phase":"iterate"}
CONVERGENCE {"done":16,"iteration":190,"ms":4741.6716,"phase":"iterate"}
CONVERGENCE {"done":17,"iteration":191,"ms":4728.2087,"phase":"iterate"}
CONVERGENCE {"done":18,"iteration":192,"ms":4702.320699999999,"phase":"iterate"}
CONVERGENCE {"done":19,"iteration":193,"ms":4711.0107,"phase":"iterate"}
CONVERGENCE {"done":20,"iteration":194,"ms":4666.7999,"phase":"iterate"}
CONVERGENCE {"done":21,"iteration":195,"ms":4684.3285000000005,"phase":"iterate"}
CONVERGENCE {"done":22,"iteration":196,"ms":4696.8488,"phase":"iterate"}
CONVERGENCE {"done":23,"iteration":197,"ms":4674.2431,"phase":"iterate"}
CONVERGENCE {"done":24,"iteration":198,"ms":4672.3377,"phase":"iterate"}
CONVERGENCE {"done":25,"iteration":199,"ms":4704.332899999999,"phase":"iterate"}
CONVERGENCE {"done":26,"iteration":200,"ms":4673.9861,"phase":"iterate"}
CONVERGENCE {"done":27,"iteration":201,"ms":4736.2519,"phase":"iterate"}
CONVERGENCE {"done":28,"iteration":202,"ms":4753.178199999999,"phase":"iterate"}
CONVERGENCE {"done":29,"iteration":203,"ms":4739.3636,"phase":"iterate"}
CONVERGENCE {"done":30,"iteration":204,"ms":4724.033600000001,"phase":"iterate"}
CONVERGENCE {"done":31,"iteration":205,"ms":4678.8225,"phase":"iterate"}
CONVERGENCE {"done":32,"iteration":206,"ms":4653.5391,"phase":"iterate"}
CONVERGENCE {"done":33,"iteration":207,"ms":4629.0742,"phase":"iterate"}
CONVERGENCE {"done":34,"iteration":208,"ms":4643.252,"phase":"iterate"}
CONVERGENCE {"done":35,"iteration":209,"ms":4667.7921,"phase":"iterate"}
CONVERGENCE {"done":36,"iteration":210,"ms":4673.2459,"phase":"iterate"}
CONVERGENCE {"done":37,"iteration":211,"ms":4657.4636,"phase":"iterate"}
CONVERGENCE {"done":38,"iteration":212,"ms":4670.9654,"phase":"iterate"}
CONVERGENCE {"done":39,"iteration":213,"ms":4699.5949,"phase":"iterate"}
CONVERGENCE {"done":40,"iteration":214,"ms":4686.6535,"phase":"iterate"}
CONVERGENCE {"done":41,"iteration":215,"ms":4668.9917000000005,"phase":"iterate"}
CONVERGENCE {"done":42,"iteration":216,"ms":4652.678,"phase":"iterate"}
CONVERGENCE {"done":43,"iteration":217,"ms":4662.6128,"phase":"iterate"}
CONVERGENCE {"done":44,"iteration":218,"ms":4633.1625,"phase":"iterate"}
CONVERGENCE {"done":45,"iteration":219,"ms":4613.351,"phase":"iterate"}
CONVERGENCE {"done":46,"iteration":220,"ms":4632.9461,"phase":"iterate"}
CONVERGENCE {"done":47,"iteration":221,"ms":4650.7709,"phase":"iterate"}
CONVERGENCE {"done":48,"iteration":222,"ms":4656.4841,"phase":"iterate"}
CONVERGENCE {"done":49,"iteration":223,"ms":4644.7669000000005,"phase":"iterate"}
CONVERGENCE {"done":50,"iteration":224,"ms":4596.2961,"phase":"iterate"}
CONVERGENCE {"check_ms":6580.9831,"checkpoint_ms":7127.8141000000005,"checks_ms_total":6580.9831,"done":50,"evs":[0.06416459208438595,0.07630879113628515,0.0871506034722712,0.10311471420715163,0.11942957190491887,0.14311765664876552,-0.5843391469233244,-0.4821984799220119],"gaps":[0.0100193514746523,0.007210722605687711,0.009039381588860876,0.006697815743242158,0.011690051922872258,0.015204325234178806,0.012842716968181955,0.014859409828794412],"iteration":224,"iterations_ms_total":234763.5029,"learning_gap_bb":0.08756377536647048,"live_seats":[true,true,true,true,true,true,true,true],"phase":"checkpoint","sync_ms":546.8309999999999,"syncs_ms_total":546.8309999999999,"target_gap_bb":0.005,"target_reached":false}
CONVERGENCE {"done":51,"iteration":225,"ms":4619.331,"phase":"iterate"}
CONVERGENCE {"done":52,"iteration":226,"ms":4631.3587,"phase":"iterate"}
CONVERGENCE {"done":53,"iteration":227,"ms":4632.4988,"phase":"iterate"}
CONVERGENCE {"done":54,"iteration":228,"ms":4645.3197,"phase":"iterate"}
CONVERGENCE {"done":55,"iteration":229,"ms":4624.3357,"phase":"iterate"}
CONVERGENCE {"done":56,"iteration":230,"ms":4630.0996000000005,"phase":"iterate"}
CONVERGENCE {"done":57,"iteration":231,"ms":4607.1818,"phase":"iterate"}
CONVERGENCE {"done":58,"iteration":232,"ms":4653.3665,"phase":"iterate"}
CONVERGENCE {"done":59,"iteration":233,"ms":4646.0334,"phase":"iterate"}
CONVERGENCE {"done":60,"iteration":234,"ms":4641.7752,"phase":"iterate"}
CONVERGENCE {"done":61,"iteration":235,"ms":4663.5115000000005,"phase":"iterate"}
CONVERGENCE {"done":62,"iteration":236,"ms":4647.4315,"phase":"iterate"}
CONVERGENCE {"done":63,"iteration":237,"ms":4622.6433,"phase":"iterate"}
CONVERGENCE {"done":64,"iteration":238,"ms":4601.4686,"phase":"iterate"}
CONVERGENCE {"done":65,"iteration":239,"ms":4619.5722000000005,"phase":"iterate"}
CONVERGENCE {"done":66,"iteration":240,"ms":4594.0427,"phase":"iterate"}
CONVERGENCE {"done":67,"iteration":241,"ms":4658.0239,"phase":"iterate"}
CONVERGENCE {"done":68,"iteration":242,"ms":4583.8751999999995,"phase":"iterate"}
CONVERGENCE {"done":69,"iteration":243,"ms":4569.4971,"phase":"iterate"}
CONVERGENCE {"done":70,"iteration":244,"ms":4580.1371,"phase":"iterate"}
CONVERGENCE {"done":71,"iteration":245,"ms":4593.907899999999,"phase":"iterate"}
CONVERGENCE {"done":72,"iteration":246,"ms":4565.2993,"phase":"iterate"}
CONVERGENCE {"done":73,"iteration":247,"ms":4533.820900000001,"phase":"iterate"}
CONVERGENCE {"done":74,"iteration":248,"ms":4485.7585,"phase":"iterate"}
CONVERGENCE {"done":75,"iteration":249,"ms":4484.1807,"phase":"iterate"}
CONVERGENCE {"done":76,"iteration":250,"ms":4552.9963,"phase":"iterate"}
CONVERGENCE {"done":77,"iteration":251,"ms":4531.8808,"phase":"iterate"}
CONVERGENCE {"done":78,"iteration":252,"ms":4536.0903,"phase":"iterate"}
CONVERGENCE {"done":79,"iteration":253,"ms":4458.6168,"phase":"iterate"}
CONVERGENCE {"done":80,"iteration":254,"ms":4513.1372,"phase":"iterate"}
CONVERGENCE {"done":81,"iteration":255,"ms":4473.269700000001,"phase":"iterate"}
CONVERGENCE {"done":82,"iteration":256,"ms":4463.9481,"phase":"iterate"}
CONVERGENCE {"done":83,"iteration":257,"ms":4416.7786,"phase":"iterate"}
CONVERGENCE {"done":84,"iteration":258,"ms":4492.389700000001,"phase":"iterate"}
CONVERGENCE {"done":85,"iteration":259,"ms":4462.5154,"phase":"iterate"}
CONVERGENCE {"done":86,"iteration":260,"ms":4454.95,"phase":"iterate"}
CONVERGENCE {"done":87,"iteration":261,"ms":4484.2675,"phase":"iterate"}
CONVERGENCE {"done":88,"iteration":262,"ms":4501.9028,"phase":"iterate"}
CONVERGENCE {"done":89,"iteration":263,"ms":4512.5199,"phase":"iterate"}
CONVERGENCE {"done":90,"iteration":264,"ms":4448.7633,"phase":"iterate"}
CONVERGENCE {"done":91,"iteration":265,"ms":4461.9538,"phase":"iterate"}
CONVERGENCE {"done":92,"iteration":266,"ms":4442.593900000001,"phase":"iterate"}
CONVERGENCE {"done":93,"iteration":267,"ms":4487.545,"phase":"iterate"}
CONVERGENCE {"done":94,"iteration":268,"ms":4526.207399999999,"phase":"iterate"}
CONVERGENCE {"done":95,"iteration":269,"ms":4491.5005,"phase":"iterate"}
CONVERGENCE {"done":96,"iteration":270,"ms":4540.1047,"phase":"iterate"}
CONVERGENCE {"done":97,"iteration":271,"ms":4478.078,"phase":"iterate"}
CONVERGENCE {"done":98,"iteration":272,"ms":4453.1664,"phase":"iterate"}
CONVERGENCE {"done":99,"iteration":273,"ms":4518.3417,"phase":"iterate"}
CONVERGENCE {"done":100,"iteration":274,"ms":4553.148700000001,"phase":"iterate"}
CONVERGENCE {"check_ms":6580.2647,"checkpoint_ms":6817.2148,"checks_ms_total":13161.247800000001,"done":100,"evs":[0.06556873602309052,0.07730103812450898,0.08800345552072741,0.1038640377415556,0.12146669148891949,0.14737652330937795,-0.5833319759110726,-0.48186957733088476],"gaps":[0.007668542816758078,0.004847706975084659,0.00655358334534363,0.004638140193017157,0.008002929379922821,0.010639247236674004,0.00853440172016362,0.009732354206339888],"iteration":274,"iterations_ms_total":462154.6402000001,"learning_gap_bb":0.06061690587330386,"live_seats":[true,true,true,true,true,true,true,true],"phase":"checkpoint","sync_ms":236.9501,"syncs_ms_total":783.7810999999999,"target_gap_bb":0.005,"target_reached":false}
CONVERGENCE {"done":101,"iteration":275,"ms":4507.157099999999,"phase":"iterate"}
CONVERGENCE {"done":102,"iteration":276,"ms":4477.4222,"phase":"iterate"}
CONVERGENCE {"done":103,"iteration":277,"ms":4470.3418,"phase":"iterate"}
CONVERGENCE {"done":104,"iteration":278,"ms":4476.015600000001,"phase":"iterate"}
CONVERGENCE {"done":105,"iteration":279,"ms":4480.324,"phase":"iterate"}
CONVERGENCE {"done":106,"iteration":280,"ms":4495.0402,"phase":"iterate"}
CONVERGENCE {"done":107,"iteration":281,"ms":4504.458299999999,"phase":"iterate"}
CONVERGENCE {"done":108,"iteration":282,"ms":4486.2669000000005,"phase":"iterate"}
CONVERGENCE {"done":109,"iteration":283,"ms":4483.026,"phase":"iterate"}
CONVERGENCE {"done":110,"iteration":284,"ms":4487.1961,"phase":"iterate"}
CONVERGENCE {"done":111,"iteration":285,"ms":4484.1415,"phase":"iterate"}
CONVERGENCE {"done":112,"iteration":286,"ms":4488.0591,"phase":"iterate"}
CONVERGENCE {"done":113,"iteration":287,"ms":4505.8478,"phase":"iterate"}
CONVERGENCE {"done":114,"iteration":288,"ms":4510.6371,"phase":"iterate"}
CONVERGENCE {"done":115,"iteration":289,"ms":4553.7829,"phase":"iterate"}
CONVERGENCE {"done":116,"iteration":290,"ms":4559.0184,"phase":"iterate"}
CONVERGENCE {"done":117,"iteration":291,"ms":4558.1831,"phase":"iterate"}
CONVERGENCE {"done":118,"iteration":292,"ms":4565.679099999999,"phase":"iterate"}
CONVERGENCE {"done":119,"iteration":293,"ms":4549.9459,"phase":"iterate"}
CONVERGENCE {"done":120,"iteration":294,"ms":4534.4432,"phase":"iterate"}
CONVERGENCE {"done":121,"iteration":295,"ms":4537.006200000001,"phase":"iterate"}
CONVERGENCE {"done":122,"iteration":296,"ms":4537.7793,"phase":"iterate"}
CONVERGENCE {"done":123,"iteration":297,"ms":4538.2173999999995,"phase":"iterate"}
CONVERGENCE {"done":124,"iteration":298,"ms":4556.9424,"phase":"iterate"}
CONVERGENCE {"done":125,"iteration":299,"ms":4565.341100000001,"phase":"iterate"}
CONVERGENCE {"done":126,"iteration":300,"ms":4539.8069000000005,"phase":"iterate"}
CONVERGENCE {"done":127,"iteration":301,"ms":4526.3934,"phase":"iterate"}
CONVERGENCE {"done":128,"iteration":302,"ms":4518.1148,"phase":"iterate"}
CONVERGENCE {"done":129,"iteration":303,"ms":4508.3796999999995,"phase":"iterate"}
CONVERGENCE {"done":130,"iteration":304,"ms":4510.8522,"phase":"iterate"}
CONVERGENCE {"done":131,"iteration":305,"ms":4521.4124,"phase":"iterate"}
CONVERGENCE {"done":132,"iteration":306,"ms":4527.7461,"phase":"iterate"}
CONVERGENCE {"done":133,"iteration":307,"ms":4507.1246,"phase":"iterate"}
CONVERGENCE {"done":134,"iteration":308,"ms":4500.664699999999,"phase":"iterate"}
CONVERGENCE {"done":135,"iteration":309,"ms":4498.2141,"phase":"iterate"}
CONVERGENCE {"done":136,"iteration":310,"ms":4487.9659,"phase":"iterate"}
CONVERGENCE {"done":137,"iteration":311,"ms":4499.6473000000005,"phase":"iterate"}
CONVERGENCE {"done":138,"iteration":312,"ms":4498.3296,"phase":"iterate"}
CONVERGENCE {"done":139,"iteration":313,"ms":4494.017000000001,"phase":"iterate"}
CONVERGENCE {"done":140,"iteration":314,"ms":4493.4158,"phase":"iterate"}
CONVERGENCE {"done":141,"iteration":315,"ms":4494.5559,"phase":"iterate"}
CONVERGENCE {"done":142,"iteration":316,"ms":4523.9492,"phase":"iterate"}
CONVERGENCE {"done":143,"iteration":317,"ms":4512.486199999999,"phase":"iterate"}
CONVERGENCE {"done":144,"iteration":318,"ms":4436.1477,"phase":"iterate"}
CONVERGENCE {"done":145,"iteration":319,"ms":4403.1080999999995,"phase":"iterate"}
CONVERGENCE {"done":146,"iteration":320,"ms":4427.4793,"phase":"iterate"}
CONVERGENCE {"done":147,"iteration":321,"ms":4436.276000000001,"phase":"iterate"}
CONVERGENCE {"done":148,"iteration":322,"ms":4407.2291000000005,"phase":"iterate"}
CONVERGENCE {"done":149,"iteration":323,"ms":4394.9160999999995,"phase":"iterate"}
CONVERGENCE {"done":150,"iteration":324,"ms":4399.8775,"phase":"iterate"}
CONVERGENCE {"check_ms":6578.7737,"checkpoint_ms":6811.8911,"checks_ms_total":19740.021500000003,"done":150,"evs":[0.0671658625051492,0.07784432908670932,0.08899989952707654,0.10443257826709977,0.12295665802907682,0.14994248498593798,-0.5828482467647549,-0.48213671994105534],"gaps":[0.005289794807930598,0.0031739804496805912,0.0044222998526672885,0.0033181359807168548,0.00559205029225926,0.007570771707694768,0.005941600719414408,0.006803100909691384],"iteration":324,"iterations_ms_total":687135.0224999997,"learning_gap_bb":0.04211173472005515,"live_seats":[true,true,true,true,true,true,true,true],"phase":"checkpoint","sync_ms":233.1174,"syncs_ms_total":1016.8984999999999,"target_gap_bb":0.005,"target_reached":false}
CONVERGENCE {"done":151,"iteration":325,"ms":4397.6956,"phase":"iterate"}
CONVERGENCE {"done":152,"iteration":326,"ms":4417.3247,"phase":"iterate"}
CONVERGENCE {"done":153,"iteration":327,"ms":4403.3416,"phase":"iterate"}
CONVERGENCE {"done":154,"iteration":328,"ms":4396.7223,"phase":"iterate"}
CONVERGENCE {"done":155,"iteration":329,"ms":4410.172799999999,"phase":"iterate"}
CONVERGENCE {"done":156,"iteration":330,"ms":4402.1239000000005,"phase":"iterate"}
CONVERGENCE {"done":157,"iteration":331,"ms":4396.0409,"phase":"iterate"}
CONVERGENCE {"done":158,"iteration":332,"ms":4392.1624,"phase":"iterate"}
CONVERGENCE {"done":159,"iteration":333,"ms":4386.025,"phase":"iterate"}
CONVERGENCE {"done":160,"iteration":334,"ms":4412.9341,"phase":"iterate"}
CONVERGENCE {"done":161,"iteration":335,"ms":4389.7873,"phase":"iterate"}
CONVERGENCE {"done":162,"iteration":336,"ms":4372.5701,"phase":"iterate"}
CONVERGENCE {"done":163,"iteration":337,"ms":4359.1367,"phase":"iterate"}
CONVERGENCE {"done":164,"iteration":338,"ms":4357.1048,"phase":"iterate"}
CONVERGENCE {"done":165,"iteration":339,"ms":4384.1542,"phase":"iterate"}
CONVERGENCE {"done":166,"iteration":340,"ms":4367.2444,"phase":"iterate"}
CONVERGENCE {"done":167,"iteration":341,"ms":4360.3965,"phase":"iterate"}
CONVERGENCE {"done":168,"iteration":342,"ms":4357.8028,"phase":"iterate"}
CONVERGENCE {"done":169,"iteration":343,"ms":4367.0168,"phase":"iterate"}
CONVERGENCE {"done":170,"iteration":344,"ms":4360.9079,"phase":"iterate"}
CONVERGENCE {"done":171,"iteration":345,"ms":4359.767599999999,"phase":"iterate"}
CONVERGENCE {"done":172,"iteration":346,"ms":4359.6206999999995,"phase":"iterate"}
CONVERGENCE {"done":173,"iteration":347,"ms":4355.8229,"phase":"iterate"}
CONVERGENCE {"done":174,"iteration":348,"ms":4369.3095,"phase":"iterate"}
CONVERGENCE {"done":175,"iteration":349,"ms":4354.661700000001,"phase":"iterate"}
CONVERGENCE {"done":176,"iteration":350,"ms":4349.236,"phase":"iterate"}
CONVERGENCE {"done":177,"iteration":351,"ms":4345.8297,"phase":"iterate"}
CONVERGENCE {"done":178,"iteration":352,"ms":4336.282899999999,"phase":"iterate"}
CONVERGENCE {"done":179,"iteration":353,"ms":4322.9956999999995,"phase":"iterate"}
CONVERGENCE {"done":180,"iteration":354,"ms":4320.2369,"phase":"iterate"}
CONVERGENCE {"done":181,"iteration":355,"ms":4318.4175,"phase":"iterate"}
CONVERGENCE {"done":182,"iteration":356,"ms":4317.276699999999,"phase":"iterate"}
CONVERGENCE {"done":183,"iteration":357,"ms":4320.652599999999,"phase":"iterate"}
CONVERGENCE {"done":184,"iteration":358,"ms":4301.6232,"phase":"iterate"}
CONVERGENCE {"done":185,"iteration":359,"ms":4306.8131,"phase":"iterate"}
CONVERGENCE {"done":186,"iteration":360,"ms":4304.6052,"phase":"iterate"}
CONVERGENCE {"done":187,"iteration":361,"ms":4307.4323,"phase":"iterate"}
CONVERGENCE {"done":188,"iteration":362,"ms":4317.6543,"phase":"iterate"}
CONVERGENCE {"done":189,"iteration":363,"ms":4321.7541,"phase":"iterate"}
CONVERGENCE {"done":190,"iteration":364,"ms":4331.852,"phase":"iterate"}
CONVERGENCE {"done":191,"iteration":365,"ms":4303.8943,"phase":"iterate"}
CONVERGENCE {"done":192,"iteration":366,"ms":4218.4477,"phase":"iterate"}
CONVERGENCE {"done":193,"iteration":367,"ms":4132.3076,"phase":"iterate"}
CONVERGENCE {"done":194,"iteration":368,"ms":4109.2839,"phase":"iterate"}
CONVERGENCE {"done":195,"iteration":369,"ms":4115.4436,"phase":"iterate"}
CONVERGENCE {"done":196,"iteration":370,"ms":4105.2628,"phase":"iterate"}
CONVERGENCE {"done":197,"iteration":371,"ms":4144.2078,"phase":"iterate"}
CONVERGENCE {"done":198,"iteration":372,"ms":4143.6786,"phase":"iterate"}
CONVERGENCE {"done":199,"iteration":373,"ms":4134.9986,"phase":"iterate"}
CONVERGENCE {"done":200,"iteration":374,"ms":4133.046,"phase":"iterate"}
CONVERGENCE {"check_ms":6575.7468,"checkpoint_ms":6810.2834,"checks_ms_total":26315.768300000003,"done":200,"evs":[0.068257402623045,0.07803130674864875,0.0896885761113426,0.10470085119193728,0.1240728900294942,0.15167412777954978,-0.5825442808266084,-0.48243855577428474],"gaps":[0.0038645077025156183,0.0022305895609879695,0.0031107949539063706,0.0024245165931433693,0.004161609392644955,0.005630629576131807,0.004441562286835565,0.005034107821349498],"iteration":374,"iterations_ms_total":902988.1028,"learning_gap_bb":0.030898317887515153,"live_seats":[true,true,true,true,true,true,true,true],"phase":"checkpoint","sync_ms":234.53660000000002,"syncs_ms_total":1251.4351,"target_gap_bb":0.005,"target_reached":false}
CONVERGENCE {"done":201,"iteration":375,"ms":4131.2032,"phase":"iterate"}
CONVERGENCE {"done":202,"iteration":376,"ms":4130.5373,"phase":"iterate"}
CONVERGENCE {"done":203,"iteration":377,"ms":4128.2765,"phase":"iterate"}
CONVERGENCE {"done":204,"iteration":378,"ms":4132.5877,"phase":"iterate"}
CONVERGENCE {"done":205,"iteration":379,"ms":4129.1429,"phase":"iterate"}
CONVERGENCE {"done":206,"iteration":380,"ms":4129.797,"phase":"iterate"}
CONVERGENCE {"done":207,"iteration":381,"ms":4125.199699999999,"phase":"iterate"}
CONVERGENCE {"done":208,"iteration":382,"ms":4128.629199999999,"phase":"iterate"}
CONVERGENCE {"done":209,"iteration":383,"ms":4137.648999999999,"phase":"iterate"}
CONVERGENCE {"done":210,"iteration":384,"ms":4147.005,"phase":"iterate"}
CONVERGENCE {"done":211,"iteration":385,"ms":4135.876200000001,"phase":"iterate"}
CONVERGENCE {"done":212,"iteration":386,"ms":4130.238600000001,"phase":"iterate"}
CONVERGENCE {"done":213,"iteration":387,"ms":4136.0989,"phase":"iterate"}
CONVERGENCE {"done":214,"iteration":388,"ms":4128.4034,"phase":"iterate"}
CONVERGENCE {"done":215,"iteration":389,"ms":4134.6612000000005,"phase":"iterate"}
CONVERGENCE {"done":216,"iteration":390,"ms":4130.363799999999,"phase":"iterate"}
CONVERGENCE {"done":217,"iteration":391,"ms":4141.5207,"phase":"iterate"}
CONVERGENCE {"done":218,"iteration":392,"ms":4126.407999999999,"phase":"iterate"}
CONVERGENCE {"done":219,"iteration":393,"ms":4122.083,"phase":"iterate"}
CONVERGENCE {"done":220,"iteration":394,"ms":4140.746499999999,"phase":"iterate"}
CONVERGENCE {"done":221,"iteration":395,"ms":4101.1804999999995,"phase":"iterate"}
CONVERGENCE {"done":222,"iteration":396,"ms":4100.279399999999,"phase":"iterate"}
CONVERGENCE {"done":223,"iteration":397,"ms":4101.0881,"phase":"iterate"}
CONVERGENCE {"done":224,"iteration":398,"ms":4098.481900000001,"phase":"iterate"}
CONVERGENCE {"done":225,"iteration":399,"ms":4109.5851999999995,"phase":"iterate"}
CONVERGENCE {"done":226,"iteration":400,"ms":4115.515,"phase":"iterate"}
CONVERGENCE {"done":227,"iteration":401,"ms":4098.2295,"phase":"iterate"}
CONVERGENCE {"done":228,"iteration":402,"ms":4085.8426000000004,"phase":"iterate"}
CONVERGENCE {"done":229,"iteration":403,"ms":4086.985,"phase":"iterate"}
CONVERGENCE {"done":230,"iteration":404,"ms":4086.9454,"phase":"iterate"}
CONVERGENCE {"done":231,"iteration":405,"ms":4078.062,"phase":"iterate"}
CONVERGENCE {"done":232,"iteration":406,"ms":4114.6419,"phase":"iterate"}
CONVERGENCE {"done":233,"iteration":407,"ms":4108.4259,"phase":"iterate"}
CONVERGENCE {"done":234,"iteration":408,"ms":4093.2234000000003,"phase":"iterate"}
CONVERGENCE {"done":235,"iteration":409,"ms":4085.9138000000003,"phase":"iterate"}
CONVERGENCE {"done":236,"iteration":410,"ms":4088.9189000000006,"phase":"iterate"}
CONVERGENCE {"done":237,"iteration":411,"ms":4091.461,"phase":"iterate"}
CONVERGENCE {"done":238,"iteration":412,"ms":4079.8870999999995,"phase":"iterate"}
CONVERGENCE {"done":239,"iteration":413,"ms":4077.9478999999997,"phase":"iterate"}
CONVERGENCE {"done":240,"iteration":414,"ms":4065.9441999999995,"phase":"iterate"}
CONVERGENCE {"done":241,"iteration":415,"ms":4062.3956999999996,"phase":"iterate"}
CONVERGENCE {"done":242,"iteration":416,"ms":4070.2608,"phase":"iterate"}
CONVERGENCE {"done":243,"iteration":417,"ms":4068.7844999999998,"phase":"iterate"}
CONVERGENCE {"done":244,"iteration":418,"ms":4084.2194999999997,"phase":"iterate"}
CONVERGENCE {"done":245,"iteration":419,"ms":4068.6507,"phase":"iterate"}
CONVERGENCE {"done":246,"iteration":420,"ms":4071.7052000000003,"phase":"iterate"}
CONVERGENCE {"done":247,"iteration":421,"ms":4066.1018000000004,"phase":"iterate"}
CONVERGENCE {"done":248,"iteration":422,"ms":4093.261,"phase":"iterate"}
CONVERGENCE {"done":249,"iteration":423,"ms":4085.2814000000003,"phase":"iterate"}
CONVERGENCE {"done":250,"iteration":424,"ms":4079.7182999999995,"phase":"iterate"}
CONVERGENCE {"check_ms":6577.2289,"checkpoint_ms":6811.3577000000005,"checks_ms_total":32892.997200000005,"done":250,"evs":[0.0689226215643531,0.0781361431329452,0.09004858767260088,0.10487762918855192,0.12501158891981165,0.15294730478200103,-0.5826747642291253,-0.482761880068302],"gaps":[0.002929685613654351,0.0016952361826906848,0.0023364770465422458,0.0018498616688787939,0.0032019349659205,0.0042974998201590064,0.0035220846092444136,0.003940810973345643],"iteration":424,"iterations_ms_total":1108253.4682000002,"learning_gap_bb":0.02377359088043564,"live_seats":[true,true,true,true,true,true,true,true],"phase":"checkpoint","sync_ms":234.12879999999998,"syncs_ms_total":1485.5638999999999,"target_gap_bb":0.005,"target_reached":false}
CONVERGENCE {"done":251,"iteration":425,"ms":4076.5018,"phase":"iterate"}
CONVERGENCE {"done":252,"iteration":426,"ms":4095.3682000000003,"phase":"iterate"}
CONVERGENCE {"done":253,"iteration":427,"ms":4087.4506000000006,"phase":"iterate"}
CONVERGENCE {"done":254,"iteration":428,"ms":4084.9925999999996,"phase":"iterate"}
CONVERGENCE {"done":255,"iteration":429,"ms":4090.5678,"phase":"iterate"}
CONVERGENCE {"done":256,"iteration":430,"ms":4060.3138999999996,"phase":"iterate"}
CONVERGENCE {"done":257,"iteration":431,"ms":4065.0573000000004,"phase":"iterate"}
CONVERGENCE {"done":258,"iteration":432,"ms":4040.0724999999998,"phase":"iterate"}
CONVERGENCE {"done":259,"iteration":433,"ms":4035.4032999999995,"phase":"iterate"}
CONVERGENCE {"done":260,"iteration":434,"ms":4030.3209000000006,"phase":"iterate"}
CONVERGENCE {"done":261,"iteration":435,"ms":4057.4893999999995,"phase":"iterate"}
CONVERGENCE {"done":262,"iteration":436,"ms":4041.1432999999997,"phase":"iterate"}
CONVERGENCE {"done":263,"iteration":437,"ms":4032.3802000000005,"phase":"iterate"}
CONVERGENCE {"done":264,"iteration":438,"ms":4036.3902,"phase":"iterate"}
CONVERGENCE {"done":265,"iteration":439,"ms":4024.6111000000005,"phase":"iterate"}
CONVERGENCE {"done":266,"iteration":440,"ms":4018.5417,"phase":"iterate"}
CONVERGENCE {"done":267,"iteration":441,"ms":4019.5727,"phase":"iterate"}
CONVERGENCE {"done":268,"iteration":442,"ms":4036.3740999999995,"phase":"iterate"}
CONVERGENCE {"done":269,"iteration":443,"ms":4013.8232,"phase":"iterate"}
CONVERGENCE {"done":270,"iteration":444,"ms":4010.7305,"phase":"iterate"}
CONVERGENCE {"done":271,"iteration":445,"ms":4007.0334000000003,"phase":"iterate"}
CONVERGENCE {"done":272,"iteration":446,"ms":4001.0647,"phase":"iterate"}
CONVERGENCE {"done":273,"iteration":447,"ms":3996.0262000000002,"phase":"iterate"}
CONVERGENCE {"done":274,"iteration":448,"ms":4082.1107,"phase":"iterate"}
CONVERGENCE {"done":275,"iteration":449,"ms":4106.3459,"phase":"iterate"}
CONVERGENCE {"done":276,"iteration":450,"ms":4093.7557,"phase":"iterate"}
CONVERGENCE {"done":277,"iteration":451,"ms":4090.3197999999998,"phase":"iterate"}
CONVERGENCE {"done":278,"iteration":452,"ms":4097.343000000001,"phase":"iterate"}
CONVERGENCE {"done":279,"iteration":453,"ms":4107.0463,"phase":"iterate"}
CONVERGENCE {"done":280,"iteration":454,"ms":4093.6960999999997,"phase":"iterate"}
CONVERGENCE {"done":281,"iteration":455,"ms":4091.6459999999997,"phase":"iterate"}
CONVERGENCE {"done":282,"iteration":456,"ms":4126.8748000000005,"phase":"iterate"}
CONVERGENCE {"done":283,"iteration":457,"ms":4115.2988,"phase":"iterate"}
CONVERGENCE {"done":284,"iteration":458,"ms":4106.8166,"phase":"iterate"}
CONVERGENCE {"done":285,"iteration":459,"ms":4090.5337,"phase":"iterate"}
CONVERGENCE {"done":286,"iteration":460,"ms":4091.0949,"phase":"iterate"}
CONVERGENCE {"done":287,"iteration":461,"ms":4097.3806,"phase":"iterate"}
CONVERGENCE {"done":288,"iteration":462,"ms":4095.2039999999997,"phase":"iterate"}
CONVERGENCE {"done":289,"iteration":463,"ms":4082.5646000000006,"phase":"iterate"}
CONVERGENCE {"done":290,"iteration":464,"ms":4088.8392,"phase":"iterate"}
CONVERGENCE {"done":291,"iteration":465,"ms":4098.1668,"phase":"iterate"}
CONVERGENCE {"done":292,"iteration":466,"ms":4095.877,"phase":"iterate"}
CONVERGENCE {"done":293,"iteration":467,"ms":4092.1342000000004,"phase":"iterate"}
CONVERGENCE {"done":294,"iteration":468,"ms":4085.2196999999996,"phase":"iterate"}
CONVERGENCE {"done":295,"iteration":469,"ms":4088.9177999999997,"phase":"iterate"}
CONVERGENCE {"done":296,"iteration":470,"ms":4090.3731,"phase":"iterate"}
CONVERGENCE {"done":297,"iteration":471,"ms":4082.9444,"phase":"iterate"}
CONVERGENCE {"done":298,"iteration":472,"ms":4088.5624,"phase":"iterate"}
CONVERGENCE {"done":299,"iteration":473,"ms":4082.2345,"phase":"iterate"}
CONVERGENCE {"done":300,"iteration":474,"ms":4082.1778999999997,"phase":"iterate"}
CONVERGENCE {"check_ms":6575.9266,"checkpoint_ms":6807.832899999999,"checks_ms_total":39468.923800000004,"done":300,"evs":[0.06938339622531735,0.07827058585202562,0.09027046812243222,0.10514120921184467,0.12579616638238234,0.15381801001469533,-0.583499076286202,-0.4823826272886379],"gaps":[0.0022360788834022705,0.0013407264087819948,0.0019386803544215597,0.0015376140664798144,0.0025471066421885458,0.003341964053050095,0.002794380432872945,0.003315131184751796],"iteration":474,"iterations_ms_total":1311758.1763000004,"learning_gap_bb":0.01905168202594902,"live_seats":[true,true,true,true,true,true,true,true],"phase":"checkpoint","sync_ms":231.90630000000002,"syncs_ms_total":1717.4702,"target_gap_bb":0.005,"target_reached":false}
CONVERGENCE {"done":301,"iteration":475,"ms":4094.5736,"phase":"iterate"}
CONVERGENCE {"done":302,"iteration":476,"ms":4096.447999999999,"phase":"iterate"}
CONVERGENCE {"done":303,"iteration":477,"ms":4092.7176999999997,"phase":"iterate"}
CONVERGENCE {"done":304,"iteration":478,"ms":4103.9856,"phase":"iterate"}
CONVERGENCE {"done":305,"iteration":479,"ms":4108.464900000001,"phase":"iterate"}
CONVERGENCE {"done":306,"iteration":480,"ms":4133.6131,"phase":"iterate"}
CONVERGENCE {"done":307,"iteration":481,"ms":4117.9209,"phase":"iterate"}
CONVERGENCE {"done":308,"iteration":482,"ms":4118.8757000000005,"phase":"iterate"}
CONVERGENCE {"done":309,"iteration":483,"ms":4114.560799999999,"phase":"iterate"}
CONVERGENCE {"done":310,"iteration":484,"ms":4111.191,"phase":"iterate"}
CONVERGENCE {"done":311,"iteration":485,"ms":4106.339099999999,"phase":"iterate"}
CONVERGENCE {"done":312,"iteration":486,"ms":4119.9526000000005,"phase":"iterate"}
CONVERGENCE {"done":313,"iteration":487,"ms":4109.557,"phase":"iterate"}
CONVERGENCE {"done":314,"iteration":488,"ms":4117.0533000000005,"phase":"iterate"}
CONVERGENCE {"done":315,"iteration":489,"ms":4113.293,"phase":"iterate"}
CONVERGENCE {"done":316,"iteration":490,"ms":4131.0716,"phase":"iterate"}
CONVERGENCE {"done":317,"iteration":491,"ms":4118.1,"phase":"iterate"}
CONVERGENCE {"done":318,"iteration":492,"ms":4115.243399999999,"phase":"iterate"}
CONVERGENCE {"done":319,"iteration":493,"ms":4111.0596,"phase":"iterate"}
CONVERGENCE {"done":320,"iteration":494,"ms":4017.3040999999994,"phase":"iterate"}
CONVERGENCE {"done":321,"iteration":495,"ms":4000.9368,"phase":"iterate"}
CONVERGENCE {"done":322,"iteration":496,"ms":4004.3268999999996,"phase":"iterate"}
CONVERGENCE {"done":323,"iteration":497,"ms":4007.8433999999997,"phase":"iterate"}
CONVERGENCE {"done":324,"iteration":498,"ms":4036.2159999999994,"phase":"iterate"}
CONVERGENCE {"done":325,"iteration":499,"ms":4002.1898,"phase":"iterate"}
CONVERGENCE {"done":326,"iteration":500,"ms":4071.243,"phase":"iterate"}
CONVERGENCE {"done":327,"iteration":501,"ms":4096.3117999999995,"phase":"iterate"}
CONVERGENCE {"done":328,"iteration":502,"ms":4021.7866000000004,"phase":"iterate"}
CONVERGENCE {"done":329,"iteration":503,"ms":4066.5901,"phase":"iterate"}
CONVERGENCE {"done":330,"iteration":504,"ms":4087.8569999999995,"phase":"iterate"}
CONVERGENCE {"done":331,"iteration":505,"ms":4101.3396999999995,"phase":"iterate"}
CONVERGENCE {"done":332,"iteration":506,"ms":4021.0062000000003,"phase":"iterate"}
CONVERGENCE {"done":333,"iteration":507,"ms":3994.9731,"phase":"iterate"}
CONVERGENCE {"done":334,"iteration":508,"ms":4013.0126999999998,"phase":"iterate"}
CONVERGENCE {"done":335,"iteration":509,"ms":3994.7436000000002,"phase":"iterate"}
CONVERGENCE {"done":336,"iteration":510,"ms":3979.4388,"phase":"iterate"}
CONVERGENCE {"done":337,"iteration":511,"ms":3980.4019,"phase":"iterate"}
CONVERGENCE {"done":338,"iteration":512,"ms":3981.6241,"phase":"iterate"}
CONVERGENCE {"done":339,"iteration":513,"ms":4006.1378999999997,"phase":"iterate"}
CONVERGENCE {"done":340,"iteration":514,"ms":3974.5993999999996,"phase":"iterate"}
CONVERGENCE {"done":341,"iteration":515,"ms":4046.0519,"phase":"iterate"}
CONVERGENCE {"done":342,"iteration":516,"ms":4076.6,"phase":"iterate"}
CONVERGENCE {"done":343,"iteration":517,"ms":4081.283,"phase":"iterate"}
CONVERGENCE {"done":344,"iteration":518,"ms":4111.4112000000005,"phase":"iterate"}
CONVERGENCE {"done":345,"iteration":519,"ms":4079.8357,"phase":"iterate"}
CONVERGENCE {"done":346,"iteration":520,"ms":4078.7831,"phase":"iterate"}
CONVERGENCE {"done":347,"iteration":521,"ms":4073.7857000000004,"phase":"iterate"}
CONVERGENCE {"done":348,"iteration":522,"ms":4073.8557,"phase":"iterate"}
CONVERGENCE {"done":349,"iteration":523,"ms":4096.044199999999,"phase":"iterate"}
CONVERGENCE {"done":350,"iteration":524,"ms":4089.9175000000005,"phase":"iterate"}
CONVERGENCE {"check_ms":6569.4406,"checkpoint_ms":6804.0359,"checks_ms_total":46038.364400000006,"done":350,"evs":[0.06963154101305058,0.07838889378144417,0.09040879440661441,0.10531841055690269,0.12627378172226353,0.1543577282892465,-0.5835956263337769,-0.4820550379356441],"gaps":[0.0017886320246946474,0.00112347237192581,0.0015932694490528448,0.0012902203383519106,0.0021022574269983496,0.002684357320106412,0.00225813189866797,0.0028029447462568635],"iteration":524,"iterations_ms_total":1515159.6481,"learning_gap_bb":0.015643285576054808,"live_seats":[true,true,true,true,true,true,true,true],"phase":"checkpoint","sync_ms":234.5953,"syncs_ms_total":1952.0655,"target_gap_bb":0.005,"target_reached":false}
CONVERGENCE {"done":351,"iteration":525,"ms":4067.7912,"phase":"iterate"}
CONVERGENCE {"done":352,"iteration":526,"ms":4086.1257,"phase":"iterate"}
CONVERGENCE {"done":353,"iteration":527,"ms":3993.6444,"phase":"iterate"}
CONVERGENCE {"done":354,"iteration":528,"ms":3990.6041,"phase":"iterate"}
CONVERGENCE {"done":355,"iteration":529,"ms":3968.6659999999997,"phase":"iterate"}
CONVERGENCE {"done":356,"iteration":530,"ms":3958.9705,"phase":"iterate"}
CONVERGENCE {"done":357,"iteration":531,"ms":3960.2754,"phase":"iterate"}
CONVERGENCE {"done":358,"iteration":532,"ms":3969.5534000000002,"phase":"iterate"}
CONVERGENCE {"done":359,"iteration":533,"ms":3970.5575,"phase":"iterate"}
CONVERGENCE {"done":360,"iteration":534,"ms":3992.0757999999996,"phase":"iterate"}
CONVERGENCE {"done":361,"iteration":535,"ms":4050.6251,"phase":"iterate"}
CONVERGENCE {"done":362,"iteration":536,"ms":3989.4471,"phase":"iterate"}
CONVERGENCE {"done":363,"iteration":537,"ms":3977.7176,"phase":"iterate"}
CONVERGENCE {"done":364,"iteration":538,"ms":3995.0994,"phase":"iterate"}
CONVERGENCE {"done":365,"iteration":539,"ms":4043.7088,"phase":"iterate"}
CONVERGENCE {"done":366,"iteration":540,"ms":4061.0386,"phase":"iterate"}
CONVERGENCE {"done":367,"iteration":541,"ms":3982.5511,"phase":"iterate"}
CONVERGENCE {"done":368,"iteration":542,"ms":3944.2482999999997,"phase":"iterate"}
CONVERGENCE {"done":369,"iteration":543,"ms":4060.8244999999997,"phase":"iterate"}
CONVERGENCE {"done":370,"iteration":544,"ms":4018.2625,"phase":"iterate"}
CONVERGENCE {"done":371,"iteration":545,"ms":3964.2925,"phase":"iterate"}
CONVERGENCE {"done":372,"iteration":546,"ms":3948.3727000000003,"phase":"iterate"}
CONVERGENCE {"done":373,"iteration":547,"ms":3950.7764,"phase":"iterate"}
CONVERGENCE {"done":374,"iteration":548,"ms":3939.629,"phase":"iterate"}
CONVERGENCE {"done":375,"iteration":549,"ms":3900.641,"phase":"iterate"}
CONVERGENCE {"done":376,"iteration":550,"ms":3871.0701,"phase":"iterate"}
CONVERGENCE {"done":377,"iteration":551,"ms":3862.1422000000002,"phase":"iterate"}
CONVERGENCE {"done":378,"iteration":552,"ms":3863.6907,"phase":"iterate"}
CONVERGENCE {"done":379,"iteration":553,"ms":3868.8238,"phase":"iterate"}
CONVERGENCE {"done":380,"iteration":554,"ms":3872.0596,"phase":"iterate"}
CONVERGENCE {"done":381,"iteration":555,"ms":3880.4909,"phase":"iterate"}
CONVERGENCE {"done":382,"iteration":556,"ms":3888.3652,"phase":"iterate"}
CONVERGENCE {"done":383,"iteration":557,"ms":3965.426,"phase":"iterate"}
CONVERGENCE {"done":384,"iteration":558,"ms":3979.4282000000003,"phase":"iterate"}
CONVERGENCE {"done":385,"iteration":559,"ms":3983.7117,"phase":"iterate"}
CONVERGENCE {"done":386,"iteration":560,"ms":3987.002,"phase":"iterate"}
CONVERGENCE {"done":387,"iteration":561,"ms":3977.6371,"phase":"iterate"}
CONVERGENCE {"done":388,"iteration":562,"ms":3971.3731000000002,"phase":"iterate"}
CONVERGENCE {"done":389,"iteration":563,"ms":3978.2954999999997,"phase":"iterate"}
CONVERGENCE {"done":390,"iteration":564,"ms":3976.1595,"phase":"iterate"}
CONVERGENCE {"done":391,"iteration":565,"ms":3971.4211999999998,"phase":"iterate"}
CONVERGENCE {"done":392,"iteration":566,"ms":3962.3603,"phase":"iterate"}
CONVERGENCE {"done":393,"iteration":567,"ms":3963.6223,"phase":"iterate"}
CONVERGENCE {"done":394,"iteration":568,"ms":3967.5066,"phase":"iterate"}
CONVERGENCE {"done":395,"iteration":569,"ms":3966.6622,"phase":"iterate"}
CONVERGENCE {"done":396,"iteration":570,"ms":3959.9021,"phase":"iterate"}
CONVERGENCE {"done":397,"iteration":571,"ms":3962.1562,"phase":"iterate"}
CONVERGENCE {"done":398,"iteration":572,"ms":3955.9064,"phase":"iterate"}
CONVERGENCE {"done":399,"iteration":573,"ms":3953.0796,"phase":"iterate"}
CONVERGENCE {"done":400,"iteration":574,"ms":3952.0667,"phase":"iterate"}
CONVERGENCE {"check_ms":6573.188,"checkpoint_ms":6809.5467,"checks_ms_total":52611.55240000001,"done":400,"evs":[0.06982259886911192,0.07852479365041323,0.09049499785294135,0.10543322960136575,0.12668931361123417,0.1547966098123189,-0.5832953461512294,-0.4821447323885073],"gaps":[0.0014461338486605607,0.0009330166095724846,0.0013125827094932763,0.0011246234412508743,0.0017331836806522005,0.0022325867540723687,0.0019463738727742985,0.0022950923319000616],"iteration":574,"iterations_ms_total":1713485.5059000007,"learning_gap_bb":0.013023593248376125,"live_seats":[true,true,true,true,true,true,true,true],"phase":"checkpoint","sync_ms":236.3587,"syncs_ms_total":2188.4242,"target_gap_bb":0.005,"target_reached":false}
CONVERGENCE {"done":401,"iteration":575,"ms":3947.8246,"phase":"iterate"}
CONVERGENCE {"done":402,"iteration":576,"ms":3950.6221,"phase":"iterate"}
CONVERGENCE {"done":403,"iteration":577,"ms":3950.8466000000003,"phase":"iterate"}
CONVERGENCE {"done":404,"iteration":578,"ms":3949.3484,"phase":"iterate"}
CONVERGENCE {"done":405,"iteration":579,"ms":3951.3259000000003,"phase":"iterate"}
CONVERGENCE {"done":406,"iteration":580,"ms":3950.7218000000003,"phase":"iterate"}
CONVERGENCE {"done":407,"iteration":581,"ms":3953.5065,"phase":"iterate"}
CONVERGENCE {"done":408,"iteration":582,"ms":3951.1648,"phase":"iterate"}
CONVERGENCE {"done":409,"iteration":583,"ms":3949.9323999999997,"phase":"iterate"}
CONVERGENCE {"done":410,"iteration":584,"ms":3955.7351,"phase":"iterate"}
CONVERGENCE {"done":411,"iteration":585,"ms":3962.0839,"phase":"iterate"}
CONVERGENCE {"done":412,"iteration":586,"ms":3985.7785,"phase":"iterate"}
CONVERGENCE {"done":413,"iteration":587,"ms":3992.2124,"phase":"iterate"}
CONVERGENCE {"done":414,"iteration":588,"ms":3994.2394,"phase":"iterate"}
CONVERGENCE {"done":415,"iteration":589,"ms":3996.4321,"phase":"iterate"}
CONVERGENCE {"done":416,"iteration":590,"ms":4000.9823000000006,"phase":"iterate"}
CONVERGENCE {"done":417,"iteration":591,"ms":3999.2595,"phase":"iterate"}
CONVERGENCE {"done":418,"iteration":592,"ms":3991.4334999999996,"phase":"iterate"}
CONVERGENCE {"done":419,"iteration":593,"ms":4000.3331,"phase":"iterate"}
CONVERGENCE {"done":420,"iteration":594,"ms":3995.0719,"phase":"iterate"}
CONVERGENCE {"done":421,"iteration":595,"ms":3960.9854,"phase":"iterate"}
CONVERGENCE {"done":422,"iteration":596,"ms":3959.0980999999997,"phase":"iterate"}
CONVERGENCE {"done":423,"iteration":597,"ms":3873.1980999999996,"phase":"iterate"}
CONVERGENCE {"done":424,"iteration":598,"ms":3843.6952,"phase":"iterate"}
CONVERGENCE {"done":425,"iteration":599,"ms":3835.2284,"phase":"iterate"}
CONVERGENCE {"done":426,"iteration":600,"ms":3850.3335,"phase":"iterate"}
CONVERGENCE {"done":427,"iteration":601,"ms":3835.74,"phase":"iterate"}
CONVERGENCE {"done":428,"iteration":602,"ms":3835.523,"phase":"iterate"}
CONVERGENCE {"done":429,"iteration":603,"ms":3853.8683,"phase":"iterate"}
CONVERGENCE {"done":430,"iteration":604,"ms":3857.2318999999998,"phase":"iterate"}
CONVERGENCE {"done":431,"iteration":605,"ms":3843.9725,"phase":"iterate"}
CONVERGENCE {"done":432,"iteration":606,"ms":3841.1779,"phase":"iterate"}
CONVERGENCE {"done":433,"iteration":607,"ms":3834.7708000000002,"phase":"iterate"}
CONVERGENCE {"done":434,"iteration":608,"ms":3840.6345,"phase":"iterate"}
CONVERGENCE {"done":435,"iteration":609,"ms":3845.8388,"phase":"iterate"}
CONVERGENCE {"done":436,"iteration":610,"ms":3799.1031,"phase":"iterate"}
CONVERGENCE {"done":437,"iteration":611,"ms":3783.8891000000003,"phase":"iterate"}
CONVERGENCE {"done":438,"iteration":612,"ms":3781.4103999999998,"phase":"iterate"}
CONVERGENCE {"done":439,"iteration":613,"ms":3782.0600999999997,"phase":"iterate"}
CONVERGENCE {"done":440,"iteration":614,"ms":3786.7801,"phase":"iterate"}
CONVERGENCE {"done":441,"iteration":615,"ms":3774.5074,"phase":"iterate"}
CONVERGENCE {"done":442,"iteration":616,"ms":3774.9804,"phase":"iterate"}
CONVERGENCE {"done":443,"iteration":617,"ms":3780.4539999999997,"phase":"iterate"}
CONVERGENCE {"done":444,"iteration":618,"ms":3774.0672,"phase":"iterate"}
CONVERGENCE {"done":445,"iteration":619,"ms":3866.8903,"phase":"iterate"}
CONVERGENCE {"done":446,"iteration":620,"ms":3793.4627,"phase":"iterate"}
CONVERGENCE {"done":447,"iteration":621,"ms":3767.7927000000004,"phase":"iterate"}
CONVERGENCE {"done":448,"iteration":622,"ms":3768.2206,"phase":"iterate"}
CONVERGENCE {"done":449,"iteration":623,"ms":3762.1742,"phase":"iterate"}
CONVERGENCE {"done":450,"iteration":624,"ms":3773.0807999999997,"phase":"iterate"}
CONVERGENCE {"check_ms":6570.1853,"checkpoint_ms":6809.3069000000005,"checks_ms_total":59181.737700000005,"done":450,"evs":[0.06997184261693033,0.07860968938794463,0.09058430315116478,0.10553600174443145,0.12704720630589644,0.15520493944573366,-0.5834168459967015,-0.4822998354467787],"gaps":[0.00117291167276308,0.0007773265091711723,0.0011087305770009215,0.0009307640612587625,0.0014928543926184257,0.0018704047259365808,0.001728853401492536,0.0019659081617444674],"iteration":624,"iterations_ms_total":1907594.5302000004,"learning_gap_bb":0.011047753501985946,"live_seats":[true,true,true,true,true,true,true,true],"phase":"checkpoint","sync_ms":239.1216,"syncs_ms_total":2427.5458,"target_gap_bb":0.005,"target_reached":false}
CONVERGENCE {"done":451,"iteration":625,"ms":3760.3839,"phase":"iterate"}
CONVERGENCE {"done":452,"iteration":626,"ms":3756.6551,"phase":"iterate"}
CONVERGENCE {"done":453,"iteration":627,"ms":3759.1967,"phase":"iterate"}
CONVERGENCE {"done":454,"iteration":628,"ms":3759.3626000000004,"phase":"iterate"}
CONVERGENCE {"done":455,"iteration":629,"ms":3758.7235,"phase":"iterate"}
CONVERGENCE {"done":456,"iteration":630,"ms":3761.357,"phase":"iterate"}
CONVERGENCE {"done":457,"iteration":631,"ms":3752.0496,"phase":"iterate"}
CONVERGENCE {"done":458,"iteration":632,"ms":3741.1457,"phase":"iterate"}
CONVERGENCE {"done":459,"iteration":633,"ms":3753.7321,"phase":"iterate"}
CONVERGENCE {"done":460,"iteration":634,"ms":3753.2423000000003,"phase":"iterate"}
CONVERGENCE {"done":461,"iteration":635,"ms":3745.8711,"phase":"iterate"}
CONVERGENCE {"done":462,"iteration":636,"ms":3756.754,"phase":"iterate"}
CONVERGENCE {"done":463,"iteration":637,"ms":3749.8946,"phase":"iterate"}
CONVERGENCE {"done":464,"iteration":638,"ms":3749.5175,"phase":"iterate"}
CONVERGENCE {"done":465,"iteration":639,"ms":3748.4486,"phase":"iterate"}
CONVERGENCE {"done":466,"iteration":640,"ms":3777.8045,"phase":"iterate"}
CONVERGENCE {"done":467,"iteration":641,"ms":3761.2678,"phase":"iterate"}
CONVERGENCE {"done":468,"iteration":642,"ms":3747.197,"phase":"iterate"}
CONVERGENCE {"done":469,"iteration":643,"ms":3746.3885,"phase":"iterate"}
CONVERGENCE {"done":470,"iteration":644,"ms":3777.5369,"phase":"iterate"}
CONVERGENCE {"done":471,"iteration":645,"ms":3764.6766000000002,"phase":"iterate"}
CONVERGENCE {"done":472,"iteration":646,"ms":3750.8136,"phase":"iterate"}
CONVERGENCE {"done":473,"iteration":647,"ms":3748.9683999999997,"phase":"iterate"}
CONVERGENCE {"done":474,"iteration":648,"ms":3746.8784,"phase":"iterate"}
CONVERGENCE {"done":475,"iteration":649,"ms":3745.7862,"phase":"iterate"}
CONVERGENCE {"done":476,"iteration":650,"ms":3746.6238,"phase":"iterate"}
CONVERGENCE {"done":477,"iteration":651,"ms":3745.9089,"phase":"iterate"}
CONVERGENCE {"done":478,"iteration":652,"ms":3748.9586,"phase":"iterate"}
CONVERGENCE {"done":479,"iteration":653,"ms":3749.7851,"phase":"iterate"}
CONVERGENCE {"done":480,"iteration":654,"ms":3748.7893,"phase":"iterate"}
CONVERGENCE {"done":481,"iteration":655,"ms":3750.2304999999997,"phase":"iterate"}
CONVERGENCE {"done":482,"iteration":656,"ms":3745.9633,"phase":"iterate"}
CONVERGENCE {"done":483,"iteration":657,"ms":3743.9109,"phase":"iterate"}
CONVERGENCE {"done":484,"iteration":658,"ms":3758.0415,"phase":"iterate"}
CONVERGENCE {"done":485,"iteration":659,"ms":3795.5307000000003,"phase":"iterate"}
CONVERGENCE {"done":486,"iteration":660,"ms":3812.4945000000002,"phase":"iterate"}
CONVERGENCE {"done":487,"iteration":661,"ms":3779.6819,"phase":"iterate"}
CONVERGENCE {"done":488,"iteration":662,"ms":3773.5137999999997,"phase":"iterate"}
CONVERGENCE {"done":489,"iteration":663,"ms":3807.6042,"phase":"iterate"}
CONVERGENCE {"done":490,"iteration":664,"ms":3785.1821,"phase":"iterate"}
CONVERGENCE {"done":491,"iteration":665,"ms":3767.2802,"phase":"iterate"}
CONVERGENCE {"done":492,"iteration":666,"ms":3770.5003,"phase":"iterate"}
CONVERGENCE {"done":493,"iteration":667,"ms":3800.8858,"phase":"iterate"}
CONVERGENCE {"done":494,"iteration":668,"ms":3781.5935,"phase":"iterate"}
CONVERGENCE {"done":495,"iteration":669,"ms":3767.7832000000003,"phase":"iterate"}
CONVERGENCE {"done":496,"iteration":670,"ms":3767.2306,"phase":"iterate"}
CONVERGENCE {"done":497,"iteration":671,"ms":3767.1223999999997,"phase":"iterate"}
CONVERGENCE {"done":498,"iteration":672,"ms":3762.0625,"phase":"iterate"}
CONVERGENCE {"done":499,"iteration":673,"ms":3796.0919,"phase":"iterate"}
CONVERGENCE {"done":500,"iteration":674,"ms":3778.855,"phase":"iterate"}
CONVERGENCE {"check_ms":6569.2116,"checkpoint_ms":6803.7242,"checks_ms_total":65750.94930000001,"done":500,"evs":[0.07009254451171917,0.07868101128577307,0.09065503634913902,0.1055935550756602,0.12733782328912369,0.15550484076777588,-0.5837568927972769,-0.4821538861866037],"gaps":[0.000962717877554517,0.0006860318271589838,0.0009659058905532869,0.0008032849222547045,0.0012560496901654339,0.001617742924285237,0.001575693654313648,0.001739673611928172],"iteration":674,"iterations_ms_total":2095719.8069000004,"learning_gap_bb":0.009607100398213983,"live_seats":[true,true,true,true,true,true,true,true],"phase":"checkpoint","sync_ms":234.5126,"syncs_ms_total":2662.0584,"target_gap_bb":0.005,"target_reached":false}
CONVERGENCE {"done":501,"iteration":675,"ms":3763.5117,"phase":"iterate"}
CONVERGENCE {"done":502,"iteration":676,"ms":3774.7987,"phase":"iterate"}
CONVERGENCE {"done":503,"iteration":677,"ms":3796.2090000000003,"phase":"iterate"}
CONVERGENCE {"done":504,"iteration":678,"ms":3800.7122,"phase":"iterate"}
CONVERGENCE {"done":505,"iteration":679,"ms":3765.2439,"phase":"iterate"}
CONVERGENCE {"done":506,"iteration":680,"ms":3754.8655000000003,"phase":"iterate"}
CONVERGENCE {"done":507,"iteration":681,"ms":3752.9544,"phase":"iterate"}
CONVERGENCE {"done":508,"iteration":682,"ms":3751.1692000000003,"phase":"iterate"}
CONVERGENCE {"done":509,"iteration":683,"ms":3742.1456,"phase":"iterate"}
CONVERGENCE {"done":510,"iteration":684,"ms":3752.5184,"phase":"iterate"}
CONVERGENCE {"done":511,"iteration":685,"ms":3785.6715,"phase":"iterate"}
CONVERGENCE {"done":512,"iteration":686,"ms":3802.4069000000004,"phase":"iterate"}
CONVERGENCE {"done":513,"iteration":687,"ms":3767.9203,"phase":"iterate"}
CONVERGENCE {"done":514,"iteration":688,"ms":3748.9811,"phase":"iterate"}
CONVERGENCE {"done":515,"iteration":689,"ms":3760.0316000000003,"phase":"iterate"}
CONVERGENCE {"done":516,"iteration":690,"ms":3794.9998,"phase":"iterate"}
CONVERGENCE {"done":517,"iteration":691,"ms":3807.6433,"phase":"iterate"}
CONVERGENCE {"done":518,"iteration":692,"ms":3763.5749,"phase":"iterate"}
CONVERGENCE {"done":519,"iteration":693,"ms":3742.4129000000003,"phase":"iterate"}
CONVERGENCE {"done":520,"iteration":694,"ms":3739.264,"phase":"iterate"}
CONVERGENCE {"done":521,"iteration":695,"ms":3740.8961999999997,"phase":"iterate"}
CONVERGENCE {"done":522,"iteration":696,"ms":3747.3453,"phase":"iterate"}
CONVERGENCE {"done":523,"iteration":697,"ms":3771.0231,"phase":"iterate"}
CONVERGENCE {"done":524,"iteration":698,"ms":3784.5348,"phase":"iterate"}
CONVERGENCE {"done":525,"iteration":699,"ms":3752.7443,"phase":"iterate"}
CONVERGENCE {"done":526,"iteration":700,"ms":3742.9237,"phase":"iterate"}
CONVERGENCE {"done":527,"iteration":701,"ms":3740.7799,"phase":"iterate"}
CONVERGENCE {"done":528,"iteration":702,"ms":3740.3026,"phase":"iterate"}
CONVERGENCE {"done":529,"iteration":703,"ms":3749.9367,"phase":"iterate"}
CONVERGENCE {"done":530,"iteration":704,"ms":3750.7638,"phase":"iterate"}
CONVERGENCE {"done":531,"iteration":705,"ms":3754.3741,"phase":"iterate"}
CONVERGENCE {"done":532,"iteration":706,"ms":3757.6725,"phase":"iterate"}
CONVERGENCE {"done":533,"iteration":707,"ms":3761.5914999999995,"phase":"iterate"}
CONVERGENCE {"done":534,"iteration":708,"ms":3785.1531,"phase":"iterate"}
CONVERGENCE {"done":535,"iteration":709,"ms":3761.1268999999998,"phase":"iterate"}
CONVERGENCE {"done":536,"iteration":710,"ms":3747.6922999999997,"phase":"iterate"}
CONVERGENCE {"done":537,"iteration":711,"ms":3741.6298,"phase":"iterate"}
CONVERGENCE {"done":538,"iteration":712,"ms":3768.0298,"phase":"iterate"}
CONVERGENCE {"done":539,"iteration":713,"ms":3756.8631,"phase":"iterate"}
CONVERGENCE {"done":540,"iteration":714,"ms":3742.1360999999997,"phase":"iterate"}
CONVERGENCE {"done":541,"iteration":715,"ms":3743.0367,"phase":"iterate"}
CONVERGENCE {"done":542,"iteration":716,"ms":3751.6730000000002,"phase":"iterate"}
CONVERGENCE {"done":543,"iteration":717,"ms":3754.9963000000002,"phase":"iterate"}
CONVERGENCE {"done":544,"iteration":718,"ms":3752.1107,"phase":"iterate"}
CONVERGENCE {"done":545,"iteration":719,"ms":3755.795,"phase":"iterate"}
CONVERGENCE {"done":546,"iteration":720,"ms":3761.9719,"phase":"iterate"}
CONVERGENCE {"done":547,"iteration":721,"ms":3751.7247,"phase":"iterate"}
CONVERGENCE {"done":548,"iteration":722,"ms":3755.5310999999997,"phase":"iterate"}
CONVERGENCE {"done":549,"iteration":723,"ms":3757.0143,"phase":"iterate"}
CONVERGENCE {"done":550,"iteration":724,"ms":3754.9099,"phase":"iterate"}
CONVERGENCE {"check_ms":6569.7124,"checkpoint_ms":6803.5108,"checks_ms_total":72320.66170000001,"done":550,"evs":[0.07018758926250737,0.0787302464037582,0.09070195177569897,0.10561806574404703,0.12756070097803549,0.15573729032754918,-0.5838770351573639,-0.48212395047046885],"gaps":[0.0008521196134634729,0.0006051210589059774,0.0008481081440212951,0.0007162840179019275,0.0010800028153351848,0.0013984372067319117,0.0014184186912380436,0.0015740909818316995],"iteration":724,"iterations_ms_total":2283723.125,"learning_gap_bb":0.008492582529429513,"live_seats":[true,true,true,true,true,true,true,true],"phase":"checkpoint","sync_ms":233.7984,"syncs_ms_total":2895.8568,"target_gap_bb":0.005,"target_reached":false}
CONVERGENCE {"done":551,"iteration":725,"ms":3740.3271,"phase":"iterate"}
CONVERGENCE {"done":552,"iteration":726,"ms":3744.4761,"phase":"iterate"}
CONVERGENCE {"done":553,"iteration":727,"ms":3737.0586000000003,"phase":"iterate"}
CONVERGENCE {"done":554,"iteration":728,"ms":3744.158,"phase":"iterate"}
CONVERGENCE {"done":555,"iteration":729,"ms":3738.7372,"phase":"iterate"}
CONVERGENCE {"done":556,"iteration":730,"ms":3730.4568,"phase":"iterate"}
CONVERGENCE {"done":557,"iteration":731,"ms":3735.8695,"phase":"iterate"}
CONVERGENCE {"done":558,"iteration":732,"ms":3734.9368,"phase":"iterate"}
CONVERGENCE {"done":559,"iteration":733,"ms":3731.4485,"phase":"iterate"}
CONVERGENCE {"done":560,"iteration":734,"ms":3717.4035,"phase":"iterate"}
CONVERGENCE {"done":561,"iteration":735,"ms":3718.1714,"phase":"iterate"}
CONVERGENCE {"done":562,"iteration":736,"ms":3723.7748,"phase":"iterate"}
CONVERGENCE {"done":563,"iteration":737,"ms":3721.7548,"phase":"iterate"}
CONVERGENCE {"done":564,"iteration":738,"ms":3729.2355000000002,"phase":"iterate"}
CONVERGENCE {"done":565,"iteration":739,"ms":3727.2642,"phase":"iterate"}
CONVERGENCE {"done":566,"iteration":740,"ms":3729.8142,"phase":"iterate"}
CONVERGENCE {"done":567,"iteration":741,"ms":3727.5642,"phase":"iterate"}
CONVERGENCE {"done":568,"iteration":742,"ms":3729.1031000000003,"phase":"iterate"}
CONVERGENCE {"done":569,"iteration":743,"ms":3727.0174,"phase":"iterate"}
CONVERGENCE {"done":570,"iteration":744,"ms":3728.875,"phase":"iterate"}
CONVERGENCE {"done":571,"iteration":745,"ms":3727.8443,"phase":"iterate"}
CONVERGENCE {"done":572,"iteration":746,"ms":3729.9804,"phase":"iterate"}
CONVERGENCE {"done":573,"iteration":747,"ms":3725.1092999999996,"phase":"iterate"}
CONVERGENCE {"done":574,"iteration":748,"ms":3726.7137,"phase":"iterate"}
CONVERGENCE {"done":575,"iteration":749,"ms":3727.8503,"phase":"iterate"}
CONVERGENCE {"done":576,"iteration":750,"ms":3733.0246,"phase":"iterate"}
CONVERGENCE {"done":577,"iteration":751,"ms":3735.8491000000004,"phase":"iterate"}
CONVERGENCE {"done":578,"iteration":752,"ms":3735.944,"phase":"iterate"}
CONVERGENCE {"done":579,"iteration":753,"ms":3764.2905,"phase":"iterate"}
CONVERGENCE {"done":580,"iteration":754,"ms":3752.1166,"phase":"iterate"}
CONVERGENCE {"done":581,"iteration":755,"ms":3732.3903,"phase":"iterate"}
CONVERGENCE {"done":582,"iteration":756,"ms":3728.9696,"phase":"iterate"}
CONVERGENCE {"done":583,"iteration":757,"ms":3731.1939,"phase":"iterate"}
CONVERGENCE {"done":584,"iteration":758,"ms":3764.134,"phase":"iterate"}
CONVERGENCE {"done":585,"iteration":759,"ms":3748.5427,"phase":"iterate"}
CONVERGENCE {"done":586,"iteration":760,"ms":3738.7747999999997,"phase":"iterate"}
CONVERGENCE {"done":587,"iteration":761,"ms":3748.2858,"phase":"iterate"}
CONVERGENCE {"done":588,"iteration":762,"ms":3745.967,"phase":"iterate"}
CONVERGENCE {"done":589,"iteration":763,"ms":3745.0713,"phase":"iterate"}
CONVERGENCE {"done":590,"iteration":764,"ms":3748.9775,"phase":"iterate"}
CONVERGENCE {"done":591,"iteration":765,"ms":3763.0085,"phase":"iterate"}
CONVERGENCE {"done":592,"iteration":766,"ms":3788.6772,"phase":"iterate"}
CONVERGENCE {"done":593,"iteration":767,"ms":3771.0024999999996,"phase":"iterate"}
CONVERGENCE {"done":594,"iteration":768,"ms":3759.1385,"phase":"iterate"}
CONVERGENCE {"done":595,"iteration":769,"ms":3752.1882,"phase":"iterate"}
CONVERGENCE {"done":596,"iteration":770,"ms":3775.0088,"phase":"iterate"}
CONVERGENCE {"done":597,"iteration":771,"ms":3781.4595,"phase":"iterate"}
CONVERGENCE {"done":598,"iteration":772,"ms":3787.9018,"phase":"iterate"}
CONVERGENCE {"done":599,"iteration":773,"ms":3784.3628000000003,"phase":"iterate"}
CONVERGENCE {"done":600,"iteration":774,"ms":3798.3172,"phase":"iterate"}
CONVERGENCE {"check_ms":6571.2721,"checkpoint_ms":6802.482300000001,"checks_ms_total":78891.93380000001,"done":600,"evs":[0.07025843372827875,0.07877679503774218,0.09075561371286908,0.10563571714244432,0.12771763757705273,0.15594486224850018,-0.5839306053751315,-0.4821360057234043],"gaps":[0.0007368125280352023,0.0005638314807328987,0.0007741598220868118,0.0006303879171545707,0.0009114735172317812,0.0011985314702518124,0.0013151765546305372,0.0014148770360480345],"iteration":774,"iterations_ms_total":2470892.666399999,"learning_gap_bb":0.007545250326171649,"live_seats":[true,true,true,true,true,true,true,true],"phase":"checkpoint","sync_ms":231.21020000000001,"syncs_ms_total":3127.067,"target_gap_bb":0.005,"target_reached":false}
CONVERGENCE {"done":601,"iteration":775,"ms":3801.6238,"phase":"iterate"}
CONVERGENCE {"done":602,"iteration":776,"ms":3805.9509,"phase":"iterate"}
CONVERGENCE {"done":603,"iteration":777,"ms":3803.7164,"phase":"iterate"}
CONVERGENCE {"done":604,"iteration":778,"ms":3794.7880999999998,"phase":"iterate"}
CONVERGENCE {"done":605,"iteration":779,"ms":3795.8355,"phase":"iterate"}
CONVERGENCE {"done":606,"iteration":780,"ms":3797.4881,"phase":"iterate"}
CONVERGENCE {"done":607,"iteration":781,"ms":3807.3419,"phase":"iterate"}
CONVERGENCE {"done":608,"iteration":782,"ms":3797.9148999999998,"phase":"iterate"}
CONVERGENCE {"done":609,"iteration":783,"ms":3785.5056999999997,"phase":"iterate"}
CONVERGENCE {"done":610,"iteration":784,"ms":3793.3882,"phase":"iterate"}
CONVERGENCE {"done":611,"iteration":785,"ms":3793.3745,"phase":"iterate"}
CONVERGENCE {"done":612,"iteration":786,"ms":3791.7351999999996,"phase":"iterate"}
CONVERGENCE {"done":613,"iteration":787,"ms":3796.4120000000003,"phase":"iterate"}
CONVERGENCE {"done":614,"iteration":788,"ms":3787.8532,"phase":"iterate"}
CONVERGENCE {"done":615,"iteration":789,"ms":3792.2156,"phase":"iterate"}
CONVERGENCE {"done":616,"iteration":790,"ms":3795.6805,"phase":"iterate"}
CONVERGENCE {"done":617,"iteration":791,"ms":3784.4734,"phase":"iterate"}
CONVERGENCE {"done":618,"iteration":792,"ms":3791.1988,"phase":"iterate"}
CONVERGENCE {"done":619,"iteration":793,"ms":3797.0891,"phase":"iterate"}
CONVERGENCE {"done":620,"iteration":794,"ms":3784.5974,"phase":"iterate"}
CONVERGENCE {"done":621,"iteration":795,"ms":3788.9863,"phase":"iterate"}
CONVERGENCE {"done":622,"iteration":796,"ms":3796.1755,"phase":"iterate"}
CONVERGENCE {"done":623,"iteration":797,"ms":3800.1778000000004,"phase":"iterate"}
CONVERGENCE {"done":624,"iteration":798,"ms":3797.8209,"phase":"iterate"}
CONVERGENCE {"done":625,"iteration":799,"ms":3798.9835,"phase":"iterate"}
CONVERGENCE {"done":626,"iteration":800,"ms":3797.0350000000003,"phase":"iterate"}
CONVERGENCE {"done":627,"iteration":801,"ms":3767.1019,"phase":"iterate"}
CONVERGENCE {"done":628,"iteration":802,"ms":3770.3512,"phase":"iterate"}
CONVERGENCE {"done":629,"iteration":803,"ms":3768.1322,"phase":"iterate"}
CONVERGENCE {"done":630,"iteration":804,"ms":3767.4927000000002,"phase":"iterate"}
CONVERGENCE {"done":631,"iteration":805,"ms":3768.1868999999997,"phase":"iterate"}
CONVERGENCE {"done":632,"iteration":806,"ms":3760.1184000000003,"phase":"iterate"}
CONVERGENCE {"done":633,"iteration":807,"ms":3763.7075,"phase":"iterate"}
CONVERGENCE {"done":634,"iteration":808,"ms":3768.8848999999996,"phase":"iterate"}
CONVERGENCE {"done":635,"iteration":809,"ms":3763.5673,"phase":"iterate"}
CONVERGENCE {"done":636,"iteration":810,"ms":3762.6146,"phase":"iterate"}
CONVERGENCE {"done":637,"iteration":811,"ms":3758.4999,"phase":"iterate"}
CONVERGENCE {"done":638,"iteration":812,"ms":3752.8628,"phase":"iterate"}
CONVERGENCE {"done":639,"iteration":813,"ms":3754.7399,"phase":"iterate"}
CONVERGENCE {"done":640,"iteration":814,"ms":3753.2504,"phase":"iterate"}
CONVERGENCE {"done":641,"iteration":815,"ms":3752.4912,"phase":"iterate"}
CONVERGENCE {"done":642,"iteration":816,"ms":3761.9085,"phase":"iterate"}
CONVERGENCE {"done":643,"iteration":817,"ms":3762.8025000000002,"phase":"iterate"}
CONVERGENCE {"done":644,"iteration":818,"ms":3760.4844000000003,"phase":"iterate"}
CONVERGENCE {"done":645,"iteration":819,"ms":3777.9202,"phase":"iterate"}
CONVERGENCE {"done":646,"iteration":820,"ms":3771.5728,"phase":"iterate"}
CONVERGENCE {"done":647,"iteration":821,"ms":3770.9435,"phase":"iterate"}
CONVERGENCE {"done":648,"iteration":822,"ms":3775.0124,"phase":"iterate"}
CONVERGENCE {"done":649,"iteration":823,"ms":3768.0249,"phase":"iterate"}
CONVERGENCE {"done":650,"iteration":824,"ms":3754.1687,"phase":"iterate"}
CONVERGENCE {"check_ms":6571.8037,"checkpoint_ms":6807.680200000001,"checks_ms_total":85463.73750000002,"done":650,"evs":[0.07031793223106769,0.07882361109030939,0.09081426378336188,0.10567912477310284,0.12786356912927688,0.15617711907210208,-0.5839558254243782,-0.48226182886297253],"gaps":[0.0006528027384447715,0.0005006608523236283,0.0007008426851971145,0.000554627843206118,0.000787770098911178,0.001061766761650762,0.0012127577577482063,0.001281326475572886],"iteration":824,"iterations_ms_total":2659904.8682999993,"learning_gap_bb":0.0067525552130546646,"live_seats":[true,true,true,true,true,true,true,true],"phase":"checkpoint","sync_ms":235.8765,"syncs_ms_total":3362.9435,"target_gap_bb":0.005,"target_reached":false}
CONVERGENCE {"done":651,"iteration":825,"ms":3748.8713000000002,"phase":"iterate"}
CONVERGENCE {"done":652,"iteration":826,"ms":3759.1649,"phase":"iterate"}
CONVERGENCE {"done":653,"iteration":827,"ms":3789.0362,"phase":"iterate"}
CONVERGENCE {"done":654,"iteration":828,"ms":3802.4841,"phase":"iterate"}
CONVERGENCE {"done":655,"iteration":829,"ms":3808.3968,"phase":"iterate"}
CONVERGENCE {"done":656,"iteration":830,"ms":3805.3455,"phase":"iterate"}
CONVERGENCE {"done":657,"iteration":831,"ms":3805.1199,"phase":"iterate"}
CONVERGENCE {"done":658,"iteration":832,"ms":3802.522,"phase":"iterate"}
CONVERGENCE {"done":659,"iteration":833,"ms":3805.2563,"phase":"iterate"}
CONVERGENCE {"done":660,"iteration":834,"ms":3808.3412000000003,"phase":"iterate"}
CONVERGENCE {"done":661,"iteration":835,"ms":3807.6861,"phase":"iterate"}
CONVERGENCE {"done":662,"iteration":836,"ms":3807.7466,"phase":"iterate"}
CONVERGENCE {"done":663,"iteration":837,"ms":3810.8127999999997,"phase":"iterate"}
CONVERGENCE {"done":664,"iteration":838,"ms":3812.9771,"phase":"iterate"}
CONVERGENCE {"done":665,"iteration":839,"ms":3812.7095,"phase":"iterate"}
CONVERGENCE {"done":666,"iteration":840,"ms":3813.0629000000004,"phase":"iterate"}
CONVERGENCE {"done":667,"iteration":841,"ms":3814.2771,"phase":"iterate"}
CONVERGENCE {"done":668,"iteration":842,"ms":3812.613,"phase":"iterate"}
CONVERGENCE {"done":669,"iteration":843,"ms":3814.7043,"phase":"iterate"}
CONVERGENCE {"done":670,"iteration":844,"ms":3853.9015,"phase":"iterate"}
CONVERGENCE {"done":671,"iteration":845,"ms":3872.8667,"phase":"iterate"}
CONVERGENCE {"done":672,"iteration":846,"ms":3867.4412,"phase":"iterate"}
CONVERGENCE {"done":673,"iteration":847,"ms":3823.3931000000002,"phase":"iterate"}
CONVERGENCE {"done":674,"iteration":848,"ms":3820.3073999999997,"phase":"iterate"}
CONVERGENCE {"done":675,"iteration":849,"ms":3819.9761,"phase":"iterate"}
CONVERGENCE {"done":676,"iteration":850,"ms":3788.7870000000003,"phase":"iterate"}
CONVERGENCE {"done":677,"iteration":851,"ms":3775.7734,"phase":"iterate"}
CONVERGENCE {"done":678,"iteration":852,"ms":3774.5226000000002,"phase":"iterate"}
CONVERGENCE {"done":679,"iteration":853,"ms":3781.0271000000002,"phase":"iterate"}
CONVERGENCE {"done":680,"iteration":854,"ms":3777.7727,"phase":"iterate"}
CONVERGENCE {"done":681,"iteration":855,"ms":3773.3395,"phase":"iterate"}
CONVERGENCE {"done":682,"iteration":856,"ms":3781.0131,"phase":"iterate"}
CONVERGENCE {"done":683,"iteration":857,"ms":3791.3711000000003,"phase":"iterate"}
CONVERGENCE {"done":684,"iteration":858,"ms":3816.4085,"phase":"iterate"}
CONVERGENCE {"done":685,"iteration":859,"ms":3821.4557999999997,"phase":"iterate"}
CONVERGENCE {"done":686,"iteration":860,"ms":3820.389,"phase":"iterate"}
CONVERGENCE {"done":687,"iteration":861,"ms":3828.4026,"phase":"iterate"}
CONVERGENCE {"done":688,"iteration":862,"ms":3836.9708,"phase":"iterate"}
CONVERGENCE {"done":689,"iteration":863,"ms":3838.1154,"phase":"iterate"}
CONVERGENCE {"done":690,"iteration":864,"ms":3883.0447,"phase":"iterate"}
CONVERGENCE {"done":691,"iteration":865,"ms":3888.9055,"phase":"iterate"}
CONVERGENCE {"done":692,"iteration":866,"ms":3891.888,"phase":"iterate"}
CONVERGENCE {"done":693,"iteration":867,"ms":3899.5280000000002,"phase":"iterate"}
CONVERGENCE {"done":694,"iteration":868,"ms":3886.3972000000003,"phase":"iterate"}
CONVERGENCE {"done":695,"iteration":869,"ms":3878.1499,"phase":"iterate"}
CONVERGENCE {"done":696,"iteration":870,"ms":3889.4294999999997,"phase":"iterate"}
CONVERGENCE {"done":697,"iteration":871,"ms":3895.4478,"phase":"iterate"}
CONVERGENCE {"done":698,"iteration":872,"ms":3890.3835,"phase":"iterate"}
CONVERGENCE {"done":699,"iteration":873,"ms":3895.7801,"phase":"iterate"}
CONVERGENCE {"done":700,"iteration":874,"ms":3904.0045,"phase":"iterate"}
CONVERGENCE {"check_ms":6568.5577,"checkpoint_ms":6801.9863000000005,"checks_ms_total":92032.29520000002,"done":700,"evs":[0.07034609340445395,0.07885515314226402,0.09085780168440985,0.10574066972903762,0.12797230133078197,0.15636760888757373,-0.5838461134759879,-0.48240887530319965],"gaps":[0.0005837587531936084,0.0004405389609366678,0.0006414660919161486,0.0004926566834888985,0.0007040988440096263,0.000961245122541754,0.0011425769274260311,0.0011852426050393827],"iteration":874,"iterations_ms_total":2851212.1891999985,"learning_gap_bb":0.006151583988552117,"live_seats":[true,true,true,true,true,true,true,true],"phase":"checkpoint","sync_ms":233.42860000000002,"syncs_ms_total":3596.3721,"target_gap_bb":0.005,"target_reached":false}
CONVERGENCE {"done":701,"iteration":875,"ms":3895.858,"phase":"iterate"}
CONVERGENCE {"done":702,"iteration":876,"ms":3894.4523000000004,"phase":"iterate"}
CONVERGENCE {"done":703,"iteration":877,"ms":3899.0467999999996,"phase":"iterate"}
CONVERGENCE {"done":704,"iteration":878,"ms":3890.7241,"phase":"iterate"}
CONVERGENCE {"done":705,"iteration":879,"ms":3899.73,"phase":"iterate"}
CONVERGENCE {"done":706,"iteration":880,"ms":3890.8503,"phase":"iterate"}
CONVERGENCE {"done":707,"iteration":881,"ms":3891.092,"phase":"iterate"}
CONVERGENCE {"done":708,"iteration":882,"ms":3884.6892,"phase":"iterate"}
CONVERGENCE {"done":709,"iteration":883,"ms":3798.2022,"phase":"iterate"}
CONVERGENCE {"done":710,"iteration":884,"ms":3789.149,"phase":"iterate"}
CONVERGENCE {"done":711,"iteration":885,"ms":3791.2107,"phase":"iterate"}
CONVERGENCE {"done":712,"iteration":886,"ms":3786.9757,"phase":"iterate"}
CONVERGENCE {"done":713,"iteration":887,"ms":3791.6198,"phase":"iterate"}
CONVERGENCE {"done":714,"iteration":888,"ms":3789.0950000000003,"phase":"iterate"}
CONVERGENCE {"done":715,"iteration":889,"ms":3772.9162,"phase":"iterate"}
CONVERGENCE {"done":716,"iteration":890,"ms":3779.2450999999996,"phase":"iterate"}
CONVERGENCE {"done":717,"iteration":891,"ms":3787.4129000000003,"phase":"iterate"}
CONVERGENCE {"done":718,"iteration":892,"ms":3808.6415,"phase":"iterate"}
CONVERGENCE {"done":719,"iteration":893,"ms":3774.9139,"phase":"iterate"}
CONVERGENCE {"done":720,"iteration":894,"ms":3795.4856,"phase":"iterate"}
CONVERGENCE {"done":721,"iteration":895,"ms":3805.5927,"phase":"iterate"}
CONVERGENCE {"done":722,"iteration":896,"ms":3812.5125,"phase":"iterate"}
CONVERGENCE {"done":723,"iteration":897,"ms":3809.1331,"phase":"iterate"}
CONVERGENCE {"done":724,"iteration":898,"ms":3810.3356000000003,"phase":"iterate"}
CONVERGENCE {"done":725,"iteration":899,"ms":3816.4817,"phase":"iterate"}
CONVERGENCE {"done":726,"iteration":900,"ms":3817.561,"phase":"iterate"}
CONVERGENCE {"done":727,"iteration":901,"ms":3821.2413,"phase":"iterate"}
CONVERGENCE {"done":728,"iteration":902,"ms":3808.994,"phase":"iterate"}
CONVERGENCE {"done":729,"iteration":903,"ms":3798.5923000000003,"phase":"iterate"}
CONVERGENCE {"done":730,"iteration":904,"ms":3804.582,"phase":"iterate"}
CONVERGENCE {"done":731,"iteration":905,"ms":3813.7758000000003,"phase":"iterate"}
CONVERGENCE {"done":732,"iteration":906,"ms":3776.9164,"phase":"iterate"}
CONVERGENCE {"done":733,"iteration":907,"ms":3791.5024000000003,"phase":"iterate"}
CONVERGENCE {"done":734,"iteration":908,"ms":3801.2740000000003,"phase":"iterate"}
CONVERGENCE {"done":735,"iteration":909,"ms":3798.2417,"phase":"iterate"}
CONVERGENCE {"done":736,"iteration":910,"ms":3797.3731,"phase":"iterate"}
CONVERGENCE {"done":737,"iteration":911,"ms":3795.5539,"phase":"iterate"}
CONVERGENCE {"done":738,"iteration":912,"ms":3799.6915,"phase":"iterate"}
CONVERGENCE {"done":739,"iteration":913,"ms":3796.417,"phase":"iterate"}
CONVERGENCE {"done":740,"iteration":914,"ms":3807.0197000000003,"phase":"iterate"}
CONVERGENCE {"done":741,"iteration":915,"ms":3811.4498000000003,"phase":"iterate"}
CONVERGENCE {"done":742,"iteration":916,"ms":3790.9133,"phase":"iterate"}
CONVERGENCE {"done":743,"iteration":917,"ms":3788.0514000000003,"phase":"iterate"}
CONVERGENCE {"done":744,"iteration":918,"ms":3785.4415,"phase":"iterate"}
CONVERGENCE {"done":745,"iteration":919,"ms":3795.0929,"phase":"iterate"}
CONVERGENCE {"done":746,"iteration":920,"ms":3751.9040999999997,"phase":"iterate"}
CONVERGENCE {"done":747,"iteration":921,"ms":3763.3114,"phase":"iterate"}
CONVERGENCE {"done":748,"iteration":922,"ms":3804.6714,"phase":"iterate"}
CONVERGENCE {"done":749,"iteration":923,"ms":3798.5421,"phase":"iterate"}
CONVERGENCE {"done":750,"iteration":924,"ms":3802.2167,"phase":"iterate"}
CONVERGENCE {"check_ms":6569.5227,"checkpoint_ms":6805.3418,"checks_ms_total":98601.81790000002,"done":750,"evs":[0.07036440766229504,0.07888573288952744,0.09087613609717338,0.10577655396276783,0.12807093668152425,0.1565419012397703,-0.5838215390100017,-0.4825815305250478],"gaps":[0.0005358420390723789,0.00039029490001693534,0.0006133543794198393,0.00044658425996980944,0.0006476626000469776,0.0008922597140541555,0.0010853993835731046,0.0010878657046307083],"iteration":924,"iterations_ms_total":3041797.8858000007,"learning_gap_bb":0.005699262980783909,"live_seats":[true,true,true,true,true,true,true,true],"phase":"checkpoint","sync_ms":235.8191,"syncs_ms_total":3832.1912,"target_gap_bb":0.005,"target_reached":false}
CONVERGENCE {"done":751,"iteration":925,"ms":3804.3228,"phase":"iterate"}
CONVERGENCE {"done":752,"iteration":926,"ms":3789.6645,"phase":"iterate"}
CONVERGENCE {"done":753,"iteration":927,"ms":3776.1729,"phase":"iterate"}
CONVERGENCE {"done":754,"iteration":928,"ms":3772.0478000000003,"phase":"iterate"}
CONVERGENCE {"done":755,"iteration":929,"ms":3802.7898,"phase":"iterate"}
CONVERGENCE {"done":756,"iteration":930,"ms":3812.1257,"phase":"iterate"}
CONVERGENCE {"done":757,"iteration":931,"ms":3796.9343000000003,"phase":"iterate"}
CONVERGENCE {"done":758,"iteration":932,"ms":3798.9587,"phase":"iterate"}
CONVERGENCE {"done":759,"iteration":933,"ms":3773.9608000000003,"phase":"iterate"}
CONVERGENCE {"done":760,"iteration":934,"ms":3771.2282,"phase":"iterate"}
CONVERGENCE {"done":761,"iteration":935,"ms":3781.5200999999997,"phase":"iterate"}
CONVERGENCE {"done":762,"iteration":936,"ms":3782.4826,"phase":"iterate"}
CONVERGENCE {"done":763,"iteration":937,"ms":3786.9728,"phase":"iterate"}
CONVERGENCE {"done":764,"iteration":938,"ms":3796.7792999999997,"phase":"iterate"}
CONVERGENCE {"done":765,"iteration":939,"ms":3782.0542,"phase":"iterate"}
CONVERGENCE {"done":766,"iteration":940,"ms":3774.1308,"phase":"iterate"}
CONVERGENCE {"done":767,"iteration":941,"ms":3785.3298,"phase":"iterate"}
CONVERGENCE {"done":768,"iteration":942,"ms":3791.6582000000003,"phase":"iterate"}
CONVERGENCE {"done":769,"iteration":943,"ms":3774.5494000000003,"phase":"iterate"}
CONVERGENCE {"done":770,"iteration":944,"ms":3769.6722,"phase":"iterate"}
CONVERGENCE {"done":771,"iteration":945,"ms":3777.8128,"phase":"iterate"}
CONVERGENCE {"done":772,"iteration":946,"ms":3765.9387,"phase":"iterate"}
CONVERGENCE {"done":773,"iteration":947,"ms":3732.3662999999997,"phase":"iterate"}
CONVERGENCE {"done":774,"iteration":948,"ms":3723.3803000000003,"phase":"iterate"}
CONVERGENCE {"done":775,"iteration":949,"ms":3726.3192,"phase":"iterate"}
CONVERGENCE {"done":776,"iteration":950,"ms":3776.9121,"phase":"iterate"}
CONVERGENCE {"done":777,"iteration":951,"ms":3775.1704999999997,"phase":"iterate"}
CONVERGENCE {"done":778,"iteration":952,"ms":3779.9432,"phase":"iterate"}
CONVERGENCE {"done":779,"iteration":953,"ms":3747.8049,"phase":"iterate"}
CONVERGENCE {"done":780,"iteration":954,"ms":3737.1495999999997,"phase":"iterate"}
CONVERGENCE {"done":781,"iteration":955,"ms":3721.3141,"phase":"iterate"}
CONVERGENCE {"done":782,"iteration":956,"ms":3713.9572,"phase":"iterate"}
CONVERGENCE {"done":783,"iteration":957,"ms":3731.1844,"phase":"iterate"}
CONVERGENCE {"done":784,"iteration":958,"ms":3765.7974,"phase":"iterate"}
CONVERGENCE {"done":785,"iteration":959,"ms":3770.8377,"phase":"iterate"}
CONVERGENCE {"done":786,"iteration":960,"ms":3793.2086,"phase":"iterate"}
CONVERGENCE {"done":787,"iteration":961,"ms":3799.83,"phase":"iterate"}
CONVERGENCE {"done":788,"iteration":962,"ms":3787.5109,"phase":"iterate"}
CONVERGENCE {"done":789,"iteration":963,"ms":3778.9256,"phase":"iterate"}
CONVERGENCE {"done":790,"iteration":964,"ms":3749.1661,"phase":"iterate"}
CONVERGENCE {"done":791,"iteration":965,"ms":3738.5469000000003,"phase":"iterate"}
CONVERGENCE {"done":792,"iteration":966,"ms":3769.1435,"phase":"iterate"}
CONVERGENCE {"done":793,"iteration":967,"ms":3756.589,"phase":"iterate"}
CONVERGENCE {"done":794,"iteration":968,"ms":3746.1223999999997,"phase":"iterate"}
CONVERGENCE {"done":795,"iteration":969,"ms":3743.4661,"phase":"iterate"}
CONVERGENCE {"done":796,"iteration":970,"ms":3746.2717,"phase":"iterate"}
CONVERGENCE {"done":797,"iteration":971,"ms":3736.0262,"phase":"iterate"}
CONVERGENCE {"done":798,"iteration":972,"ms":3725.1927,"phase":"iterate"}
CONVERGENCE {"done":799,"iteration":973,"ms":3738.0661,"phase":"iterate"}
CONVERGENCE {"done":800,"iteration":974,"ms":3719.0553,"phase":"iterate"}
CONVERGENCE {"check_ms":6572.173400000001,"checkpoint_ms":6804.280600000001,"checks_ms_total":105173.99130000002,"done":800,"evs":[0.07037095917714258,0.07890152927517026,0.09091872278985003,0.10578968255901525,0.12816161832654568,0.15665715243011522,-0.5838866131464172,-0.4826681301434792],"gaps":[0.0004729687730338633,0.00034231879985378855,0.0005890898664343558,0.0004148378604173497,0.0005802301865912851,0.0008144310998279003,0.001002882065576416,0.0009917035634909865],"iteration":974,"iterations_ms_total":3230094.2502000006,"learning_gap_bb":0.005208462215225945,"live_seats":[true,true,true,true,true,true,true,true],"phase":"checkpoint","sync_ms":232.1072,"syncs_ms_total":4064.2984,"target_gap_bb":0.005,"target_reached":false}
CONVERGENCE {"done":801,"iteration":975,"ms":3702.9773,"phase":"iterate"}
CONVERGENCE {"done":802,"iteration":976,"ms":3711.0753999999997,"phase":"iterate"}
CONVERGENCE {"done":803,"iteration":977,"ms":3717.7822,"phase":"iterate"}
CONVERGENCE {"done":804,"iteration":978,"ms":3705.1153,"phase":"iterate"}
CONVERGENCE {"done":805,"iteration":979,"ms":3697.3815999999997,"phase":"iterate"}
CONVERGENCE {"done":806,"iteration":980,"ms":3707.2401,"phase":"iterate"}
CONVERGENCE {"done":807,"iteration":981,"ms":3705.7715,"phase":"iterate"}
CONVERGENCE {"done":808,"iteration":982,"ms":3693.5769,"phase":"iterate"}
CONVERGENCE {"done":809,"iteration":983,"ms":3700.551,"phase":"iterate"}
CONVERGENCE {"done":810,"iteration":984,"ms":3696.9091,"phase":"iterate"}
CONVERGENCE {"done":811,"iteration":985,"ms":3689.1017,"phase":"iterate"}
CONVERGENCE {"done":812,"iteration":986,"ms":3690.7321,"phase":"iterate"}
CONVERGENCE {"done":813,"iteration":987,"ms":3676.9507,"phase":"iterate"}
CONVERGENCE {"done":814,"iteration":988,"ms":3682.9395,"phase":"iterate"}
CONVERGENCE {"done":815,"iteration":989,"ms":3701.3044,"phase":"iterate"}
CONVERGENCE {"done":816,"iteration":990,"ms":3677.1256000000003,"phase":"iterate"}
CONVERGENCE {"done":817,"iteration":991,"ms":3678.1345,"phase":"iterate"}
CONVERGENCE {"done":818,"iteration":992,"ms":3679.188,"phase":"iterate"}
CONVERGENCE {"done":819,"iteration":993,"ms":3683.5863,"phase":"iterate"}
CONVERGENCE {"done":820,"iteration":994,"ms":3681.1954,"phase":"iterate"}
CONVERGENCE {"done":821,"iteration":995,"ms":3686.2315,"phase":"iterate"}
CONVERGENCE {"done":822,"iteration":996,"ms":3674.0168999999996,"phase":"iterate"}
CONVERGENCE {"done":823,"iteration":997,"ms":3667.2148,"phase":"iterate"}
CONVERGENCE {"done":824,"iteration":998,"ms":3671.2254,"phase":"iterate"}
CONVERGENCE {"done":825,"iteration":999,"ms":3671.2374,"phase":"iterate"}
CONVERGENCE {"done":826,"iteration":1000,"ms":3669.7904000000003,"phase":"iterate"}
CONVERGENCE {"done":827,"iteration":1001,"ms":3702.687,"phase":"iterate"}
CONVERGENCE {"done":828,"iteration":1002,"ms":3713.2858,"phase":"iterate"}
CONVERGENCE {"done":829,"iteration":1003,"ms":3709.1805,"phase":"iterate"}
CONVERGENCE {"done":830,"iteration":1004,"ms":3713.8109,"phase":"iterate"}
CONVERGENCE {"done":831,"iteration":1005,"ms":3714.6371,"phase":"iterate"}
CONVERGENCE {"done":832,"iteration":1006,"ms":3712.3325999999997,"phase":"iterate"}
CONVERGENCE {"done":833,"iteration":1007,"ms":3715.785,"phase":"iterate"}
CONVERGENCE {"done":834,"iteration":1008,"ms":3713.1561,"phase":"iterate"}
CONVERGENCE {"done":835,"iteration":1009,"ms":3714.648,"phase":"iterate"}
CONVERGENCE {"done":836,"iteration":1010,"ms":3713.9357,"phase":"iterate"}
CONVERGENCE {"done":837,"iteration":1011,"ms":3713.9449999999997,"phase":"iterate"}
CONVERGENCE {"done":838,"iteration":1012,"ms":3712.6779,"phase":"iterate"}
CONVERGENCE {"done":839,"iteration":1013,"ms":3714.3544,"phase":"iterate"}
CONVERGENCE {"done":840,"iteration":1014,"ms":3714.7551000000003,"phase":"iterate"}
CONVERGENCE {"done":841,"iteration":1015,"ms":3720.6477,"phase":"iterate"}
CONVERGENCE {"done":842,"iteration":1016,"ms":3717.7714,"phase":"iterate"}
CONVERGENCE {"done":843,"iteration":1017,"ms":3714.0539000000003,"phase":"iterate"}
CONVERGENCE {"done":844,"iteration":1018,"ms":3723.3167,"phase":"iterate"}
CONVERGENCE {"done":845,"iteration":1019,"ms":3727.8153,"phase":"iterate"}
CONVERGENCE {"done":846,"iteration":1020,"ms":3721.3433999999997,"phase":"iterate"}
CONVERGENCE {"done":847,"iteration":1021,"ms":3715.401,"phase":"iterate"}
CONVERGENCE {"done":848,"iteration":1022,"ms":3720.3067,"phase":"iterate"}
CONVERGENCE {"done":849,"iteration":1023,"ms":3730.1910000000003,"phase":"iterate"}
CONVERGENCE {"done":850,"iteration":1024,"ms":3718.8376000000003,"phase":"iterate"}
CONVERGENCE {"check_ms":6570.7892,"checkpoint_ms":6816.5214000000005,"checks_ms_total":111744.78050000002,"done":850,"evs":[0.07038931045924209,0.0789077620286864,0.09094306371724994,0.10576317657474514,0.12824612747672431,0.15675569810642062,-0.5840136451219393,-0.48267003591875224],"gaps":[0.00042691695788699136,0.00031787989547604756,0.0005531200206456005,0.0003773022429995193,0.0005187001604023966,0.0007402829040965286,0.0009479462246677617,0.0009016062400162284],"iteration":1024,"iterations_ms_total":3415201.4810000006,"learning_gap_bb":0.004783754646191074,"live_seats":[true,true,true,true,true,true,true,true],"phase":"checkpoint","sync_ms":245.7322,"syncs_ms_total":4310.0306,"target_gap_bb":0.005,"target_reached":true}
CONVERGENCE {"path":"\\\\?\\T:\\Dev\\GTOpen\\target\\autoresearch\\preflop-20260910\\target\\research-convergence\\.convergence-79368-1789070748096700600\\checkpoint.gtop","phase":"save_staging"}
CONVERGENCE {"arena_fnv1a64":"2bb9359a48cfdade","budget_mb":23000,"check_every":50,"checks_ms_total":111744.78050000002,"converged":true,"done":850,"evs":[0.07038931045924209,0.0789077620286864,0.09094306371724994,0.10576317657474514,0.12824612747672431,0.15675569810642062,-0.5840136451219393,-0.48267003591875224],"gaps":[0.00042691695788699136,0.00031787989547604756,0.0005531200206456005,0.0003773022429995193,0.0005187001604023966,0.0007402829040965286,0.0009479462246677617,0.0009016062400162284],"harness":"convergence-control-v2","iteration":1024,"iterations_ms_total":3415201.4810000006,"learning_gap_bb":0.004783754646191074,"live_seats":[true,true,true,true,true,true,true,true],"no_learning_seats":false,"output":"\\\\?\\T:\\Dev\\GTOpen\\target\\autoresearch\\preflop-20260910\\target\\research-convergence\\extended-convergence-eight-compatible-a.gtop","phase":"result","reload_ms":1049.5584,"roundtrip_verified":true,"save_bytes":2119602750,"save_ms":4146.216,"start_iteration":174,"status":"target_reached","syncs_ms_total":4310.0306,"target_gap_bb":0.005,"trajectory_ms":3531289.7268000003}
