{
  "absolute_difference_bin_upper_bounds": [
    "0",
    "1e-12",
    "1e-10",
    "1e-8",
    "1e-6",
    "1e-4",
    "1e-2",
    "1",
    "infinity"
  ],
  "action_nodes": 762114,
  "all_compared_values_finite": true,
  "candidate": "T:/Dev/GTOpen/target/autoresearch/preflop-20260910/target/research-convergence/extended-convergence-eight-compatible-a.gtop",
  "decision_reach_weighted_class_tv_candidate": 0.0,
  "decision_reach_weighted_class_tv_original": 0.0,
  "effective_average_strategy": {
    "abs_bins": [
      264950257,
      0,
      0,
      0,
      0,
      0,
      0,
      0,
      0
    ],
    "bit_equal": 264950257,
    "entries": 264950257,
    "finite_pairs": 264950257,
    "max_abs": 0.0,
    "max_abs_index": 0,
    "max_relative": 0.0,
    "max_ulp": 0,
    "mean_abs": 0.0,
    "mean_signed_candidate_minus_original": 0.0,
    "negative_a": 0,
    "negative_b": 0,
    "nonfinite_a": 0,
    "nonfinite_b": 0,
    "numeric_equal": 264950257,
    "rmse": 0.0,
    "signed_sum": 0.0,
    "sum_abs": 0.0,
    "sum_squared": 0.0
  },
  "effective_by_accumulated_support_pair": {
    "(1e-12,1e-9] -> (1e-12,1e-9]": {
      "abs_bins": [
        59815152,
        0,
        0,
        0,
        0,
        0,
        0,
        0,
        0
      ],
      "bit_equal": 59815152,
      "entries": 59815152,
      "finite_pairs": 59815152,
      "max_abs": 0.0,
      "max_abs_index": 0,
      "max_relative": 0.0,
      "max_ulp": 0,
      "mean_abs": 0.0,
      "mean_signed_candidate_minus_original": 0.0,
      "negative_a": 0,
      "negative_b": 0,
      "nonfinite_a": 0,
      "nonfinite_b": 0,
      "numeric_equal": 59815152,
      "rmse": 0.0,
      "signed_sum": 0.0,
      "sum_abs": 0.0,
      "sum_squared": 0.0
    },
    "(1e-6,1e-3] -> (1e-6,1e-3]": {
      "abs_bins": [
        51631374,
        0,
        0,
        0,
        0,
        0,
        0,
        0,
        0
      ],
      "bit_equal": 51631374,
      "entries": 51631374,
      "finite_pairs": 51631374,
      "max_abs": 0.0,
      "max_abs_index": 0,
      "max_relative": 0.0,
      "max_ulp": 0,
      "mean_abs": 0.0,
      "mean_signed_candidate_minus_original": 0.0,
      "negative_a": 0,
      "negative_b": 0,
      "nonfinite_a": 0,
      "nonfinite_b": 0,
      "numeric_equal": 51631374,
      "rmse": 0.0,
      "signed_sum": 0.0,
      "sum_abs": 0.0,
      "sum_squared": 0.0
    },
    "(1e-9,1e-6] -> (1e-9,1e-6]": {
      "abs_bins": [
        102405132,
        0,
        0,
        0,
        0,
        0,
        0,
        0,
        0
      ],
      "bit_equal": 102405132,
      "entries": 102405132,
      "finite_pairs": 102405132,
      "max_abs": 0.0,
      "max_abs_index": 0,
      "max_relative": 0.0,
      "max_ulp": 0,
      "mean_abs": 0.0,
      "mean_signed_candidate_minus_original": 0.0,
      "negative_a": 0,
      "negative_b": 0,
      "nonfinite_a": 0,
      "nonfinite_b": 0,
      "numeric_equal": 102405132,
      "rmse": 0.0,
      "signed_sum": 0.0,
      "sum_abs": 0.0,
      "sum_squared": 0.0
    },
    "above_1e-3 -> above_1e-3": {
      "abs_bins": [
        51098599,
        0,
        0,
        0,
        0,
        0,
        0,
        0,
        0
      ],
      "bit_equal": 51098599,
      "entries": 51098599,
      "finite_pairs": 51098599,
      "max_abs": 0.0,
      "max_abs_index": 0,
      "max_relative": 0.0,
      "max_ulp": 0,
      "mean_abs": 0.0,
      "mean_signed_candidate_minus_original": 0.0,
      "negative_a": 0,
      "negative_b": 0,
      "nonfinite_a": 0,
      "nonfinite_b": 0,
      "numeric_equal": 51098599,
      "rmse": 0.0,
      "signed_sum": 0.0,
      "sum_abs": 0.0,
      "sum_squared": 0.0
    }
  },
  "effective_by_current_factorized_reach_pair": {
    "(0,1e-15] -> (0,1e-15]": {
      "abs_bins": [
        243296136,
        0,
        0,
        0,
        0,
        0,
        0,
        0,
        0
      ],
      "bit_equal": 243296136,
      "entries": 243296136,
      "finite_pairs": 243296136,
      "max_abs": 0.0,
      "max_abs_index": 0,
      "max_relative": 0.0,
      "max_ulp": 0,
      "mean_abs": 0.0,
      "mean_signed_candidate_minus_original": 0.0,
      "negative_a": 0,
      "negative_b": 0,
      "nonfinite_a": 0,
      "nonfinite_b": 0,
      "numeric_equal": 243296136,
      "rmse": 0.0,
      "signed_sum": 0.0,
      "sum_abs": 0.0,
      "sum_squared": 0.0
    },
    "(1e-12,1e-9] -> (1e-12,1e-9]": {
      "abs_bins": [
        4738359,
        0,
        0,
        0,
        0,
        0,
        0,
        0,
        0
      ],
      "bit_equal": 4738359,
      "entries": 4738359,
      "finite_pairs": 4738359,
      "max_abs": 0.0,
      "max_abs_index": 0,
      "max_relative": 0.0,
      "max_ulp": 0,
      "mean_abs": 0.0,
      "mean_signed_candidate_minus_original": 0.0,
      "negative_a": 0,
      "negative_b": 0,
      "nonfinite_a": 0,
      "nonfinite_b": 0,
      "numeric_equal": 4738359,
      "rmse": 0.0,
      "signed_sum": 0.0,
      "sum_abs": 0.0,
      "sum_squared": 0.0
    },
    "(1e-15,1e-12] -> (1e-15,1e-12]": {
      "abs_bins": [
        15737308,
        0,
        0,
        0,
        0,
        0,
        0,
        0,
        0
      ],
      "bit_equal": 15737308,
      "entries": 15737308,
      "finite_pairs": 15737308,
      "max_abs": 0.0,
      "max_abs_index": 0,
      "max_relative": 0.0,
      "max_ulp": 0,
      "mean_abs": 0.0,
      "mean_signed_candidate_minus_original": 0.0,
      "negative_a": 0,
      "negative_b": 0,
      "nonfinite_a": 0,
      "nonfinite_b": 0,
      "numeric_equal": 15737308,
      "rmse": 0.0,
      "signed_sum": 0.0,
      "sum_abs": 0.0,
      "sum_squared": 0.0
    },
    "(1e-9,1e-6] -> (1e-9,1e-6]": {
      "abs_bins": [
        957775,
        0,
        0,
        0,
        0,
        0,
        0,
        0,
        0
      ],
      "bit_equal": 957775,
      "entries": 957775,
      "finite_pairs": 957775,
      "max_abs": 0.0,
      "max_abs_index": 0,
      "max_relative": 0.0,
      "max_ulp": 0,
      "mean_abs": 0.0,
      "mean_signed_candidate_minus_original": 0.0,
      "negative_a": 0,
      "negative_b": 0,
      "nonfinite_a": 0,
      "nonfinite_b": 0,
      "numeric_equal": 957775,
      "rmse": 0.0,
      "signed_sum": 0.0,
      "sum_abs": 0.0,
      "sum_squared": 0.0
    },
    "above_1e-6 -> above_1e-6": {
      "abs_bins": [
        220679,
        0,
        0,
        0,
        0,
        0,
        0,
        0,
        0
      ],
      "bit_equal": 220679,
      "entries": 220679,
      "finite_pairs": 220679,
      "max_abs": 0.0,
      "max_abs_index": 0,
      "max_relative": 0.0,
      "max_ulp": 0,
      "mean_abs": 0.0,
      "mean_signed_candidate_minus_original": 0.0,
      "negative_a": 0,
      "negative_b": 0,
      "nonfinite_a": 0,
      "nonfinite_b": 0,
      "numeric_equal": 220679,
      "rmse": 0.0,
      "signed_sum": 0.0,
      "sum_abs": 0.0,
      "sum_squared": 0.0
    }
  },
  "equity_cache_samples": 20000,
  "finite_tv_classes": 128797266,
  "headers_identical_after_point_lock_order_canonicalization": true,
  "interpretation": [
    "Mass/support is accumulated strategy sum, not observation count or confidence.",
    "Zero raw mass can coexist with a valid forced policy. Effective averages use native locks/profile routing.",
    "Current reach uses the solver's factorized f32 propagation, including underflow; zero reach is not proof a state is mathematically impossible.",
    "Reach weighting sums decision opportunities across nodes; it is not an exploitability metric.",
    "Relative/ULP and near-zero bins are descriptive. No threshold or numerical acceptance conclusion is inferred."
  ],
  "invalid_effective_entries": 0,
  "invalid_reach_classes": 0,
  "iteration": 1024,
  "largest_effective_differences": [],
  "max_class_total_variation": 0.0,
  "max_effective_row_sum_error": 3.5762786865234375e-7,
  "mean_class_total_variation": 0.0,
  "node_hand_classes": 128797266,
  "original": "T:/Dev/GTOpen/target/autoresearch/preflop-20260910/target/research-convergence/extended-convergence-eight-original-a.gtop",
  "payoff_model": "coupled_deck_v1",
  "purpose": "descriptive numerical comparison; no acceptance thresholds applied",
  "raw_arena_normalized_strategy": {
    "abs_bins": [
      264950257,
      0,
      0,
      0,
      0,
      0,
      0,
      0,
      0
    ],
    "bit_equal": 264950257,
    "entries": 264950257,
    "finite_pairs": 264950257,
    "max_abs": 0.0,
    "max_abs_index": 0,
    "max_relative": 0.0,
    "max_ulp": 0,
    "mean_abs": 0.0,
    "mean_signed_candidate_minus_original": 0.0,
    "negative_a": 0,
    "negative_b": 0,
    "nonfinite_a": 0,
    "nonfinite_b": 0,
    "numeric_equal": 264950257,
    "rmse": 0.0,
    "signed_sum": 0.0,
    "sum_abs": 0.0,
    "sum_squared": 0.0
  },
  "raw_arenas": {
    "regrets": {
      "abs_bins": [
        264950257,
        0,
        0,
        0,
        0,
        0,
        0,
        0,
        0
      ],
      "bit_equal": 264950257,
      "entries": 264950257,
      "finite_pairs": 264950257,
      "max_abs": 0.0,
      "max_abs_index": 0,
      "max_relative": 0.0,
      "max_ulp": 0,
      "mean_abs": 0.0,
      "mean_signed_candidate_minus_original": 0.0,
      "negative_a": 49241139,
      "negative_b": 49241139,
      "nonfinite_a": 0,
      "nonfinite_b": 0,
      "numeric_equal": 264950257,
      "rmse": 0.0,
      "signed_sum": 0.0,
      "sum_abs": 0.0,
      "sum_squared": 0.0
    },
    "strategy_sums": {
      "abs_bins": [
        264950257,
        0,
        0,
        0,
        0,
        0,
        0,
        0,
        0
      ],
      "bit_equal": 264950257,
      "entries": 264950257,
      "finite_pairs": 264950257,
      "max_abs": 0.0,
      "max_abs_index": 0,
      "max_relative": 0.0,
      "max_ulp": 0,
      "mean_abs": 0.0,
      "mean_signed_candidate_minus_original": 0.0,
      "negative_a": 0,
      "negative_b": 0,
      "nonfinite_a": 0,
      "nonfinite_b": 0,
      "numeric_equal": 264950257,
      "rmse": 0.0,
      "signed_sum": 0.0,
      "sum_abs": 0.0,
      "sum_squared": 0.0
    }
  },
  "reach_pair_class_counts": {
    "(0,1e-15] -> (0,1e-15]": 119814070,
    "(1e-12,1e-9] -> (1e-12,1e-9]": 1819131,
    "(1e-15,1e-12] -> (1e-15,1e-12]": 6775900,
    "(1e-9,1e-6] -> (1e-9,1e-6]": 331115,
    "above_1e-6 -> above_1e-6": 57050
  },
  "support_pair_class_counts": {
    "(1e-12,1e-9] -> (1e-12,1e-9]": 29905464,
    "(1e-6,1e-3] -> (1e-6,1e-3]": 24809651,
    "(1e-9,1e-6] -> (1e-9,1e-6]": 50297646,
    "above_1e-3 -> above_1e-3": 23784505
  }
}
