CONVERGENCE {"additional_iteration_limit":900,"backend":"gpu","budget_mb":23000,"check_every":50,"equity_cache_fnv1a64":"eb725e19520a8405","harness":"convergence-control-v2","input":"\\\\?\\T:\\Dev\\GTOpen\\target\\autoresearch\\preflop-20260910\\target\\research-convergence\\convergence-eight-original-a.gtop","input_fnv1a64":"9b5a2d3f2c918f53","load_input_ms":1198.2828000000002,"nodes":1567754,"output":"\\\\?\\T:\\Dev\\GTOpen\\target\\autoresearch\\preflop-20260910\\target\\research-convergence\\extended-convergence-eight-original-a.gtop","phase":"manifest","realization_fit_fnv1a64":"7117a9b28b8ea80b","realization_fit_path":"\\\\?\\T:\\Dev\\GTOpen\\target\\autoresearch\\preflop-20260910\\cache\\realization_fit.json","start_state":{"config":{"add_allin":true,"allin_threshold":0.85,"ante":0.0,"call_only_seats":[],"limp":true,"max_raises":2,"no_flop_no_drop":true,"open_raises":[6.0,10.0],"open_raises_by_seat":null,"positions":["UTG","UTG1","MP","HJ","CO","BTN","SB","BB"],"posts":[0.0,0.0,0.0,0.0,0.0,0.0,1.0,1.0],"raise_mults":[3.0,5.0,7.0],"raise_mults_by_seat":null,"rake_cap":8.5,"rake_pct":10.0,"realization":"calibrated","stack":150.0},"frozen":[false,false,false,false,false,false,false,false],"hero":null,"iteration":174,"live_seats":[true,true,true,true,true,true,true,true],"model":"coupled_deck_v1","profiles_fnv1a64":"591c502870565ad5","profiles_json_bytes":41},"stop_rule":"sum(gaps of live_seats) < target; no initial check","target_gap_bb":0.005}
preflop gpu: coupled multiway, 1024 particles, 760578 reach CDFs, 32-particle batches, 16550 MB CDF scratch
preflop gpu: 1567754 nodes, 23 levels, 805640 terminals (119099 calibrated), 0 forced + 0 frozen nodes, ~20889 MB VRAM
CONVERGENCE {"ms":1338.05,"phase":"gpu_init"}
CONVERGENCE {"done":1,"iteration":175,"ms":9183.0946,"phase":"iterate"}
CONVERGENCE {"done":2,"iteration":176,"ms":9134.034099999999,"phase":"iterate"}
CONVERGENCE {"done":3,"iteration":177,"ms":9201.0718,"phase":"iterate"}
CONVERGENCE {"done":4,"iteration":178,"ms":9165.4666,"phase":"iterate"}
CONVERGENCE {"done":5,"iteration":179,"ms":9189.8116,"phase":"iterate"}
CONVERGENCE {"done":6,"iteration":180,"ms":9196.9005,"phase":"iterate"}
CONVERGENCE {"done":7,"iteration":181,"ms":9194.598,"phase":"iterate"}
CONVERGENCE {"done":8,"iteration":182,"ms":9208.8542,"phase":"iterate"}
CONVERGENCE {"done":9,"iteration":183,"ms":9205.9723,"phase":"iterate"}
CONVERGENCE {"done":10,"iteration":184,"ms":9241.9587,"phase":"iterate"}
CONVERGENCE {"done":11,"iteration":185,"ms":9230.281099999998,"phase":"iterate"}
CONVERGENCE {"done":12,"iteration":186,"ms":9227.391300000001,"phase":"iterate"}
CONVERGENCE {"done":13,"iteration":187,"ms":9203.1865,"phase":"iterate"}
CONVERGENCE {"done":14,"iteration":188,"ms":9190.4278,"phase":"iterate"}
CONVERGENCE {"done":15,"iteration":189,"ms":9164.699499999999,"phase":"iterate"}
CONVERGENCE {"done":16,"iteration":190,"ms":9183.8184,"phase":"iterate"}
CONVERGENCE {"done":17,"iteration":191,"ms":9174.9376,"phase":"iterate"}
CONVERGENCE {"done":18,"iteration":192,"ms":9130.0451,"phase":"iterate"}
CONVERGENCE {"done":19,"iteration":193,"ms":9138.266099999999,"phase":"iterate"}
CONVERGENCE {"done":20,"iteration":194,"ms":9085.4252,"phase":"iterate"}
CONVERGENCE {"done":21,"iteration":195,"ms":9098.416200000001,"phase":"iterate"}
CONVERGENCE {"done":22,"iteration":196,"ms":9106.2161,"phase":"iterate"}
CONVERGENCE {"done":23,"iteration":197,"ms":9062.288799999998,"phase":"iterate"}
CONVERGENCE {"done":24,"iteration":198,"ms":9069.195600000001,"phase":"iterate"}
CONVERGENCE {"done":25,"iteration":199,"ms":9120.597399999999,"phase":"iterate"}
CONVERGENCE {"done":26,"iteration":200,"ms":9073.2572,"phase":"iterate"}
CONVERGENCE {"done":27,"iteration":201,"ms":9166.324200000001,"phase":"iterate"}
CONVERGENCE {"done":28,"iteration":202,"ms":9185.5829,"phase":"iterate"}
CONVERGENCE {"done":29,"iteration":203,"ms":9164.697900000001,"phase":"iterate"}
CONVERGENCE {"done":30,"iteration":204,"ms":9157.6716,"phase":"iterate"}
CONVERGENCE {"done":31,"iteration":205,"ms":9086.9195,"phase":"iterate"}
CONVERGENCE {"done":32,"iteration":206,"ms":9061.179,"phase":"iterate"}
CONVERGENCE {"done":33,"iteration":207,"ms":9017.583999999999,"phase":"iterate"}
CONVERGENCE {"done":34,"iteration":208,"ms":9037.041000000001,"phase":"iterate"}
CONVERGENCE {"done":35,"iteration":209,"ms":9077.5592,"phase":"iterate"}
CONVERGENCE {"done":36,"iteration":210,"ms":9076.2392,"phase":"iterate"}
CONVERGENCE {"done":37,"iteration":211,"ms":9047.7515,"phase":"iterate"}
CONVERGENCE {"done":38,"iteration":212,"ms":9077.408500000001,"phase":"iterate"}
CONVERGENCE {"done":39,"iteration":213,"ms":9104.6987,"phase":"iterate"}
CONVERGENCE {"done":40,"iteration":214,"ms":9090.3748,"phase":"iterate"}
CONVERGENCE {"done":41,"iteration":215,"ms":9067.6768,"phase":"iterate"}
CONVERGENCE {"done":42,"iteration":216,"ms":9051.9452,"phase":"iterate"}
CONVERGENCE {"done":43,"iteration":217,"ms":9056.1972,"phase":"iterate"}
CONVERGENCE {"done":44,"iteration":218,"ms":9010.2435,"phase":"iterate"}
CONVERGENCE {"done":45,"iteration":219,"ms":8981.795,"phase":"iterate"}
CONVERGENCE {"done":46,"iteration":220,"ms":9010.7435,"phase":"iterate"}
CONVERGENCE {"done":47,"iteration":221,"ms":9048.5967,"phase":"iterate"}
CONVERGENCE {"done":48,"iteration":222,"ms":9045.445300000001,"phase":"iterate"}
CONVERGENCE {"done":49,"iteration":223,"ms":9039.2252,"phase":"iterate"}
CONVERGENCE {"done":50,"iteration":224,"ms":8950.4754,"phase":"iterate"}
CONVERGENCE {"check_ms":11652.1206,"checkpoint_ms":12176.852,"checks_ms_total":11652.1206,"done":50,"evs":[0.06416459208438595,0.07630879113628515,0.0871506034722712,0.10311471420715163,0.11942957190491887,0.14311765664876552,-0.5843391469233244,-0.4821984799220119],"gaps":[0.0100193514746523,0.007210722605687711,0.009039381588860876,0.006697815743242158,0.011690051922872258,0.015204325234178806,0.012842716968181955,0.014859409828794412],"iteration":224,"iterations_ms_total":455793.58810000005,"learning_gap_bb":0.08756377536647048,"live_seats":[true,true,true,true,true,true,true,true],"phase":"checkpoint","sync_ms":524.7314,"syncs_ms_total":524.7314,"target_gap_bb":0.005,"target_reached":false}
CONVERGENCE {"done":51,"iteration":225,"ms":8983.4254,"phase":"iterate"}
CONVERGENCE {"done":52,"iteration":226,"ms":9000.785600000001,"phase":"iterate"}
CONVERGENCE {"done":53,"iteration":227,"ms":9001.7506,"phase":"iterate"}
CONVERGENCE {"done":54,"iteration":228,"ms":9020.4197,"phase":"iterate"}
CONVERGENCE {"done":55,"iteration":229,"ms":8976.107,"phase":"iterate"}
CONVERGENCE {"done":56,"iteration":230,"ms":8981.9052,"phase":"iterate"}
CONVERGENCE {"done":57,"iteration":231,"ms":8958.4861,"phase":"iterate"}
CONVERGENCE {"done":58,"iteration":232,"ms":9032.1239,"phase":"iterate"}
CONVERGENCE {"done":59,"iteration":233,"ms":9015.7706,"phase":"iterate"}
CONVERGENCE {"done":60,"iteration":234,"ms":9011.9874,"phase":"iterate"}
CONVERGENCE {"done":61,"iteration":235,"ms":9065.250300000002,"phase":"iterate"}
CONVERGENCE {"done":62,"iteration":236,"ms":9023.2377,"phase":"iterate"}
CONVERGENCE {"done":63,"iteration":237,"ms":9001.9767,"phase":"iterate"}
CONVERGENCE {"done":64,"iteration":238,"ms":8964.507,"phase":"iterate"}
CONVERGENCE {"done":65,"iteration":239,"ms":8979.5578,"phase":"iterate"}
CONVERGENCE {"done":66,"iteration":240,"ms":8956.102400000002,"phase":"iterate"}
CONVERGENCE {"done":67,"iteration":241,"ms":9047.6617,"phase":"iterate"}
CONVERGENCE {"done":68,"iteration":242,"ms":8940.1955,"phase":"iterate"}
CONVERGENCE {"done":69,"iteration":243,"ms":8907.7307,"phase":"iterate"}
CONVERGENCE {"done":70,"iteration":244,"ms":8936.0571,"phase":"iterate"}
CONVERGENCE {"done":71,"iteration":245,"ms":8950.0707,"phase":"iterate"}
CONVERGENCE {"done":72,"iteration":246,"ms":8911.0573,"phase":"iterate"}
CONVERGENCE {"done":73,"iteration":247,"ms":8854.3989,"phase":"iterate"}
CONVERGENCE {"done":74,"iteration":248,"ms":8793.0923,"phase":"iterate"}
CONVERGENCE {"done":75,"iteration":249,"ms":8790.0743,"phase":"iterate"}
CONVERGENCE {"done":76,"iteration":250,"ms":8889.0748,"phase":"iterate"}
CONVERGENCE {"done":77,"iteration":251,"ms":8853.8822,"phase":"iterate"}
CONVERGENCE {"done":78,"iteration":252,"ms":8858.1714,"phase":"iterate"}
CONVERGENCE {"done":79,"iteration":253,"ms":8747.234199999999,"phase":"iterate"}
CONVERGENCE {"done":80,"iteration":254,"ms":8834.629299999999,"phase":"iterate"}
CONVERGENCE {"done":81,"iteration":255,"ms":8758.617300000002,"phase":"iterate"}
CONVERGENCE {"done":82,"iteration":256,"ms":8746.8872,"phase":"iterate"}
CONVERGENCE {"done":83,"iteration":257,"ms":8679.094799999999,"phase":"iterate"}
CONVERGENCE {"done":84,"iteration":258,"ms":8791.7751,"phase":"iterate"}
CONVERGENCE {"done":85,"iteration":259,"ms":8749.4365,"phase":"iterate"}
CONVERGENCE {"done":86,"iteration":260,"ms":8754.384,"phase":"iterate"}
CONVERGENCE {"done":87,"iteration":261,"ms":8792.8503,"phase":"iterate"}
CONVERGENCE {"done":88,"iteration":262,"ms":8809.4734,"phase":"iterate"}
CONVERGENCE {"done":89,"iteration":263,"ms":8827.7911,"phase":"iterate"}
CONVERGENCE {"done":90,"iteration":264,"ms":8723.6069,"phase":"iterate"}
CONVERGENCE {"done":91,"iteration":265,"ms":8743.5227,"phase":"iterate"}
CONVERGENCE {"done":92,"iteration":266,"ms":8729.1419,"phase":"iterate"}
CONVERGENCE {"done":93,"iteration":267,"ms":8798.1351,"phase":"iterate"}
CONVERGENCE {"done":94,"iteration":268,"ms":8858.7629,"phase":"iterate"}
CONVERGENCE {"done":95,"iteration":269,"ms":8800.6842,"phase":"iterate"}
CONVERGENCE {"done":96,"iteration":270,"ms":8869.746299999999,"phase":"iterate"}
CONVERGENCE {"done":97,"iteration":271,"ms":8771.161100000001,"phase":"iterate"}
CONVERGENCE {"done":98,"iteration":272,"ms":8735.7838,"phase":"iterate"}
CONVERGENCE {"done":99,"iteration":273,"ms":8843.7454,"phase":"iterate"}
CONVERGENCE {"done":100,"iteration":274,"ms":8895.3395,"phase":"iterate"}
CONVERGENCE {"check_ms":11645.1839,"checkpoint_ms":11895.8446,"checks_ms_total":23297.3045,"done":100,"evs":[0.06556873602309052,0.07730103812450898,0.08800345552072741,0.1038640377415556,0.12146669148891949,0.14737652330937795,-0.5833319759110726,-0.48186957733088476],"gaps":[0.007668542816758078,0.004847706975084659,0.00655358334534363,0.004638140193017157,0.008002929379922821,0.010639247236674004,0.00853440172016362,0.009732354206339888],"iteration":274,"iterations_ms_total":899760.2514,"learning_gap_bb":0.06061690587330386,"live_seats":[true,true,true,true,true,true,true,true],"phase":"checkpoint","sync_ms":250.66070000000002,"syncs_ms_total":775.3921,"target_gap_bb":0.005,"target_reached":false}
CONVERGENCE {"done":101,"iteration":275,"ms":8814.6747,"phase":"iterate"}
CONVERGENCE {"done":102,"iteration":276,"ms":8765.5081,"phase":"iterate"}
CONVERGENCE {"done":103,"iteration":277,"ms":8761.562,"phase":"iterate"}
CONVERGENCE {"done":104,"iteration":278,"ms":8776.671499999999,"phase":"iterate"}
CONVERGENCE {"done":105,"iteration":279,"ms":8796.55,"phase":"iterate"}
CONVERGENCE {"done":106,"iteration":280,"ms":8792.725199999999,"phase":"iterate"}
CONVERGENCE {"done":107,"iteration":281,"ms":8811.2143,"phase":"iterate"}
CONVERGENCE {"done":108,"iteration":282,"ms":8787.8733,"phase":"iterate"}
CONVERGENCE {"done":109,"iteration":283,"ms":8782.4518,"phase":"iterate"}
CONVERGENCE {"done":110,"iteration":284,"ms":8784.7046,"phase":"iterate"}
CONVERGENCE {"done":111,"iteration":285,"ms":8779.9817,"phase":"iterate"}
CONVERGENCE {"done":112,"iteration":286,"ms":8796.806999999999,"phase":"iterate"}
CONVERGENCE {"done":113,"iteration":287,"ms":8811.8077,"phase":"iterate"}
CONVERGENCE {"done":114,"iteration":288,"ms":8826.8334,"phase":"iterate"}
CONVERGENCE {"done":115,"iteration":289,"ms":8896.270400000001,"phase":"iterate"}
CONVERGENCE {"done":116,"iteration":290,"ms":8918.7242,"phase":"iterate"}
CONVERGENCE {"done":117,"iteration":291,"ms":8892.8597,"phase":"iterate"}
CONVERGENCE {"done":118,"iteration":292,"ms":8914.5741,"phase":"iterate"}
CONVERGENCE {"done":119,"iteration":293,"ms":8901.7605,"phase":"iterate"}
CONVERGENCE {"done":120,"iteration":294,"ms":8860.7035,"phase":"iterate"}
CONVERGENCE {"done":121,"iteration":295,"ms":8870.633399999999,"phase":"iterate"}
CONVERGENCE {"done":122,"iteration":296,"ms":8861.7505,"phase":"iterate"}
CONVERGENCE {"done":123,"iteration":297,"ms":8861.258,"phase":"iterate"}
CONVERGENCE {"done":124,"iteration":298,"ms":8893.7258,"phase":"iterate"}
CONVERGENCE {"done":125,"iteration":299,"ms":8904.3785,"phase":"iterate"}
CONVERGENCE {"done":126,"iteration":300,"ms":8875.037600000001,"phase":"iterate"}
CONVERGENCE {"done":127,"iteration":301,"ms":8861.9486,"phase":"iterate"}
CONVERGENCE {"done":128,"iteration":302,"ms":8846.5143,"phase":"iterate"}
CONVERGENCE {"done":129,"iteration":303,"ms":8819.2996,"phase":"iterate"}
CONVERGENCE {"done":130,"iteration":304,"ms":8821.213800000001,"phase":"iterate"}
CONVERGENCE {"done":131,"iteration":305,"ms":8850.2147,"phase":"iterate"}
CONVERGENCE {"done":132,"iteration":306,"ms":8852.6688,"phase":"iterate"}
CONVERGENCE {"done":133,"iteration":307,"ms":8817.864099999999,"phase":"iterate"}
CONVERGENCE {"done":134,"iteration":308,"ms":8809.9433,"phase":"iterate"}
CONVERGENCE {"done":135,"iteration":309,"ms":8802.2961,"phase":"iterate"}
CONVERGENCE {"done":136,"iteration":310,"ms":8778.8696,"phase":"iterate"}
CONVERGENCE {"done":137,"iteration":311,"ms":8808.2612,"phase":"iterate"}
CONVERGENCE {"done":138,"iteration":312,"ms":8804.4714,"phase":"iterate"}
CONVERGENCE {"done":139,"iteration":313,"ms":8794.5691,"phase":"iterate"}
CONVERGENCE {"done":140,"iteration":314,"ms":8783.1042,"phase":"iterate"}
CONVERGENCE {"done":141,"iteration":315,"ms":8791.1238,"phase":"iterate"}
CONVERGENCE {"done":142,"iteration":316,"ms":8834.0938,"phase":"iterate"}
CONVERGENCE {"done":143,"iteration":317,"ms":8817.5691,"phase":"iterate"}
CONVERGENCE {"done":144,"iteration":318,"ms":8711.6486,"phase":"iterate"}
CONVERGENCE {"done":145,"iteration":319,"ms":8660.6707,"phase":"iterate"}
CONVERGENCE {"done":146,"iteration":320,"ms":8700.8537,"phase":"iterate"}
CONVERGENCE {"done":147,"iteration":321,"ms":8701.9138,"phase":"iterate"}
CONVERGENCE {"done":148,"iteration":322,"ms":8669.8477,"phase":"iterate"}
CONVERGENCE {"done":149,"iteration":323,"ms":8647.8421,"phase":"iterate"}
CONVERGENCE {"done":150,"iteration":324,"ms":8658.9528,"phase":"iterate"}
CONVERGENCE {"check_ms":11634.4725,"checkpoint_ms":11881.6671,"checks_ms_total":34931.777,"done":150,"evs":[0.0671658625051492,0.07784432908670932,0.08899989952707654,0.10443257826709977,0.12295665802907682,0.14994248498593798,-0.5828482467647549,-0.48213671994105534],"gaps":[0.005289794807930598,0.0031739804496805912,0.0044222998526672885,0.0033181359807168548,0.00559205029225926,0.007570771707694768,0.005941600719414408,0.006803100909691384],"iteration":324,"iterations_ms_total":1340147.0477999998,"learning_gap_bb":0.04211173472005515,"live_seats":[true,true,true,true,true,true,true,true],"phase":"checkpoint","sync_ms":247.19459999999998,"syncs_ms_total":1022.5867000000001,"target_gap_bb":0.005,"target_reached":false}
CONVERGENCE {"done":151,"iteration":325,"ms":8666.1801,"phase":"iterate"}
CONVERGENCE {"done":152,"iteration":326,"ms":8677.6667,"phase":"iterate"}
CONVERGENCE {"done":153,"iteration":327,"ms":8657.5407,"phase":"iterate"}
CONVERGENCE {"done":154,"iteration":328,"ms":8643.862000000001,"phase":"iterate"}
CONVERGENCE {"done":155,"iteration":329,"ms":8655.6207,"phase":"iterate"}
CONVERGENCE {"done":156,"iteration":330,"ms":8644.5562,"phase":"iterate"}
CONVERGENCE {"done":157,"iteration":331,"ms":8634.1955,"phase":"iterate"}
CONVERGENCE {"done":158,"iteration":332,"ms":8643.8788,"phase":"iterate"}
CONVERGENCE {"done":159,"iteration":333,"ms":8635.6536,"phase":"iterate"}
CONVERGENCE {"done":160,"iteration":334,"ms":8674.207900000001,"phase":"iterate"}
CONVERGENCE {"done":161,"iteration":335,"ms":8631.124099999999,"phase":"iterate"}
CONVERGENCE {"done":162,"iteration":336,"ms":8606.137499999999,"phase":"iterate"}
CONVERGENCE {"done":163,"iteration":337,"ms":8589.4796,"phase":"iterate"}
CONVERGENCE {"done":164,"iteration":338,"ms":8607.477299999999,"phase":"iterate"}
CONVERGENCE {"done":165,"iteration":339,"ms":8646.8981,"phase":"iterate"}
CONVERGENCE {"done":166,"iteration":340,"ms":8615.8569,"phase":"iterate"}
CONVERGENCE {"done":167,"iteration":341,"ms":8605.0968,"phase":"iterate"}
CONVERGENCE {"done":168,"iteration":342,"ms":8605.0833,"phase":"iterate"}
CONVERGENCE {"done":169,"iteration":343,"ms":8596.9404,"phase":"iterate"}
CONVERGENCE {"done":170,"iteration":344,"ms":8593.590900000001,"phase":"iterate"}
CONVERGENCE {"done":171,"iteration":345,"ms":8598.8477,"phase":"iterate"}
CONVERGENCE {"done":172,"iteration":346,"ms":8600.1375,"phase":"iterate"}
CONVERGENCE {"done":173,"iteration":347,"ms":8583.8139,"phase":"iterate"}
CONVERGENCE {"done":174,"iteration":348,"ms":8604.537,"phase":"iterate"}
CONVERGENCE {"done":175,"iteration":349,"ms":8585.5336,"phase":"iterate"}
CONVERGENCE {"done":176,"iteration":350,"ms":8577.8178,"phase":"iterate"}
CONVERGENCE {"done":177,"iteration":351,"ms":8568.6842,"phase":"iterate"}
CONVERGENCE {"done":178,"iteration":352,"ms":8554.9749,"phase":"iterate"}
CONVERGENCE {"done":179,"iteration":353,"ms":8552.0765,"phase":"iterate"}
CONVERGENCE {"done":180,"iteration":354,"ms":8533.7667,"phase":"iterate"}
CONVERGENCE {"done":181,"iteration":355,"ms":8528.400899999999,"phase":"iterate"}
CONVERGENCE {"done":182,"iteration":356,"ms":8529.687600000001,"phase":"iterate"}
CONVERGENCE {"done":183,"iteration":357,"ms":8519.7694,"phase":"iterate"}
CONVERGENCE {"done":184,"iteration":358,"ms":8522.351,"phase":"iterate"}
CONVERGENCE {"done":185,"iteration":359,"ms":8526.7606,"phase":"iterate"}
CONVERGENCE {"done":186,"iteration":360,"ms":8528.1848,"phase":"iterate"}
CONVERGENCE {"done":187,"iteration":361,"ms":8525.3948,"phase":"iterate"}
CONVERGENCE {"done":188,"iteration":362,"ms":8549.9115,"phase":"iterate"}
CONVERGENCE {"done":189,"iteration":363,"ms":8542.6368,"phase":"iterate"}
CONVERGENCE {"done":190,"iteration":364,"ms":8550.608199999999,"phase":"iterate"}
CONVERGENCE {"done":191,"iteration":365,"ms":8523.0641,"phase":"iterate"}
CONVERGENCE {"done":192,"iteration":366,"ms":8406.5206,"phase":"iterate"}
CONVERGENCE {"done":193,"iteration":367,"ms":8285.4862,"phase":"iterate"}
CONVERGENCE {"done":194,"iteration":368,"ms":8251.5836,"phase":"iterate"}
CONVERGENCE {"done":195,"iteration":369,"ms":8253.864,"phase":"iterate"}
CONVERGENCE {"done":196,"iteration":370,"ms":8235.0727,"phase":"iterate"}
CONVERGENCE {"done":197,"iteration":371,"ms":8284.4467,"phase":"iterate"}
CONVERGENCE {"done":198,"iteration":372,"ms":8293.1747,"phase":"iterate"}
CONVERGENCE {"done":199,"iteration":373,"ms":8269.855599999999,"phase":"iterate"}
CONVERGENCE {"done":200,"iteration":374,"ms":8278.3938,"phase":"iterate"}
CONVERGENCE {"check_ms":11626.4012,"checkpoint_ms":11883.0862,"checks_ms_total":46558.1782,"done":200,"evs":[0.068257402623045,0.07803130674864875,0.0896885761113426,0.10470085119193728,0.1240728900294942,0.15167412777954978,-0.5825442808266084,-0.48243855577428474],"gaps":[0.0038645077025156183,0.0022305895609879695,0.0031107949539063706,0.0024245165931433693,0.004161609392644955,0.005630629576131807,0.004441562286835565,0.005034107821349498],"iteration":374,"iterations_ms_total":1766943.4522999993,"learning_gap_bb":0.030898317887515153,"live_seats":[true,true,true,true,true,true,true,true],"phase":"checkpoint","sync_ms":256.685,"syncs_ms_total":1279.2717,"target_gap_bb":0.005,"target_reached":false}
CONVERGENCE {"done":201,"iteration":375,"ms":8280.7103,"phase":"iterate"}
CONVERGENCE {"done":202,"iteration":376,"ms":8291.2026,"phase":"iterate"}
CONVERGENCE {"done":203,"iteration":377,"ms":8276.0158,"phase":"iterate"}
CONVERGENCE {"done":204,"iteration":378,"ms":8277.8663,"phase":"iterate"}
CONVERGENCE {"done":205,"iteration":379,"ms":8277.4631,"phase":"iterate"}
CONVERGENCE {"done":206,"iteration":380,"ms":8292.9061,"phase":"iterate"}
CONVERGENCE {"done":207,"iteration":381,"ms":8274.283000000001,"phase":"iterate"}
CONVERGENCE {"done":208,"iteration":382,"ms":8280.8979,"phase":"iterate"}
CONVERGENCE {"done":209,"iteration":383,"ms":8293.3519,"phase":"iterate"}
CONVERGENCE {"done":210,"iteration":384,"ms":8297.3142,"phase":"iterate"}
CONVERGENCE {"done":211,"iteration":385,"ms":8288.6802,"phase":"iterate"}
CONVERGENCE {"done":212,"iteration":386,"ms":8281.574900000001,"phase":"iterate"}
CONVERGENCE {"done":213,"iteration":387,"ms":8289.121299999999,"phase":"iterate"}
CONVERGENCE {"done":214,"iteration":388,"ms":8283.1857,"phase":"iterate"}
CONVERGENCE {"done":215,"iteration":389,"ms":8301.9694,"phase":"iterate"}
CONVERGENCE {"done":216,"iteration":390,"ms":8288.6148,"phase":"iterate"}
CONVERGENCE {"done":217,"iteration":391,"ms":8303.7905,"phase":"iterate"}
CONVERGENCE {"done":218,"iteration":392,"ms":8279.375699999999,"phase":"iterate"}
CONVERGENCE {"done":219,"iteration":393,"ms":8280.0246,"phase":"iterate"}
CONVERGENCE {"done":220,"iteration":394,"ms":8309.431999999999,"phase":"iterate"}
CONVERGENCE {"done":221,"iteration":395,"ms":8258.3463,"phase":"iterate"}
CONVERGENCE {"done":222,"iteration":396,"ms":8247.484,"phase":"iterate"}
CONVERGENCE {"done":223,"iteration":397,"ms":8252.1795,"phase":"iterate"}
CONVERGENCE {"done":224,"iteration":398,"ms":8238.8071,"phase":"iterate"}
CONVERGENCE {"done":225,"iteration":399,"ms":8253.4154,"phase":"iterate"}
CONVERGENCE {"done":226,"iteration":400,"ms":8271.0481,"phase":"iterate"}
CONVERGENCE {"done":227,"iteration":401,"ms":8250.579399999999,"phase":"iterate"}
CONVERGENCE {"done":228,"iteration":402,"ms":8228.063600000001,"phase":"iterate"}
CONVERGENCE {"done":229,"iteration":403,"ms":8228.204699999998,"phase":"iterate"}
CONVERGENCE {"done":230,"iteration":404,"ms":8218.2019,"phase":"iterate"}
CONVERGENCE {"done":231,"iteration":405,"ms":8210.137200000001,"phase":"iterate"}
CONVERGENCE {"done":232,"iteration":406,"ms":8266.8982,"phase":"iterate"}
CONVERGENCE {"done":233,"iteration":407,"ms":8259.223399999999,"phase":"iterate"}
CONVERGENCE {"done":234,"iteration":408,"ms":8299.775800000001,"phase":"iterate"}
CONVERGENCE {"done":235,"iteration":409,"ms":8227.8233,"phase":"iterate"}
CONVERGENCE {"done":236,"iteration":410,"ms":8228.4649,"phase":"iterate"}
CONVERGENCE {"done":237,"iteration":411,"ms":8232.5867,"phase":"iterate"}
CONVERGENCE {"done":238,"iteration":412,"ms":8215.693,"phase":"iterate"}
CONVERGENCE {"done":239,"iteration":413,"ms":8205.7338,"phase":"iterate"}
CONVERGENCE {"done":240,"iteration":414,"ms":8202.0323,"phase":"iterate"}
CONVERGENCE {"done":241,"iteration":415,"ms":8188.866499999999,"phase":"iterate"}
CONVERGENCE {"done":242,"iteration":416,"ms":8203.1618,"phase":"iterate"}
CONVERGENCE {"done":243,"iteration":417,"ms":8203.2898,"phase":"iterate"}
CONVERGENCE {"done":244,"iteration":418,"ms":8226.1572,"phase":"iterate"}
CONVERGENCE {"done":245,"iteration":419,"ms":8205.898,"phase":"iterate"}
CONVERGENCE {"done":246,"iteration":420,"ms":8204.5636,"phase":"iterate"}
CONVERGENCE {"done":247,"iteration":421,"ms":8201.0572,"phase":"iterate"}
CONVERGENCE {"done":248,"iteration":422,"ms":8237.311800000001,"phase":"iterate"}
CONVERGENCE {"done":249,"iteration":423,"ms":8218.9981,"phase":"iterate"}
CONVERGENCE {"done":250,"iteration":424,"ms":8221.658,"phase":"iterate"}
CONVERGENCE {"check_ms":11632.0376,"checkpoint_ms":11878.8301,"checks_ms_total":58190.215800000005,"done":250,"evs":[0.0689226215643531,0.0781361431329452,0.09004858767260088,0.10487762918855192,0.12501158891981165,0.15294730478200103,-0.5826747642291253,-0.482761880068302],"gaps":[0.002929685613654351,0.0016952361826906848,0.0023364770465422458,0.0018498616688787939,0.0032019349659205,0.0042974998201590064,0.0035220846092444136,0.003940810973345643],"iteration":424,"iterations_ms_total":2179596.8931999984,"learning_gap_bb":0.02377359088043564,"live_seats":[true,true,true,true,true,true,true,true],"phase":"checkpoint","sync_ms":246.7925,"syncs_ms_total":1526.0642,"target_gap_bb":0.005,"target_reached":false}
CONVERGENCE {"done":251,"iteration":425,"ms":8214.9284,"phase":"iterate"}
CONVERGENCE {"done":252,"iteration":426,"ms":8226.1006,"phase":"iterate"}
CONVERGENCE {"done":253,"iteration":427,"ms":8223.5409,"phase":"iterate"}
CONVERGENCE {"done":254,"iteration":428,"ms":8231.007,"phase":"iterate"}
CONVERGENCE {"done":255,"iteration":429,"ms":8220.4188,"phase":"iterate"}
CONVERGENCE {"done":256,"iteration":430,"ms":8193.7027,"phase":"iterate"}
CONVERGENCE {"done":257,"iteration":431,"ms":8202.039299999999,"phase":"iterate"}
CONVERGENCE {"done":258,"iteration":432,"ms":8167.5686,"phase":"iterate"}
CONVERGENCE {"done":259,"iteration":433,"ms":8139.579599999999,"phase":"iterate"}
CONVERGENCE {"done":260,"iteration":434,"ms":8140.5609,"phase":"iterate"}
CONVERGENCE {"done":261,"iteration":435,"ms":8176.4112000000005,"phase":"iterate"}
CONVERGENCE {"done":262,"iteration":436,"ms":8169.2304,"phase":"iterate"}
CONVERGENCE {"done":263,"iteration":437,"ms":8163.8579,"phase":"iterate"}
CONVERGENCE {"done":264,"iteration":438,"ms":8150.313499999999,"phase":"iterate"}
CONVERGENCE {"done":265,"iteration":439,"ms":8134.4619999999995,"phase":"iterate"}
CONVERGENCE {"done":266,"iteration":440,"ms":8142.8963,"phase":"iterate"}
CONVERGENCE {"done":267,"iteration":441,"ms":8127.067,"phase":"iterate"}
CONVERGENCE {"done":268,"iteration":442,"ms":8155.7035,"phase":"iterate"}
CONVERGENCE {"done":269,"iteration":443,"ms":8120.1808,"phase":"iterate"}
CONVERGENCE {"done":270,"iteration":444,"ms":8102.7238,"phase":"iterate"}
CONVERGENCE {"done":271,"iteration":445,"ms":8114.5821,"phase":"iterate"}
CONVERGENCE {"done":272,"iteration":446,"ms":8105.14,"phase":"iterate"}
CONVERGENCE {"done":273,"iteration":447,"ms":8099.5901,"phase":"iterate"}
CONVERGENCE {"done":274,"iteration":448,"ms":8221.9691,"phase":"iterate"}
CONVERGENCE {"done":275,"iteration":449,"ms":8245.3465,"phase":"iterate"}
CONVERGENCE {"done":276,"iteration":450,"ms":8231.896,"phase":"iterate"}
CONVERGENCE {"done":277,"iteration":451,"ms":8224.9553,"phase":"iterate"}
CONVERGENCE {"done":278,"iteration":452,"ms":8240.5289,"phase":"iterate"}
CONVERGENCE {"done":279,"iteration":453,"ms":8251.5693,"phase":"iterate"}
CONVERGENCE {"done":280,"iteration":454,"ms":8238.8451,"phase":"iterate"}
CONVERGENCE {"done":281,"iteration":455,"ms":8234.9298,"phase":"iterate"}
CONVERGENCE {"done":282,"iteration":456,"ms":8285.5055,"phase":"iterate"}
CONVERGENCE {"done":283,"iteration":457,"ms":8265.9617,"phase":"iterate"}
CONVERGENCE {"done":284,"iteration":458,"ms":8248.5323,"phase":"iterate"}
CONVERGENCE {"done":285,"iteration":459,"ms":8242.254,"phase":"iterate"}
CONVERGENCE {"done":286,"iteration":460,"ms":8229.6728,"phase":"iterate"}
CONVERGENCE {"done":287,"iteration":461,"ms":8232.095899999998,"phase":"iterate"}
CONVERGENCE {"done":288,"iteration":462,"ms":8227.6348,"phase":"iterate"}
CONVERGENCE {"done":289,"iteration":463,"ms":8224.27,"phase":"iterate"}
CONVERGENCE {"done":290,"iteration":464,"ms":8242.4234,"phase":"iterate"}
CONVERGENCE {"done":291,"iteration":465,"ms":8244.0252,"phase":"iterate"}
CONVERGENCE {"done":292,"iteration":466,"ms":8237.8613,"phase":"iterate"}
CONVERGENCE {"done":293,"iteration":467,"ms":8232.2296,"phase":"iterate"}
CONVERGENCE {"done":294,"iteration":468,"ms":8226.002700000001,"phase":"iterate"}
CONVERGENCE {"done":295,"iteration":469,"ms":8226.467200000001,"phase":"iterate"}
CONVERGENCE {"done":296,"iteration":470,"ms":8242.9921,"phase":"iterate"}
CONVERGENCE {"done":297,"iteration":471,"ms":8214.2397,"phase":"iterate"}
CONVERGENCE {"done":298,"iteration":472,"ms":8218.5748,"phase":"iterate"}
CONVERGENCE {"done":299,"iteration":473,"ms":8219.878700000001,"phase":"iterate"}
CONVERGENCE {"done":300,"iteration":474,"ms":8225.3656,"phase":"iterate"}
CONVERGENCE {"check_ms":11634.3093,"checkpoint_ms":11883.536300000002,"checks_ms_total":69824.5251,"done":300,"evs":[0.06938339622531735,0.07827058585202562,0.09027046812243222,0.10514120921184467,0.12579616638238234,0.15381801001469533,-0.583499076286202,-0.4823826272886379],"gaps":[0.0022360788834022705,0.0013407264087819948,0.0019386803544215597,0.0015376140664798144,0.0025471066421885458,0.003341964053050095,0.002794380432872945,0.003315131184751796],"iteration":474,"iterations_ms_total":2589694.525899998,"learning_gap_bb":0.01905168202594902,"live_seats":[true,true,true,true,true,true,true,true],"phase":"checkpoint","sync_ms":249.227,"syncs_ms_total":1775.2912000000001,"target_gap_bb":0.005,"target_reached":false}
CONVERGENCE {"done":301,"iteration":475,"ms":8217.908899999999,"phase":"iterate"}
CONVERGENCE {"done":302,"iteration":476,"ms":8225.955,"phase":"iterate"}
CONVERGENCE {"done":303,"iteration":477,"ms":8216.681700000001,"phase":"iterate"}
CONVERGENCE {"done":304,"iteration":478,"ms":8236.2474,"phase":"iterate"}
CONVERGENCE {"done":305,"iteration":479,"ms":8239.5998,"phase":"iterate"}
CONVERGENCE {"done":306,"iteration":480,"ms":8297.7086,"phase":"iterate"}
CONVERGENCE {"done":307,"iteration":481,"ms":8254.739300000001,"phase":"iterate"}
CONVERGENCE {"done":308,"iteration":482,"ms":8262.3413,"phase":"iterate"}
CONVERGENCE {"done":309,"iteration":483,"ms":8243.1914,"phase":"iterate"}
CONVERGENCE {"done":310,"iteration":484,"ms":8256.216999999999,"phase":"iterate"}
CONVERGENCE {"done":311,"iteration":485,"ms":8236.0733,"phase":"iterate"}
CONVERGENCE {"done":312,"iteration":486,"ms":8261.7906,"phase":"iterate"}
CONVERGENCE {"done":313,"iteration":487,"ms":8251.4915,"phase":"iterate"}
CONVERGENCE {"done":314,"iteration":488,"ms":8261.4076,"phase":"iterate"}
CONVERGENCE {"done":315,"iteration":489,"ms":8253.0858,"phase":"iterate"}
CONVERGENCE {"done":316,"iteration":490,"ms":8279.5365,"phase":"iterate"}
CONVERGENCE {"done":317,"iteration":491,"ms":8255.5833,"phase":"iterate"}
CONVERGENCE {"done":318,"iteration":492,"ms":8255.6473,"phase":"iterate"}
CONVERGENCE {"done":319,"iteration":493,"ms":8252.3592,"phase":"iterate"}
CONVERGENCE {"done":320,"iteration":494,"ms":8128.5623000000005,"phase":"iterate"}
CONVERGENCE {"done":321,"iteration":495,"ms":8099.2762999999995,"phase":"iterate"}
CONVERGENCE {"done":322,"iteration":496,"ms":8100.0473,"phase":"iterate"}
CONVERGENCE {"done":323,"iteration":497,"ms":8109.1008999999995,"phase":"iterate"}
CONVERGENCE {"done":324,"iteration":498,"ms":8147.5481,"phase":"iterate"}
CONVERGENCE {"done":325,"iteration":499,"ms":8099.0903,"phase":"iterate"}
CONVERGENCE {"done":326,"iteration":500,"ms":8172.0835,"phase":"iterate"}
CONVERGENCE {"done":327,"iteration":501,"ms":8220.9898,"phase":"iterate"}
CONVERGENCE {"done":328,"iteration":502,"ms":8156.7381000000005,"phase":"iterate"}
CONVERGENCE {"done":329,"iteration":503,"ms":8129.5647,"phase":"iterate"}
CONVERGENCE {"done":330,"iteration":504,"ms":8154.0537,"phase":"iterate"}
CONVERGENCE {"done":331,"iteration":505,"ms":8161.0084,"phase":"iterate"}
CONVERGENCE {"done":332,"iteration":506,"ms":8033.657699999999,"phase":"iterate"}
CONVERGENCE {"done":333,"iteration":507,"ms":8008.238,"phase":"iterate"}
CONVERGENCE {"done":334,"iteration":508,"ms":8041.8666,"phase":"iterate"}
CONVERGENCE {"done":335,"iteration":509,"ms":8023.7709,"phase":"iterate"}
CONVERGENCE {"done":336,"iteration":510,"ms":7997.577200000001,"phase":"iterate"}
CONVERGENCE {"done":337,"iteration":511,"ms":7992.3058,"phase":"iterate"}
CONVERGENCE {"done":338,"iteration":512,"ms":7997.3817,"phase":"iterate"}
CONVERGENCE {"done":339,"iteration":513,"ms":8035.3242,"phase":"iterate"}
CONVERGENCE {"done":340,"iteration":514,"ms":7989.4537,"phase":"iterate"}
CONVERGENCE {"done":341,"iteration":515,"ms":8098.2219000000005,"phase":"iterate"}
CONVERGENCE {"done":342,"iteration":516,"ms":8150.9176,"phase":"iterate"}
CONVERGENCE {"done":343,"iteration":517,"ms":8129.6228,"phase":"iterate"}
CONVERGENCE {"done":344,"iteration":518,"ms":8168.2685,"phase":"iterate"}
CONVERGENCE {"done":345,"iteration":519,"ms":8140.721,"phase":"iterate"}
CONVERGENCE {"done":346,"iteration":520,"ms":8130.921,"phase":"iterate"}
CONVERGENCE {"done":347,"iteration":521,"ms":8110.873,"phase":"iterate"}
CONVERGENCE {"done":348,"iteration":522,"ms":8111.055500000001,"phase":"iterate"}
CONVERGENCE {"done":349,"iteration":523,"ms":8144.619199999999,"phase":"iterate"}
CONVERGENCE {"done":350,"iteration":524,"ms":8137.3836,"phase":"iterate"}
CONVERGENCE {"check_ms":11507.580600000001,"checkpoint_ms":11754.324900000001,"checks_ms_total":81332.1057,"done":350,"evs":[0.06963154101305058,0.07838889378144417,0.09040879440661441,0.10531841055690269,0.12627378172226353,0.1543577282892465,-0.5835956263337769,-0.4820550379356441],"gaps":[0.0017886320246946474,0.00112347237192581,0.0015932694490528448,0.0012902203383519106,0.0021022574269983496,0.002684357320106412,0.00225813189866797,0.0028029447462568635],"iteration":524,"iterations_ms_total":2997572.334699997,"learning_gap_bb":0.015643285576054808,"live_seats":[true,true,true,true,true,true,true,true],"phase":"checkpoint","sync_ms":246.7443,"syncs_ms_total":2022.0355000000002,"target_gap_bb":0.005,"target_reached":false}
CONVERGENCE {"done":351,"iteration":525,"ms":8120.047100000001,"phase":"iterate"}
CONVERGENCE {"done":352,"iteration":526,"ms":8137.926399999999,"phase":"iterate"}
CONVERGENCE {"done":353,"iteration":527,"ms":8017.317800000001,"phase":"iterate"}
CONVERGENCE {"done":354,"iteration":528,"ms":8007.8534,"phase":"iterate"}
CONVERGENCE {"done":355,"iteration":529,"ms":7982.2352,"phase":"iterate"}
CONVERGENCE {"done":356,"iteration":530,"ms":7990.1393,"phase":"iterate"}
CONVERGENCE {"done":357,"iteration":531,"ms":7959.7219,"phase":"iterate"}
CONVERGENCE {"done":358,"iteration":532,"ms":7962.2498000000005,"phase":"iterate"}
CONVERGENCE {"done":359,"iteration":533,"ms":7989.379,"phase":"iterate"}
CONVERGENCE {"done":360,"iteration":534,"ms":8016.9247000000005,"phase":"iterate"}
CONVERGENCE {"done":361,"iteration":535,"ms":8109.140699999999,"phase":"iterate"}
CONVERGENCE {"done":362,"iteration":536,"ms":7962.4657,"phase":"iterate"}
CONVERGENCE {"done":363,"iteration":537,"ms":7825.410800000001,"phase":"iterate"}
CONVERGENCE {"done":364,"iteration":538,"ms":7852.5976,"phase":"iterate"}
CONVERGENCE {"done":365,"iteration":539,"ms":7913.529,"phase":"iterate"}
CONVERGENCE {"done":366,"iteration":540,"ms":7934.5152,"phase":"iterate"}
CONVERGENCE {"done":367,"iteration":541,"ms":7819.4547999999995,"phase":"iterate"}
CONVERGENCE {"done":368,"iteration":542,"ms":7768.8038,"phase":"iterate"}
CONVERGENCE {"done":369,"iteration":543,"ms":7937.2513,"phase":"iterate"}
CONVERGENCE {"done":370,"iteration":544,"ms":7878.3208,"phase":"iterate"}
CONVERGENCE {"done":371,"iteration":545,"ms":7804.4637999999995,"phase":"iterate"}
CONVERGENCE {"done":372,"iteration":546,"ms":7780.6742,"phase":"iterate"}
CONVERGENCE {"done":373,"iteration":547,"ms":7785.5127,"phase":"iterate"}
CONVERGENCE {"done":374,"iteration":548,"ms":7768.6455,"phase":"iterate"}
CONVERGENCE {"done":375,"iteration":549,"ms":7722.4274,"phase":"iterate"}
CONVERGENCE {"done":376,"iteration":550,"ms":7679.1816,"phase":"iterate"}
CONVERGENCE {"done":377,"iteration":551,"ms":7662.1252,"phase":"iterate"}
CONVERGENCE {"done":378,"iteration":552,"ms":7668.3011,"phase":"iterate"}
CONVERGENCE {"done":379,"iteration":553,"ms":7673.303,"phase":"iterate"}
CONVERGENCE {"done":380,"iteration":554,"ms":7678.5016,"phase":"iterate"}
CONVERGENCE {"done":381,"iteration":555,"ms":7692.1927,"phase":"iterate"}
CONVERGENCE {"done":382,"iteration":556,"ms":7695.8028,"phase":"iterate"}
CONVERGENCE {"done":383,"iteration":557,"ms":7809.2368,"phase":"iterate"}
CONVERGENCE {"done":384,"iteration":558,"ms":7832.3754,"phase":"iterate"}
CONVERGENCE {"done":385,"iteration":559,"ms":7831.1999,"phase":"iterate"}
CONVERGENCE {"done":386,"iteration":560,"ms":7842.3839,"phase":"iterate"}
CONVERGENCE {"done":387,"iteration":561,"ms":7823.2131,"phase":"iterate"}
CONVERGENCE {"done":388,"iteration":562,"ms":7816.998500000001,"phase":"iterate"}
CONVERGENCE {"done":389,"iteration":563,"ms":7827.027,"phase":"iterate"}
CONVERGENCE {"done":390,"iteration":564,"ms":7828.2418,"phase":"iterate"}
CONVERGENCE {"done":391,"iteration":565,"ms":7817.274,"phase":"iterate"}
CONVERGENCE {"done":392,"iteration":566,"ms":7811.8943,"phase":"iterate"}
CONVERGENCE {"done":393,"iteration":567,"ms":7802.8143,"phase":"iterate"}
CONVERGENCE {"done":394,"iteration":568,"ms":7824.7928,"phase":"iterate"}
CONVERGENCE {"done":395,"iteration":569,"ms":7816.830999999999,"phase":"iterate"}
CONVERGENCE {"done":396,"iteration":570,"ms":7806.0825,"phase":"iterate"}
CONVERGENCE {"done":397,"iteration":571,"ms":7797.682199999999,"phase":"iterate"}
CONVERGENCE {"done":398,"iteration":572,"ms":7799.223,"phase":"iterate"}
CONVERGENCE {"done":399,"iteration":573,"ms":7798.8327,"phase":"iterate"}
CONVERGENCE {"done":400,"iteration":574,"ms":7622.0982,"phase":"iterate"}
CONVERGENCE {"check_ms":10764.072600000001,"checkpoint_ms":10994.249000000002,"checks_ms_total":92096.1783,"done":400,"evs":[0.06982259886911192,0.07852479365041323,0.09049499785294135,0.10543322960136575,0.12668931361123417,0.1547966098123189,-0.5832953461512294,-0.4821447323885073],"gaps":[0.0014461338486605607,0.0009330166095724846,0.0013125827094932763,0.0011246234412508743,0.0017331836806522005,0.0022325867540723687,0.0019463738727742985,0.0022950923319000616],"iteration":574,"iterations_ms_total":3389876.951999996,"learning_gap_bb":0.013023593248376125,"live_seats":[true,true,true,true,true,true,true,true],"phase":"checkpoint","sync_ms":230.1764,"syncs_ms_total":2252.2119000000002,"target_gap_bb":0.005,"target_reached":false}
CONVERGENCE {"done":401,"iteration":575,"ms":7401.3044,"phase":"iterate"}
CONVERGENCE {"done":402,"iteration":576,"ms":7402.9241,"phase":"iterate"}
CONVERGENCE {"done":403,"iteration":577,"ms":7400.9394999999995,"phase":"iterate"}
CONVERGENCE {"done":404,"iteration":578,"ms":7400.025900000001,"phase":"iterate"}
CONVERGENCE {"done":405,"iteration":579,"ms":7400.1476,"phase":"iterate"}
CONVERGENCE {"done":406,"iteration":580,"ms":7401.4213,"phase":"iterate"}
CONVERGENCE {"done":407,"iteration":581,"ms":7400.5309,"phase":"iterate"}
CONVERGENCE {"done":408,"iteration":582,"ms":7403.1357,"phase":"iterate"}
CONVERGENCE {"done":409,"iteration":583,"ms":7400.372,"phase":"iterate"}
CONVERGENCE {"done":410,"iteration":584,"ms":7405.5629,"phase":"iterate"}
CONVERGENCE {"done":411,"iteration":585,"ms":7408.9452,"phase":"iterate"}
CONVERGENCE {"done":412,"iteration":586,"ms":7447.0276,"phase":"iterate"}
CONVERGENCE {"done":413,"iteration":587,"ms":7457.2886,"phase":"iterate"}
CONVERGENCE {"done":414,"iteration":588,"ms":7457.5328,"phase":"iterate"}
CONVERGENCE {"done":415,"iteration":589,"ms":7456.3349,"phase":"iterate"}
CONVERGENCE {"done":416,"iteration":590,"ms":7466.4520999999995,"phase":"iterate"}
CONVERGENCE {"done":417,"iteration":591,"ms":7469.3505,"phase":"iterate"}
CONVERGENCE {"done":418,"iteration":592,"ms":7457.215999999999,"phase":"iterate"}
CONVERGENCE {"done":419,"iteration":593,"ms":7466.741,"phase":"iterate"}
CONVERGENCE {"done":420,"iteration":594,"ms":7461.7006,"phase":"iterate"}
CONVERGENCE {"done":421,"iteration":595,"ms":7414.0169,"phase":"iterate"}
CONVERGENCE {"done":422,"iteration":596,"ms":7410.4427,"phase":"iterate"}
CONVERGENCE {"done":423,"iteration":597,"ms":7297.4557,"phase":"iterate"}
CONVERGENCE {"done":424,"iteration":598,"ms":7255.970600000001,"phase":"iterate"}
CONVERGENCE {"done":425,"iteration":599,"ms":7251.4968,"phase":"iterate"}
CONVERGENCE {"done":426,"iteration":600,"ms":7261.3449,"phase":"iterate"}
CONVERGENCE {"done":427,"iteration":601,"ms":7252.6858,"phase":"iterate"}
CONVERGENCE {"done":428,"iteration":602,"ms":7251.8716,"phase":"iterate"}
CONVERGENCE {"done":429,"iteration":603,"ms":7277.045099999999,"phase":"iterate"}
CONVERGENCE {"done":430,"iteration":604,"ms":7277.8522,"phase":"iterate"}
CONVERGENCE {"done":431,"iteration":605,"ms":7261.6328,"phase":"iterate"}
CONVERGENCE {"done":432,"iteration":606,"ms":7255.1898,"phase":"iterate"}
CONVERGENCE {"done":433,"iteration":607,"ms":7250.3166,"phase":"iterate"}
CONVERGENCE {"done":434,"iteration":608,"ms":7254.9661,"phase":"iterate"}
CONVERGENCE {"done":435,"iteration":609,"ms":7264.1783000000005,"phase":"iterate"}
CONVERGENCE {"done":436,"iteration":610,"ms":7197.1811,"phase":"iterate"}
CONVERGENCE {"done":437,"iteration":611,"ms":7178.1483,"phase":"iterate"}
CONVERGENCE {"done":438,"iteration":612,"ms":7169.8455,"phase":"iterate"}
CONVERGENCE {"done":439,"iteration":613,"ms":7176.8697,"phase":"iterate"}
CONVERGENCE {"done":440,"iteration":614,"ms":7177.8741,"phase":"iterate"}
CONVERGENCE {"done":441,"iteration":615,"ms":7162.343800000001,"phase":"iterate"}
CONVERGENCE {"done":442,"iteration":616,"ms":7165.8583,"phase":"iterate"}
CONVERGENCE {"done":443,"iteration":617,"ms":7172.6497,"phase":"iterate"}
CONVERGENCE {"done":444,"iteration":618,"ms":7160.192300000001,"phase":"iterate"}
CONVERGENCE {"done":445,"iteration":619,"ms":7289.1496,"phase":"iterate"}
CONVERGENCE {"done":446,"iteration":620,"ms":7187.224099999999,"phase":"iterate"}
CONVERGENCE {"done":447,"iteration":621,"ms":7155.3042,"phase":"iterate"}
CONVERGENCE {"done":448,"iteration":622,"ms":7155.8064,"phase":"iterate"}
CONVERGENCE {"done":449,"iteration":623,"ms":7149.438499999999,"phase":"iterate"}
CONVERGENCE {"done":450,"iteration":624,"ms":7164.6955,"phase":"iterate"}
CONVERGENCE {"check_ms":10754.7327,"checkpoint_ms":10987.002,"checks_ms_total":102850.911,"done":450,"evs":[0.06997184261693033,0.07860968938794463,0.09058430315116478,0.10553600174443145,0.12704720630589644,0.15520493944573366,-0.5834168459967015,-0.4822998354467787],"gaps":[0.00117291167276308,0.0007773265091711723,0.0011087305770009215,0.0009307640612587625,0.0014928543926184257,0.0018704047259365808,0.001728853401492536,0.0019659081617444674],"iteration":624,"iterations_ms_total":3755340.9525999962,"learning_gap_bb":0.011047753501985946,"live_seats":[true,true,true,true,true,true,true,true],"phase":"checkpoint","sync_ms":232.26930000000002,"syncs_ms_total":2484.4812,"target_gap_bb":0.005,"target_reached":false}
CONVERGENCE {"done":451,"iteration":625,"ms":7148.763599999999,"phase":"iterate"}
CONVERGENCE {"done":452,"iteration":626,"ms":7144.2919,"phase":"iterate"}
CONVERGENCE {"done":453,"iteration":627,"ms":7148.1652,"phase":"iterate"}
CONVERGENCE {"done":454,"iteration":628,"ms":7146.832200000001,"phase":"iterate"}
CONVERGENCE {"done":455,"iteration":629,"ms":7146.5653,"phase":"iterate"}
CONVERGENCE {"done":456,"iteration":630,"ms":7142.5585,"phase":"iterate"}
CONVERGENCE {"done":457,"iteration":631,"ms":7141.108,"phase":"iterate"}
CONVERGENCE {"done":458,"iteration":632,"ms":7123.0153,"phase":"iterate"}
CONVERGENCE {"done":459,"iteration":633,"ms":7138.1486,"phase":"iterate"}
CONVERGENCE {"done":460,"iteration":634,"ms":7138.9738,"phase":"iterate"}
CONVERGENCE {"done":461,"iteration":635,"ms":7128.9714,"phase":"iterate"}
CONVERGENCE {"done":462,"iteration":636,"ms":7142.4924,"phase":"iterate"}
CONVERGENCE {"done":463,"iteration":637,"ms":7137.0801,"phase":"iterate"}
CONVERGENCE {"done":464,"iteration":638,"ms":7137.802299999999,"phase":"iterate"}
CONVERGENCE {"done":465,"iteration":639,"ms":7138.1371,"phase":"iterate"}
CONVERGENCE {"done":466,"iteration":640,"ms":7178.5606,"phase":"iterate"}
CONVERGENCE {"done":467,"iteration":641,"ms":7154.309300000001,"phase":"iterate"}
CONVERGENCE {"done":468,"iteration":642,"ms":7134.7717,"phase":"iterate"}
CONVERGENCE {"done":469,"iteration":643,"ms":7134.0339,"phase":"iterate"}
CONVERGENCE {"done":470,"iteration":644,"ms":7177.4141,"phase":"iterate"}
CONVERGENCE {"done":471,"iteration":645,"ms":7155.719,"phase":"iterate"}
CONVERGENCE {"done":472,"iteration":646,"ms":7137.714199999999,"phase":"iterate"}
CONVERGENCE {"done":473,"iteration":647,"ms":7137.5881,"phase":"iterate"}
CONVERGENCE {"done":474,"iteration":648,"ms":7133.7937,"phase":"iterate"}
CONVERGENCE {"done":475,"iteration":649,"ms":7131.2528,"phase":"iterate"}
CONVERGENCE {"done":476,"iteration":650,"ms":7132.799999999999,"phase":"iterate"}
CONVERGENCE {"done":477,"iteration":651,"ms":7132.2108,"phase":"iterate"}
CONVERGENCE {"done":478,"iteration":652,"ms":7134.1493,"phase":"iterate"}
CONVERGENCE {"done":479,"iteration":653,"ms":7137.4719000000005,"phase":"iterate"}
CONVERGENCE {"done":480,"iteration":654,"ms":7136.203,"phase":"iterate"}
CONVERGENCE {"done":481,"iteration":655,"ms":7139.9993,"phase":"iterate"}
CONVERGENCE {"done":482,"iteration":656,"ms":7136.409900000001,"phase":"iterate"}
CONVERGENCE {"done":483,"iteration":657,"ms":7130.006200000001,"phase":"iterate"}
CONVERGENCE {"done":484,"iteration":658,"ms":7148.349099999999,"phase":"iterate"}
CONVERGENCE {"done":485,"iteration":659,"ms":7200.123,"phase":"iterate"}
CONVERGENCE {"done":486,"iteration":660,"ms":7220.133,"phase":"iterate"}
CONVERGENCE {"done":487,"iteration":661,"ms":7174.4546,"phase":"iterate"}
CONVERGENCE {"done":488,"iteration":662,"ms":7164.5131,"phase":"iterate"}
CONVERGENCE {"done":489,"iteration":663,"ms":7214.9461,"phase":"iterate"}
CONVERGENCE {"done":490,"iteration":664,"ms":7185.4268,"phase":"iterate"}
CONVERGENCE {"done":491,"iteration":665,"ms":7158.705,"phase":"iterate"}
CONVERGENCE {"done":492,"iteration":666,"ms":7161.7843,"phase":"iterate"}
CONVERGENCE {"done":493,"iteration":667,"ms":7204.8885,"phase":"iterate"}
CONVERGENCE {"done":494,"iteration":668,"ms":7176.5697,"phase":"iterate"}
CONVERGENCE {"done":495,"iteration":669,"ms":7158.7613,"phase":"iterate"}
CONVERGENCE {"done":496,"iteration":670,"ms":7156.8292,"phase":"iterate"}
CONVERGENCE {"done":497,"iteration":671,"ms":7156.5383999999995,"phase":"iterate"}
CONVERGENCE {"done":498,"iteration":672,"ms":7155.7948,"phase":"iterate"}
CONVERGENCE {"done":499,"iteration":673,"ms":7194.5953,"phase":"iterate"}
CONVERGENCE {"done":500,"iteration":674,"ms":7172.6415,"phase":"iterate"}
CONVERGENCE {"check_ms":10753.0828,"checkpoint_ms":10985.1015,"checks_ms_total":113603.9938,"done":500,"evs":[0.07009254451171917,0.07868101128577307,0.09065503634913902,0.1055935550756602,0.12733782328912369,0.15550484076777588,-0.5837568927972769,-0.4821538861866037],"gaps":[0.000962717877554517,0.0006860318271589838,0.0009659058905532869,0.0008032849222547045,0.0012560496901654339,0.001617742924285237,0.001575693654313648,0.001739673611928172],"iteration":674,"iterations_ms_total":4113003.319799995,"learning_gap_bb":0.009607100398213983,"live_seats":[true,true,true,true,true,true,true,true],"phase":"checkpoint","sync_ms":232.0187,"syncs_ms_total":2716.4999000000003,"target_gap_bb":0.005,"target_reached":false}
CONVERGENCE {"done":501,"iteration":675,"ms":7150.3572,"phase":"iterate"}
CONVERGENCE {"done":502,"iteration":676,"ms":7157.390600000001,"phase":"iterate"}
CONVERGENCE {"done":503,"iteration":677,"ms":7198.4423,"phase":"iterate"}
CONVERGENCE {"done":504,"iteration":678,"ms":7201.2901999999995,"phase":"iterate"}
CONVERGENCE {"done":505,"iteration":679,"ms":7152.1865,"phase":"iterate"}
CONVERGENCE {"done":506,"iteration":680,"ms":7135.7678,"phase":"iterate"}
CONVERGENCE {"done":507,"iteration":681,"ms":7132.391799999999,"phase":"iterate"}
CONVERGENCE {"done":508,"iteration":682,"ms":7129.8854,"phase":"iterate"}
CONVERGENCE {"done":509,"iteration":683,"ms":7118.636399999999,"phase":"iterate"}
CONVERGENCE {"done":510,"iteration":684,"ms":7131.616,"phase":"iterate"}
CONVERGENCE {"done":511,"iteration":685,"ms":7180.762,"phase":"iterate"}
CONVERGENCE {"done":512,"iteration":686,"ms":7201.0141,"phase":"iterate"}
CONVERGENCE {"done":513,"iteration":687,"ms":7155.5671,"phase":"iterate"}
CONVERGENCE {"done":514,"iteration":688,"ms":7131.5,"phase":"iterate"}
CONVERGENCE {"done":515,"iteration":689,"ms":7146.8432,"phase":"iterate"}
CONVERGENCE {"done":516,"iteration":690,"ms":7196.4972,"phase":"iterate"}
CONVERGENCE {"done":517,"iteration":691,"ms":7207.1810000000005,"phase":"iterate"}
CONVERGENCE {"done":518,"iteration":692,"ms":7152.4339,"phase":"iterate"}
CONVERGENCE {"done":519,"iteration":693,"ms":7125.339300000001,"phase":"iterate"}
CONVERGENCE {"done":520,"iteration":694,"ms":7121.356,"phase":"iterate"}
CONVERGENCE {"done":521,"iteration":695,"ms":7123.3154,"phase":"iterate"}
CONVERGENCE {"done":522,"iteration":696,"ms":7137.0264,"phase":"iterate"}
CONVERGENCE {"done":523,"iteration":697,"ms":7169.720200000001,"phase":"iterate"}
CONVERGENCE {"done":524,"iteration":698,"ms":7185.642599999999,"phase":"iterate"}
CONVERGENCE {"done":525,"iteration":699,"ms":7140.4902999999995,"phase":"iterate"}
CONVERGENCE {"done":526,"iteration":700,"ms":7129.386,"phase":"iterate"}
CONVERGENCE {"done":527,"iteration":701,"ms":7125.166499999999,"phase":"iterate"}
CONVERGENCE {"done":528,"iteration":702,"ms":7125.4966,"phase":"iterate"}
CONVERGENCE {"done":529,"iteration":703,"ms":7138.2283,"phase":"iterate"}
CONVERGENCE {"done":530,"iteration":704,"ms":7142.952,"phase":"iterate"}
CONVERGENCE {"done":531,"iteration":705,"ms":7143.7141,"phase":"iterate"}
CONVERGENCE {"done":532,"iteration":706,"ms":7147.4312,"phase":"iterate"}
CONVERGENCE {"done":533,"iteration":707,"ms":7149.6966,"phase":"iterate"}
CONVERGENCE {"done":534,"iteration":708,"ms":7186.8619,"phase":"iterate"}
CONVERGENCE {"done":535,"iteration":709,"ms":7153.7405,"phase":"iterate"}
CONVERGENCE {"done":536,"iteration":710,"ms":7135.5175,"phase":"iterate"}
CONVERGENCE {"done":537,"iteration":711,"ms":7124.9246,"phase":"iterate"}
CONVERGENCE {"done":538,"iteration":712,"ms":7161.879,"phase":"iterate"}
CONVERGENCE {"done":539,"iteration":713,"ms":7151.745,"phase":"iterate"}
CONVERGENCE {"done":540,"iteration":714,"ms":7122.2109,"phase":"iterate"}
CONVERGENCE {"done":541,"iteration":715,"ms":7125.9705,"phase":"iterate"}
CONVERGENCE {"done":542,"iteration":716,"ms":7136.4888,"phase":"iterate"}
CONVERGENCE {"done":543,"iteration":717,"ms":7141.9907,"phase":"iterate"}
CONVERGENCE {"done":544,"iteration":718,"ms":7137.4192,"phase":"iterate"}
CONVERGENCE {"done":545,"iteration":719,"ms":7143.2923,"phase":"iterate"}
CONVERGENCE {"done":546,"iteration":720,"ms":7150.0544,"phase":"iterate"}
CONVERGENCE {"done":547,"iteration":721,"ms":7142.2988,"phase":"iterate"}
CONVERGENCE {"done":548,"iteration":722,"ms":7143.1618,"phase":"iterate"}
CONVERGENCE {"done":549,"iteration":723,"ms":7143.5419,"phase":"iterate"}
CONVERGENCE {"done":550,"iteration":724,"ms":7142.2033,"phase":"iterate"}
CONVERGENCE {"check_ms":10755.319800000001,"checkpoint_ms":11015.775000000001,"checks_ms_total":124359.3136,"done":550,"evs":[0.07018758926250737,0.0787302464037582,0.09070195177569897,0.10561806574404703,0.12756070097803549,0.15573729032754918,-0.5838770351573639,-0.48212395047046885],"gaps":[0.0008521196134634729,0.0006051210589059774,0.0008481081440212951,0.0007162840179019275,0.0010800028153351848,0.0013984372067319117,0.0014184186912380436,0.0015740909818316995],"iteration":724,"iterations_ms_total":4470431.345099995,"learning_gap_bb":0.008492582529429513,"live_seats":[true,true,true,true,true,true,true,true],"phase":"checkpoint","sync_ms":260.4552,"syncs_ms_total":2976.9551,"target_gap_bb":0.005,"target_reached":false}
CONVERGENCE {"done":551,"iteration":725,"ms":7117.6663,"phase":"iterate"}
CONVERGENCE {"done":552,"iteration":726,"ms":7120.747899999999,"phase":"iterate"}
CONVERGENCE {"done":553,"iteration":727,"ms":7113.2345,"phase":"iterate"}
CONVERGENCE {"done":554,"iteration":728,"ms":7122.6444,"phase":"iterate"}
CONVERGENCE {"done":555,"iteration":729,"ms":7116.293,"phase":"iterate"}
CONVERGENCE {"done":556,"iteration":730,"ms":7101.195900000001,"phase":"iterate"}
CONVERGENCE {"done":557,"iteration":731,"ms":7112.1966,"phase":"iterate"}
CONVERGENCE {"done":558,"iteration":732,"ms":7111.008400000001,"phase":"iterate"}
CONVERGENCE {"done":559,"iteration":733,"ms":7106.521,"phase":"iterate"}
CONVERGENCE {"done":560,"iteration":734,"ms":7087.517,"phase":"iterate"}
CONVERGENCE {"done":561,"iteration":735,"ms":7088.968699999999,"phase":"iterate"}
CONVERGENCE {"done":562,"iteration":736,"ms":7096.462500000001,"phase":"iterate"}
CONVERGENCE {"done":563,"iteration":737,"ms":7100.2723000000005,"phase":"iterate"}
CONVERGENCE {"done":564,"iteration":738,"ms":7099.7563,"phase":"iterate"}
CONVERGENCE {"done":565,"iteration":739,"ms":7103.9269,"phase":"iterate"}
CONVERGENCE {"done":566,"iteration":740,"ms":7107.2751,"phase":"iterate"}
CONVERGENCE {"done":567,"iteration":741,"ms":7107.4971,"phase":"iterate"}
CONVERGENCE {"done":568,"iteration":742,"ms":7106.383,"phase":"iterate"}
CONVERGENCE {"done":569,"iteration":743,"ms":7107.2705000000005,"phase":"iterate"}
CONVERGENCE {"done":570,"iteration":744,"ms":7104.9806,"phase":"iterate"}
CONVERGENCE {"done":571,"iteration":745,"ms":7110.0833999999995,"phase":"iterate"}
CONVERGENCE {"done":572,"iteration":746,"ms":7107.4953000000005,"phase":"iterate"}
CONVERGENCE {"done":573,"iteration":747,"ms":7104.8009,"phase":"iterate"}
CONVERGENCE {"done":574,"iteration":748,"ms":7104.491999999999,"phase":"iterate"}
CONVERGENCE {"done":575,"iteration":749,"ms":7108.5627,"phase":"iterate"}
CONVERGENCE {"done":576,"iteration":750,"ms":7114.6074,"phase":"iterate"}
CONVERGENCE {"done":577,"iteration":751,"ms":7114.0499,"phase":"iterate"}
CONVERGENCE {"done":578,"iteration":752,"ms":7113.110299999999,"phase":"iterate"}
CONVERGENCE {"done":579,"iteration":753,"ms":7157.6233,"phase":"iterate"}
CONVERGENCE {"done":580,"iteration":754,"ms":7132.7199,"phase":"iterate"}
CONVERGENCE {"done":581,"iteration":755,"ms":7109.9911,"phase":"iterate"}
CONVERGENCE {"done":582,"iteration":756,"ms":7105.1297,"phase":"iterate"}
CONVERGENCE {"done":583,"iteration":757,"ms":7103.5061,"phase":"iterate"}
CONVERGENCE {"done":584,"iteration":758,"ms":7154.2931,"phase":"iterate"}
CONVERGENCE {"done":585,"iteration":759,"ms":7127.2499,"phase":"iterate"}
CONVERGENCE {"done":586,"iteration":760,"ms":7118.338,"phase":"iterate"}
CONVERGENCE {"done":587,"iteration":761,"ms":7128.0426,"phase":"iterate"}
CONVERGENCE {"done":588,"iteration":762,"ms":7131.8556,"phase":"iterate"}
CONVERGENCE {"done":589,"iteration":763,"ms":7125.651699999999,"phase":"iterate"}
CONVERGENCE {"done":590,"iteration":764,"ms":7126.7765,"phase":"iterate"}
CONVERGENCE {"done":591,"iteration":765,"ms":7150.2928,"phase":"iterate"}
CONVERGENCE {"done":592,"iteration":766,"ms":7182.3921,"phase":"iterate"}
CONVERGENCE {"done":593,"iteration":767,"ms":7156.3121,"phase":"iterate"}
CONVERGENCE {"done":594,"iteration":768,"ms":7143.312800000001,"phase":"iterate"}
CONVERGENCE {"done":595,"iteration":769,"ms":7130.1577,"phase":"iterate"}
CONVERGENCE {"done":596,"iteration":770,"ms":7162.402,"phase":"iterate"}
CONVERGENCE {"done":597,"iteration":771,"ms":7175.5969000000005,"phase":"iterate"}
CONVERGENCE {"done":598,"iteration":772,"ms":7181.1005000000005,"phase":"iterate"}
CONVERGENCE {"done":599,"iteration":773,"ms":7181.6622,"phase":"iterate"}
CONVERGENCE {"done":600,"iteration":774,"ms":7196.4493999999995,"phase":"iterate"}
CONVERGENCE {"check_ms":10754.0604,"checkpoint_ms":10993.7319,"checks_ms_total":135113.37399999998,"done":600,"evs":[0.07025843372827875,0.07877679503774218,0.09075561371286908,0.10563571714244432,0.12771763757705273,0.15594486224850018,-0.5839306053751315,-0.4821360057234043],"gaps":[0.0007368125280352023,0.0005638314807328987,0.0007741598220868118,0.0006303879171545707,0.0009114735172317812,0.0011985314702518124,0.0013151765546305372,0.0014148770360480345],"iteration":774,"iterations_ms_total":4826621.220999996,"learning_gap_bb":0.007545250326171649,"live_seats":[true,true,true,true,true,true,true,true],"phase":"checkpoint","sync_ms":239.6715,"syncs_ms_total":3216.6266,"target_gap_bb":0.005,"target_reached":false}
CONVERGENCE {"done":601,"iteration":775,"ms":7203.9221,"phase":"iterate"}
CONVERGENCE {"done":602,"iteration":776,"ms":7206.686900000001,"phase":"iterate"}
CONVERGENCE {"done":603,"iteration":777,"ms":7209.3586,"phase":"iterate"}
CONVERGENCE {"done":604,"iteration":778,"ms":7193.8347,"phase":"iterate"}
CONVERGENCE {"done":605,"iteration":779,"ms":7194.8452,"phase":"iterate"}
CONVERGENCE {"done":606,"iteration":780,"ms":7194.0928,"phase":"iterate"}
CONVERGENCE {"done":607,"iteration":781,"ms":7211.3356,"phase":"iterate"}
CONVERGENCE {"done":608,"iteration":782,"ms":7194.5611,"phase":"iterate"}
CONVERGENCE {"done":609,"iteration":783,"ms":7180.2892,"phase":"iterate"}
CONVERGENCE {"done":610,"iteration":784,"ms":7184.3297,"phase":"iterate"}
CONVERGENCE {"done":611,"iteration":785,"ms":7194.7817000000005,"phase":"iterate"}
CONVERGENCE {"done":612,"iteration":786,"ms":7187.986000000001,"phase":"iterate"}
CONVERGENCE {"done":613,"iteration":787,"ms":7198.3356,"phase":"iterate"}
CONVERGENCE {"done":614,"iteration":788,"ms":7187.4282,"phase":"iterate"}
CONVERGENCE {"done":615,"iteration":789,"ms":7194.1315,"phase":"iterate"}
CONVERGENCE {"done":616,"iteration":790,"ms":7197.8523000000005,"phase":"iterate"}
CONVERGENCE {"done":617,"iteration":791,"ms":7180.9338,"phase":"iterate"}
CONVERGENCE {"done":618,"iteration":792,"ms":7192.914199999999,"phase":"iterate"}
CONVERGENCE {"done":619,"iteration":793,"ms":7199.0685,"phase":"iterate"}
CONVERGENCE {"done":620,"iteration":794,"ms":7188.3987,"phase":"iterate"}
CONVERGENCE {"done":621,"iteration":795,"ms":7187.9841,"phase":"iterate"}
CONVERGENCE {"done":622,"iteration":796,"ms":7197.7662,"phase":"iterate"}
CONVERGENCE {"done":623,"iteration":797,"ms":7200.9372,"phase":"iterate"}
CONVERGENCE {"done":624,"iteration":798,"ms":7199.9423,"phase":"iterate"}
CONVERGENCE {"done":625,"iteration":799,"ms":7201.8108999999995,"phase":"iterate"}
CONVERGENCE {"done":626,"iteration":800,"ms":7190.5625,"phase":"iterate"}
CONVERGENCE {"done":627,"iteration":801,"ms":7155.4957,"phase":"iterate"}
CONVERGENCE {"done":628,"iteration":802,"ms":7166.8246,"phase":"iterate"}
CONVERGENCE {"done":629,"iteration":803,"ms":7158.831,"phase":"iterate"}
CONVERGENCE {"done":630,"iteration":804,"ms":7155.7747,"phase":"iterate"}
CONVERGENCE {"done":631,"iteration":805,"ms":7155.9577,"phase":"iterate"}
CONVERGENCE {"done":632,"iteration":806,"ms":7141.1299,"phase":"iterate"}
CONVERGENCE {"done":633,"iteration":807,"ms":7149.7247,"phase":"iterate"}
CONVERGENCE {"done":634,"iteration":808,"ms":7154.0315,"phase":"iterate"}
CONVERGENCE {"done":635,"iteration":809,"ms":7145.5874,"phase":"iterate"}
CONVERGENCE {"done":636,"iteration":810,"ms":7157.6812,"phase":"iterate"}
CONVERGENCE {"done":637,"iteration":811,"ms":7140.4201,"phase":"iterate"}
CONVERGENCE {"done":638,"iteration":812,"ms":7131.8060000000005,"phase":"iterate"}
CONVERGENCE {"done":639,"iteration":813,"ms":7140.831,"phase":"iterate"}
CONVERGENCE {"done":640,"iteration":814,"ms":7132.3061,"phase":"iterate"}
CONVERGENCE {"done":641,"iteration":815,"ms":7133.0718,"phase":"iterate"}
CONVERGENCE {"done":642,"iteration":816,"ms":7138.6351,"phase":"iterate"}
CONVERGENCE {"done":643,"iteration":817,"ms":7151.0036,"phase":"iterate"}
CONVERGENCE {"done":644,"iteration":818,"ms":7143.431,"phase":"iterate"}
CONVERGENCE {"done":645,"iteration":819,"ms":7168.3357,"phase":"iterate"}
CONVERGENCE {"done":646,"iteration":820,"ms":7160.148999999999,"phase":"iterate"}
CONVERGENCE {"done":647,"iteration":821,"ms":7158.0791,"phase":"iterate"}
CONVERGENCE {"done":648,"iteration":822,"ms":7165.8665,"phase":"iterate"}
CONVERGENCE {"done":649,"iteration":823,"ms":7157.3996,"phase":"iterate"}
CONVERGENCE {"done":650,"iteration":824,"ms":7137.790800000001,"phase":"iterate"}
CONVERGENCE {"check_ms":10755.860999999999,"checkpoint_ms":10989.480899999999,"checks_ms_total":145869.235,"done":650,"evs":[0.07031793223106769,0.07882361109030939,0.09081426378336188,0.10567912477310284,0.12786356912927688,0.15617711907210208,-0.5839558254243782,-0.48226182886297253],"gaps":[0.0006528027384447715,0.0005006608523236283,0.0007008426851971145,0.000554627843206118,0.000787770098911178,0.001061766761650762,0.0012127577577482063,0.001281326475572886],"iteration":824,"iterations_ms_total":5185295.474399994,"learning_gap_bb":0.0067525552130546646,"live_seats":[true,true,true,true,true,true,true,true],"phase":"checkpoint","sync_ms":233.6199,"syncs_ms_total":3450.2465,"target_gap_bb":0.005,"target_reached":false}
CONVERGENCE {"done":651,"iteration":825,"ms":7132.4348,"phase":"iterate"}
CONVERGENCE {"done":652,"iteration":826,"ms":7148.3412,"phase":"iterate"}
CONVERGENCE {"done":653,"iteration":827,"ms":7185.1983,"phase":"iterate"}
CONVERGENCE {"done":654,"iteration":828,"ms":7202.6892,"phase":"iterate"}
CONVERGENCE {"done":655,"iteration":829,"ms":7212.0284,"phase":"iterate"}
CONVERGENCE {"done":656,"iteration":830,"ms":7202.8444,"phase":"iterate"}
CONVERGENCE {"done":657,"iteration":831,"ms":7206.6749,"phase":"iterate"}
CONVERGENCE {"done":658,"iteration":832,"ms":7203.1941,"phase":"iterate"}
CONVERGENCE {"done":659,"iteration":833,"ms":7209.5873,"phase":"iterate"}
CONVERGENCE {"done":660,"iteration":834,"ms":7216.7177,"phase":"iterate"}
CONVERGENCE {"done":661,"iteration":835,"ms":7211.9349,"phase":"iterate"}
CONVERGENCE {"done":662,"iteration":836,"ms":7213.5175,"phase":"iterate"}
CONVERGENCE {"done":663,"iteration":837,"ms":7219.8472,"phase":"iterate"}
CONVERGENCE {"done":664,"iteration":838,"ms":7221.8655,"phase":"iterate"}
CONVERGENCE {"done":665,"iteration":839,"ms":7223.736599999999,"phase":"iterate"}
CONVERGENCE {"done":666,"iteration":840,"ms":7224.801,"phase":"iterate"}
CONVERGENCE {"done":667,"iteration":841,"ms":7226.5856,"phase":"iterate"}
CONVERGENCE {"done":668,"iteration":842,"ms":7225.6288,"phase":"iterate"}
CONVERGENCE {"done":669,"iteration":843,"ms":7228.6814,"phase":"iterate"}
CONVERGENCE {"done":670,"iteration":844,"ms":7275.513400000001,"phase":"iterate"}
CONVERGENCE {"done":671,"iteration":845,"ms":7292.529100000001,"phase":"iterate"}
CONVERGENCE {"done":672,"iteration":846,"ms":7289.0062,"phase":"iterate"}
CONVERGENCE {"done":673,"iteration":847,"ms":7237.5632000000005,"phase":"iterate"}
CONVERGENCE {"done":674,"iteration":848,"ms":7231.7964,"phase":"iterate"}
CONVERGENCE {"done":675,"iteration":849,"ms":7235.5382,"phase":"iterate"}
CONVERGENCE {"done":676,"iteration":850,"ms":7188.8324,"phase":"iterate"}
CONVERGENCE {"done":677,"iteration":851,"ms":7179.3868999999995,"phase":"iterate"}
CONVERGENCE {"done":678,"iteration":852,"ms":7169.8725,"phase":"iterate"}
CONVERGENCE {"done":679,"iteration":853,"ms":7179.6071,"phase":"iterate"}
CONVERGENCE {"done":680,"iteration":854,"ms":7172.743299999999,"phase":"iterate"}
CONVERGENCE {"done":681,"iteration":855,"ms":7168.2606,"phase":"iterate"}
CONVERGENCE {"done":682,"iteration":856,"ms":7176.4958,"phase":"iterate"}
CONVERGENCE {"done":683,"iteration":857,"ms":7190.7324,"phase":"iterate"}
CONVERGENCE {"done":684,"iteration":858,"ms":7226.4939,"phase":"iterate"}
CONVERGENCE {"done":685,"iteration":859,"ms":7236.6174,"phase":"iterate"}
CONVERGENCE {"done":686,"iteration":860,"ms":7230.374000000001,"phase":"iterate"}
CONVERGENCE {"done":687,"iteration":861,"ms":7239.112999999999,"phase":"iterate"}
CONVERGENCE {"done":688,"iteration":862,"ms":7246.1386,"phase":"iterate"}
CONVERGENCE {"done":689,"iteration":863,"ms":7255.8404,"phase":"iterate"}
CONVERGENCE {"done":690,"iteration":864,"ms":7318.5639,"phase":"iterate"}
CONVERGENCE {"done":691,"iteration":865,"ms":7327.0881,"phase":"iterate"}
CONVERGENCE {"done":692,"iteration":866,"ms":7328.4295999999995,"phase":"iterate"}
CONVERGENCE {"done":693,"iteration":867,"ms":7344.9628,"phase":"iterate"}
CONVERGENCE {"done":694,"iteration":868,"ms":7323.6457,"phase":"iterate"}
CONVERGENCE {"done":695,"iteration":869,"ms":7314.178,"phase":"iterate"}
CONVERGENCE {"done":696,"iteration":870,"ms":7328.0144,"phase":"iterate"}
CONVERGENCE {"done":697,"iteration":871,"ms":7338.5793,"phase":"iterate"}
CONVERGENCE {"done":698,"iteration":872,"ms":7328.4021,"phase":"iterate"}
CONVERGENCE {"done":699,"iteration":873,"ms":7336.5578,"phase":"iterate"}
CONVERGENCE {"done":700,"iteration":874,"ms":7347.0423,"phase":"iterate"}
CONVERGENCE {"check_ms":10758.5947,"checkpoint_ms":10988.8729,"checks_ms_total":156627.82969999997,"done":700,"evs":[0.07034609340445395,0.07885515314226402,0.09085780168440985,0.10574066972903762,0.12797230133078197,0.15636760888757373,-0.5838461134759879,-0.48240887530319965],"gaps":[0.0005837587531936084,0.0004405389609366678,0.0006414660919161486,0.0004926566834888985,0.0007040988440096263,0.000961245122541754,0.0011425769274260311,0.0011852426050393827],"iteration":874,"iterations_ms_total":5547269.701999993,"learning_gap_bb":0.006151583988552117,"live_seats":[true,true,true,true,true,true,true,true],"phase":"checkpoint","sync_ms":230.2782,"syncs_ms_total":3680.5247000000004,"target_gap_bb":0.005,"target_reached":false}
CONVERGENCE {"done":701,"iteration":875,"ms":7333.4979,"phase":"iterate"}
CONVERGENCE {"done":702,"iteration":876,"ms":7335.894899999999,"phase":"iterate"}
CONVERGENCE {"done":703,"iteration":877,"ms":7338.5067,"phase":"iterate"}
CONVERGENCE {"done":704,"iteration":878,"ms":7328.6708,"phase":"iterate"}
CONVERGENCE {"done":705,"iteration":879,"ms":7339.1774,"phase":"iterate"}
CONVERGENCE {"done":706,"iteration":880,"ms":7330.183599999999,"phase":"iterate"}
CONVERGENCE {"done":707,"iteration":881,"ms":7328.1101,"phase":"iterate"}
CONVERGENCE {"done":708,"iteration":882,"ms":7321.8447,"phase":"iterate"}
CONVERGENCE {"done":709,"iteration":883,"ms":7203.4055,"phase":"iterate"}
CONVERGENCE {"done":710,"iteration":884,"ms":7191.414400000001,"phase":"iterate"}
CONVERGENCE {"done":711,"iteration":885,"ms":7194.1982,"phase":"iterate"}
CONVERGENCE {"done":712,"iteration":886,"ms":7193.1367,"phase":"iterate"}
CONVERGENCE {"done":713,"iteration":887,"ms":7198.1634,"phase":"iterate"}
CONVERGENCE {"done":714,"iteration":888,"ms":7198.019,"phase":"iterate"}
CONVERGENCE {"done":715,"iteration":889,"ms":7177.1627,"phase":"iterate"}
CONVERGENCE {"done":716,"iteration":890,"ms":7179.8836,"phase":"iterate"}
CONVERGENCE {"done":717,"iteration":891,"ms":7195.9536,"phase":"iterate"}
CONVERGENCE {"done":718,"iteration":892,"ms":7225.1786999999995,"phase":"iterate"}
CONVERGENCE {"done":719,"iteration":893,"ms":7179.1327,"phase":"iterate"}
CONVERGENCE {"done":720,"iteration":894,"ms":7211.845,"phase":"iterate"}
CONVERGENCE {"done":721,"iteration":895,"ms":7219.6607,"phase":"iterate"}
CONVERGENCE {"done":722,"iteration":896,"ms":7231.9537,"phase":"iterate"}
CONVERGENCE {"done":723,"iteration":897,"ms":7224.9805,"phase":"iterate"}
CONVERGENCE {"done":724,"iteration":898,"ms":7222.2952,"phase":"iterate"}
CONVERGENCE {"done":725,"iteration":899,"ms":7233.2586,"phase":"iterate"}
CONVERGENCE {"done":726,"iteration":900,"ms":7235.0006,"phase":"iterate"}
CONVERGENCE {"done":727,"iteration":901,"ms":7237.170800000001,"phase":"iterate"}
CONVERGENCE {"done":728,"iteration":902,"ms":7218.5825,"phase":"iterate"}
CONVERGENCE {"done":729,"iteration":903,"ms":7208.7177,"phase":"iterate"}
CONVERGENCE {"done":730,"iteration":904,"ms":7216.1428,"phase":"iterate"}
CONVERGENCE {"done":731,"iteration":905,"ms":7224.5488,"phase":"iterate"}
CONVERGENCE {"done":732,"iteration":906,"ms":7171.8142,"phase":"iterate"}
CONVERGENCE {"done":733,"iteration":907,"ms":7199.7254,"phase":"iterate"}
CONVERGENCE {"done":734,"iteration":908,"ms":7205.4621,"phase":"iterate"}
CONVERGENCE {"done":735,"iteration":909,"ms":7205.4061,"phase":"iterate"}
CONVERGENCE {"done":736,"iteration":910,"ms":7202.2570000000005,"phase":"iterate"}
CONVERGENCE {"done":737,"iteration":911,"ms":7203.8911,"phase":"iterate"}
CONVERGENCE {"done":738,"iteration":912,"ms":7203.9184000000005,"phase":"iterate"}
CONVERGENCE {"done":739,"iteration":913,"ms":7199.1503999999995,"phase":"iterate"}
CONVERGENCE {"done":740,"iteration":914,"ms":7220.0917,"phase":"iterate"}
CONVERGENCE {"done":741,"iteration":915,"ms":7228.5063,"phase":"iterate"}
CONVERGENCE {"done":742,"iteration":916,"ms":7196.5366,"phase":"iterate"}
CONVERGENCE {"done":743,"iteration":917,"ms":7189.2164,"phase":"iterate"}
CONVERGENCE {"done":744,"iteration":918,"ms":7187.878699999999,"phase":"iterate"}
CONVERGENCE {"done":745,"iteration":919,"ms":7198.150799999999,"phase":"iterate"}
CONVERGENCE {"done":746,"iteration":920,"ms":7143.9501,"phase":"iterate"}
CONVERGENCE {"done":747,"iteration":921,"ms":7157.3688,"phase":"iterate"}
CONVERGENCE {"done":748,"iteration":922,"ms":7211.120400000001,"phase":"iterate"}
CONVERGENCE {"done":749,"iteration":923,"ms":7206.257,"phase":"iterate"}
CONVERGENCE {"done":750,"iteration":924,"ms":7217.3062,"phase":"iterate"}
CONVERGENCE {"check_ms":10752.2193,"checkpoint_ms":10986.316700000001,"checks_ms_total":167380.04899999997,"done":750,"evs":[0.07036440766229504,0.07888573288952744,0.09087613609717338,0.10577655396276783,0.12807093668152425,0.1565419012397703,-0.5838215390100017,-0.4825815305250478],"gaps":[0.0005358420390723789,0.00039029490001693534,0.0006133543794198393,0.00044658425996980944,0.0006476626000469776,0.0008922597140541555,0.0010853993835731046,0.0010878657046307083],"iteration":924,"iterations_ms_total":5908493.401199995,"learning_gap_bb":0.005699262980783909,"live_seats":[true,true,true,true,true,true,true,true],"phase":"checkpoint","sync_ms":234.09740000000002,"syncs_ms_total":3914.6221000000005,"target_gap_bb":0.005,"target_reached":false}
CONVERGENCE {"done":751,"iteration":925,"ms":7217.7338,"phase":"iterate"}
CONVERGENCE {"done":752,"iteration":926,"ms":7192.0044,"phase":"iterate"}
CONVERGENCE {"done":753,"iteration":927,"ms":7173.652599999999,"phase":"iterate"}
CONVERGENCE {"done":754,"iteration":928,"ms":7168.5207,"phase":"iterate"}
CONVERGENCE {"done":755,"iteration":929,"ms":7204.6828,"phase":"iterate"}
CONVERGENCE {"done":756,"iteration":930,"ms":7216.3018,"phase":"iterate"}
CONVERGENCE {"done":757,"iteration":931,"ms":7202.0806999999995,"phase":"iterate"}
CONVERGENCE {"done":758,"iteration":932,"ms":7199.2072,"phase":"iterate"}
CONVERGENCE {"done":759,"iteration":933,"ms":7164.867,"phase":"iterate"}
CONVERGENCE {"done":760,"iteration":934,"ms":7164.8454,"phase":"iterate"}
CONVERGENCE {"done":761,"iteration":935,"ms":7178.256,"phase":"iterate"}
CONVERGENCE {"done":762,"iteration":936,"ms":7177.625599999999,"phase":"iterate"}
CONVERGENCE {"done":763,"iteration":937,"ms":7190.9584,"phase":"iterate"}
CONVERGENCE {"done":764,"iteration":938,"ms":7199.2507000000005,"phase":"iterate"}
CONVERGENCE {"done":765,"iteration":939,"ms":7186.7986,"phase":"iterate"}
CONVERGENCE {"done":766,"iteration":940,"ms":7173.6585000000005,"phase":"iterate"}
CONVERGENCE {"done":767,"iteration":941,"ms":7190.3371,"phase":"iterate"}
CONVERGENCE {"done":768,"iteration":942,"ms":7195.7081,"phase":"iterate"}
CONVERGENCE {"done":769,"iteration":943,"ms":7176.9663,"phase":"iterate"}
CONVERGENCE {"done":770,"iteration":944,"ms":7167.455999999999,"phase":"iterate"}
CONVERGENCE {"done":771,"iteration":945,"ms":7177.4144,"phase":"iterate"}
CONVERGENCE {"done":772,"iteration":946,"ms":7166.843,"phase":"iterate"}
CONVERGENCE {"done":773,"iteration":947,"ms":7118.7379,"phase":"iterate"}
CONVERGENCE {"done":774,"iteration":948,"ms":7105.3027999999995,"phase":"iterate"}
CONVERGENCE {"done":775,"iteration":949,"ms":7105.0164,"phase":"iterate"}
CONVERGENCE {"done":776,"iteration":950,"ms":7179.0766,"phase":"iterate"}
CONVERGENCE {"done":777,"iteration":951,"ms":7172.5278,"phase":"iterate"}
CONVERGENCE {"done":778,"iteration":952,"ms":7177.036,"phase":"iterate"}
CONVERGENCE {"done":779,"iteration":953,"ms":7135.7896,"phase":"iterate"}
CONVERGENCE {"done":780,"iteration":954,"ms":7120.1369,"phase":"iterate"}
CONVERGENCE {"done":781,"iteration":955,"ms":7100.0195,"phase":"iterate"}
CONVERGENCE {"done":782,"iteration":956,"ms":7094.3158,"phase":"iterate"}
CONVERGENCE {"done":783,"iteration":957,"ms":7111.8277,"phase":"iterate"}
CONVERGENCE {"done":784,"iteration":958,"ms":7159.2638,"phase":"iterate"}
CONVERGENCE {"done":785,"iteration":959,"ms":7165.2772,"phase":"iterate"}
CONVERGENCE {"done":786,"iteration":960,"ms":7198.0457,"phase":"iterate"}
CONVERGENCE {"done":787,"iteration":961,"ms":7203.4991,"phase":"iterate"}
CONVERGENCE {"done":788,"iteration":962,"ms":7185.5932999999995,"phase":"iterate"}
CONVERGENCE {"done":789,"iteration":963,"ms":7176.9058,"phase":"iterate"}
CONVERGENCE {"done":790,"iteration":964,"ms":7134.5769,"phase":"iterate"}
CONVERGENCE {"done":791,"iteration":965,"ms":7119.6422999999995,"phase":"iterate"}
CONVERGENCE {"done":792,"iteration":966,"ms":7160.0523,"phase":"iterate"}
CONVERGENCE {"done":793,"iteration":967,"ms":7145.9926,"phase":"iterate"}
CONVERGENCE {"done":794,"iteration":968,"ms":7121.7366,"phase":"iterate"}
CONVERGENCE {"done":795,"iteration":969,"ms":7126.4454,"phase":"iterate"}
CONVERGENCE {"done":796,"iteration":970,"ms":7129.741,"phase":"iterate"}
CONVERGENCE {"done":797,"iteration":971,"ms":7113.6930999999995,"phase":"iterate"}
CONVERGENCE {"done":798,"iteration":972,"ms":7106.6634,"phase":"iterate"}
CONVERGENCE {"done":799,"iteration":973,"ms":7117.28,"phase":"iterate"}
CONVERGENCE {"done":800,"iteration":974,"ms":7090.2434,"phase":"iterate"}
CONVERGENCE {"check_ms":10746.001,"checkpoint_ms":10979.0523,"checks_ms_total":178126.04999999996,"done":800,"evs":[0.07037095917714258,0.07890152927517026,0.09091872278985003,0.10578968255901525,0.12816161832654568,0.15665715243011522,-0.5838866131464172,-0.4826681301434792],"gaps":[0.0004729687730338633,0.00034231879985378855,0.0005890898664343558,0.0004148378604173497,0.0005802301865912851,0.0008144310998279003,0.001002882065576416,0.0009917035634909865],"iteration":974,"iterations_ms_total":6266453.009199996,"learning_gap_bb":0.005208462215225945,"live_seats":[true,true,true,true,true,true,true,true],"phase":"checkpoint","sync_ms":233.0513,"syncs_ms_total":4147.673400000001,"target_gap_bb":0.005,"target_reached":false}
CONVERGENCE {"done":801,"iteration":975,"ms":7077.7171,"phase":"iterate"}
CONVERGENCE {"done":802,"iteration":976,"ms":7084.6293,"phase":"iterate"}
CONVERGENCE {"done":803,"iteration":977,"ms":7090.0809,"phase":"iterate"}
CONVERGENCE {"done":804,"iteration":978,"ms":7072.8476,"phase":"iterate"}
CONVERGENCE {"done":805,"iteration":979,"ms":7068.6631,"phase":"iterate"}
CONVERGENCE {"done":806,"iteration":980,"ms":7081.2613,"phase":"iterate"}
CONVERGENCE {"done":807,"iteration":981,"ms":7077.713100000001,"phase":"iterate"}
CONVERGENCE {"done":808,"iteration":982,"ms":7058.139,"phase":"iterate"}
CONVERGENCE {"done":809,"iteration":983,"ms":7071.370500000001,"phase":"iterate"}
CONVERGENCE {"done":810,"iteration":984,"ms":7064.9568,"phase":"iterate"}
CONVERGENCE {"done":811,"iteration":985,"ms":7057.7078,"phase":"iterate"}
CONVERGENCE {"done":812,"iteration":986,"ms":7058.2158,"phase":"iterate"}
CONVERGENCE {"done":813,"iteration":987,"ms":7039.6422999999995,"phase":"iterate"}
CONVERGENCE {"done":814,"iteration":988,"ms":7051.4329,"phase":"iterate"}
CONVERGENCE {"done":815,"iteration":989,"ms":7074.4713,"phase":"iterate"}
CONVERGENCE {"done":816,"iteration":990,"ms":7041.530299999999,"phase":"iterate"}
CONVERGENCE {"done":817,"iteration":991,"ms":7046.396,"phase":"iterate"}
CONVERGENCE {"done":818,"iteration":992,"ms":7047.7983,"phase":"iterate"}
CONVERGENCE {"done":819,"iteration":993,"ms":7050.9011,"phase":"iterate"}
CONVERGENCE {"done":820,"iteration":994,"ms":7046.8582,"phase":"iterate"}
CONVERGENCE {"done":821,"iteration":995,"ms":7056.395,"phase":"iterate"}
CONVERGENCE {"done":822,"iteration":996,"ms":7045.9326,"phase":"iterate"}
CONVERGENCE {"done":823,"iteration":997,"ms":7032.167399999999,"phase":"iterate"}
CONVERGENCE {"done":824,"iteration":998,"ms":7039.146299999999,"phase":"iterate"}
CONVERGENCE {"done":825,"iteration":999,"ms":7032.8286,"phase":"iterate"}
CONVERGENCE {"done":826,"iteration":1000,"ms":7031.5757,"phase":"iterate"}
CONVERGENCE {"done":827,"iteration":1001,"ms":7081.3414,"phase":"iterate"}
CONVERGENCE {"done":828,"iteration":1002,"ms":7093.8669,"phase":"iterate"}
CONVERGENCE {"done":829,"iteration":1003,"ms":7088.5748,"phase":"iterate"}
CONVERGENCE {"done":830,"iteration":1004,"ms":7093.0581,"phase":"iterate"}
CONVERGENCE {"done":831,"iteration":1005,"ms":7094.2192000000005,"phase":"iterate"}
CONVERGENCE {"done":832,"iteration":1006,"ms":7091.6195,"phase":"iterate"}
CONVERGENCE {"done":833,"iteration":1007,"ms":7091.123,"phase":"iterate"}
CONVERGENCE {"done":834,"iteration":1008,"ms":7090.155400000001,"phase":"iterate"}
CONVERGENCE {"done":835,"iteration":1009,"ms":7089.2236,"phase":"iterate"}
CONVERGENCE {"done":836,"iteration":1010,"ms":7088.8042000000005,"phase":"iterate"}
CONVERGENCE {"done":837,"iteration":1011,"ms":7088.1404,"phase":"iterate"}
CONVERGENCE {"done":838,"iteration":1012,"ms":7088.6149,"phase":"iterate"}
CONVERGENCE {"done":839,"iteration":1013,"ms":7092.3789,"phase":"iterate"}
CONVERGENCE {"done":840,"iteration":1014,"ms":7090.5232,"phase":"iterate"}
CONVERGENCE {"done":841,"iteration":1015,"ms":7090.9976,"phase":"iterate"}
CONVERGENCE {"done":842,"iteration":1016,"ms":7090.364100000001,"phase":"iterate"}
CONVERGENCE {"done":843,"iteration":1017,"ms":7088.3760999999995,"phase":"iterate"}
CONVERGENCE {"done":844,"iteration":1018,"ms":7102.9247,"phase":"iterate"}
CONVERGENCE {"done":845,"iteration":1019,"ms":7110.1002,"phase":"iterate"}
CONVERGENCE {"done":846,"iteration":1020,"ms":7101.4755000000005,"phase":"iterate"}
CONVERGENCE {"done":847,"iteration":1021,"ms":7088.692,"phase":"iterate"}
CONVERGENCE {"done":848,"iteration":1022,"ms":7105.5175,"phase":"iterate"}
CONVERGENCE {"done":849,"iteration":1023,"ms":7109.9945,"phase":"iterate"}
CONVERGENCE {"done":850,"iteration":1024,"ms":7094.9136,"phase":"iterate"}
CONVERGENCE {"check_ms":10747.3312,"checkpoint_ms":10978.7283,"checks_ms_total":188873.38119999995,"done":850,"evs":[0.07038931045924209,0.0789077620286864,0.09094306371724994,0.10576317657474514,0.12824612747672431,0.15675569810642062,-0.5840136451219393,-0.48267003591875224],"gaps":[0.00042691695788699136,0.00031787989547604756,0.0005531200206456005,0.0003773022429995193,0.0005187001604023966,0.0007402829040965286,0.0009479462246677617,0.0009016062400162284],"iteration":1024,"iterations_ms_total":6620198.386799996,"learning_gap_bb":0.004783754646191074,"live_seats":[true,true,true,true,true,true,true,true],"phase":"checkpoint","sync_ms":231.3971,"syncs_ms_total":4379.070500000001,"target_gap_bb":0.005,"target_reached":true}
CONVERGENCE {"path":"\\\\?\\T:\\Dev\\GTOpen\\target\\autoresearch\\preflop-20260910\\target\\research-convergence\\.convergence-105548-1789067195200299200\\checkpoint.gtop","phase":"save_staging"}
CONVERGENCE {"arena_fnv1a64":"2bb9359a48cfdade","budget_mb":23000,"check_every":50,"checks_ms_total":188873.38119999995,"converged":true,"done":850,"evs":[0.07038931045924209,0.0789077620286864,0.09094306371724994,0.10576317657474514,0.12824612747672431,0.15675569810642062,-0.5840136451219393,-0.48267003591875224],"gaps":[0.00042691695788699136,0.00031787989547604756,0.0005531200206456005,0.0003773022429995193,0.0005187001604023966,0.0007402829040965286,0.0009479462246677617,0.0009016062400162284],"harness":"convergence-control-v2","iteration":1024,"iterations_ms_total":6620198.386799996,"learning_gap_bb":0.004783754646191074,"live_seats":[true,true,true,true,true,true,true,true],"no_learning_seats":false,"output":"\\\\?\\T:\\Dev\\GTOpen\\target\\autoresearch\\preflop-20260910\\target\\research-convergence\\extended-convergence-eight-original-a.gtop","phase":"result","reload_ms":1049.2234,"roundtrip_verified":true,"save_bytes":2119602750,"save_ms":4661.0704,"start_iteration":174,"status":"target_reached","syncs_ms_total":4379.070500000001,"target_gap_bb":0.005,"trajectory_ms":6813489.3943}
