   Compiling proc-macro2 v1.0.106
   Compiling quote v1.0.45
   Compiling pin-project-lite v0.2.17
   Compiling bytes v1.11.1
   Compiling futures-core v0.3.32
   Compiling serde_core v1.0.228
   Compiling once_cell v1.21.4
   Compiling tower-service v0.3.3
   Compiling httparse v1.10.1
   Compiling slab v0.4.12
   Compiling log v0.4.32
   Compiling tower-layer v0.3.3
   Compiling mime v0.3.17
   Compiling httpdate v1.0.3
   Compiling futures-task v0.3.32
   Compiling unicase v2.9.0
   Compiling percent-encoding v2.3.2
   Compiling serde_json v1.0.150
   Compiling smallvec v1.15.1
   Compiling sync_wrapper v1.0.2
   Compiling atomic-waker v1.1.2
   Compiling memchr v2.8.1
   Compiling windows-sys v0.61.2
   Compiling ryu v1.0.23
   Compiling futures-sink v0.3.32
   Compiling bitflags v2.13.0
   Compiling http-range-header v0.4.2
   Compiling matchit v0.8.4
   Compiling futures-channel v0.3.32
   Compiling tracing-core v0.1.36
   Compiling form_urlencoded v1.2.2
   Compiling futures-util v0.3.32
   Compiling mime_guess v2.0.5
   Compiling http v1.4.2
   Compiling tracing v0.1.44
   Compiling syn v2.0.117
   Compiling http-body v1.0.1
   Compiling http-body-util v0.1.3
   Compiling axum-core v0.5.6
   Compiling mio v1.2.1
   Compiling socket2 v0.6.4
   Compiling serde_path_to_error v0.1.20
   Compiling tokio-macros v2.7.0
   Compiling serde_derive v1.0.228
   Compiling tokio v1.52.3
   Compiling serde v1.0.228
   Compiling serde_urlencoded v0.7.1
   Compiling solver v0.1.0 (T:\Dev\GTOpen\target\autoresearch\preflop-20260910\crates\solver)
   Compiling hyper v1.10.1
   Compiling tokio-util v0.7.18
   Compiling tower v0.5.3
   Compiling tower-http v0.6.11
   Compiling hyper-util v0.1.20
   Compiling axum v0.8.9
   Compiling server v0.1.0 (T:\Dev\GTOpen\target\autoresearch\preflop-20260910\crates\server)
    Finished `release` profile [optimized] target(s) in 1m 02s
