{
  "absolute_difference_bin_upper_bounds": [
    "0",
    "1e-12",
    "1e-10",
    "1e-8",
    "1e-6",
    "1e-4",
    "1e-2",
    "1",
    "infinity"
  ],
  "action_nodes": 861384,
  "all_compared_values_finite": true,
  "candidate": "T:\\Dev\\GTOpen\\target\\autoresearch\\preflop-20260910\\target\\fixtures\\final-modeled-frozen.gtop",
  "decision_reach_weighted_class_tv_candidate": 0.0,
  "decision_reach_weighted_class_tv_original": 0.0,
  "effective_average_strategy": {
    "abs_bins": [
      311892711,
      0,
      0,
      0,
      0,
      0,
      0,
      0,
      0
    ],
    "bit_equal": 311892711,
    "entries": 311892711,
    "finite_pairs": 311892711,
    "max_abs": 0.0,
    "max_abs_index": 0,
    "max_relative": 0.0,
    "max_ulp": 0,
    "mean_abs": 0.0,
    "mean_signed_candidate_minus_original": 0.0,
    "negative_a": 0,
    "negative_b": 0,
    "nonfinite_a": 0,
    "nonfinite_b": 0,
    "numeric_equal": 311892711,
    "rmse": 0.0,
    "signed_sum": 0.0,
    "sum_abs": 0.0,
    "sum_squared": 0.0
  },
  "effective_by_accumulated_support_pair": {
    "(1e-6,1e-3] -> (1e-6,1e-3]": {
      "abs_bins": [
        45582338,
        0,
        0,
        0,
        0,
        0,
        0,
        0,
        0
      ],
      "bit_equal": 45582338,
      "entries": 45582338,
      "finite_pairs": 45582338,
      "max_abs": 0.0,
      "max_abs_index": 0,
      "max_relative": 0.0,
      "max_ulp": 0,
      "mean_abs": 0.0,
      "mean_signed_candidate_minus_original": 0.0,
      "negative_a": 0,
      "negative_b": 0,
      "nonfinite_a": 0,
      "nonfinite_b": 0,
      "numeric_equal": 45582338,
      "rmse": 0.0,
      "signed_sum": 0.0,
      "sum_abs": 0.0,
      "sum_squared": 0.0
    },
    "(1e-9,1e-6] -> (1e-9,1e-6]": {
      "abs_bins": [
        20456540,
        0,
        0,
        0,
        0,
        0,
        0,
        0,
        0
      ],
      "bit_equal": 20456540,
      "entries": 20456540,
      "finite_pairs": 20456540,
      "max_abs": 0.0,
      "max_abs_index": 0,
      "max_relative": 0.0,
      "max_ulp": 0,
      "mean_abs": 0.0,
      "mean_signed_candidate_minus_original": 0.0,
      "negative_a": 0,
      "negative_b": 0,
      "nonfinite_a": 0,
      "nonfinite_b": 0,
      "numeric_equal": 20456540,
      "rmse": 0.0,
      "signed_sum": 0.0,
      "sum_abs": 0.0,
      "sum_squared": 0.0
    },
    "above_1e-3 -> above_1e-3": {
      "abs_bins": [
        207763995,
        0,
        0,
        0,
        0,
        0,
        0,
        0,
        0
      ],
      "bit_equal": 207763995,
      "entries": 207763995,
      "finite_pairs": 207763995,
      "max_abs": 0.0,
      "max_abs_index": 0,
      "max_relative": 0.0,
      "max_ulp": 0,
      "mean_abs": 0.0,
      "mean_signed_candidate_minus_original": 0.0,
      "negative_a": 0,
      "negative_b": 0,
      "nonfinite_a": 0,
      "nonfinite_b": 0,
      "numeric_equal": 207763995,
      "rmse": 0.0,
      "signed_sum": 0.0,
      "sum_abs": 0.0,
      "sum_squared": 0.0
    },
    "zero_accumulated_mass -> zero_accumulated_mass": {
      "abs_bins": [
        38089838,
        0,
        0,
        0,
        0,
        0,
        0,
        0,
        0
      ],
      "bit_equal": 38089838,
      "entries": 38089838,
      "finite_pairs": 38089838,
      "max_abs": 0.0,
      "max_abs_index": 0,
      "max_relative": 0.0,
      "max_ulp": 0,
      "mean_abs": 0.0,
      "mean_signed_candidate_minus_original": 0.0,
      "negative_a": 0,
      "negative_b": 0,
      "nonfinite_a": 0,
      "nonfinite_b": 0,
      "numeric_equal": 38089838,
      "rmse": 0.0,
      "signed_sum": 0.0,
      "sum_abs": 0.0,
      "sum_squared": 0.0
    }
  },
  "effective_by_current_factorized_reach_pair": {
    "(0,1e-15] -> (0,1e-15]": {
      "abs_bins": [
        34800500,
        0,
        0,
        0,
        0,
        0,
        0,
        0,
        0
      ],
      "bit_equal": 34800500,
      "entries": 34800500,
      "finite_pairs": 34800500,
      "max_abs": 0.0,
      "max_abs_index": 0,
      "max_relative": 0.0,
      "max_ulp": 0,
      "mean_abs": 0.0,
      "mean_signed_candidate_minus_original": 0.0,
      "negative_a": 0,
      "negative_b": 0,
      "nonfinite_a": 0,
      "nonfinite_b": 0,
      "numeric_equal": 34800500,
      "rmse": 0.0,
      "signed_sum": 0.0,
      "sum_abs": 0.0,
      "sum_squared": 0.0
    },
    "(1e-12,1e-9] -> (1e-12,1e-9]": {
      "abs_bins": [
        41291334,
        0,
        0,
        0,
        0,
        0,
        0,
        0,
        0
      ],
      "bit_equal": 41291334,
      "entries": 41291334,
      "finite_pairs": 41291334,
      "max_abs": 0.0,
      "max_abs_index": 0,
      "max_relative": 0.0,
      "max_ulp": 0,
      "mean_abs": 0.0,
      "mean_signed_candidate_minus_original": 0.0,
      "negative_a": 0,
      "negative_b": 0,
      "nonfinite_a": 0,
      "nonfinite_b": 0,
      "numeric_equal": 41291334,
      "rmse": 0.0,
      "signed_sum": 0.0,
      "sum_abs": 0.0,
      "sum_squared": 0.0
    },
    "(1e-15,1e-12] -> (1e-15,1e-12]": {
      "abs_bins": [
        45919458,
        0,
        0,
        0,
        0,
        0,
        0,
        0,
        0
      ],
      "bit_equal": 45919458,
      "entries": 45919458,
      "finite_pairs": 45919458,
      "max_abs": 0.0,
      "max_abs_index": 0,
      "max_relative": 0.0,
      "max_ulp": 0,
      "mean_abs": 0.0,
      "mean_signed_candidate_minus_original": 0.0,
      "negative_a": 0,
      "negative_b": 0,
      "nonfinite_a": 0,
      "nonfinite_b": 0,
      "numeric_equal": 45919458,
      "rmse": 0.0,
      "signed_sum": 0.0,
      "sum_abs": 0.0,
      "sum_squared": 0.0
    },
    "(1e-9,1e-6] -> (1e-9,1e-6]": {
      "abs_bins": [
        12765190,
        0,
        0,
        0,
        0,
        0,
        0,
        0,
        0
      ],
      "bit_equal": 12765190,
      "entries": 12765190,
      "finite_pairs": 12765190,
      "max_abs": 0.0,
      "max_abs_index": 0,
      "max_relative": 0.0,
      "max_ulp": 0,
      "mean_abs": 0.0,
      "mean_signed_candidate_minus_original": 0.0,
      "negative_a": 0,
      "negative_b": 0,
      "nonfinite_a": 0,
      "nonfinite_b": 0,
      "numeric_equal": 12765190,
      "rmse": 0.0,
      "signed_sum": 0.0,
      "sum_abs": 0.0,
      "sum_squared": 0.0
    },
    "above_1e-6 -> above_1e-6": {
      "abs_bins": [
        836130,
        0,
        0,
        0,
        0,
        0,
        0,
        0,
        0
      ],
      "bit_equal": 836130,
      "entries": 836130,
      "finite_pairs": 836130,
      "max_abs": 0.0,
      "max_abs_index": 0,
      "max_relative": 0.0,
      "max_ulp": 0,
      "mean_abs": 0.0,
      "mean_signed_candidate_minus_original": 0.0,
      "negative_a": 0,
      "negative_b": 0,
      "nonfinite_a": 0,
      "nonfinite_b": 0,
      "numeric_equal": 836130,
      "rmse": 0.0,
      "signed_sum": 0.0,
      "sum_abs": 0.0,
      "sum_squared": 0.0
    },
    "zero_current_factorized_reach -> zero_current_factorized_reach": {
      "abs_bins": [
        176280099,
        0,
        0,
        0,
        0,
        0,
        0,
        0,
        0
      ],
      "bit_equal": 176280099,
      "entries": 176280099,
      "finite_pairs": 176280099,
      "max_abs": 0.0,
      "max_abs_index": 0,
      "max_relative": 0.0,
      "max_ulp": 0,
      "mean_abs": 0.0,
      "mean_signed_candidate_minus_original": 0.0,
      "negative_a": 0,
      "negative_b": 0,
      "nonfinite_a": 0,
      "nonfinite_b": 0,
      "numeric_equal": 176280099,
      "rmse": 0.0,
      "signed_sum": 0.0,
      "sum_abs": 0.0,
      "sum_squared": 0.0
    }
  },
  "equity_cache_samples": 20000,
  "finite_tv_classes": 145573896,
  "headers_identical_after_point_lock_order_canonicalization": true,
  "interpretation": [
    "Mass/support is accumulated strategy sum, not observation count or confidence.",
    "Zero raw mass can coexist with a valid forced policy. Effective averages use native locks/profile routing.",
    "Current reach uses the solver's factorized f32 propagation, including underflow; zero reach is not proof a state is mathematically impossible.",
    "Reach weighting sums decision opportunities across nodes; it is not an exploitability metric.",
    "Relative/ULP and near-zero bins are descriptive. No threshold or numerical acceptance conclusion is inferred."
  ],
  "invalid_effective_entries": 0,
  "invalid_reach_classes": 0,
  "iteration": 86,
  "largest_effective_differences": [],
  "max_class_total_variation": 0.0,
  "max_effective_row_sum_error": 2.980232238769531e-7,
  "mean_class_total_variation": 0.0,
  "node_hand_classes": 145573896,
  "original": "T:\\Dev\\GTOpen\\target\\autoresearch\\preflop-20260910\\target\\fixtures\\literal-coupled-frozen-six.gtop",
  "payoff_model": "coupled_deck_v1",
  "purpose": "descriptive numerical comparison; no acceptance thresholds applied",
  "raw_arena_normalized_strategy": {
    "abs_bins": [
      311892711,
      0,
      0,
      0,
      0,
      0,
      0,
      0,
      0
    ],
    "bit_equal": 311892711,
    "entries": 311892711,
    "finite_pairs": 311892711,
    "max_abs": 0.0,
    "max_abs_index": 0,
    "max_relative": 0.0,
    "max_ulp": 0,
    "mean_abs": 0.0,
    "mean_signed_candidate_minus_original": 0.0,
    "negative_a": 0,
    "negative_b": 0,
    "nonfinite_a": 0,
    "nonfinite_b": 0,
    "numeric_equal": 311892711,
    "rmse": 0.0,
    "signed_sum": 0.0,
    "sum_abs": 0.0,
    "sum_squared": 0.0
  },
  "raw_arenas": {
    "regrets": {
      "abs_bins": [
        311892711,
        0,
        0,
        0,
        0,
        0,
        0,
        0,
        0
      ],
      "bit_equal": 311892711,
      "entries": 311892711,
      "finite_pairs": 311892711,
      "max_abs": 0.0,
      "max_abs_index": 0,
      "max_relative": 0.0,
      "max_ulp": 0,
      "mean_abs": 0.0,
      "mean_signed_candidate_minus_original": 0.0,
      "negative_a": 46477717,
      "negative_b": 46477717,
      "nonfinite_a": 0,
      "nonfinite_b": 0,
      "numeric_equal": 311892711,
      "rmse": 0.0,
      "signed_sum": 0.0,
      "sum_abs": 0.0,
      "sum_squared": 0.0
    },
    "strategy_sums": {
      "abs_bins": [
        311892711,
        0,
        0,
        0,
        0,
        0,
        0,
        0,
        0
      ],
      "bit_equal": 311892711,
      "entries": 311892711,
      "finite_pairs": 311892711,
      "max_abs": 0.0,
      "max_abs_index": 0,
      "max_relative": 0.0,
      "max_ulp": 0,
      "mean_abs": 0.0,
      "mean_signed_candidate_minus_original": 0.0,
      "negative_a": 0,
      "negative_b": 0,
      "nonfinite_a": 0,
      "nonfinite_b": 0,
      "numeric_equal": 311892711,
      "rmse": 0.0,
      "signed_sum": 0.0,
      "sum_abs": 0.0,
      "sum_squared": 0.0
    }
  },
  "reach_pair_class_counts": {
    "(0,1e-15] -> (0,1e-15]": 17361892,
    "(1e-12,1e-9] -> (1e-12,1e-9]": 18034455,
    "(1e-15,1e-12] -> (1e-15,1e-12]": 21892308,
    "(1e-9,1e-6] -> (1e-9,1e-6]": 4059637,
    "above_1e-6 -> above_1e-6": 170572,
    "zero_current_factorized_reach -> zero_current_factorized_reach": 84055032
  },
  "support_pair_class_counts": {
    "(1e-6,1e-3] -> (1e-6,1e-3]": 21651463,
    "(1e-9,1e-6] -> (1e-9,1e-6]": 9945958,
    "above_1e-3 -> above_1e-3": 94931556,
    "zero_accumulated_mass -> zero_accumulated_mass": 19044919
  }
}
