preflop gpu: coupled multiway, 1024 particles, 30 reach CDFs, 32-particle batches, 0 MB CDF scratch
preflop gpu: compact CDF slots 20 of 30, 0.0 MB immutable map
preflop gpu: deployed_prepass reference, 32-particle grouping and HU-cache=true with accurately budgeted storage
preflop gpu: 100 nodes, 8 levels, 58 terminals (0 calibrated), 0 forced + 0 frozen nodes, ~67 MB VRAM
BENCH {"build_ms":13.250100000000002,"init_ms":173.4474,"model":"coupled_deck_v1","nodes":100,"phase":"init","start_iteration":0}
BENCH {"iteration":1,"ms":2.6138,"phase":"iterate"}
BENCH {"iteration":2,"ms":1.965,"phase":"iterate"}
BENCH {"iteration":3,"ms":1.8292,"phase":"iterate"}
BENCH {"iteration":4,"ms":1.3091000000000002,"phase":"iterate"}
BENCH {"iteration":5,"ms":1.3075999999999999,"phase":"iterate"}
BENCH {"iteration":6,"ms":1.2934999999999999,"phase":"iterate"}
BENCH {"iteration":7,"ms":1.3132000000000001,"phase":"iterate"}
BENCH {"iteration":8,"ms":1.6238,"phase":"iterate"}
BENCH {"iteration":9,"ms":1.3075,"phase":"iterate"}
BENCH {"iteration":10,"ms":1.3031,"phase":"iterate"}
BENCH {"iteration":11,"ms":1.3069,"phase":"iterate"}
BENCH {"iteration":12,"ms":1.3034999999999999,"phase":"iterate"}
BENCH {"iteration":13,"ms":1.3042,"phase":"iterate"}
BENCH {"iteration":14,"ms":1.3029000000000002,"phase":"iterate"}
BENCH {"iteration":15,"ms":1.8558999999999999,"phase":"iterate"}
BENCH {"iteration":16,"ms":1.9321,"phase":"iterate"}
BENCH {"iteration":17,"ms":1.3107,"phase":"iterate"}
BENCH {"iteration":18,"ms":1.3078,"phase":"iterate"}
BENCH {"iteration":19,"ms":1.3014999999999999,"phase":"iterate"}
BENCH {"iteration":20,"ms":1.3036,"phase":"iterate"}
BENCH {"iteration":21,"ms":1.2965,"phase":"iterate"}
BENCH {"iteration":22,"ms":1.6113,"phase":"iterate"}
BENCH {"iteration":23,"ms":1.3016,"phase":"iterate"}
BENCH {"iteration":24,"ms":1.2979999999999998,"phase":"iterate"}
BENCH {"iteration":25,"ms":1.2971000000000001,"phase":"iterate"}
BENCH {"iteration":26,"ms":1.2973,"phase":"iterate"}
BENCH {"iteration":27,"ms":1.2981,"phase":"iterate"}
BENCH {"iteration":28,"ms":1.307,"phase":"iterate"}
BENCH {"iteration":29,"ms":1.6519,"phase":"iterate"}
BENCH {"iteration":30,"ms":2.1576999999999997,"phase":"iterate"}
BENCH {"arena_hash":"c428858c474fde73","check_ms":2.4562999999999997,"evs":[0.10060544574438775,-0.14715149229308094,-0.13009906825700532],"gaps":[0.0009725331098406342,0.0017061595366514581,0.0008015214145071781],"iteration":30,"load_ms":19.2489,"phase":"result","save_bytes":134416,"save_ms":13.0491,"sync_ms":0.6213,"times_ms":[2.6138,1.965,1.8292,1.3091000000000002,1.3075999999999999,1.2934999999999999,1.3132000000000001,1.6238,1.3075,1.3031,1.3069,1.3034999999999999,1.3042,1.3029000000000002,1.8558999999999999,1.9321,1.3107,1.3078,1.3014999999999999,1.3036,1.2965,1.6113,1.3016,1.2979999999999998,1.2971000000000001,1.2973,1.2981,1.307,1.6519,2.1576999999999997]}
