{
  "absolute_difference_bin_upper_bounds": [
    "0",
    "1e-12",
    "1e-10",
    "1e-8",
    "1e-6",
    "1e-4",
    "1e-2",
    "1",
    "infinity"
  ],
  "action_nodes": 762114,
  "all_compared_values_finite": true,
  "candidate": "T:\\Dev\\GTOpen\\target\\autoresearch\\preflop-20260910\\target\\research-convergence\\fresh-eight-2-compatible-a.gtop",
  "decision_reach_weighted_class_tv_candidate": 0.0,
  "decision_reach_weighted_class_tv_original": 0.0,
  "effective_average_strategy": {
    "abs_bins": [
      264950257,
      0,
      0,
      0,
      0,
      0,
      0,
      0,
      0
    ],
    "bit_equal": 264950257,
    "entries": 264950257,
    "finite_pairs": 264950257,
    "max_abs": 0.0,
    "max_abs_index": 0,
    "max_relative": 0.0,
    "max_ulp": 0,
    "mean_abs": 0.0,
    "mean_signed_candidate_minus_original": 0.0,
    "negative_a": 0,
    "negative_b": 0,
    "nonfinite_a": 0,
    "nonfinite_b": 0,
    "numeric_equal": 264950257,
    "rmse": 0.0,
    "signed_sum": 0.0,
    "sum_abs": 0.0,
    "sum_squared": 0.0
  },
  "effective_by_accumulated_support_pair": {
    "(1e-6,1e-3] -> (1e-6,1e-3]": {
      "abs_bins": [
        148524376,
        0,
        0,
        0,
        0,
        0,
        0,
        0,
        0
      ],
      "bit_equal": 148524376,
      "entries": 148524376,
      "finite_pairs": 148524376,
      "max_abs": 0.0,
      "max_abs_index": 0,
      "max_relative": 0.0,
      "max_ulp": 0,
      "mean_abs": 0.0,
      "mean_signed_candidate_minus_original": 0.0,
      "negative_a": 0,
      "negative_b": 0,
      "nonfinite_a": 0,
      "nonfinite_b": 0,
      "numeric_equal": 148524376,
      "rmse": 0.0,
      "signed_sum": 0.0,
      "sum_abs": 0.0,
      "sum_squared": 0.0
    },
    "(1e-9,1e-6] -> (1e-9,1e-6]": {
      "abs_bins": [
        51528688,
        0,
        0,
        0,
        0,
        0,
        0,
        0,
        0
      ],
      "bit_equal": 51528688,
      "entries": 51528688,
      "finite_pairs": 51528688,
      "max_abs": 0.0,
      "max_abs_index": 0,
      "max_relative": 0.0,
      "max_ulp": 0,
      "mean_abs": 0.0,
      "mean_signed_candidate_minus_original": 0.0,
      "negative_a": 0,
      "negative_b": 0,
      "nonfinite_a": 0,
      "nonfinite_b": 0,
      "numeric_equal": 51528688,
      "rmse": 0.0,
      "signed_sum": 0.0,
      "sum_abs": 0.0,
      "sum_squared": 0.0
    },
    "above_1e-3 -> above_1e-3": {
      "abs_bins": [
        64897193,
        0,
        0,
        0,
        0,
        0,
        0,
        0,
        0
      ],
      "bit_equal": 64897193,
      "entries": 64897193,
      "finite_pairs": 64897193,
      "max_abs": 0.0,
      "max_abs_index": 0,
      "max_relative": 0.0,
      "max_ulp": 0,
      "mean_abs": 0.0,
      "mean_signed_candidate_minus_original": 0.0,
      "negative_a": 0,
      "negative_b": 0,
      "nonfinite_a": 0,
      "nonfinite_b": 0,
      "numeric_equal": 64897193,
      "rmse": 0.0,
      "signed_sum": 0.0,
      "sum_abs": 0.0,
      "sum_squared": 0.0
    }
  },
  "effective_by_current_factorized_reach_pair": {
    "(0,1e-15] -> (0,1e-15]": {
      "abs_bins": [
        145300942,
        0,
        0,
        0,
        0,
        0,
        0,
        0,
        0
      ],
      "bit_equal": 145300942,
      "entries": 145300942,
      "finite_pairs": 145300942,
      "max_abs": 0.0,
      "max_abs_index": 0,
      "max_relative": 0.0,
      "max_ulp": 0,
      "mean_abs": 0.0,
      "mean_signed_candidate_minus_original": 0.0,
      "negative_a": 0,
      "negative_b": 0,
      "nonfinite_a": 0,
      "nonfinite_b": 0,
      "numeric_equal": 145300942,
      "rmse": 0.0,
      "signed_sum": 0.0,
      "sum_abs": 0.0,
      "sum_squared": 0.0
    },
    "(1e-12,1e-9] -> (1e-12,1e-9]": {
      "abs_bins": [
        39378968,
        0,
        0,
        0,
        0,
        0,
        0,
        0,
        0
      ],
      "bit_equal": 39378968,
      "entries": 39378968,
      "finite_pairs": 39378968,
      "max_abs": 0.0,
      "max_abs_index": 0,
      "max_relative": 0.0,
      "max_ulp": 0,
      "mean_abs": 0.0,
      "mean_signed_candidate_minus_original": 0.0,
      "negative_a": 0,
      "negative_b": 0,
      "nonfinite_a": 0,
      "nonfinite_b": 0,
      "numeric_equal": 39378968,
      "rmse": 0.0,
      "signed_sum": 0.0,
      "sum_abs": 0.0,
      "sum_squared": 0.0
    },
    "(1e-15,1e-12] -> (1e-15,1e-12]": {
      "abs_bins": [
        70823838,
        0,
        0,
        0,
        0,
        0,
        0,
        0,
        0
      ],
      "bit_equal": 70823838,
      "entries": 70823838,
      "finite_pairs": 70823838,
      "max_abs": 0.0,
      "max_abs_index": 0,
      "max_relative": 0.0,
      "max_ulp": 0,
      "mean_abs": 0.0,
      "mean_signed_candidate_minus_original": 0.0,
      "negative_a": 0,
      "negative_b": 0,
      "nonfinite_a": 0,
      "nonfinite_b": 0,
      "numeric_equal": 70823838,
      "rmse": 0.0,
      "signed_sum": 0.0,
      "sum_abs": 0.0,
      "sum_squared": 0.0
    },
    "(1e-9,1e-6] -> (1e-9,1e-6]": {
      "abs_bins": [
        8778388,
        0,
        0,
        0,
        0,
        0,
        0,
        0,
        0
      ],
      "bit_equal": 8778388,
      "entries": 8778388,
      "finite_pairs": 8778388,
      "max_abs": 0.0,
      "max_abs_index": 0,
      "max_relative": 0.0,
      "max_ulp": 0,
      "mean_abs": 0.0,
      "mean_signed_candidate_minus_original": 0.0,
      "negative_a": 0,
      "negative_b": 0,
      "nonfinite_a": 0,
      "nonfinite_b": 0,
      "numeric_equal": 8778388,
      "rmse": 0.0,
      "signed_sum": 0.0,
      "sum_abs": 0.0,
      "sum_squared": 0.0
    },
    "above_1e-6 -> above_1e-6": {
      "abs_bins": [
        668121,
        0,
        0,
        0,
        0,
        0,
        0,
        0,
        0
      ],
      "bit_equal": 668121,
      "entries": 668121,
      "finite_pairs": 668121,
      "max_abs": 0.0,
      "max_abs_index": 0,
      "max_relative": 0.0,
      "max_ulp": 0,
      "mean_abs": 0.0,
      "mean_signed_candidate_minus_original": 0.0,
      "negative_a": 0,
      "negative_b": 0,
      "nonfinite_a": 0,
      "nonfinite_b": 0,
      "numeric_equal": 668121,
      "rmse": 0.0,
      "signed_sum": 0.0,
      "sum_abs": 0.0,
      "sum_squared": 0.0
    }
  },
  "equity_cache_samples": 20000,
  "finite_tv_classes": 128797266,
  "headers_identical_after_point_lock_order_canonicalization": true,
  "interpretation": [
    "Mass/support is accumulated strategy sum, not observation count or confidence.",
    "Zero raw mass can coexist with a valid forced policy. Effective averages use native locks/profile routing.",
    "Current reach uses the solver's factorized f32 propagation, including underflow; zero reach is not proof a state is mathematically impossible.",
    "Reach weighting sums decision opportunities across nodes; it is not an exploitability metric.",
    "Relative/ULP and near-zero bins are descriptive. No threshold or numerical acceptance conclusion is inferred."
  ],
  "invalid_effective_entries": 0,
  "invalid_reach_classes": 0,
  "iteration": 20,
  "largest_effective_differences": [],
  "max_class_total_variation": 0.0,
  "max_effective_row_sum_error": 3.5762786865234375e-7,
  "mean_class_total_variation": 0.0,
  "node_hand_classes": 128797266,
  "original": "T:\\Dev\\GTOpen\\target\\autoresearch\\preflop-20260910\\target\\research-convergence\\fresh-eight-2-original-a.gtop",
  "payoff_model": "coupled_deck_v1",
  "purpose": "descriptive numerical comparison; no acceptance thresholds applied",
  "raw_arena_normalized_strategy": {
    "abs_bins": [
      264950257,
      0,
      0,
      0,
      0,
      0,
      0,
      0,
      0
    ],
    "bit_equal": 264950257,
    "entries": 264950257,
    "finite_pairs": 264950257,
    "max_abs": 0.0,
    "max_abs_index": 0,
    "max_relative": 0.0,
    "max_ulp": 0,
    "mean_abs": 0.0,
    "mean_signed_candidate_minus_original": 0.0,
    "negative_a": 0,
    "negative_b": 0,
    "nonfinite_a": 0,
    "nonfinite_b": 0,
    "numeric_equal": 264950257,
    "rmse": 0.0,
    "signed_sum": 0.0,
    "sum_abs": 0.0,
    "sum_squared": 0.0
  },
  "raw_arenas": {
    "regrets": {
      "abs_bins": [
        264950257,
        0,
        0,
        0,
        0,
        0,
        0,
        0,
        0
      ],
      "bit_equal": 264950257,
      "entries": 264950257,
      "finite_pairs": 264950257,
      "max_abs": 0.0,
      "max_abs_index": 0,
      "max_relative": 0.0,
      "max_ulp": 0,
      "mean_abs": 0.0,
      "mean_signed_candidate_minus_original": 0.0,
      "negative_a": 112041536,
      "negative_b": 112041536,
      "nonfinite_a": 0,
      "nonfinite_b": 0,
      "numeric_equal": 264950257,
      "rmse": 0.0,
      "signed_sum": 0.0,
      "sum_abs": 0.0,
      "sum_squared": 0.0
    },
    "strategy_sums": {
      "abs_bins": [
        264950257,
        0,
        0,
        0,
        0,
        0,
        0,
        0,
        0
      ],
      "bit_equal": 264950257,
      "entries": 264950257,
      "finite_pairs": 264950257,
      "max_abs": 0.0,
      "max_abs_index": 0,
      "max_relative": 0.0,
      "max_ulp": 0,
      "mean_abs": 0.0,
      "mean_signed_candidate_minus_original": 0.0,
      "negative_a": 0,
      "negative_b": 0,
      "nonfinite_a": 0,
      "nonfinite_b": 0,
      "numeric_equal": 264950257,
      "rmse": 0.0,
      "signed_sum": 0.0,
      "sum_abs": 0.0,
      "sum_squared": 0.0
    }
  },
  "reach_pair_class_counts": {
    "(0,1e-15] -> (0,1e-15]": 72262161,
    "(1e-12,1e-9] -> (1e-12,1e-9]": 18296415,
    "(1e-15,1e-12] -> (1e-15,1e-12]": 34543835,
    "(1e-9,1e-6] -> (1e-9,1e-6]": 3507244,
    "above_1e-6 -> above_1e-6": 187611
  },
  "support_pair_class_counts": {
    "(1e-6,1e-3] -> (1e-6,1e-3]": 72755548,
    "(1e-9,1e-6] -> (1e-9,1e-6]": 25764344,
    "above_1e-3 -> above_1e-3": 30277374
  }
}
