CONVERGENCE {"additional_iteration_limit":20,"backend":"gpu","budget_mb":23000,"check_every":10,"equity_cache_fnv1a64":"eb725e19520a8405","harness":"convergence-control-v2","input":"\\\\?\\T:\\Dev\\GTOpen\\target\\autoresearch\\preflop-20260910\\target\\research-build\\build-owned-confirm-a\\build-owned-confirm-a-eight-fresh-1-baseline.gtop","input_fnv1a64":"73cc472b8c5e2cb6","load_input_ms":1216.2638000000002,"nodes":1567754,"output":"\\\\?\\T:\\Dev\\GTOpen\\target\\autoresearch\\preflop-20260910\\target\\research-convergence\\fresh-eight-2-original-a.gtop","phase":"manifest","realization_fit_fnv1a64":"7117a9b28b8ea80b","realization_fit_path":"\\\\?\\T:\\Dev\\GTOpen\\target\\autoresearch\\preflop-20260910\\cache\\realization_fit.json","start_state":{"config":{"add_allin":true,"allin_threshold":0.85,"ante":0.0,"call_only_seats":[],"limp":true,"max_raises":2,"no_flop_no_drop":true,"open_raises":[6.0,10.0],"open_raises_by_seat":null,"positions":["UTG","UTG1","MP","HJ","CO","BTN","SB","BB"],"posts":[0.0,0.0,0.0,0.0,0.0,0.0,1.0,1.0],"raise_mults":[3.0,5.0,7.0],"raise_mults_by_seat":null,"rake_cap":8.5,"rake_pct":10.0,"realization":"calibrated","stack":150.0},"frozen":[false,false,false,false,false,false,false,false],"hero":null,"iteration":0,"live_seats":[true,true,true,true,true,true,true,true],"model":"coupled_deck_v1","profiles_fnv1a64":"591c502870565ad5","profiles_json_bytes":41},"stop_rule":"sum(gaps of live_seats) < target; no initial check","target_gap_bb":0.005}
preflop gpu: coupled multiway, 1024 particles, 760578 reach CDFs, 32-particle batches, 16550 MB CDF scratch
preflop gpu: 1567754 nodes, 23 levels, 805640 terminals (119099 calibrated), 0 forced + 0 frozen nodes, ~20889 MB VRAM
CONVERGENCE {"ms":1259.1988999999999,"phase":"gpu_init"}
CONVERGENCE {"done":1,"iteration":1,"ms":8265.702,"phase":"iterate"}
CONVERGENCE {"done":2,"iteration":2,"ms":5980.1846000000005,"phase":"iterate"}
CONVERGENCE {"done":3,"iteration":3,"ms":7917.0865,"phase":"iterate"}
CONVERGENCE {"done":4,"iteration":4,"ms":7710.5828,"phase":"iterate"}
CONVERGENCE {"done":5,"iteration":5,"ms":7875.401,"phase":"iterate"}
CONVERGENCE {"done":6,"iteration":6,"ms":7827.3567,"phase":"iterate"}
CONVERGENCE {"done":7,"iteration":7,"ms":8003.9314,"phase":"iterate"}
CONVERGENCE {"done":8,"iteration":8,"ms":8200.693899999998,"phase":"iterate"}
CONVERGENCE {"done":9,"iteration":9,"ms":8371.922,"phase":"iterate"}
CONVERGENCE {"done":10,"iteration":10,"ms":8530.563900000001,"phase":"iterate"}
CONVERGENCE {"check_ms":10768.0104,"checkpoint_ms":11305.7671,"checks_ms_total":10768.0104,"done":10,"evs":[-0.012284630895016746,-0.028464203471625316,-0.031003382875768426,-0.02144572159731095,0.0017637808596153437,0.06332836244896443,-1.1469308415572823,-0.8013430118766058],"gaps":[0.3252935837657025,0.2999606145575134,0.29297127364678577,0.27630739134676885,0.26941241237925373,0.4912334365175597,1.0626108599221986,0.9609330464385635],"iteration":10,"iterations_ms_total":78683.42480000001,"learning_gap_bb":3.978722618574346,"live_seats":[true,true,true,true,true,true,true,true],"phase":"checkpoint","sync_ms":537.7567,"syncs_ms_total":537.7567,"target_gap_bb":0.005,"target_reached":false}
CONVERGENCE {"done":11,"iteration":11,"ms":8719.8572,"phase":"iterate"}
CONVERGENCE {"done":12,"iteration":12,"ms":8869.9989,"phase":"iterate"}
CONVERGENCE {"done":13,"iteration":13,"ms":9002.6308,"phase":"iterate"}
CONVERGENCE {"done":14,"iteration":14,"ms":9050.2533,"phase":"iterate"}
CONVERGENCE {"done":15,"iteration":15,"ms":9092.7094,"phase":"iterate"}
CONVERGENCE {"done":16,"iteration":16,"ms":9175.630099999998,"phase":"iterate"}
CONVERGENCE {"done":17,"iteration":17,"ms":9255.5712,"phase":"iterate"}
CONVERGENCE {"done":18,"iteration":18,"ms":9350.8729,"phase":"iterate"}
CONVERGENCE {"done":19,"iteration":19,"ms":9399.5142,"phase":"iterate"}
CONVERGENCE {"done":20,"iteration":20,"ms":9422.625999999998,"phase":"iterate"}
CONVERGENCE {"check_ms":10727.7317,"checkpoint_ms":10961.62,"checks_ms_total":21495.7421,"done":20,"evs":[0.06605541988574472,0.05675705252586598,0.10861683248246787,0.12922715972684223,-0.049447624683192026,-0.09093329398543182,-0.8998539576775828,-0.6829976153186041],"gaps":[0.6766126634589704,1.2055770351830846,0.9524365740967515,0.3979927164972458,0.4293942689437168,0.860057184689866,0.739574011724669,0.6325498365727243],"iteration":20,"iterations_ms_total":170023.0888,"learning_gap_bb":5.894194291167028,"live_seats":[true,true,true,true,true,true,true,true],"phase":"checkpoint","sync_ms":233.8883,"syncs_ms_total":771.645,"target_gap_bb":0.005,"target_reached":false}
CONVERGENCE {"path":"\\\\?\\T:\\Dev\\GTOpen\\target\\autoresearch\\preflop-20260910\\target\\research-convergence\\.convergence-105076-1789072243434038100\\checkpoint.gtop","phase":"save_staging"}
CONVERGENCE {"arena_fnv1a64":"824950f688b61a35","budget_mb":23000,"check_every":10,"checks_ms_total":21495.7421,"converged":false,"done":20,"evs":[0.06605541988574472,0.05675705252586598,0.10861683248246787,0.12922715972684223,-0.049447624683192026,-0.09093329398543182,-0.8998539576775828,-0.6829976153186041],"gaps":[0.6766126634589704,1.2055770351830846,0.9524365740967515,0.3979927164972458,0.4293942689437168,0.860057184689866,0.739574011724669,0.6325498365727243],"harness":"convergence-control-v2","iteration":20,"iterations_ms_total":170023.0888,"learning_gap_bb":5.894194291167028,"live_seats":[true,true,true,true,true,true,true,true],"no_learning_seats":false,"output":"\\\\?\\T:\\Dev\\GTOpen\\target\\autoresearch\\preflop-20260910\\target\\research-convergence\\fresh-eight-2-original-a.gtop","phase":"result","reload_ms":1087.5426,"roundtrip_verified":true,"save_bytes":2119602748,"save_ms":5076.6385,"start_iteration":0,"status":"not_converged_iteration_limit","syncs_ms_total":771.645,"target_gap_bb":0.005,"trajectory_ms":192291.51870000002}
