PREFLOP_MODULE_RESOURCES {"device_ordinal":0,"environment":{"CUDA_CACHE_DISABLE":null,"CUDA_CACHE_MAXSIZE":null,"CUDA_CACHE_PATH":null,"CUDA_DISABLE_PTX_JIT":null,"CUDA_FORCE_PTX_JIT":null,"CUDA_MODULE_LOADING":null,"CUDA_VISIBLE_DEVICES":null},"harness":"preflop-module-resources-v1","kernel_launches":0,"label":"literal-original","note":"Freeze this harness unchanged across literal original and optimized kernel sources; archive executable/kernel SHA256 externally.","phase":"manifest","solver_buffers":0,"source_bytes":27096,"source_fnv1a64":"f2849cef84d0e896"}
PREFLOP_MODULE_RESOURCES {"has_async_alloc":true,"ms":109.61070000000001,"phase":"context_created"}
PREFLOP_MODULE_RESOURCES {"delta_previous_bytes":null,"delta_since_context_bytes":0,"free_bytes":24436015104,"phase":"memory","scope":"device-global CUDA free/total; not process allocation, residency, eviction or paging","stage":"after_context_creation","total_bytes":25769279488,"used_bytes":1333264384}
PREFLOP_MODULE_RESOURCES {"arch":"compute_86","max_threads_per_sm":{"value":1536},"multiprocessors":{"value":82},"phase":"device","warp_size":{"value":32}}
PREFLOP_MODULE_RESOURCES {"ms":58.8334,"options":"arch=detected compute capability; all other CompileOptions default (same as solver)","phase":"compiled","ptx_fnv1a64":"dbf2bf58dc038ad8","ptx_source_bytes":247374}
PREFLOP_MODULE_RESOURCES {"delta_previous_bytes":0,"delta_since_context_bytes":0,"free_bytes":24436015104,"phase":"memory","scope":"device-global CUDA free/total; not process allocation, residency, eviction or paging","stage":"after_compile_before_module_load","total_bytes":25769279488,"used_bytes":1333264384}
PREFLOP_MODULE_RESOURCES {"ms":2.0458999999999996,"phase":"module_loaded"}
PREFLOP_MODULE_RESOURCES {"delta_previous_bytes":2097152,"delta_since_context_bytes":2097152,"free_bytes":24433917952,"phase":"memory","scope":"device-global CUDA free/total; not process allocation, residency, eviction or paging","stage":"after_module_load","total_bytes":25769279488,"used_bytes":1335361536}
PREFLOP_MODULE_RESOURCES {"ms":0.0533,"name":"pf_init_root","phase":"function_loaded"}
PREFLOP_MODULE_RESOURCES {"delta_previous_bytes":0,"delta_since_context_bytes":2097152,"free_bytes":24433917952,"phase":"memory","scope":"device-global CUDA free/total; not process allocation, residency, eviction or paging","stage":"after_function_load:pf_init_root","total_bytes":25769279488,"used_bytes":1335361536}
PREFLOP_MODULE_RESOURCES {"binary_version":{"value":86},"constant_bytes":{"value":112},"local_bytes_per_thread":{"value":0},"max_threads_per_block":{"value":1024},"name":"pf_init_root","note":"Compiled per-function resource attributes do not measure actual device-wide allocation or establish a cause of a free-memory change.","phase":"function_attributes","ptx_version":{"value":86},"registers_per_thread":{"value":24},"static_shared_bytes":{"value":0}}
PREFLOP_MODULE_RESOURCES {"attributes_and_occupancy_ms":0.9325,"dynamic_shared_bytes":0,"kernel_launches":0,"name":"pf_init_root","phase":"occupancy_estimates","results":[{"active_blocks_per_sm":{"value":12},"threads":128},{"active_blocks_per_sm":{"value":8},"threads":192},{"active_blocks_per_sm":{"value":6},"threads":256}]}
PREFLOP_MODULE_RESOURCES {"delta_previous_bytes":0,"delta_since_context_bytes":2097152,"free_bytes":24433917952,"phase":"memory","scope":"device-global CUDA free/total; not process allocation, residency, eviction or paging","stage":"after_attributes_and_occupancy:pf_init_root","total_bytes":25769279488,"used_bytes":1335361536}
PREFLOP_MODULE_RESOURCES {"ms":0.0735,"name":"pf_down","phase":"function_loaded"}
PREFLOP_MODULE_RESOURCES {"delta_previous_bytes":0,"delta_since_context_bytes":2097152,"free_bytes":24433917952,"phase":"memory","scope":"device-global CUDA free/total; not process allocation, residency, eviction or paging","stage":"after_function_load:pf_down","total_bytes":25769279488,"used_bytes":1335361536}
PREFLOP_MODULE_RESOURCES {"binary_version":{"value":86},"constant_bytes":{"value":112},"local_bytes_per_thread":{"value":64},"max_threads_per_block":{"value":1024},"name":"pf_down","note":"Compiled per-function resource attributes do not measure actual device-wide allocation or establish a cause of a free-memory change.","phase":"function_attributes","ptx_version":{"value":86},"registers_per_thread":{"value":40},"static_shared_bytes":{"value":0}}
PREFLOP_MODULE_RESOURCES {"attributes_and_occupancy_ms":0.0596,"dynamic_shared_bytes":0,"kernel_launches":0,"name":"pf_down","phase":"occupancy_estimates","results":[{"active_blocks_per_sm":{"value":12},"threads":128},{"active_blocks_per_sm":{"value":8},"threads":192},{"active_blocks_per_sm":{"value":6},"threads":256}]}
PREFLOP_MODULE_RESOURCES {"delta_previous_bytes":0,"delta_since_context_bytes":2097152,"free_bytes":24433917952,"phase":"memory","scope":"device-global CUDA free/total; not process allocation, residency, eviction or paging","stage":"after_attributes_and_occupancy:pf_down","total_bytes":25769279488,"used_bytes":1335361536}
PREFLOP_MODULE_RESOURCES {"ms":0.0646,"name":"pf_terminal_6","phase":"function_loaded"}
PREFLOP_MODULE_RESOURCES {"delta_previous_bytes":0,"delta_since_context_bytes":2097152,"free_bytes":24433917952,"phase":"memory","scope":"device-global CUDA free/total; not process allocation, residency, eviction or paging","stage":"after_function_load:pf_terminal_6","total_bytes":25769279488,"used_bytes":1335361536}
PREFLOP_MODULE_RESOURCES {"binary_version":{"value":86},"constant_bytes":{"value":112},"local_bytes_per_thread":{"value":0},"max_threads_per_block":{"value":1024},"name":"pf_terminal_6","note":"Compiled per-function resource attributes do not measure actual device-wide allocation or establish a cause of a free-memory change.","phase":"function_attributes","ptx_version":{"value":86},"registers_per_thread":{"value":48},"static_shared_bytes":{"value":0}}
PREFLOP_MODULE_RESOURCES {"attributes_and_occupancy_ms":0.018099999999999998,"dynamic_shared_bytes":0,"kernel_launches":0,"name":"pf_terminal_6","phase":"occupancy_estimates","results":[{"active_blocks_per_sm":{"value":10},"threads":128},{"active_blocks_per_sm":{"value":6},"threads":192},{"active_blocks_per_sm":{"value":5},"threads":256}]}
PREFLOP_MODULE_RESOURCES {"delta_previous_bytes":0,"delta_since_context_bytes":2097152,"free_bytes":24433917952,"phase":"memory","scope":"device-global CUDA free/total; not process allocation, residency, eviction or paging","stage":"after_attributes_and_occupancy:pf_terminal_6","total_bytes":25769279488,"used_bytes":1335361536}
PREFLOP_MODULE_RESOURCES {"ms":0.0269,"name":"pf_reach_mass","phase":"function_loaded"}
PREFLOP_MODULE_RESOURCES {"delta_previous_bytes":0,"delta_since_context_bytes":2097152,"free_bytes":24433917952,"phase":"memory","scope":"device-global CUDA free/total; not process allocation, residency, eviction or paging","stage":"after_function_load:pf_reach_mass","total_bytes":25769279488,"used_bytes":1335361536}
PREFLOP_MODULE_RESOURCES {"binary_version":{"value":86},"constant_bytes":{"value":112},"local_bytes_per_thread":{"value":0},"max_threads_per_block":{"value":1024},"name":"pf_reach_mass","note":"Compiled per-function resource attributes do not measure actual device-wide allocation or establish a cause of a free-memory change.","phase":"function_attributes","ptx_version":{"value":86},"registers_per_thread":{"value":10},"static_shared_bytes":{"value":512}}
PREFLOP_MODULE_RESOURCES {"attributes_and_occupancy_ms":0.0177,"dynamic_shared_bytes":0,"kernel_launches":0,"name":"pf_reach_mass","phase":"occupancy_estimates","results":[{"active_blocks_per_sm":{"value":12},"threads":128},{"active_blocks_per_sm":{"value":8},"threads":192},{"active_blocks_per_sm":{"value":6},"threads":256}]}
PREFLOP_MODULE_RESOURCES {"delta_previous_bytes":0,"delta_since_context_bytes":2097152,"free_bytes":24433917952,"phase":"memory","scope":"device-global CUDA free/total; not process allocation, residency, eviction or paging","stage":"after_attributes_and_occupancy:pf_reach_mass","total_bytes":25769279488,"used_bytes":1335361536}
PREFLOP_MODULE_RESOURCES {"ms":0.0366,"name":"pf_equities","phase":"function_loaded"}
PREFLOP_MODULE_RESOURCES {"delta_previous_bytes":0,"delta_since_context_bytes":2097152,"free_bytes":24433917952,"phase":"memory","scope":"device-global CUDA free/total; not process allocation, residency, eviction or paging","stage":"after_function_load:pf_equities","total_bytes":25769279488,"used_bytes":1335361536}
PREFLOP_MODULE_RESOURCES {"binary_version":{"value":86},"constant_bytes":{"value":112},"local_bytes_per_thread":{"value":0},"max_threads_per_block":{"value":1024},"name":"pf_equities","note":"Compiled per-function resource attributes do not measure actual device-wide allocation or establish a cause of a free-memory change.","phase":"function_attributes","ptx_version":{"value":86},"registers_per_thread":{"value":40},"static_shared_bytes":{"value":676}}
PREFLOP_MODULE_RESOURCES {"attributes_and_occupancy_ms":0.015099999999999999,"dynamic_shared_bytes":0,"kernel_launches":0,"name":"pf_equities","phase":"occupancy_estimates","results":[{"active_blocks_per_sm":{"value":12},"threads":128},{"active_blocks_per_sm":{"value":8},"threads":192},{"active_blocks_per_sm":{"value":6},"threads":256}]}
PREFLOP_MODULE_RESOURCES {"delta_previous_bytes":0,"delta_since_context_bytes":2097152,"free_bytes":24433917952,"phase":"memory","scope":"device-global CUDA free/total; not process allocation, residency, eviction or paging","stage":"after_attributes_and_occupancy:pf_equities","total_bytes":25769279488,"used_bytes":1335361536}
PREFLOP_MODULE_RESOURCES {"ms":0.0346,"name":"pf_multiway_cdf","phase":"function_loaded"}
PREFLOP_MODULE_RESOURCES {"delta_previous_bytes":0,"delta_since_context_bytes":2097152,"free_bytes":24433917952,"phase":"memory","scope":"device-global CUDA free/total; not process allocation, residency, eviction or paging","stage":"after_function_load:pf_multiway_cdf","total_bytes":25769279488,"used_bytes":1335361536}
PREFLOP_MODULE_RESOURCES {"binary_version":{"value":86},"constant_bytes":{"value":112},"local_bytes_per_thread":{"value":0},"max_threads_per_block":{"value":1024},"name":"pf_multiway_cdf","note":"Compiled per-function resource attributes do not measure actual device-wide allocation or establish a cause of a free-memory change.","phase":"function_attributes","ptx_version":{"value":86},"registers_per_thread":{"value":26},"static_shared_bytes":{"value":0}}
PREFLOP_MODULE_RESOURCES {"attributes_and_occupancy_ms":0.0172,"dynamic_shared_bytes":0,"kernel_launches":0,"name":"pf_multiway_cdf","phase":"occupancy_estimates","results":[{"active_blocks_per_sm":{"value":12},"threads":128},{"active_blocks_per_sm":{"value":8},"threads":192},{"active_blocks_per_sm":{"value":6},"threads":256}]}
PREFLOP_MODULE_RESOURCES {"delta_previous_bytes":0,"delta_since_context_bytes":2097152,"free_bytes":24433917952,"phase":"memory","scope":"device-global CUDA free/total; not process allocation, residency, eviction or paging","stage":"after_attributes_and_occupancy:pf_multiway_cdf","total_bytes":25769279488,"used_bytes":1335361536}
PREFLOP_MODULE_RESOURCES {"ms":0.0518,"name":"pf_multiway_terminal","phase":"function_loaded"}
PREFLOP_MODULE_RESOURCES {"delta_previous_bytes":0,"delta_since_context_bytes":2097152,"free_bytes":24433917952,"phase":"memory","scope":"device-global CUDA free/total; not process allocation, residency, eviction or paging","stage":"after_function_load:pf_multiway_terminal","total_bytes":25769279488,"used_bytes":1335361536}
PREFLOP_MODULE_RESOURCES {"binary_version":{"value":86},"constant_bytes":{"value":112},"local_bytes_per_thread":{"value":0},"max_threads_per_block":{"value":1024},"name":"pf_multiway_terminal","note":"Compiled per-function resource attributes do not measure actual device-wide allocation or establish a cause of a free-memory change.","phase":"function_attributes","ptx_version":{"value":86},"registers_per_thread":{"value":48},"static_shared_bytes":{"value":44}}
PREFLOP_MODULE_RESOURCES {"attributes_and_occupancy_ms":0.016399999999999998,"dynamic_shared_bytes":0,"kernel_launches":0,"name":"pf_multiway_terminal","phase":"occupancy_estimates","results":[{"active_blocks_per_sm":{"value":10},"threads":128},{"active_blocks_per_sm":{"value":6},"threads":192},{"active_blocks_per_sm":{"value":5},"threads":256}]}
PREFLOP_MODULE_RESOURCES {"delta_previous_bytes":0,"delta_since_context_bytes":2097152,"free_bytes":24433917952,"phase":"memory","scope":"device-global CUDA free/total; not process allocation, residency, eviction or paging","stage":"after_attributes_and_occupancy:pf_multiway_terminal","total_bytes":25769279488,"used_bytes":1335361536}
PREFLOP_MODULE_RESOURCES {"ms":0.0383,"name":"pf_up","phase":"function_loaded"}
PREFLOP_MODULE_RESOURCES {"delta_previous_bytes":0,"delta_since_context_bytes":2097152,"free_bytes":24433917952,"phase":"memory","scope":"device-global CUDA free/total; not process allocation, residency, eviction or paging","stage":"after_function_load:pf_up","total_bytes":25769279488,"used_bytes":1335361536}
PREFLOP_MODULE_RESOURCES {"binary_version":{"value":86},"constant_bytes":{"value":112},"local_bytes_per_thread":{"value":64},"max_threads_per_block":{"value":1024},"name":"pf_up","note":"Compiled per-function resource attributes do not measure actual device-wide allocation or establish a cause of a free-memory change.","phase":"function_attributes","ptx_version":{"value":86},"registers_per_thread":{"value":40},"static_shared_bytes":{"value":0}}
PREFLOP_MODULE_RESOURCES {"attributes_and_occupancy_ms":0.0174,"dynamic_shared_bytes":0,"kernel_launches":0,"name":"pf_up","phase":"occupancy_estimates","results":[{"active_blocks_per_sm":{"value":12},"threads":128},{"active_blocks_per_sm":{"value":8},"threads":192},{"active_blocks_per_sm":{"value":6},"threads":256}]}
PREFLOP_MODULE_RESOURCES {"delta_previous_bytes":0,"delta_since_context_bytes":2097152,"free_bytes":24433917952,"phase":"memory","scope":"device-global CUDA free/total; not process allocation, residency, eviction or paging","stage":"after_attributes_and_occupancy:pf_up","total_bytes":25769279488,"used_bytes":1335361536}
PREFLOP_MODULE_RESOURCES {"ms":0.0244,"name":"pf_discount_nodes","phase":"function_loaded"}
PREFLOP_MODULE_RESOURCES {"delta_previous_bytes":0,"delta_since_context_bytes":2097152,"free_bytes":24433917952,"phase":"memory","scope":"device-global CUDA free/total; not process allocation, residency, eviction or paging","stage":"after_function_load:pf_discount_nodes","total_bytes":25769279488,"used_bytes":1335361536}
PREFLOP_MODULE_RESOURCES {"binary_version":{"value":86},"constant_bytes":{"value":112},"local_bytes_per_thread":{"value":0},"max_threads_per_block":{"value":1024},"name":"pf_discount_nodes","note":"Compiled per-function resource attributes do not measure actual device-wide allocation or establish a cause of a free-memory change.","phase":"function_attributes","ptx_version":{"value":86},"registers_per_thread":{"value":16},"static_shared_bytes":{"value":0}}
PREFLOP_MODULE_RESOURCES {"attributes_and_occupancy_ms":0.0174,"dynamic_shared_bytes":0,"kernel_launches":0,"name":"pf_discount_nodes","phase":"occupancy_estimates","results":[{"active_blocks_per_sm":{"value":12},"threads":128},{"active_blocks_per_sm":{"value":8},"threads":192},{"active_blocks_per_sm":{"value":6},"threads":256}]}
PREFLOP_MODULE_RESOURCES {"delta_previous_bytes":0,"delta_since_context_bytes":2097152,"free_bytes":24433917952,"phase":"memory","scope":"device-global CUDA free/total; not process allocation, residency, eviction or paging","stage":"after_attributes_and_occupancy:pf_discount_nodes","total_bytes":25769279488,"used_bytes":1335361536}
PREFLOP_MODULE_RESOURCES {"ms":0.0295,"name":"pf_terminal","phase":"function_loaded"}
PREFLOP_MODULE_RESOURCES {"delta_previous_bytes":0,"delta_since_context_bytes":2097152,"free_bytes":24433917952,"phase":"memory","scope":"device-global CUDA free/total; not process allocation, residency, eviction or paging","stage":"after_function_load:pf_terminal","total_bytes":25769279488,"used_bytes":1335361536}
PREFLOP_MODULE_RESOURCES {"binary_version":{"value":86},"constant_bytes":{"value":112},"local_bytes_per_thread":{"value":0},"max_threads_per_block":{"value":1024},"name":"pf_terminal","note":"Compiled per-function resource attributes do not measure actual device-wide allocation or establish a cause of a free-memory change.","phase":"function_attributes","ptx_version":{"value":86},"registers_per_thread":{"value":40},"static_shared_bytes":{"value":44}}
PREFLOP_MODULE_RESOURCES {"attributes_and_occupancy_ms":0.077,"dynamic_shared_bytes":0,"kernel_launches":0,"name":"pf_terminal","phase":"occupancy_estimates","results":[{"active_blocks_per_sm":{"value":12},"threads":128},{"active_blocks_per_sm":{"value":8},"threads":192},{"active_blocks_per_sm":{"value":6},"threads":256}]}
PREFLOP_MODULE_RESOURCES {"delta_previous_bytes":0,"delta_since_context_bytes":2097152,"free_bytes":24433917952,"phase":"memory","scope":"device-global CUDA free/total; not process allocation, residency, eviction or paging","stage":"after_attributes_and_occupancy:pf_terminal","total_bytes":25769279488,"used_bytes":1335361536}
PREFLOP_MODULE_RESOURCES {"ms":0.0472,"name":"pf_terminal_2","phase":"function_loaded"}
PREFLOP_MODULE_RESOURCES {"delta_previous_bytes":0,"delta_since_context_bytes":2097152,"free_bytes":24433917952,"phase":"memory","scope":"device-global CUDA free/total; not process allocation, residency, eviction or paging","stage":"after_function_load:pf_terminal_2","total_bytes":25769279488,"used_bytes":1335361536}
PREFLOP_MODULE_RESOURCES {"binary_version":{"value":86},"constant_bytes":{"value":112},"local_bytes_per_thread":{"value":0},"max_threads_per_block":{"value":1024},"name":"pf_terminal_2","note":"Compiled per-function resource attributes do not measure actual device-wide allocation or establish a cause of a free-memory change.","phase":"function_attributes","ptx_version":{"value":86},"registers_per_thread":{"value":40},"static_shared_bytes":{"value":0}}
PREFLOP_MODULE_RESOURCES {"attributes_and_occupancy_ms":0.0166,"dynamic_shared_bytes":0,"kernel_launches":0,"name":"pf_terminal_2","phase":"occupancy_estimates","results":[{"active_blocks_per_sm":{"value":12},"threads":128},{"active_blocks_per_sm":{"value":8},"threads":192},{"active_blocks_per_sm":{"value":6},"threads":256}]}
PREFLOP_MODULE_RESOURCES {"delta_previous_bytes":0,"delta_since_context_bytes":2097152,"free_bytes":24433917952,"phase":"memory","scope":"device-global CUDA free/total; not process allocation, residency, eviction or paging","stage":"after_attributes_and_occupancy:pf_terminal_2","total_bytes":25769279488,"used_bytes":1335361536}
PREFLOP_MODULE_RESOURCES {"ms":0.050899999999999994,"name":"pf_terminal_8","phase":"function_loaded"}
PREFLOP_MODULE_RESOURCES {"delta_previous_bytes":0,"delta_since_context_bytes":2097152,"free_bytes":24433917952,"phase":"memory","scope":"device-global CUDA free/total; not process allocation, residency, eviction or paging","stage":"after_function_load:pf_terminal_8","total_bytes":25769279488,"used_bytes":1335361536}
PREFLOP_MODULE_RESOURCES {"binary_version":{"value":86},"constant_bytes":{"value":112},"local_bytes_per_thread":{"value":0},"max_threads_per_block":{"value":1024},"name":"pf_terminal_8","note":"Compiled per-function resource attributes do not measure actual device-wide allocation or establish a cause of a free-memory change.","phase":"function_attributes","ptx_version":{"value":86},"registers_per_thread":{"value":64},"static_shared_bytes":{"value":0}}
PREFLOP_MODULE_RESOURCES {"attributes_and_occupancy_ms":0.0168,"dynamic_shared_bytes":0,"kernel_launches":0,"name":"pf_terminal_8","phase":"occupancy_estimates","results":[{"active_blocks_per_sm":{"value":8},"threads":128},{"active_blocks_per_sm":{"value":5},"threads":192},{"active_blocks_per_sm":{"value":4},"threads":256}]}
PREFLOP_MODULE_RESOURCES {"delta_previous_bytes":0,"delta_since_context_bytes":2097152,"free_bytes":24433917952,"phase":"memory","scope":"device-global CUDA free/total; not process allocation, residency, eviction or paging","stage":"after_attributes_and_occupancy:pf_terminal_8","total_bytes":25769279488,"used_bytes":1335361536}
PREFLOP_MODULE_RESOURCES {"name":"pf_multiway_cdf_direct","optional":true,"phase":"function_absent"}
PREFLOP_MODULE_RESOURCES {"name":"pf_multiway_normalize","optional":true,"phase":"function_absent"}
PREFLOP_MODULE_RESOURCES {"name":"pf_multiway_clear_active","optional":true,"phase":"function_absent"}
PREFLOP_MODULE_RESOURCES {"name":"pf_multiway_prepare","optional":true,"phase":"function_absent"}
PREFLOP_MODULE_RESOURCES {"delta_previous_bytes":0,"delta_since_context_bytes":2097152,"free_bytes":24433917952,"phase":"memory","scope":"device-global CUDA free/total; not process allocation, residency, eviction or paging","stage":"after_all_function_loads_and_attributes","total_bytes":25769279488,"used_bytes":1335361536}
PREFLOP_MODULE_RESOURCES {"delta_previous_bytes":-2097152,"delta_since_context_bytes":0,"free_bytes":24436015104,"phase":"memory","scope":"device-global CUDA free/total; not process allocation, residency, eviction or paging","stage":"after_function_and_module_drop","total_bytes":25769279488,"used_bytes":1333264384}
PREFLOP_MODULE_RESOURCES {"kernel_launches":0,"label":"literal-original","note":"No causal attribution from resources alone. A residual absent here may arise later during buffer allocation or first execution; this harness does not exercise those stages.","phase":"complete","solver_buffers":0}
