preflop gpu: coupled multiway, 1024 particles, 30 reach CDFs, 32-particle batches, 0 MB CDF scratch
preflop gpu: compact CDF slots 20 of 30, 0.0 MB immutable map
preflop gpu: 100 nodes, 8 levels, 58 terminals (0 calibrated), 0 forced + 0 frozen nodes, ~67 MB VRAM
BENCH {"build_ms":13.0244,"init_ms":184.0563,"model":"coupled_deck_v1","nodes":100,"phase":"init","start_iteration":0}
BENCH {"iteration":1,"ms":2.8390999999999997,"phase":"iterate"}
BENCH {"iteration":2,"ms":2.0928,"phase":"iterate"}
BENCH {"iteration":3,"ms":1.8734,"phase":"iterate"}
BENCH {"iteration":4,"ms":1.3161,"phase":"iterate"}
BENCH {"iteration":5,"ms":1.3075,"phase":"iterate"}
BENCH {"iteration":6,"ms":1.3033000000000001,"phase":"iterate"}
BENCH {"iteration":7,"ms":1.322,"phase":"iterate"}
BENCH {"iteration":8,"ms":1.6009,"phase":"iterate"}
BENCH {"iteration":9,"ms":1.3808,"phase":"iterate"}
BENCH {"iteration":10,"ms":1.3069,"phase":"iterate"}
BENCH {"iteration":11,"ms":1.3079999999999998,"phase":"iterate"}
BENCH {"iteration":12,"ms":1.2964,"phase":"iterate"}
BENCH {"iteration":13,"ms":1.3011,"phase":"iterate"}
BENCH {"iteration":14,"ms":1.3095999999999999,"phase":"iterate"}
BENCH {"iteration":15,"ms":1.3034,"phase":"iterate"}
BENCH {"iteration":16,"ms":1.6023,"phase":"iterate"}
BENCH {"iteration":17,"ms":1.8958,"phase":"iterate"}
BENCH {"iteration":18,"ms":1.3174000000000001,"phase":"iterate"}
BENCH {"iteration":19,"ms":1.323,"phase":"iterate"}
BENCH {"iteration":20,"ms":1.3137999999999999,"phase":"iterate"}
BENCH {"iteration":21,"ms":1.305,"phase":"iterate"}
BENCH {"iteration":22,"ms":1.3119,"phase":"iterate"}
BENCH {"iteration":23,"ms":1.6299000000000001,"phase":"iterate"}
BENCH {"iteration":24,"ms":1.314,"phase":"iterate"}
BENCH {"iteration":25,"ms":1.3094999999999999,"phase":"iterate"}
BENCH {"iteration":26,"ms":1.3037,"phase":"iterate"}
BENCH {"iteration":27,"ms":1.3041,"phase":"iterate"}
BENCH {"iteration":28,"ms":1.3033000000000001,"phase":"iterate"}
BENCH {"iteration":29,"ms":1.3036,"phase":"iterate"}
BENCH {"iteration":30,"ms":1.6391,"phase":"iterate"}
BENCH {"arena_hash":"c428858c474fde73","check_ms":3.2136,"evs":[0.10060544574438775,-0.14715149229308094,-0.13009906825700532],"gaps":[0.0009725331098406342,0.0017061595366514581,0.0008015214145071781],"iteration":30,"load_ms":20.3279,"phase":"result","save_bytes":134416,"save_ms":4.4156,"sync_ms":0.6001,"times_ms":[2.8390999999999997,2.0928,1.8734,1.3161,1.3075,1.3033000000000001,1.322,1.6009,1.3808,1.3069,1.3079999999999998,1.2964,1.3011,1.3095999999999999,1.3034,1.6023,1.8958,1.3174000000000001,1.323,1.3137999999999999,1.305,1.3119,1.6299000000000001,1.314,1.3094999999999999,1.3037,1.3041,1.3033000000000001,1.3036,1.6391]}
