{
  "absolute_difference_bin_upper_bounds": [
    "0",
    "1e-12",
    "1e-10",
    "1e-8",
    "1e-6",
    "1e-4",
    "1e-2",
    "1",
    "infinity"
  ],
  "action_nodes": 762114,
  "all_compared_values_finite": true,
  "candidate": "target/research-convergence/convergence-eight-compatible-a.gtop",
  "decision_reach_weighted_class_tv_candidate": 0.0,
  "decision_reach_weighted_class_tv_original": 0.0,
  "effective_average_strategy": {
    "abs_bins": [
      264950257,
      0,
      0,
      0,
      0,
      0,
      0,
      0,
      0
    ],
    "bit_equal": 264950257,
    "entries": 264950257,
    "finite_pairs": 264950257,
    "max_abs": 0.0,
    "max_abs_index": 0,
    "max_relative": 0.0,
    "max_ulp": 0,
    "mean_abs": 0.0,
    "mean_signed_candidate_minus_original": 0.0,
    "negative_a": 0,
    "negative_b": 0,
    "nonfinite_a": 0,
    "nonfinite_b": 0,
    "numeric_equal": 264950257,
    "rmse": 0.0,
    "signed_sum": 0.0,
    "sum_abs": 0.0,
    "sum_squared": 0.0
  },
  "effective_by_accumulated_support_pair": {
    "(1e-6,1e-3] -> (1e-6,1e-3]": {
      "abs_bins": [
        84501122,
        0,
        0,
        0,
        0,
        0,
        0,
        0,
        0
      ],
      "bit_equal": 84501122,
      "entries": 84501122,
      "finite_pairs": 84501122,
      "max_abs": 0.0,
      "max_abs_index": 0,
      "max_relative": 0.0,
      "max_ulp": 0,
      "mean_abs": 0.0,
      "mean_signed_candidate_minus_original": 0.0,
      "negative_a": 0,
      "negative_b": 0,
      "nonfinite_a": 0,
      "nonfinite_b": 0,
      "numeric_equal": 84501122,
      "rmse": 0.0,
      "signed_sum": 0.0,
      "sum_abs": 0.0,
      "sum_squared": 0.0
    },
    "(1e-9,1e-6] -> (1e-9,1e-6]": {
      "abs_bins": [
        121553138,
        0,
        0,
        0,
        0,
        0,
        0,
        0,
        0
      ],
      "bit_equal": 121553138,
      "entries": 121553138,
      "finite_pairs": 121553138,
      "max_abs": 0.0,
      "max_abs_index": 0,
      "max_relative": 0.0,
      "max_ulp": 0,
      "mean_abs": 0.0,
      "mean_signed_candidate_minus_original": 0.0,
      "negative_a": 0,
      "negative_b": 0,
      "nonfinite_a": 0,
      "nonfinite_b": 0,
      "numeric_equal": 121553138,
      "rmse": 0.0,
      "signed_sum": 0.0,
      "sum_abs": 0.0,
      "sum_squared": 0.0
    },
    "above_1e-3 -> above_1e-3": {
      "abs_bins": [
        58895997,
        0,
        0,
        0,
        0,
        0,
        0,
        0,
        0
      ],
      "bit_equal": 58895997,
      "entries": 58895997,
      "finite_pairs": 58895997,
      "max_abs": 0.0,
      "max_abs_index": 0,
      "max_relative": 0.0,
      "max_ulp": 0,
      "mean_abs": 0.0,
      "mean_signed_candidate_minus_original": 0.0,
      "negative_a": 0,
      "negative_b": 0,
      "nonfinite_a": 0,
      "nonfinite_b": 0,
      "numeric_equal": 58895997,
      "rmse": 0.0,
      "signed_sum": 0.0,
      "sum_abs": 0.0,
      "sum_squared": 0.0
    }
  },
  "effective_by_current_factorized_reach_pair": {
    "(0,1e-15] -> (0,1e-15]": {
      "abs_bins": [
        217188814,
        0,
        0,
        0,
        0,
        0,
        0,
        0,
        0
      ],
      "bit_equal": 217188814,
      "entries": 217188814,
      "finite_pairs": 217188814,
      "max_abs": 0.0,
      "max_abs_index": 0,
      "max_relative": 0.0,
      "max_ulp": 0,
      "mean_abs": 0.0,
      "mean_signed_candidate_minus_original": 0.0,
      "negative_a": 0,
      "negative_b": 0,
      "nonfinite_a": 0,
      "nonfinite_b": 0,
      "numeric_equal": 217188814,
      "rmse": 0.0,
      "signed_sum": 0.0,
      "sum_abs": 0.0,
      "sum_squared": 0.0
    },
    "(1e-12,1e-9] -> (1e-12,1e-9]": {
      "abs_bins": [
        12198097,
        0,
        0,
        0,
        0,
        0,
        0,
        0,
        0
      ],
      "bit_equal": 12198097,
      "entries": 12198097,
      "finite_pairs": 12198097,
      "max_abs": 0.0,
      "max_abs_index": 0,
      "max_relative": 0.0,
      "max_ulp": 0,
      "mean_abs": 0.0,
      "mean_signed_candidate_minus_original": 0.0,
      "negative_a": 0,
      "negative_b": 0,
      "nonfinite_a": 0,
      "nonfinite_b": 0,
      "numeric_equal": 12198097,
      "rmse": 0.0,
      "signed_sum": 0.0,
      "sum_abs": 0.0,
      "sum_squared": 0.0
    },
    "(1e-15,1e-12] -> (1e-15,1e-12]": {
      "abs_bins": [
        33037416,
        0,
        0,
        0,
        0,
        0,
        0,
        0,
        0
      ],
      "bit_equal": 33037416,
      "entries": 33037416,
      "finite_pairs": 33037416,
      "max_abs": 0.0,
      "max_abs_index": 0,
      "max_relative": 0.0,
      "max_ulp": 0,
      "mean_abs": 0.0,
      "mean_signed_candidate_minus_original": 0.0,
      "negative_a": 0,
      "negative_b": 0,
      "nonfinite_a": 0,
      "nonfinite_b": 0,
      "numeric_equal": 33037416,
      "rmse": 0.0,
      "signed_sum": 0.0,
      "sum_abs": 0.0,
      "sum_squared": 0.0
    },
    "(1e-9,1e-6] -> (1e-9,1e-6]": {
      "abs_bins": [
        2262557,
        0,
        0,
        0,
        0,
        0,
        0,
        0,
        0
      ],
      "bit_equal": 2262557,
      "entries": 2262557,
      "finite_pairs": 2262557,
      "max_abs": 0.0,
      "max_abs_index": 0,
      "max_relative": 0.0,
      "max_ulp": 0,
      "mean_abs": 0.0,
      "mean_signed_candidate_minus_original": 0.0,
      "negative_a": 0,
      "negative_b": 0,
      "nonfinite_a": 0,
      "nonfinite_b": 0,
      "numeric_equal": 2262557,
      "rmse": 0.0,
      "signed_sum": 0.0,
      "sum_abs": 0.0,
      "sum_squared": 0.0
    },
    "above_1e-6 -> above_1e-6": {
      "abs_bins": [
        263373,
        0,
        0,
        0,
        0,
        0,
        0,
        0,
        0
      ],
      "bit_equal": 263373,
      "entries": 263373,
      "finite_pairs": 263373,
      "max_abs": 0.0,
      "max_abs_index": 0,
      "max_relative": 0.0,
      "max_ulp": 0,
      "mean_abs": 0.0,
      "mean_signed_candidate_minus_original": 0.0,
      "negative_a": 0,
      "negative_b": 0,
      "nonfinite_a": 0,
      "nonfinite_b": 0,
      "numeric_equal": 263373,
      "rmse": 0.0,
      "signed_sum": 0.0,
      "sum_abs": 0.0,
      "sum_squared": 0.0
    }
  },
  "equity_cache_samples": 20000,
  "finite_tv_classes": 128797266,
  "headers_identical_after_point_lock_order_canonicalization": true,
  "interpretation": [
    "Mass/support is accumulated strategy sum, not observation count or confidence.",
    "Zero raw mass can coexist with a valid forced policy. Effective averages use native locks/profile routing.",
    "Current reach uses the solver's factorized f32 propagation, including underflow; zero reach is not proof a state is mathematically impossible.",
    "Reach weighting sums decision opportunities across nodes; it is not an exploitability metric.",
    "Relative/ULP and near-zero bins are descriptive. No threshold or numerical acceptance conclusion is inferred."
  ],
  "invalid_effective_entries": 0,
  "invalid_reach_classes": 0,
  "iteration": 174,
  "largest_effective_differences": [],
  "max_class_total_variation": 0.0,
  "max_effective_row_sum_error": 4.172325134277344e-7,
  "mean_class_total_variation": 0.0,
  "node_hand_classes": 128797266,
  "original": "target/research-convergence/convergence-eight-original-a.gtop",
  "payoff_model": "coupled_deck_v1",
  "purpose": "descriptive numerical comparison; no acceptance thresholds applied",
  "raw_arena_normalized_strategy": {
    "abs_bins": [
      264950257,
      0,
      0,
      0,
      0,
      0,
      0,
      0,
      0
    ],
    "bit_equal": 264950257,
    "entries": 264950257,
    "finite_pairs": 264950257,
    "max_abs": 0.0,
    "max_abs_index": 0,
    "max_relative": 0.0,
    "max_ulp": 0,
    "mean_abs": 0.0,
    "mean_signed_candidate_minus_original": 0.0,
    "negative_a": 0,
    "negative_b": 0,
    "nonfinite_a": 0,
    "nonfinite_b": 0,
    "numeric_equal": 264950257,
    "rmse": 0.0,
    "signed_sum": 0.0,
    "sum_abs": 0.0,
    "sum_squared": 0.0
  },
  "raw_arenas": {
    "regrets": {
      "abs_bins": [
        264950257,
        0,
        0,
        0,
        0,
        0,
        0,
        0,
        0
      ],
      "bit_equal": 264950257,
      "entries": 264950257,
      "finite_pairs": 264950257,
      "max_abs": 0.0,
      "max_abs_index": 0,
      "max_relative": 0.0,
      "max_ulp": 0,
      "mean_abs": 0.0,
      "mean_signed_candidate_minus_original": 0.0,
      "negative_a": 86612734,
      "negative_b": 86612734,
      "nonfinite_a": 0,
      "nonfinite_b": 0,
      "numeric_equal": 264950257,
      "rmse": 0.0,
      "signed_sum": 0.0,
      "sum_abs": 0.0,
      "sum_squared": 0.0
    },
    "strategy_sums": {
      "abs_bins": [
        264950257,
        0,
        0,
        0,
        0,
        0,
        0,
        0,
        0
      ],
      "bit_equal": 264950257,
      "entries": 264950257,
      "finite_pairs": 264950257,
      "max_abs": 0.0,
      "max_abs_index": 0,
      "max_relative": 0.0,
      "max_ulp": 0,
      "mean_abs": 0.0,
      "mean_signed_candidate_minus_original": 0.0,
      "negative_a": 0,
      "negative_b": 0,
      "nonfinite_a": 0,
      "nonfinite_b": 0,
      "numeric_equal": 264950257,
      "rmse": 0.0,
      "signed_sum": 0.0,
      "sum_abs": 0.0,
      "sum_squared": 0.0
    }
  },
  "reach_pair_class_counts": {
    "(0,1e-15] -> (0,1e-15]": 107554039,
    "(1e-12,1e-9] -> (1e-12,1e-9]": 5018410,
    "(1e-15,1e-12] -> (1e-15,1e-12]": 15344280,
    "(1e-9,1e-6] -> (1e-9,1e-6]": 801629,
    "above_1e-6 -> above_1e-6": 78908
  },
  "support_pair_class_counts": {
    "(1e-6,1e-3] -> (1e-6,1e-3]": 40830341,
    "(1e-9,1e-6] -> (1e-9,1e-6]": 60492173,
    "above_1e-3 -> above_1e-3": 27474752
  }
}
