{
  "absolute_difference_bin_upper_bounds": [
    "0",
    "1e-12",
    "1e-10",
    "1e-8",
    "1e-6",
    "1e-4",
    "1e-2",
    "1",
    "infinity"
  ],
  "action_nodes": 861384,
  "all_compared_values_finite": true,
  "candidate": "T:\\Dev\\GTOpen\\target\\autoresearch\\preflop-20260910\\target\\fixtures\\optimized-fresh-coupled-six.gtop",
  "decision_reach_weighted_class_tv_candidate": 1.3330597036861424e-8,
  "decision_reach_weighted_class_tv_original": 1.3330593031615149e-8,
  "effective_average_strategy": {
    "abs_bins": [
      295606332,
      0,
      31484,
      5729727,
      9626812,
      895329,
      2949,
      78,
      0
    ],
    "bit_equal": 295606332,
    "entries": 311892711,
    "finite_pairs": 311892711,
    "max_abs": 0.28207291662693024,
    "max_abs_index": 61105111,
    "max_relative": 0.9729729746444553,
    "max_ulp": 43786691,
    "mean_abs": 4.6133799507333845e-8,
    "mean_signed_candidate_minus_original": 1.052811021105972e-12,
    "negative_a": 0,
    "negative_b": 0,
    "nonfinite_a": 0,
    "nonfinite_b": 0,
    "numeric_equal": 295606332,
    "rmse": 0.00006705599537831589,
    "signed_sum": 0.00032836408354341984,
    "sum_abs": 14.388795797072817,
    "sum_squared": 1.402427607359523
  },
  "effective_by_accumulated_support_pair": {
    "(1e-6,1e-3] -> (1e-6,1e-3]": {
      "abs_bins": [
        114712423,
        0,
        4067,
        4093701,
        7868695,
        717105,
        2457,
        70,
        0
      ],
      "bit_equal": 114712423,
      "entries": 127398518,
      "finite_pairs": 127398518,
      "max_abs": 0.28207291662693024,
      "max_abs_index": 61105111,
      "max_relative": 0.9729729746444553,
      "max_ulp": 43786691,
      "mean_abs": 9.764455332615916e-8,
      "mean_signed_candidate_minus_original": 3.5842021727560768e-12,
      "negative_a": 0,
      "negative_b": 0,
      "nonfinite_a": 0,
      "nonfinite_b": 0,
      "numeric_equal": 114712423,
      "rmse": 0.0001002467272898117,
      "signed_sum": 0.00045662204502150416,
      "sum_abs": 12.439771384524647,
      "sum_squared": 1.280279473517113
    },
    "(1e-9,1e-6] -> (1e-9,1e-6]": {
      "abs_bins": [
        810784,
        0,
        0,
        376,
        17622,
        7486,
        44,
        0,
        0
      ],
      "bit_equal": 810784,
      "entries": 836312,
      "finite_pairs": 836312,
      "max_abs": 0.0049385130405426025,
      "max_abs_index": 277571420,
      "max_relative": 0.01108153965250393,
      "max_ulp": 165709,
      "mean_abs": 8.875117592093705e-8,
      "mean_signed_candidate_minus_original": 5.9472161223729454e-12,
      "negative_a": 0,
      "negative_b": 0,
      "nonfinite_a": 0,
      "nonfinite_b": 0,
      "numeric_equal": 810784,
      "rmse": 0.000011262501617568671,
      "signed_sum": 4.973728209733963e-6,
      "sum_abs": 0.0742236734367907,
      "sum_squared": 0.00010608111139539405
    },
    "above_1e-3 -> above_1e-3": {
      "abs_bins": [
        38420116,
        0,
        27417,
        1635650,
        1740495,
        170738,
        448,
        8,
        0
      ],
      "bit_equal": 38420116,
      "entries": 41994872,
      "finite_pairs": 41994872,
      "max_abs": 0.19780218601226807,
      "max_abs_index": 200499403,
      "max_relative": 0.972972972972973,
      "max_ulp": 43786690,
      "mean_abs": 4.4643563602512676e-8,
      "mean_signed_candidate_minus_original": -3.1725704435488765e-12,
      "negative_a": 0,
      "negative_b": 0,
      "nonfinite_a": 0,
      "nonfinite_b": 0,
      "numeric_equal": 38420116,
      "rmse": 0.00005390842219616993,
      "signed_sum": -0.0001332316896878183,
      "sum_abs": 1.8748007391113788,
      "sum_squared": 0.12204205274156098
    },
    "zero_accumulated_mass -> zero_accumulated_mass": {
      "abs_bins": [
        141663009,
        0,
        0,
        0,
        0,
        0,
        0,
        0,
        0
      ],
      "bit_equal": 141663009,
      "entries": 141663009,
      "finite_pairs": 141663009,
      "max_abs": 0.0,
      "max_abs_index": 0,
      "max_relative": 0.0,
      "max_ulp": 0,
      "mean_abs": 0.0,
      "mean_signed_candidate_minus_original": 0.0,
      "negative_a": 0,
      "negative_b": 0,
      "nonfinite_a": 0,
      "nonfinite_b": 0,
      "numeric_equal": 141663009,
      "rmse": 0.0,
      "signed_sum": 0.0,
      "sum_abs": 0.0,
      "sum_squared": 0.0
    }
  },
  "effective_by_current_factorized_reach_pair": {
    "(0,1e-15] -> (0,1e-15]": {
      "abs_bins": [
        4687159,
        0,
        23,
        33509,
        79246,
        8787,
        46,
        2,
        0
      ],
      "bit_equal": 4687159,
      "entries": 4808772,
      "finite_pairs": 4808772,
      "max_abs": 0.17619553208351135,
      "max_abs_index": 230175884,
      "max_relative": 0.5087325315594664,
      "max_ulp": 8591575,
      "mean_abs": 9.562879426543957e-8,
      "mean_signed_candidate_minus_original": 9.031415167131677e-12,
      "negative_a": 0,
      "negative_b": 0,
      "nonfinite_a": 0,
      "nonfinite_b": 0,
      "numeric_equal": 4687159,
      "rmse": 0.00011379883458129274,
      "signed_sum": 0.00004343001637607813,
      "sum_abs": 0.45985706825740635,
      "sum_squared": 0.06227443774281513
    },
    "(0,1e-15] -> (1e-15,1e-12]": {
      "abs_bins": [
        2,
        0,
        0,
        0,
        0,
        0,
        0,
        0,
        0
      ],
      "bit_equal": 2,
      "entries": 2,
      "finite_pairs": 2,
      "max_abs": 0.0,
      "max_abs_index": 0,
      "max_relative": 0.0,
      "max_ulp": 0,
      "mean_abs": 0.0,
      "mean_signed_candidate_minus_original": 0.0,
      "negative_a": 0,
      "negative_b": 0,
      "nonfinite_a": 0,
      "nonfinite_b": 0,
      "numeric_equal": 2,
      "rmse": 0.0,
      "signed_sum": 0.0,
      "sum_abs": 0.0,
      "sum_squared": 0.0
    },
    "(1e-12,1e-9] -> (1e-12,1e-9]": {
      "abs_bins": [
        61699675,
        0,
        26937,
        3091749,
        5069403,
        505015,
        1526,
        48,
        0
      ],
      "bit_equal": 61699675,
      "entries": 70394353,
      "finite_pairs": 70394353,
      "max_abs": 0.28207291662693024,
      "max_abs_index": 61105111,
      "max_relative": 0.9729729746444553,
      "max_ulp": 43786691,
      "mean_abs": 1.1767081382765316e-7,
      "mean_signed_candidate_minus_original": -8.781597521800977e-12,
      "negative_a": 0,
      "negative_b": 0,
      "nonfinite_a": 0,
      "nonfinite_b": 0,
      "numeric_equal": 61699675,
      "rmse": 0.00011049389596974092,
      "signed_sum": -0.0006181748758535832,
      "sum_abs": 8.283360806381097,
      "sum_squared": 0.8594376900144537
    },
    "(1e-12,1e-9] -> (1e-15,1e-12]": {
      "abs_bins": [
        2,
        0,
        0,
        0,
        0,
        0,
        0,
        0,
        0
      ],
      "bit_equal": 2,
      "entries": 2,
      "finite_pairs": 2,
      "max_abs": 0.0,
      "max_abs_index": 0,
      "max_relative": 0.0,
      "max_ulp": 0,
      "mean_abs": 0.0,
      "mean_signed_candidate_minus_original": 0.0,
      "negative_a": 0,
      "negative_b": 0,
      "nonfinite_a": 0,
      "nonfinite_b": 0,
      "numeric_equal": 2,
      "rmse": 0.0,
      "signed_sum": 0.0,
      "sum_abs": 0.0,
      "sum_squared": 0.0
    },
    "(1e-12,1e-9] -> (1e-9,1e-6]": {
      "abs_bins": [
        2,
        0,
        0,
        0,
        0,
        0,
        0,
        0,
        0
      ],
      "bit_equal": 2,
      "entries": 2,
      "finite_pairs": 2,
      "max_abs": 0.0,
      "max_abs_index": 0,
      "max_relative": 0.0,
      "max_ulp": 0,
      "mean_abs": 0.0,
      "mean_signed_candidate_minus_original": 0.0,
      "negative_a": 0,
      "negative_b": 0,
      "nonfinite_a": 0,
      "nonfinite_b": 0,
      "numeric_equal": 2,
      "rmse": 0.0,
      "signed_sum": 0.0,
      "sum_abs": 0.0,
      "sum_squared": 0.0
    },
    "(1e-15,1e-12] -> (0,1e-15]": {
      "abs_bins": [
        2,
        0,
        0,
        0,
        0,
        0,
        0,
        0,
        0
      ],
      "bit_equal": 2,
      "entries": 2,
      "finite_pairs": 2,
      "max_abs": 0.0,
      "max_abs_index": 0,
      "max_relative": 0.0,
      "max_ulp": 0,
      "mean_abs": 0.0,
      "mean_signed_candidate_minus_original": 0.0,
      "negative_a": 0,
      "negative_b": 0,
      "nonfinite_a": 0,
      "nonfinite_b": 0,
      "numeric_equal": 2,
      "rmse": 0.0,
      "signed_sum": 0.0,
      "sum_abs": 0.0,
      "sum_squared": 0.0
    },
    "(1e-15,1e-12] -> (1e-15,1e-12]": {
      "abs_bins": [
        37099849,
        0,
        1322,
        1506412,
        2529744,
        339992,
        1277,
        28,
        0
      ],
      "bit_equal": 37099849,
      "entries": 41478624,
      "finite_pairs": 41478624,
      "max_abs": 0.23399055004119873,
      "max_abs_index": 182583391,
      "max_relative": 0.9729729746444553,
      "max_ulp": 43786691,
      "mean_abs": 1.273822000930452e-7,
      "mean_signed_candidate_minus_original": 1.808353593340431e-11,
      "negative_a": 0,
      "negative_b": 0,
      "nonfinite_a": 0,
      "nonfinite_b": 0,
      "numeric_equal": 37099849,
      "rmse": 0.0001076513979398554,
      "signed_sum": 0.0007500801875721663,
      "sum_abs": 5.283638381952187,
      "sum_squared": 0.48068845166313745
    },
    "(1e-9,1e-6] -> (1e-9,1e-6]": {
      "abs_bins": [
        15413828,
        0,
        3038,
        1062800,
        1436830,
        41186,
        100,
        0,
        0
      ],
      "bit_equal": 15413828,
      "entries": 17957782,
      "finite_pairs": 17957782,
      "max_abs": 0.001457899808883667,
      "max_abs_index": 267519966,
      "max_relative": 0.02601494731614265,
      "max_ulp": 368765,
      "mean_abs": 1.9524651348674345e-8,
      "mean_signed_candidate_minus_original": -5.9657401925087895e-12,
      "negative_a": 0,
      "negative_b": 0,
      "nonfinite_a": 0,
      "nonfinite_b": 0,
      "numeric_equal": 15413828,
      "rmse": 1.2266412187175147e-6,
      "signed_sum": -0.00010713146184571087,
      "sum_abs": 0.3506194325454999,
      "sum_squared": 0.00002702015297227291
    },
    "above_1e-6 -> above_1e-6": {
      "abs_bins": [
        899294,
        0,
        164,
        35257,
        38009,
        349,
        0,
        0,
        0
      ],
      "bit_equal": 899294,
      "entries": 973073,
      "finite_pairs": 973073,
      "max_abs": 0.00004443526268005371,
      "max_abs_index": 211724,
      "max_relative": 0.0002102377697039277,
      "max_ulp": 2877,
      "mean_abs": 4.255923779488541e-9,
      "mean_signed_candidate_minus_original": 7.79544295109586e-12,
      "negative_a": 0,
      "negative_b": 0,
      "nonfinite_a": 0,
      "nonfinite_b": 0,
      "numeric_equal": 899294,
      "rmse": 8.895346843233384e-8,
      "signed_sum": 7.585535058751702e-6,
      "sum_abs": 0.004141324519878253,
      "sum_squared": 7.699653746923243e-9
    },
    "zero_current_factorized_reach -> zero_current_factorized_reach": {
      "abs_bins": [
        175806519,
        0,
        0,
        0,
        473580,
        0,
        0,
        0,
        0
      ],
      "bit_equal": 175806519,
      "entries": 176280099,
      "finite_pairs": 176280099,
      "max_abs": 2.9802322387695312e-8,
      "max_abs_index": 77407,
      "max_relative": 1.4901159861580146e-7,
      "max_ulp": 2,
      "mean_abs": 4.072373147888944e-11,
      "mean_signed_candidate_minus_original": 1.432803156275274e-12,
      "negative_a": 0,
      "negative_b": 0,
      "nonfinite_a": 0,
      "nonfinite_b": 0,
      "numeric_equal": 175806519,
      "rmse": 7.92109933428027e-10,
      "signed_sum": 0.0002525746822357178,
      "sum_abs": 0.007178783416748047,
      "sum_squared": 1.106048586052566e-10
    }
  },
  "equity_cache_samples": 20000,
  "finite_tv_classes": 145573896,
  "headers_identical_after_point_lock_order_canonicalization": true,
  "interpretation": [
    "Mass/support is accumulated strategy sum, not observation count or confidence.",
    "Zero raw mass can coexist with a valid forced policy. Effective averages use native locks/profile routing.",
    "Current reach uses the solver's factorized f32 propagation, including underflow; zero reach is not proof a state is mathematically impossible.",
    "Reach weighting sums decision opportunities across nodes; it is not an exploitability metric.",
    "Relative/ULP and near-zero bins are descriptive. No threshold or numerical acceptance conclusion is inferred."
  ],
  "invalid_effective_entries": 0,
  "invalid_reach_classes": 0,
  "iteration": 6,
  "largest_effective_differences": [
    {
      "absolute_difference": 0.28207291662693024,
      "action": "Fold",
      "actor": "BTN",
      "arena_index": 61105111,
      "candidate": 0.4982775151729584,
      "class": "J4s",
      "current_factorized_class_reach_candidate": 1.4434891877741006e-12,
      "current_factorized_class_reach_original": 1.4434902133688222e-12,
      "node": 361525,
      "original": 0.21620459854602814,
      "path_action_indices": [
        1,
        0,
        1,
        1,
        2,
        0,
        1,
        1,
        3,
        1,
        1,
        3
      ],
      "raw_uniform_fallback_candidate": false,
      "raw_uniform_fallback_original": false,
      "sum_mass_candidate": 0.000019018363673239946,
      "sum_mass_original": 0.000019018383682123385
    },
    {
      "absolute_difference": 0.28207290172576904,
      "action": "Call 24.5",
      "actor": "BTN",
      "arena_index": 61105280,
      "candidate": 0.501722514629364,
      "class": "J4s",
      "current_factorized_class_reach_candidate": 1.4434891877741006e-12,
      "current_factorized_class_reach_original": 1.4434902133688222e-12,
      "node": 361525,
      "original": 0.7837954163551331,
      "path_action_indices": [
        1,
        0,
        1,
        1,
        2,
        0,
        1,
        1,
        3,
        1,
        1,
        3
      ],
      "raw_uniform_fallback_candidate": false,
      "raw_uniform_fallback_original": false,
      "sum_mass_candidate": 0.000019018363673239946,
      "sum_mass_original": 0.000019018383682123385
    },
    {
      "absolute_difference": 0.2715371288359165,
      "action": "Call 17.5",
      "actor": "BTN",
      "arena_index": 20970229,
      "candidate": 0.04816501960158348,
      "class": "94o",
      "current_factorized_class_reach_candidate": 2.1883821223912683e-12,
      "current_factorized_class_reach_original": 2.1883819874369828e-12,
      "node": 124041,
      "original": 0.3197021484375,
      "path_action_indices": [
        0,
        1,
        1,
        1,
        2,
        1,
        0,
        1,
        3,
        0,
        2,
        1
      ],
      "raw_uniform_fallback_candidate": false,
      "raw_uniform_fallback_original": false,
      "sum_mass_candidate": 0.0000547787276445888,
      "sum_mass_original": 0.0000547787276445888
    },
    {
      "absolute_difference": 0.2715371251106262,
      "action": "Fold",
      "actor": "BTN",
      "arena_index": 20970060,
      "candidate": 0.9518349766731262,
      "class": "94o",
      "current_factorized_class_reach_candidate": 2.1883821223912683e-12,
      "current_factorized_class_reach_original": 2.1883819874369828e-12,
      "node": 124041,
      "original": 0.6802978515625,
      "path_action_indices": [
        0,
        1,
        1,
        1,
        2,
        1,
        0,
        1,
        3,
        0,
        2,
        1
      ],
      "raw_uniform_fallback_candidate": false,
      "raw_uniform_fallback_original": false,
      "sum_mass_candidate": 0.0000547787276445888,
      "sum_mass_original": 0.0000547787276445888
    },
    {
      "absolute_difference": 0.23399055004119873,
      "action": "Fold",
      "actor": "BTN",
      "arena_index": 182583391,
      "candidate": 0.5926084518432617,
      "class": "53o",
      "current_factorized_class_reach_candidate": 2.88250796055021e-13,
      "current_factorized_class_reach_original": 2.8828685108354226e-13,
      "node": 1080331,
      "original": 0.8265990018844604,
      "path_action_indices": [
        1,
        1,
        1,
        1,
        5,
        1,
        1,
        1,
        1,
        2,
        0,
        1,
        3,
        0,
        1
      ],
      "raw_uniform_fallback_candidate": false,
      "raw_uniform_fallback_original": false,
      "sum_mass_candidate": 0.00003268526052124798,
      "sum_mass_original": 0.000032692325476091355
    },
    {
      "absolute_difference": 0.23399053514003754,
      "action": "Call 43.8",
      "actor": "BTN",
      "arena_index": 182583560,
      "candidate": 0.4073915183544159,
      "class": "53o",
      "current_factorized_class_reach_candidate": 2.88250796055021e-13,
      "current_factorized_class_reach_original": 2.8828685108354226e-13,
      "node": 1080331,
      "original": 0.17340098321437836,
      "path_action_indices": [
        1,
        1,
        1,
        1,
        5,
        1,
        1,
        1,
        1,
        2,
        0,
        1,
        3,
        0,
        1
      ],
      "raw_uniform_fallback_candidate": false,
      "raw_uniform_fallback_original": false,
      "sum_mass_candidate": 0.00003268526052124798,
      "sum_mass_original": 0.000032692325476091355
    },
    {
      "absolute_difference": 0.23397310078144073,
      "action": "Fold",
      "actor": "BTN",
      "arena_index": 182872212,
      "candidate": 0.17333044111728668,
      "class": "53o",
      "current_factorized_class_reach_candidate": 1.5027487193216855e-12,
      "current_factorized_class_reach_original": 1.5027584252330164e-12,
      "node": 1082045,
      "original": 0.4073035418987274,
      "path_action_indices": [
        1,
        1,
        1,
        1,
        5,
        1,
        1,
        1,
        1,
        2,
        2,
        0,
        1,
        0,
        1
      ],
      "raw_uniform_fallback_candidate": false,
      "raw_uniform_fallback_original": false,
      "sum_mass_candidate": 0.00003268526415922679,
      "sum_mass_original": 0.00003269232183811255
    },
    {
      "absolute_difference": 0.23397308588027954,
      "action": "Call 31.2",
      "actor": "BTN",
      "arena_index": 182872381,
      "candidate": 0.8266695737838745,
      "class": "53o",
      "current_factorized_class_reach_candidate": 1.5027487193216855e-12,
      "current_factorized_class_reach_original": 1.5027584252330164e-12,
      "node": 1082045,
      "original": 0.592696487903595,
      "path_action_indices": [
        1,
        1,
        1,
        1,
        5,
        1,
        1,
        1,
        1,
        2,
        2,
        0,
        1,
        0,
        1
      ],
      "raw_uniform_fallback_candidate": false,
      "raw_uniform_fallback_original": false,
      "sum_mass_candidate": 0.00003268526415922679,
      "sum_mass_original": 0.00003269232183811255
    },
    {
      "absolute_difference": 0.2036237120628357,
      "action": "Call 17.5",
      "actor": "BTN",
      "arena_index": 286271220,
      "candidate": 0.8917255997657776,
      "class": "93s",
      "current_factorized_class_reach_candidate": 5.392904217428783e-11,
      "current_factorized_class_reach_original": 5.392904217428783e-11,
      "node": 1693897,
      "original": 0.6881018877029419,
      "path_action_indices": [
        2,
        1,
        1,
        2,
        3,
        1,
        0,
        1,
        1
      ],
      "raw_uniform_fallback_candidate": false,
      "raw_uniform_fallback_original": false,
      "sum_mass_candidate": 0.00033692672150209546,
      "sum_mass_original": 0.0003369267506059259
    },
    {
      "absolute_difference": 0.2036236897110939,
      "action": "Fold",
      "actor": "BTN",
      "arena_index": 286271051,
      "candidate": 0.1082744225859642,
      "class": "93s",
      "current_factorized_class_reach_candidate": 5.392904217428783e-11,
      "current_factorized_class_reach_original": 5.392904217428783e-11,
      "node": 1693897,
      "original": 0.3118981122970581,
      "path_action_indices": [
        2,
        1,
        1,
        2,
        3,
        1,
        0,
        1,
        1
      ],
      "raw_uniform_fallback_candidate": false,
      "raw_uniform_fallback_original": false,
      "sum_mass_candidate": 0.00033692672150209546,
      "sum_mass_original": 0.0003369267506059259
    },
    {
      "absolute_difference": 0.19780224561691284,
      "action": "Call 61.2",
      "actor": "BB",
      "arena_index": 123029793,
      "candidate": 0.7967032790184021,
      "class": "A5s",
      "current_factorized_class_reach_candidate": 5.703070320083049e-12,
      "current_factorized_class_reach_original": 5.703070320083049e-12,
      "node": 727942,
      "original": 0.9945055246353149,
      "path_action_indices": [
        1,
        1,
        1,
        1,
        0,
        4,
        1,
        0,
        3,
        0,
        1,
        3,
        1
      ],
      "raw_uniform_fallback_candidate": false,
      "raw_uniform_fallback_original": false,
      "sum_mass_candidate": 0.0006605797680094838,
      "sum_mass_original": 0.0006605797680094838
    },
    {
      "absolute_difference": 0.19780224561691284,
      "action": "Fold",
      "actor": "HJ",
      "arena_index": 278219199,
      "candidate": 0.7967032790184021,
      "class": "K7o",
      "current_factorized_class_reach_candidate": 1.8635504477464244e-13,
      "current_factorized_class_reach_original": 1.8635502201217893e-13,
      "node": 1646241,
      "original": 0.9945055246353149,
      "path_action_indices": [
        1,
        5,
        1,
        1,
        2,
        1,
        0,
        1,
        3,
        1,
        1,
        0
      ],
      "raw_uniform_fallback_candidate": false,
      "raw_uniform_fallback_original": false,
      "sum_mass_candidate": 0.0003152675344608724,
      "sum_mass_original": 0.0003152675344608724
    },
    {
      "absolute_difference": 0.19780221534892917,
      "action": "Fold",
      "actor": "BB",
      "arena_index": 123029624,
      "candidate": 0.2032967209815979,
      "class": "A5s",
      "current_factorized_class_reach_candidate": 5.703070320083049e-12,
      "current_factorized_class_reach_original": 5.703070320083049e-12,
      "node": 727942,
      "original": 0.005494505632668734,
      "path_action_indices": [
        1,
        1,
        1,
        1,
        0,
        4,
        1,
        0,
        3,
        0,
        1,
        3,
        1
      ],
      "raw_uniform_fallback_candidate": false,
      "raw_uniform_fallback_original": false,
      "sum_mass_candidate": 0.0006605797680094838,
      "sum_mass_original": 0.0006605797680094838
    },
    {
      "absolute_difference": 0.19780221534892917,
      "action": "Call 26.2",
      "actor": "BB",
      "arena_index": 176813145,
      "candidate": 0.005494505632668734,
      "class": "T4s",
      "current_factorized_class_reach_candidate": 1.8087411645709593e-14,
      "current_factorized_class_reach_original": 1.8087408505712746e-14,
      "node": 1046184,
      "original": 0.2032967209815979,
      "path_action_indices": [
        1,
        1,
        1,
        1,
        4,
        1,
        1,
        3,
        0,
        0,
        1,
        1,
        2,
        1,
        0
      ],
      "raw_uniform_fallback_candidate": false,
      "raw_uniform_fallback_original": false,
      "sum_mass_candidate": 0.0002635094861034304,
      "sum_mass_original": 0.00026350945699959993
    },
    {
      "absolute_difference": 0.19780220044776797,
      "action": "Call 30.6",
      "actor": "HJ",
      "arena_index": 42152114,
      "candidate": 0.005494505632668734,
      "class": "Q6s",
      "current_factorized_class_reach_candidate": 5.862697163415357e-10,
      "current_factorized_class_reach_original": 5.862697513647137e-10,
      "node": 249394,
      "original": 0.2032967060804367,
      "path_action_indices": [
        0,
        3,
        1,
        1,
        0,
        3,
        1,
        3,
        0,
        1
      ],
      "raw_uniform_fallback_candidate": false,
      "raw_uniform_fallback_original": false,
      "sum_mass_candidate": 0.00011266496585449204,
      "sum_mass_original": 0.00011266496585449204
    },
    {
      "absolute_difference": 0.19780220044776797,
      "action": "Call 26.2",
      "actor": "UTG",
      "arena_index": 301813447,
      "candidate": 0.2032967060804367,
      "class": "72s",
      "current_factorized_class_reach_candidate": 1.8003209874607463e-13,
      "current_factorized_class_reach_original": 1.8003210859581068e-13,
      "node": 1785855,
      "original": 0.005494505632668734,
      "path_action_indices": [
        4,
        1,
        1,
        2,
        1,
        1,
        1,
        3,
        1,
        1,
        0,
        0
      ],
      "raw_uniform_fallback_candidate": false,
      "raw_uniform_fallback_original": false,
      "sum_mass_candidate": 0.000020143592337262817,
      "sum_mass_original": 0.000020143590518273413
    },
    {
      "absolute_difference": 0.19780218601226807,
      "action": "Fold",
      "actor": "HJ",
      "arena_index": 42151945,
      "candidate": 0.9945054650306702,
      "class": "Q6s",
      "current_factorized_class_reach_candidate": 5.862697163415357e-10,
      "current_factorized_class_reach_original": 5.862697513647137e-10,
      "node": 249394,
      "original": 0.7967032790184021,
      "path_action_indices": [
        0,
        3,
        1,
        1,
        0,
        3,
        1,
        3,
        0,
        1
      ],
      "raw_uniform_fallback_candidate": false,
      "raw_uniform_fallback_original": false,
      "sum_mass_candidate": 0.00011266496585449204,
      "sum_mass_original": 0.00011266496585449204
    },
    {
      "absolute_difference": 0.19780218601226807,
      "action": "Fold",
      "actor": "BB",
      "arena_index": 176812976,
      "candidate": 0.9945054650306702,
      "class": "T4s",
      "current_factorized_class_reach_candidate": 1.8087411645709593e-14,
      "current_factorized_class_reach_original": 1.8087408505712746e-14,
      "node": 1046184,
      "original": 0.7967032790184021,
      "path_action_indices": [
        1,
        1,
        1,
        1,
        4,
        1,
        1,
        3,
        0,
        0,
        1,
        1,
        2,
        1,
        0
      ],
      "raw_uniform_fallback_candidate": false,
      "raw_uniform_fallback_original": false,
      "sum_mass_candidate": 0.0002635094861034304,
      "sum_mass_original": 0.00026350945699959993
    },
    {
      "absolute_difference": 0.19780218601226807,
      "action": "Call 30.6",
      "actor": "CO",
      "arena_index": 200499403,
      "candidate": 0.005494505167007446,
      "class": "22",
      "current_factorized_class_reach_candidate": 4.714673885941827e-14,
      "current_factorized_class_reach_original": 4.7146731082481064e-14,
      "node": 1186349,
      "original": 0.2032966911792755,
      "path_action_indices": [
        1,
        1,
        1,
        3,
        1,
        1,
        3,
        1,
        1,
        0,
        3,
        1,
        1,
        0
      ],
      "raw_uniform_fallback_candidate": false,
      "raw_uniform_fallback_original": false,
      "sum_mass_candidate": 0.0015247793635353446,
      "sum_mass_original": 0.0015247793635353446
    },
    {
      "absolute_difference": 0.19780218601226807,
      "action": "Fold",
      "actor": "UTG",
      "arena_index": 301813278,
      "candidate": 0.7967033386230469,
      "class": "72s",
      "current_factorized_class_reach_candidate": 1.8003209874607463e-13,
      "current_factorized_class_reach_original": 1.8003210859581068e-13,
      "node": 1785855,
      "original": 0.9945055246353149,
      "path_action_indices": [
        4,
        1,
        1,
        2,
        1,
        1,
        1,
        3,
        1,
        1,
        0,
        0
      ],
      "raw_uniform_fallback_candidate": false,
      "raw_uniform_fallback_original": false,
      "sum_mass_candidate": 0.000020143592337262817,
      "sum_mass_original": 0.000020143590518273413
    }
  ],
  "max_class_total_variation": 0.28207290917634964,
  "max_effective_row_sum_error": 3.5762786865234375e-7,
  "mean_class_total_variation": 4.94209339464021e-8,
  "node_hand_classes": 145573896,
  "original": "T:\\Dev\\GTOpen\\target\\autoresearch\\preflop-20260910\\target\\fixtures\\original-fresh-coupled-six.gtop",
  "payoff_model": "coupled_deck_v1",
  "purpose": "descriptive numerical comparison; no acceptance thresholds applied",
  "raw_arena_normalized_strategy": {
    "abs_bins": [
      295606332,
      0,
      31484,
      5729727,
      9626812,
      895329,
      2949,
      78,
      0
    ],
    "bit_equal": 295606332,
    "entries": 311892711,
    "finite_pairs": 311892711,
    "max_abs": 0.28207291662693024,
    "max_abs_index": 61105111,
    "max_relative": 0.9729729746444553,
    "max_ulp": 43786691,
    "mean_abs": 4.6133799507333845e-8,
    "mean_signed_candidate_minus_original": 1.052811021105972e-12,
    "negative_a": 0,
    "negative_b": 0,
    "nonfinite_a": 0,
    "nonfinite_b": 0,
    "numeric_equal": 295606332,
    "rmse": 0.00006705599537831589,
    "signed_sum": 0.00032836408354341984,
    "sum_abs": 14.388795797072817,
    "sum_squared": 1.402427607359523
  },
  "raw_arenas": {
    "regrets": {
      "abs_bins": [
        240140694,
        55777525,
        14260466,
        1667769,
        46218,
        39,
        0,
        0,
        0
      ],
      "bit_equal": 240140694,
      "entries": 311892711,
      "finite_pairs": 311892711,
      "max_abs": 6.198883056640625e-6,
      "max_abs_index": 40292130,
      "max_relative": 1.6535775664489636,
      "max_ulp": 1502747019,
      "mean_abs": 1.0623866801718441e-11,
      "mean_signed_candidate_minus_original": -1.0831461596000997e-12,
      "negative_a": 45291361,
      "negative_b": 45291364,
      "nonfinite_a": 0,
      "nonfinite_b": 0,
      "numeric_equal": 240140694,
      "rmse": 1.3210693822539427e-9,
      "signed_sum": -0.00033782539212691377,
      "sum_abs": 0.003313506618090864,
      "sum_squared": 5.443227422001015e-10
    },
    "strategy_sums": {
      "abs_bins": [
        274886943,
        785070,
        25237249,
        10927181,
        56124,
        136,
        8,
        0,
        0
      ],
      "bit_equal": 274886943,
      "entries": 311892711,
      "finite_pairs": 311892711,
      "max_abs": 0.00044953683391213417,
      "max_abs_index": 59256951,
      "max_relative": 0.972972975810072,
      "max_ulp": 43932955,
      "mean_abs": 3.563402404647921e-11,
      "mean_signed_candidate_minus_original": 1.2920990918340928e-12,
      "negative_a": 0,
      "negative_b": 0,
      "nonfinite_a": 0,
      "nonfinite_b": 0,
      "numeric_equal": 274886943,
      "rmse": 4.755124861766903e-8,
      "signed_sum": 0.00040299628863277315,
      "sum_abs": 0.01111399236369559,
      "sum_squared": 7.052272350337382e-7
    }
  },
  "reach_pair_class_counts": {
    "(0,1e-15] -> (0,1e-15]": 2404386,
    "(0,1e-15] -> (1e-15,1e-12]": 1,
    "(1e-12,1e-9] -> (1e-12,1e-9]": 32445344,
    "(1e-12,1e-9] -> (1e-15,1e-12]": 1,
    "(1e-12,1e-9] -> (1e-9,1e-6]": 1,
    "(1e-15,1e-12] -> (0,1e-15]": 1,
    "(1e-15,1e-12] -> (1e-15,1e-12]": 20700093,
    "(1e-9,1e-6] -> (1e-9,1e-6]": 5762434,
    "above_1e-6 -> above_1e-6": 206603,
    "zero_current_factorized_reach -> zero_current_factorized_reach": 84055032
  },
  "support_pair_class_counts": {
    "(1e-6,1e-3] -> (1e-6,1e-3]": 62643727,
    "(1e-9,1e-6] -> (1e-9,1e-6]": 418156,
    "above_1e-3 -> above_1e-3": 20360264,
    "zero_accumulated_mass -> zero_accumulated_mass": 62151749
  }
}
