preflop gpu: coupled multiway, 1024 particles, 30 reach CDFs, 32-particle batches, 0 MB CDF scratch
preflop gpu: live terminal work enabled=true, global=10, per-seat=[10, 10, 10], 0.000 MB indices
preflop gpu: compact CDF slots 20 of 30, 0.0 MB immutable map
preflop gpu: 100 nodes, 8 levels, 58 terminals (0 calibrated), 0 forced + 0 frozen nodes, ~67 MB VRAM
BENCH {"build_ms":13.182400000000001,"init_ms":174.5641,"model":"coupled_deck_v1","nodes":100,"phase":"init","start_iteration":0}
BENCH {"iteration":1,"ms":3.1473,"phase":"iterate"}
BENCH {"iteration":2,"ms":3.2817,"phase":"iterate"}
BENCH {"iteration":3,"ms":2.3962,"phase":"iterate"}
BENCH {"iteration":4,"ms":2.3811,"phase":"iterate"}
BENCH {"iteration":5,"ms":2.6706,"phase":"iterate"}
BENCH {"iteration":6,"ms":2.6243,"phase":"iterate"}
BENCH {"iteration":7,"ms":2.3883,"phase":"iterate"}
BENCH {"iteration":8,"ms":2.3872,"phase":"iterate"}
BENCH {"iteration":9,"ms":2.7535,"phase":"iterate"}
BENCH {"iteration":10,"ms":3.0556,"phase":"iterate"}
BENCH {"iteration":11,"ms":2.3967,"phase":"iterate"}
BENCH {"iteration":12,"ms":2.3886,"phase":"iterate"}
BENCH {"iteration":13,"ms":2.7859,"phase":"iterate"}
BENCH {"iteration":14,"ms":2.3965,"phase":"iterate"}
BENCH {"iteration":15,"ms":2.3852,"phase":"iterate"}
BENCH {"iteration":16,"ms":2.3891,"phase":"iterate"}
BENCH {"iteration":17,"ms":3.2113,"phase":"iterate"}
BENCH {"iteration":18,"ms":2.5205,"phase":"iterate"}
BENCH {"iteration":19,"ms":2.3879,"phase":"iterate"}
BENCH {"iteration":20,"ms":2.3887,"phase":"iterate"}
BENCH {"iteration":21,"ms":2.7196,"phase":"iterate"}
BENCH {"iteration":22,"ms":2.3937,"phase":"iterate"}
BENCH {"iteration":23,"ms":2.3899,"phase":"iterate"}
BENCH {"iteration":24,"ms":2.3896,"phase":"iterate"}
BENCH {"iteration":25,"ms":3.3199,"phase":"iterate"}
BENCH {"iteration":26,"ms":2.4018,"phase":"iterate"}
BENCH {"iteration":27,"ms":2.3897,"phase":"iterate"}
BENCH {"iteration":28,"ms":2.7688,"phase":"iterate"}
BENCH {"iteration":29,"ms":2.4247,"phase":"iterate"}
BENCH {"iteration":30,"ms":2.3929,"phase":"iterate"}
BENCH {"arena_hash":"c428858c474fde73","check_ms":3.0574,"evs":[0.10060544574438775,-0.14715149229308094,-0.13009906825700532],"gaps":[0.0009725331098406342,0.0017061595366514581,0.0008015214145071781],"iteration":30,"load_ms":20.470399999999998,"phase":"result","save_bytes":134416,"save_ms":4.3896,"sync_ms":0.8632,"times_ms":[3.1473,3.2817,2.3962,2.3811,2.6706,2.6243,2.3883,2.3872,2.7535,3.0556,2.3967,2.3886,2.7859,2.3965,2.3852,2.3891,3.2113,2.5205,2.3879,2.3887,2.7196,2.3937,2.3899,2.3896,3.3199,2.4018,2.3897,2.7688,2.4247,2.3929]}
