preflop gpu: coupled multiway, 1024 particles, 198564 reach CDFs, 32-particle batches, 2079 MB CDF scratch
preflop gpu: compact CDF slots 95564 of 198564, 6.4 MB immutable map
preflop gpu: deployed_prepass reference, 32-particle grouping and HU-cache=true with accurately budgeted storage
preflop gpu: 410270 nodes, 23 levels, 211189 terminals (21534 calibrated), 0 forced + 0 frozen nodes, ~3418 MB VRAM
iteration 1525 elapsed 27.09
iteration 1550 elapsed 53.81
iteration 1575 elapsed 80.83
iteration 1600 elapsed 107.83
iteration 1625 elapsed 134.15
iteration 1650 elapsed 161.12
iteration 1675 elapsed 187.60
iteration 1700 elapsed 214.14
iteration 1725 elapsed 239.97
iteration 1750 elapsed 266.12
iteration 1775 elapsed 292.23
iteration 1800 elapsed 318.18
iteration 1825 elapsed 343.67
iteration 1850 elapsed 369.11
iteration 1875 elapsed 394.89
iteration 1900 elapsed 421.50
iteration 1925 elapsed 448.76
iteration 1950 elapsed 475.93
iteration 1975 elapsed 503.12
iteration 2000 elapsed 529.69
completed 2000
