{
  "checked_at": "2026-09-16T23:31:42.078260+00:00",
  "frozen_inputs_checked": 13,
  "reference_value": 0.05555555555555556,
  "reference_lp_gap": 6.938893903907228e-18,
  "result_files": [
    {
      "name": "full_dcfr",
      "sha256": "9f8f27a5c8962423ff60b1f0961ef51ef41a84f46965ca07d9fc91185bcedb72",
      "checkpoints": 6
    },
    {
      "name": "exact_cutoff",
      "sha256": "9184827dcb374d1606249319a3b0474ab4f6b2fef09dc3ad2df568093b215b45",
      "checkpoints": 6
    },
    {
      "name": "offsupport_cutoff",
      "sha256": "556eb282f0ab3d41bd001fa104b88faa5bf399f439a7b4678ba102766cda5a9f",
      "checkpoints": 6
    },
    {
      "name": "predicted_cutoff",
      "sha256": "7dfb0b8f6676018ee0d75b679ae73c48d8b261d73cc0d10428332dc32fa23db2",
      "checkpoints": 6
    }
  ],
  "prediction_endpoint_errors": [
    {
      "arm": "full_dcfr",
      "contribution": 1,
      "p0_range": [
        0.40000437017914964,
        0.5999956298142054,
        6.64503608227381e-12
      ],
      "p1_range": [
        0.3333333333333333,
        0.3333333333333333,
        0.3333333333333333
      ],
      "predicted_net_values": [
        [
          -0.9957697614450106,
          0.014061680538413147,
          1.0790039993684921
        ],
        [
          -0.9957697614450103,
          0.9442798427719785,
          0.9994920601785484
        ]
      ],
      "exact_net_values": [
        [
          -1.0,
          0.0,
          1.0
        ],
        [
          -1.0,
          0.9999999999667752,
          1.0
        ]
      ],
      "error": [
        [
          0.004230238554989385,
          0.014061680538413147,
          0.07900399936849212
        ],
        [
          0.004230238554989718,
          -0.05572015719479673,
          -0.0005079398214515862
        ]
      ],
      "maximum_absolute_error": 0.07900399936849212
    },
    {
      "arm": "full_dcfr",
      "contribution": 2,
      "p0_range": [
        0.24999317148184003,
        2.979709385235835e-12,
        0.7500068285151802
      ],
      "p1_range": [
        1.4060537359216965e-13,
        0.2500088288343381,
        0.7499911711655212
      ],
      "predicted_net_values": [
        [
          -2.036256934951542,
          -2.034385661490458,
          1.9492766988431713
        ],
        [
          -2.0105910442167843,
          -1.4690285682686548,
          2.724452218910743
        ]
      ],
      "exact_net_values": [
        [
          -2.0,
          -1.9999999999992504,
          2.0
        ],
        [
          -2.0,
          -1.0000273140696603,
          2.0
        ]
      ],
      "error": [
        [
          -0.03625693495154181,
          -0.034385661491207475,
          -0.05072330115682866
        ],
        [
          -0.010591044216784251,
          -0.4690012541989945,
          0.7244522189107432
        ]
      ],
      "maximum_absolute_error": 0.7244522189107432
    },
    {
      "arm": "exact_cutoff",
      "contribution": 1,
      "p0_range": [
        0.398572161820819,
        0.5943008436376516,
        0.007126994541529405
      ],
      "p1_range": [
        0.3333333333333333,
        0.3333333333333333,
        0.3333333333333333
      ],
      "predicted_net_values": [
        [
          -0.9964994310446738,
          0.012089659950436756,
          1.0754101410342622
        ],
        [
          -0.9964994310446732,
          0.9139674540591559,
          1.000311075423897
        ]
      ],
      "exact_net_values": [
        [
          -1.0,
          0.0,
          1.0
        ],
        [
          -1.0,
          0.9648656181322498,
          1.0
        ]
      ],
      "error": [
        [
          0.0035005689553262442,
          0.012089659950436756,
          0.07541014103426225
        ],
        [
          0.0035005689553267993,
          -0.05089816407309389,
          0.0003110754238970781
        ]
      ],
      "maximum_absolute_error": 0.07541014103426225
    },
    {
      "arm": "exact_cutoff",
      "contribution": 2,
      "p0_range": [
        0.25000389459587824,
        1.921230168266499e-12,
        0.7499961054022005
      ],
      "p1_range": [
        1.4060552025338913e-13,
        0.25000804654119424,
        0.7499919534586651
      ],
      "predicted_net_values": [
        [
          -2.036267645456486,
          -2.0343911275033655,
          1.9492718843629906
        ],
        [
          -2.0105965350508486,
          -1.4690006903594501,
          2.724458738388572
        ]
      ],
      "exact_net_values": [
        [
          -2.0,
          -1.9999999999992504,
          2.0
        ],
        [
          -2.0,
          -0.9999844216145658,
          2.0
        ]
      ],
      "error": [
        [
          -0.036267645456486086,
          -0.034391127504115104,
          -0.05072811563700941
        ],
        [
          -0.010596535050848566,
          -0.46901626874488433,
          0.7244587383885719
        ]
      ],
      "maximum_absolute_error": 0.7244587383885719
    },
    {
      "arm": "predicted_cutoff",
      "contribution": 1,
      "p0_range": [
        0.31949429146418873,
        0.6805057085356838,
        1.275306122939977e-13
      ],
      "p1_range": [
        0.3333333333333333,
        0.3333333333333333,
        0.3333333333333333
      ],
      "predicted_net_values": [
        [
          -0.9880735271433569,
          0.019737123750309022,
          1.0912145082918336
        ],
        [
          -0.988073527143357,
          0.7517388688285405,
          1.0367186505853896
        ]
      ],
      "exact_net_values": [
        [
          -1.0,
          0.0,
          1.0
        ],
        [
          -1.0,
          0.9999999999992019,
          1.0
        ]
      ],
      "error": [
        [
          0.011926472856643056,
          0.019737123750309022,
          0.09121450829183364
        ],
        [
          0.011926472856642945,
          -0.2482611311706614,
          0.03671865058538959
        ]
      ],
      "maximum_absolute_error": 0.2482611311706614
    },
    {
      "arm": "predicted_cutoff",
      "contribution": 2,
      "p0_range": [
        0.34662072105728403,
        1.66334006113948e-12,
        0.6533792789410525
      ],
      "p1_range": [
        1.4697083114869552e-13,
        0.216055382775645,
        0.783944617224208
      ],
      "predicted_net_values": [
        [
          -2.1172201323739124,
          -2.0575188515261513,
          1.93547622987332
        ],
        [
          -2.043113073652137,
          -1.0000309587072762,
          2.4903661076924526
        ]
      ],
      "exact_net_values": [
        [
          -2.0,
          -1.99999999999925,
          2.0
        ],
        [
          -2.0,
          -0.6135171157685575,
          2.0
        ]
      ],
      "error": [
        [
          -0.11722013237391238,
          -0.05751885152690139,
          -0.06452377012668009
        ],
        [
          -0.04311307365213679,
          -0.3865138429387187,
          0.4903661076924526
        ]
      ],
      "maximum_absolute_error": 0.4903661076924526
    }
  ],
  "completion_sensitivity": [
    {
      "arm": "exact_cutoff",
      "iteration": 20000,
      "post_hoc": true,
      "range_floor": 1e-06,
      "registered_metrics": {
        "ev_p0": 0.05488932030664703,
        "nashconv": 0.0006708996298168124,
        "gain_p0": 0.0006686194348729246,
        "gain_p1": 2.280194943887759e-06
      },
      "regularized_completion_metrics": {
        "ev_p0": 0.05488932030664703,
        "nashconv": 0.0006708996298168124,
        "gain_p0": 0.0006686194348729246,
        "gain_p1": 2.280194943887759e-06
      },
      "on_policy_ev_change": 0.0,
      "upper_policy_max_difference": 0.0,
      "regularized_completion_policy": [
        [
          [
            0.6706572371329523,
            0.3293427628670476
          ],
          [
            0.9999999999974691,
            2.530933579027706e-12
          ],
          [
            0.011992233593154291,
            0.9880077664068457
          ]
        ],
        [
          [
            0.9999999999998126,
            1.874760383827399e-13
          ],
          [
            0.6666523615510679,
            0.33334763844893206
          ],
          [
            1.874760383827399e-13,
            0.9999999999998126
          ]
        ],
        [
          [
            1.0,
            0.0
          ],
          [
            1.0,
            0.0
          ],
          [
            0.0,
            1.0
          ]
        ],
        [
          [
            1.0,
            0.0
          ],
          [
            0.9999999999999999,
            6.963751680205562e-17
          ],
          [
            0.0,
            1.0
          ]
        ],
        [
          [
            1.0,
            0.0
          ],
          [
            1.0,
            0.0
          ],
          [
            0.0,
            1.0
          ]
        ],
        [
          [
            1.0,
            0.0
          ],
          [
            1.0,
            0.0
          ],
          [
            0.0,
            1.0
          ]
        ]
      ]
    },
    {
      "arm": "offsupport_cutoff",
      "iteration": 20000,
      "post_hoc": true,
      "range_floor": 1e-06,
      "registered_metrics": {
        "ev_p0": 0.05489956009070654,
        "nashconv": 0.0006651812137498381,
        "gain_p0": 0.0006617274452278554,
        "gain_p1": 3.4537685219826475e-06
      },
      "regularized_completion_metrics": {
        "ev_p0": 0.05489956009070654,
        "nashconv": 0.0006651812137498381,
        "gain_p0": 0.0006617274452278554,
        "gain_p1": 3.4537685219826475e-06
      },
      "on_policy_ev_change": 0.0,
      "upper_policy_max_difference": 0.0,
      "regularized_completion_policy": [
        [
          [
            0.6706233620643616,
            0.3293766379356384
          ],
          [
            0.9999999999974691,
            2.530933579027706e-12
          ],
          [
            0.011807924774344673,
            0.9881920752256553
          ]
        ],
        [
          [
            0.9999999999998126,
            1.874760383827399e-13
          ],
          [
            0.6666322747845813,
            0.33336772521541863
          ],
          [
            1.874760383827399e-13,
            0.9999999999998126
          ]
        ],
        [
          [
            1.0,
            0.0
          ],
          [
            1.0,
            0.0
          ],
          [
            0.0,
            1.0
          ]
        ],
        [
          [
            1.0,
            0.0
          ],
          [
            1.0,
            0.0
          ],
          [
            0.0,
            1.0
          ]
        ],
        [
          [
            1.0,
            0.0
          ],
          [
            1.0,
            0.0
          ],
          [
            0.0,
            1.0
          ]
        ],
        [
          [
            1.0,
            0.0
          ],
          [
            1.0,
            0.0
          ],
          [
            0.0,
            1.0
          ]
        ]
      ]
    },
    {
      "arm": "predicted_cutoff",
      "iteration": 100,
      "post_hoc": true,
      "range_floor": 1e-06,
      "registered_metrics": {
        "ev_p0": 0.061284574677494624,
        "nashconv": 0.08442654091769242,
        "gain_p0": 0.013943320667222175,
        "gain_p1": 0.07048322025047024
      },
      "regularized_completion_metrics": {
        "ev_p0": 0.061284574677494624,
        "nashconv": 0.08442654091769242,
        "gain_p0": 0.013943320667222175,
        "gain_p1": 0.07048322025047024
      },
      "on_policy_ev_change": 0.0,
      "upper_policy_max_difference": 0.0,
      "regularized_completion_policy": [
        [
          [
            0.47241483546539653,
            0.5275851645346035
          ],
          [
            0.9999799333923468,
            2.0066607653240036e-05
          ],
          [
            1.4777609931796442e-06,
            0.9999985222390069
          ]
        ],
        [
          [
            0.9999985222390069,
            1.4777609931796442e-06
          ],
          [
            0.725680730512164,
            0.274319269487836
          ],
          [
            1.4777609931796442e-06,
            0.9999985222390069
          ]
        ],
        [
          [
            1.0,
            0.0
          ],
          [
            1.0,
            0.0
          ],
          [
            0.0,
            1.0
          ]
        ],
        [
          [
            1.0,
            0.0
          ],
          [
            1.0,
            0.0
          ],
          [
            0.0,
            1.0
          ]
        ],
        [
          [
            1.0,
            0.0
          ],
          [
            1.0,
            0.0
          ],
          [
            0.0,
            1.0
          ]
        ],
        [
          [
            1.0,
            0.0
          ],
          [
            1.0,
            0.0
          ],
          [
            0.0,
            1.0
          ]
        ]
      ]
    },
    {
      "arm": "predicted_cutoff",
      "iteration": 500,
      "post_hoc": true,
      "range_floor": 1e-06,
      "registered_metrics": {
        "ev_p0": 0.06123860153353672,
        "nashconv": 0.08476551845642882,
        "gain_p0": 0.013604408557937264,
        "gain_p1": 0.07116110989849156
      },
      "regularized_completion_metrics": {
        "ev_p0": 0.06123860153353672,
        "nashconv": 0.08476551845642882,
        "gain_p0": 0.013604408557937264,
        "gain_p1": 0.07116110989849156
      },
      "on_policy_ev_change": 0.0,
      "upper_policy_max_difference": 0.0,
      "regularized_completion_policy": [
        [
          [
            0.4702325621177983,
            0.5297674378822017
          ],
          [
            0.9999998375387874,
            1.6246121256153363e-07
          ],
          [
            1.1964113112518045e-08,
            0.9999999880358869
          ]
        ],
        [
          [
            0.9999999880358869,
            1.1964113112518045e-08
          ],
          [
            0.7245290063461958,
            0.27547099365380423
          ],
          [
            1.1964113112518045e-08,
            0.9999999880358869
          ]
        ],
        [
          [
            1.0,
            0.0
          ],
          [
            1.0,
            0.0
          ],
          [
            0.0,
            1.0
          ]
        ],
        [
          [
            1.0,
            0.0
          ],
          [
            1.0,
            0.0
          ],
          [
            0.0,
            1.0
          ]
        ],
        [
          [
            1.0,
            0.0
          ],
          [
            1.0,
            0.0
          ],
          [
            0.0,
            1.0
          ]
        ],
        [
          [
            1.0,
            0.0
          ],
          [
            1.0,
            0.0
          ],
          [
            0.0,
            1.0
          ]
        ]
      ]
    },
    {
      "arm": "predicted_cutoff",
      "iteration": 2000,
      "post_hoc": true,
      "range_floor": 1e-06,
      "registered_metrics": {
        "ev_p0": 0.06121957084302232,
        "nashconv": 0.08465062384257349,
        "gain_p0": 0.013579661721108305,
        "gain_p1": 0.07107096212146519
      },
      "regularized_completion_metrics": {
        "ev_p0": 0.06121957084302232,
        "nashconv": 0.08465062384257349,
        "gain_p0": 0.013579661721108305,
        "gain_p1": 0.07107096212146519
      },
      "on_policy_ev_change": 0.0,
      "upper_policy_max_difference": 0.0,
      "regularized_completion_policy": [
        [
          [
            0.47044582753044883,
            0.5295541724695512
          ],
          [
            0.9999999974558074,
            2.5441926278732157e-09
          ],
          [
            1.8736155678975667e-10,
            0.9999999998126385
          ]
        ],
        [
          [
            0.9999999998126385,
            1.8736155678975667e-10
          ],
          [
            0.7243976973176689,
            0.2756023026823311
          ],
          [
            1.8736155678975667e-10,
            0.9999999998126385
          ]
        ],
        [
          [
            1.0,
            0.0
          ],
          [
            1.0,
            0.0
          ],
          [
            0.0,
            1.0
          ]
        ],
        [
          [
            1.0,
            0.0
          ],
          [
            1.0,
            0.0
          ],
          [
            0.0,
            1.0
          ]
        ],
        [
          [
            1.0,
            0.0
          ],
          [
            1.0,
            0.0
          ],
          [
            0.0,
            1.0
          ]
        ],
        [
          [
            1.0,
            0.0
          ],
          [
            1.0,
            0.0
          ],
          [
            0.0,
            1.0
          ]
        ]
      ]
    },
    {
      "arm": "predicted_cutoff",
      "iteration": 5000,
      "post_hoc": true,
      "range_floor": 1e-06,
      "registered_metrics": {
        "ev_p0": 0.061247618614577115,
        "nashconv": 0.20567293266404305,
        "gain_p0": 0.1343116428997226,
        "gain_p1": 0.07136128976432043
      },
      "regularized_completion_metrics": {
        "ev_p0": 0.061247618612577714,
        "nashconv": 0.08493095660701022,
        "gain_p0": 0.013569666844689188,
        "gain_p1": 0.07136128976232103
      },
      "on_policy_ev_change": -1.9994006450474444e-12,
      "upper_policy_max_difference": 0.0,
      "regularized_completion_policy": [
        [
          [
            0.4696589866382186,
            0.5303410133617814
          ],
          [
            0.9999999998370996,
            1.6290027657472675e-10
          ],
          [
            1.1996409941672919e-11,
            0.9999999999880036
          ]
        ],
        [
          [
            0.9999999999880036,
            1.1996409941672919e-11
          ],
          [
            0.7244518563478078,
            0.27554814365219216
          ],
          [
            1.1996409941672919e-11,
            0.9999999999880036
          ]
        ],
        [
          [
            1.0,
            0.0
          ],
          [
            1.0,
            0.0
          ],
          [
            0.0,
            1.0
          ]
        ],
        [
          [
            1.0,
            0.0
          ],
          [
            1.0,
            0.0
          ],
          [
            0.0,
            1.0
          ]
        ],
        [
          [
            1.0,
            0.0
          ],
          [
            1.0,
            0.0
          ],
          [
            0.0,
            1.0
          ]
        ],
        [
          [
            1.0,
            0.0
          ],
          [
            1.0,
            0.0
          ],
          [
            0.0,
            1.0
          ]
        ]
      ]
    },
    {
      "arm": "predicted_cutoff",
      "iteration": 10000,
      "post_hoc": true,
      "range_floor": 1e-06,
      "registered_metrics": {
        "ev_p0": 0.06124852222402832,
        "nashconv": 0.205695579709642,
        "gain_p0": 0.13430114551893838,
        "gain_p1": 0.07139443419070363
      },
      "regularized_completion_metrics": {
        "ev_p0": 0.06124852222377836,
        "nashconv": 0.0849568015736808,
        "gain_p0": 0.013562367383227136,
        "gain_p1": 0.07139443419045366
      },
      "on_policy_ev_change": -2.49966713994354e-13,
      "upper_policy_max_difference": 0.0,
      "regularized_completion_policy": [
        [
          [
            0.46956226411090707,
            0.5304377358890929
          ],
          [
            0.9999999999796341,
            2.0365825345177067e-11
          ],
          [
            1.499793453490188e-12,
            0.9999999999985003
          ]
        ],
        [
          [
            0.9999999999985003,
            1.499793453490188e-12
          ],
          [
            0.7244326688180169,
            0.27556733118198307
          ],
          [
            1.499793453490188e-12,
            0.9999999999985003
          ]
        ],
        [
          [
            1.0,
            0.0
          ],
          [
            1.0,
            0.0
          ],
          [
            0.0,
            1.0
          ]
        ],
        [
          [
            1.0,
            0.0
          ],
          [
            1.0,
            0.0
          ],
          [
            0.0,
            1.0
          ]
        ],
        [
          [
            1.0,
            0.0
          ],
          [
            1.0,
            0.0
          ],
          [
            0.0,
            1.0
          ]
        ],
        [
          [
            1.0,
            0.0
          ],
          [
            1.0,
            0.0
          ],
          [
            0.0,
            1.0
          ]
        ]
      ]
    },
    {
      "arm": "predicted_cutoff",
      "iteration": 20000,
      "post_hoc": true,
      "range_floor": 1e-06,
      "registered_metrics": {
        "ev_p0": 0.06124720217155066,
        "nashconv": 0.08496809938598884,
        "gain_p0": 0.013552693115134379,
        "gain_p1": 0.07141540627085446
      },
      "regularized_completion_metrics": {
        "ev_p0": 0.06124720217155066,
        "nashconv": 0.08496809938598884,
        "gain_p0": 0.013552693115134379,
        "gain_p1": 0.07141540627085446
      },
      "on_policy_ev_change": 0.0,
      "upper_policy_max_difference": 0.0,
      "regularized_completion_policy": [
        [
          [
            0.4694953877034552,
            0.5305046122965448
          ],
          [
            0.9999999999974543,
            2.545749635395514e-12
          ],
          [
            1.874760383827399e-13,
            0.9999999999998126
          ]
        ],
        [
          [
            0.9999999999998126,
            1.874760383827399e-13
          ],
          [
            0.7243996858596802,
            0.2756003141403198
          ],
          [
            1.874760383827399e-13,
            0.9999999999998126
          ]
        ],
        [
          [
            1.0,
            0.0
          ],
          [
            1.0,
            0.0
          ],
          [
            0.0,
            1.0
          ]
        ],
        [
          [
            1.0,
            0.0
          ],
          [
            1.0,
            0.0
          ],
          [
            0.0,
            1.0
          ]
        ],
        [
          [
            1.0,
            0.0
          ],
          [
            1.0,
            0.0
          ],
          [
            0.0,
            1.0
          ]
        ],
        [
          [
            1.0,
            0.0
          ],
          [
            1.0,
            0.0
          ],
          [
            0.0,
            1.0
          ]
        ]
      ]
    }
  ],
  "production_enabled": false
}
