reference 1 / 100 threebet-call-JdJcTc elapsed 16
reference 2 / 100 threebet-call-Kc7d7c elapsed 34
reference 3 / 100 threebet-call-5d5c4c elapsed 47
reference 4 / 100 threebet-call-Tc3d3c elapsed 61
reference 5 / 100 threebet-call-6d6c5c elapsed 74
reference 6 / 100 threebet-call-TdTc3c elapsed 90
reference 7 / 100 threebet-call-Kc5d5c elapsed 106
reference 8 / 100 threebet-call-6c2d2c elapsed 119
reference 9 / 100 threebet-call-Ac3d3c elapsed 132
reference 10 / 100 threebet-call-7c4d4c elapsed 145
reference 11 / 100 threebet-call-JdJc4h elapsed 162
reference 12 / 100 threebet-call-QdQc2h elapsed 180
reference 13 / 100 threebet-call-AcKhKd elapsed 210
reference 14 / 100 threebet-call-5c3h3d elapsed 225
reference 15 / 100 threebet-call-Jc6h6d elapsed 243
reference 16 / 100 threebet-call-Qc6h6d elapsed 262
reference 17 / 100 threebet-call-Tc4h4d elapsed 279
reference 18 / 100 threebet-call-TdTc4h elapsed 296
reference 19 / 100 threebet-call-JdJc2h elapsed 314
reference 20 / 100 threebet-call-5d5c4h elapsed 329
reference 21 / 100 threebet-call-KcTc5c elapsed 343
reference 22 / 100 threebet-call-Kc6c3c elapsed 355
reference 23 / 100 threebet-call-Kc8c4c elapsed 369
reference 24 / 100 threebet-call-Ac6c3c elapsed 382
reference 25 / 100 threebet-call-7c6c5c elapsed 395
reference 26 / 100 threebet-call-AcKc3c elapsed 408
reference 27 / 100 threebet-call-KcQc4c elapsed 420
reference 28 / 100 threebet-call-Tc7c3c elapsed 434
reference 29 / 100 threebet-call-Qc7c3c elapsed 448
reference 30 / 100 threebet-call-9c6c4c elapsed 461
reference 31 / 100 threebet-call-8c4c2d elapsed 476
reference 32 / 100 threebet-call-QcJc8d elapsed 491
reference 33 / 100 threebet-call-Qc6d5d elapsed 506
reference 34 / 100 threebet-call-KcJd9d elapsed 520
reference 35 / 100 threebet-call-9c5d4c elapsed 535
reference 36 / 100 threebet-call-Qc9d2d elapsed 551
reference 37 / 100 threebet-call-5c3d2c elapsed 564
reference 38 / 100 threebet-call-Ac9c4d elapsed 577
reference 39 / 100 threebet-call-Qc6d2d elapsed 593
reference 40 / 100 threebet-call-AcJdTc elapsed 607
reference 41 / 100 threebet-call-AcJd5h elapsed 622
reference 42 / 100 threebet-call-KcQd6h elapsed 640
reference 43 / 100 threebet-call-AcQd8h elapsed 656
reference 44 / 100 threebet-call-Ac9d5h elapsed 671
reference 45 / 100 threebet-call-Tc9d8h elapsed 690
reference 46 / 100 threebet-call-9c3d2h elapsed 707
reference 47 / 100 threebet-call-Qc4d3h elapsed 724
reference 48 / 100 threebet-call-KcJd3h elapsed 744
reference 49 / 100 threebet-call-Kc3d2h elapsed 764
reference 50 / 100 threebet-call-Qc7d5h elapsed 781
reference 51 / 100 fourbet-call-JdJcTc elapsed 787
reference 52 / 100 fourbet-call-Kc7d7c elapsed 792
reference 53 / 100 fourbet-call-5d5c4c elapsed 797
reference 54 / 100 fourbet-call-Tc3d3c elapsed 803
reference 55 / 100 fourbet-call-6d6c5c elapsed 808
reference 56 / 100 fourbet-call-TdTc3c elapsed 814
reference 57 / 100 fourbet-call-Kc5d5c elapsed 819
reference 58 / 100 fourbet-call-6c2d2c elapsed 824
reference 59 / 100 fourbet-call-Ac3d3c elapsed 830
reference 60 / 100 fourbet-call-7c4d4c elapsed 835
reference 61 / 100 fourbet-call-JdJc4h elapsed 841
reference 62 / 100 fourbet-call-QdQc2h elapsed 846
reference 63 / 100 fourbet-call-AcKhKd elapsed 852
reference 64 / 100 fourbet-call-5c3h3d elapsed 857
reference 65 / 100 fourbet-call-Jc6h6d elapsed 863
reference 66 / 100 fourbet-call-Qc6h6d elapsed 868
reference 67 / 100 fourbet-call-Tc4h4d elapsed 874
reference 68 / 100 fourbet-call-TdTc4h elapsed 879
reference 69 / 100 fourbet-call-JdJc2h elapsed 885
reference 70 / 100 fourbet-call-5d5c4h elapsed 890
reference 71 / 100 fourbet-call-KcTc5c elapsed 896
reference 72 / 100 fourbet-call-Kc6c3c elapsed 901
reference 73 / 100 fourbet-call-Kc8c4c elapsed 906
reference 74 / 100 fourbet-call-Ac6c3c elapsed 912
reference 75 / 100 fourbet-call-7c6c5c elapsed 917
reference 76 / 100 fourbet-call-AcKc3c elapsed 923
reference 77 / 100 fourbet-call-KcQc4c elapsed 928
reference 78 / 100 fourbet-call-Tc7c3c elapsed 934
reference 79 / 100 fourbet-call-Qc7c3c elapsed 939
reference 80 / 100 fourbet-call-9c6c4c elapsed 945
reference 81 / 100 fourbet-call-8c4c2d elapsed 950
reference 82 / 100 fourbet-call-QcJc8d elapsed 956
reference 83 / 100 fourbet-call-Qc6d5d elapsed 961
reference 84 / 100 fourbet-call-KcJd9d elapsed 966
reference 85 / 100 fourbet-call-9c5d4c elapsed 972
reference 86 / 100 fourbet-call-Qc9d2d elapsed 977
reference 87 / 100 fourbet-call-5c3d2c elapsed 983
reference 88 / 100 fourbet-call-Ac9c4d elapsed 988
reference 89 / 100 fourbet-call-Qc6d2d elapsed 994
reference 90 / 100 fourbet-call-AcJdTc elapsed 999
reference 91 / 100 fourbet-call-AcJd5h elapsed 1005
reference 92 / 100 fourbet-call-KcQd6h elapsed 1011
reference 93 / 100 fourbet-call-AcQd8h elapsed 1016
reference 94 / 100 fourbet-call-Ac9d5h elapsed 1022
reference 95 / 100 fourbet-call-Tc9d8h elapsed 1028
reference 96 / 100 fourbet-call-9c3d2h elapsed 1033
reference 97 / 100 fourbet-call-Qc4d3h elapsed 1038
reference 98 / 100 fourbet-call-KcJd3h elapsed 1044
reference 99 / 100 fourbet-call-Kc3d2h elapsed 1049
reference 100 / 100 fourbet-call-Qc7d5h elapsed 1055
