   Compiling solver v0.1.0 (T:\Dev\GTOpen\target\autoresearch\workspace\crates\solver)
    Finished `release` profile [optimized] target(s) in 9.11s
     Running tests\postflop_perf.rs (target\release\deps\postflop_perf-7abb3f6ddb825dff.exe)

running 1 test
test postflop_timings ... gpu: 1346813 nodes, 14 levels, staging+arenas 7551.1 MB
CONVERGENCE board=Ks7h2d iteration=20 pct=18.087161786
CONVERGENCE board=Ks7h2d iteration=40 pct=6.622536159
CONVERGENCE board=Ks7h2d iteration=60 pct=3.435208818
CONVERGENCE board=Ks7h2d iteration=80 pct=1.924050785
CONVERGENCE board=Ks7h2d iteration=100 pct=1.201778241
CONVERGENCE board=Ks7h2d iteration=120 pct=0.814250226
CONVERGENCE board=Ks7h2d iteration=140 pct=0.582390366
CONVERGENCE board=Ks7h2d iteration=160 pct=0.433684353
CONVERGENCE board=Ks7h2d iteration=180 pct=0.335706843
CONVERGENCE board=Ks7h2d iteration=200 pct=0.268540011
POSTFLOP_TARGET board=Ks7h2d iteration=200 seconds=12.244 pct=0.268540011
gpu: 1346813 nodes, 14 levels, staging+arenas 7576.8 MB
CONVERGENCE board=Ks7s2d iteration=20 pct=15.642160812
CONVERGENCE board=Ks7s2d iteration=40 pct=5.414972694
CONVERGENCE board=Ks7s2d iteration=60 pct=2.554864063
CONVERGENCE board=Ks7s2d iteration=80 pct=1.504855681
CONVERGENCE board=Ks7s2d iteration=100 pct=0.986211907
CONVERGENCE board=Ks7s2d iteration=120 pct=0.684097357
CONVERGENCE board=Ks7s2d iteration=140 pct=0.505094221
CONVERGENCE board=Ks7s2d iteration=160 pct=0.388260328
CONVERGENCE board=Ks7s2d iteration=180 pct=0.305706113
CONVERGENCE board=Ks7s2d iteration=200 pct=0.243424362
POSTFLOP_TARGET board=Ks7s2d iteration=200 seconds=7.346 pct=0.243424362
gpu: 33 nodes, 8 levels, staging+arenas 0.2 MB
CONVERGENCE board=Ks7h2dQhTc iteration=20 pct=2.680129204
CONVERGENCE board=Ks7h2dQhTc iteration=40 pct=0.645939660
CONVERGENCE board=Ks7h2dQhTc iteration=60 pct=0.269896317
POSTFLOP_TARGET board=Ks7h2dQhTc iteration=60 seconds=0.023 pct=0.269896317
ok

test result: ok. 1 passed; 0 failed; 0 ignored; 0 measured; 0 filtered out; finished in 22.31s

