   Compiling solver v0.1.0 (T:\Dev\GTOpen\target\autoresearch\workspace\crates\solver)
    Finished `release` profile [optimized] target(s) in 34.00s
     Running tests\capacity_perf.rs (target\release\deps\capacity_perf-db2456cc418898b1.exe)

running 1 test
test preflop_capacity ... preflop gpu: 166090 nodes, 22 levels, 88496 terminals (0 calibrated), 0 forced + 0 frozen nodes, ~644 MB VRAM
METRIC_JSON {"metrics":{"preflop.6.allocated_vram_mb":603.979776,"preflop.6.build_ms":77.01719999999999,"preflop.6.cpu_arena_mb":224.552328,"preflop.6.estimated_vram_mb":643.987632,"preflop.6.init_ms":595.4649},"nodes":166090,"note":"Allocated VRAM is device free-memory delta; estimate is the engine preflight formula.","seats":6}
preflop gpu: 434350 nodes, 23 levels, 223416 terminals (45051 calibrated), 0 forced + 0 frozen nodes, ~1591 MB VRAM
METRIC_JSON {"metrics":{"preflop.8.allocated_vram_mb":1543.503872,"preflop.8.build_ms":231.4608,"preflop.8.cpu_arena_mb":587.239848,"preflop.8.estimated_vram_mb":1591.177304,"preflop.8.init_ms":268.5756},"nodes":434350,"note":"Allocated VRAM is device free-memory delta; estimate is the engine preflight formula.","seats":8}
ok

test result: ok. 1 passed; 0 failed; 0 ignored; 0 measured; 0 filtered out; finished in 1.56s

     Running tests\preflop_perf.rs (target\release\deps\preflop_perf-287016022e340143.exe)

running 1 test
test preflop_timings_and_fingerprints ... preflop gpu: 40 nodes, 6 levels, 26 terminals (13 calibrated), 0 forced + 0 frozen nodes, ~64 MB VRAM
PERF seats=2 nodes=40 iteration_ms=0.098 check_ms=0.394 sync_ms=0.035 arena_hash=6d4781fae03e3474 gaps=[0.05088935968248226, 0.013161917444424076] evs=[-0.15795953824550446, -0.4142353804778675]
preflop gpu: 166090 nodes, 22 levels, 88496 terminals (0 calibrated), 0 forced + 0 frozen nodes, ~644 MB VRAM
PERF seats=6 nodes=166090 iteration_ms=24.037 check_ms=32.787 sync_ms=27.716 arena_hash=b70284af63586e3f gaps=[0.10415872559930028, 0.03471900474586882, 0.05645132130650671, 0.04355598961220011, 0.02566278444731196, 0.025583227687036025] evs=[0.08985395657613165, 0.11143259696531381, 0.13262513589238922, 0.15984876666632344, -0.3195691149045554, -0.4656351703726333]
preflop gpu: 434350 nodes, 23 levels, 223416 terminals (45051 calibrated), 0 forced + 0 frozen nodes, ~1591 MB VRAM
PERF seats=8 nodes=434350 iteration_ms=106.379 check_ms=133.402 sync_ms=73.445 arena_hash=e01dd7a18632644d gaps=[0.022654395639749164, 0.010278385995560232, 0.008437781286659882, 0.011345792287176693, 0.011192070283014638, 0.012086956929344556, 0.01380422891560007, 0.011174031925715422] evs=[0.04857087063871364, 0.05480589083850633, 0.06796224413352651, 0.07993621403632675, 0.0996648260883227, 0.13493690699672048, -0.39486055394849295, -0.5856126067014387]
ok

test result: ok. 1 passed; 0 failed; 0 ignored; 0 measured; 0 filtered out; finished in 11.23s

