   Compiling solver v0.1.0 (T:\Dev\GTOpen\target\autoresearch\workspace\crates\solver)
    Finished `release` profile [optimized] target(s) in 26.31s
     Running unittests src\lib.rs (target\release\deps\solver-b2f3f0f2bf1a1295.exe)

running 23 tests
test cards::tests::card_roundtrip ... ok
test cards::tests::combo_index_roundtrip ... ok
test cards::tests::flops_subset_full_mode_keeps_iso_weights ... ok
test cards::tests::flops_subset_multiplicity_tracks_true_share ... ok
test cards::tests::flops_subset_no_duplicates_and_weights_sum_to_n ... ok
test cards::tests::flops_subset_weight_is_one_at_ui_presets ... ok
test cards::tests::parse_board ... ok
test evaluator::tests::full_house_better_pair ... ok
test evaluator::tests::known_hands ... ok
test evaluator::tests::matches_reference_random ... ok
test evaluator::tests::straight_top_works ... ok
test preflop::equity::tests::batched_equities_match_scalar_bits ... ok
test query::tests::rake_assigns_target_to_unrakeable_hands ... ok
test range::tests::combo_counts ... ok
test range::tests::overwrite_later_tokens ... ok
test range::tests::rejects_garbage ... ok
test range::tests::roundtrip_compact ... ok
test range::tests::weight_above_one_is_percent ... ok
test range::tests::weights ... ok
test report::tests::classifier_matches_the_js_rules ... ok
test store::tests::i16_roundtrip_accuracy ... ok
test store::tests::u16_roundtrip_accuracy ... ok
test store::tests::zero_and_nonfinite_blocks ... ok

test result: ok. 23 passed; 0 failed; 0 ignored; 0 measured; 0 filtered out; finished in 0.20s

     Running tests\report_lines.rs (target\release\deps\report_lines-44d9902fe89dbffa.exe)

running 2 tests
test pooled_turn_matches_per_card_views ... ok
test root_matches_node_view ... ok

test result: ok. 2 passed; 0 failed; 0 ignored; 0 measured; 0 filtered out; finished in 3.82s

     Running tests\research_perf.rs (target\release\deps\research_perf-ac688652472c11f8.exe)

running 2 tests
test cpu_preflop ... METRIC_JSON {"arena_hash":"3f021c64d7c7a141","evs":[0.11723085944569259,0.11294138971777481,0.06514406696957305,0.07628515082630205,-0.39683870489050355,-0.46397515173140375],"gaps":[0.941004372452971,0.10522786080636143,0.20258109159216667,0.2029610176426232,0.15556088815149854,0.11106866681620509],"iteration":18,"metrics":{"cpu.preflop.arena_mb":224.552328,"cpu.preflop.check_ms":339.3351,"cpu.preflop.iteration_ms":78.79948},"nodes":166090}
ok
test lifecycle ... METRIC_JSON {"exploitability":0.36963080697589445,"iteration":18,"metrics":{"cpu.postflop.arena_mb":104.204192,"cpu.postflop.iteration_ms":33.886919999999996,"lifecycle.build_ms":7.7875000000000005,"lifecycle.compressed_load_ms":103.52749999999999,"lifecycle.load_ms":48.7379,"lifecycle.profile_ms":592.6199,"lifecycle.report_lines_ms":88.95870000000001,"lifecycle.save_mb":104.204944,"lifecycle.save_ms":221.0937},"nodes":208516,"profile_hash":"b0d3ea8a1b19e943","report_hash":"a757b21c1a6973a3","save_hash":"b92fb5d3a217da94"}
ok

test result: ok. 2 passed; 0 failed; 0 ignored; 0 measured; 0 filtered out; finished in 7.31s

