   Compiling solver v0.1.0 (T:\Dev\GTOpen\target\autoresearch\workspace\crates\solver)
error[E0599]: no method named `clone_htod` found for reference `&CudaStream` in the current scope
  --> crates\solver\src\gpu\arena.rs:72:41
   |
72 |                 Store::F32(b) => stream.clone_htod(b.as_slice()).map_err(e),
   |                                         ^^^^^^^^^^
   |
help: there is a method `clone` with a similar name, but with different arguments
  --> /rustc/48a229ceaefd4985c50990b14116b6d856af0985/library\core\src\clone.rs:236:4

error[E0599]: no method named `clone_htod` found for reference `&CudaStream` in the current scope
  --> crates\solver\src\gpu\arena.rs:73:29
   |
73 |                 _ => stream.clone_htod(&solver.arena_to_f32(store, p)).map_err(e),
   |                             ^^^^^^^^^^
   |
help: there is a method `clone` with a similar name, but with different arguments
  --> /rustc/48a229ceaefd4985c50990b14116b6d856af0985/library\core\src\clone.rs:236:4

error[E0599]: no method named `clone_htod` found for reference `&CudaStream` in the current scope
  --> crates\solver\src\gpu\arena.rs:95:16
   |
95 |         stream.clone_htod(&packed).map_err(e)
   |                ^^^^^^^^^^
   |
help: there is a method `clone` with a similar name, but with different arguments
  --> /rustc/48a229ceaefd4985c50990b14116b6d856af0985/library\core\src\clone.rs:236:4

For more information about this error, try `rustc --explain E0599`.
error: could not compile `solver` (lib) due to 3 previous errors
warning: build failed, waiting for other jobs to finish...
error: could not compile `solver` (lib test) due to 3 previous errors
