   Compiling solver v0.1.0 (T:\Dev\GTOpen\target\autoresearch\workspace\crates\solver)
    Finished `release` profile [optimized] target(s) in 13.51s
     Running tests\postflop_perf.rs (target\release\deps\postflop_perf-7abb3f6ddb825dff.exe)

running 1 test
test postflop_timings ... gpu: 1346813 nodes, 14 levels, staging+arenas 6109.8 MB
CONVERGENCE board=Ks7h2d iteration=20 pct=18.070676156
CONVERGENCE board=Ks7h2d iteration=40 pct=6.459966485
CONVERGENCE board=Ks7h2d iteration=60 pct=3.298712205
CONVERGENCE board=Ks7h2d iteration=80 pct=1.900018873
CONVERGENCE board=Ks7h2d iteration=100 pct=1.198354575
CONVERGENCE board=Ks7h2d iteration=120 pct=0.807617993
CONVERGENCE board=Ks7h2d iteration=140 pct=0.591266208
CONVERGENCE board=Ks7h2d iteration=160 pct=0.449207154
CONVERGENCE board=Ks7h2d iteration=180 pct=0.347203537
CONVERGENCE board=Ks7h2d iteration=200 pct=0.275829435
POSTFLOP_TARGET board=Ks7h2d iteration=200 seconds=10.994 pct=0.275829435
gpu: 1346813 nodes, 14 levels, staging+arenas 4802.7 MB
CONVERGENCE board=Ks7s2d iteration=20 pct=15.638884519
CONVERGENCE board=Ks7s2d iteration=40 pct=5.408511528
CONVERGENCE board=Ks7s2d iteration=60 pct=2.573326719
CONVERGENCE board=Ks7s2d iteration=80 pct=1.504950308
CONVERGENCE board=Ks7s2d iteration=100 pct=0.985294278
CONVERGENCE board=Ks7s2d iteration=120 pct=0.707758840
CONVERGENCE board=Ks7s2d iteration=140 pct=0.527604051
CONVERGENCE board=Ks7s2d iteration=160 pct=0.404494802
CONVERGENCE board=Ks7s2d iteration=180 pct=0.316889488
CONVERGENCE board=Ks7s2d iteration=200 pct=0.251358787
POSTFLOP_TARGET board=Ks7s2d iteration=200 seconds=6.557 pct=0.251358787
gpu: 33 nodes, 8 levels, staging+arenas 0.1 MB
CONVERGENCE board=Ks7h2dQhTc iteration=20 pct=2.680130428
CONVERGENCE board=Ks7h2dQhTc iteration=40 pct=0.645940234
CONVERGENCE board=Ks7h2dQhTc iteration=60 pct=0.269896845
POSTFLOP_TARGET board=Ks7h2dQhTc iteration=60 seconds=0.020 pct=0.269896845
ok

test result: ok. 1 passed; 0 failed; 0 ignored; 0 measured; 0 filtered out; finished in 20.17s

