   Compiling solver v0.1.0 (T:\Dev\GTOpen\crates\solver)
    Finished `release` profile [optimized] target(s) in 41.87s
     Running unittests src\lib.rs (target\release\deps\solver-b2f3f0f2bf1a1295.exe)

running 23 tests
test cards::tests::card_roundtrip ... ok
test range::tests::combo_counts ... ok
test cards::tests::parse_board ... ok
test range::tests::rejects_garbage ... ok
test store::tests::i16_roundtrip_accuracy ... ok
test cards::tests::combo_index_roundtrip ... ok
test evaluator::tests::full_house_better_pair ... ok
test evaluator::tests::straight_top_works ... ok
test range::tests::overwrite_later_tokens ... ok
test range::tests::roundtrip_compact ... ok
test range::tests::weight_above_one_is_percent ... ok
test range::tests::weights ... ok
test preflop::equity::tests::batched_equities_match_scalar_bits ... ok
test report::tests::classifier_matches_the_js_rules ... ok
test evaluator::tests::known_hands ... ok
test store::tests::zero_and_nonfinite_blocks ... ok
test store::tests::u16_roundtrip_accuracy ... ok
test query::tests::rake_assigns_target_to_unrakeable_hands ... ok
test cards::tests::flops_subset_weight_is_one_at_ui_presets ... ok
test cards::tests::flops_subset_full_mode_keeps_iso_weights ... ok
test cards::tests::flops_subset_multiplicity_tracks_true_share ... ok
test cards::tests::flops_subset_no_duplicates_and_weights_sum_to_n ... ok
test evaluator::tests::matches_reference_random ... ok

test result: ok. 23 passed; 0 failed; 0 ignored; 0 measured; 0 filtered out; finished in 0.12s

     Running unittests src\bin\solve_cli.rs (target\release\deps\solve_cli-3581bf06b17d443f.exe)

running 0 tests

test result: ok. 0 passed; 0 failed; 0 ignored; 0 measured; 0 filtered out; finished in 0.00s

     Running tests\build_validation.rs (target\release\deps\build_validation-ad6c6af8955ccbb2.exe)

running 22 tests
test infinite_raise_size_is_a_build_error_not_a_panic ... ok
test parse_sizes_still_accepts_ordinary_lists ... ok
test lenient_build_still_enforces_node_budget ... ok
test mutually_impossible_ranges_are_rejected ... ok
test negative_rake_cap_is_rejected ... ok
test negative_rake_pct_is_rejected ... ok
test parse_sizes_rejects_non_finite_percents ... ok
test parse_sizes_rejects_non_finite_multiples ... ok
test raise_multiple_in_bet_list_is_a_build_error ... ok
test non_finite_pot_and_stack_are_rejected ... ok
test nan_bet_size_is_a_build_error_not_a_panic ... ok
test raise_multiple_in_donk_list_is_a_build_error ... ok
test raise_multiple_below_root_street_is_ignored ... ok
test overlapping_but_compatible_ranges_still_build ... ok
test raise_multiple_in_ip_donk_list_is_ignored ... ok
test raise_multiples_in_raise_lists_still_build ... ok
test valid_rake_still_builds ... ok
test max_nodes_budget_aborts_oversized_build ... ok
test max_nodes_budget_admits_trees_within_it ... ok
test lenient_build_matches_legacy_allin_only_donks ... ok
test overflowing_lock_frequencies_are_rejected ... ok
test lenient_build_matches_legacy_dropped_size_layout ... ok

test result: ok. 22 passed; 0 failed; 0 ignored; 0 measured; 0 filtered out; finished in 0.18s

     Running tests\capacity_perf.rs (target\release\deps\capacity_perf-3e5b076c35aedc73.exe)

running 0 tests

test result: ok. 0 passed; 0 failed; 0 ignored; 0 measured; 0 filtered out; finished in 0.00s

     Running tests\convergence.rs (target\release\deps\convergence-10b45002c583ada2.exe)

running 19 tests
test exploit_view_vs_locked_station ... ok
test clairvoyance_game_converges_to_theory ... ok
test locked_always_call_kills_bluffs ... ok
test save_load_roundtrip ... ok
test equity_matches_brute_force ... ok
test check_through_street_clears_the_initiative ... ok
test range_average_ev_sums_to_pot ... ok
test asymmetric_hands_lock_is_refused_under_isomorphism ... ok
test save_load_roundtrip_compressed ... ok
test save_load_preserves_locks ... ok
test small_flop_spot_converges ... ok
test runouts_labels_allin_bets ... ok
test three_card_steps_are_an_error_not_a_panic ... ok
test compressed_matches_f32_within_tenth_pct_pot ... ok
test lock_after_solve_visible_on_isomorphic_branch ... ok
test hands_lock_respects_suit_isomorphism ... ok
test pcfr_plus_converges ... ok
test suit_isomorphism_equivalence ... ok
test lock_modes_clean_and_idempotent ... ok

test result: ok. 19 passed; 0 failed; 0 ignored; 0 measured; 0 filtered out; finished in 16.10s

     Running tests\cuda_resources.rs (target\release\deps\cuda_resources-1ffb23a623056215.exe)

running 0 tests

test result: ok. 0 passed; 0 failed; 0 ignored; 0 measured; 0 filtered out; finished in 0.00s

     Running tests\gpu.rs (target\release\deps\gpu-5ceb160fa560b955.exe)

running 0 tests

test result: ok. 0 passed; 0 failed; 0 ignored; 0 measured; 0 filtered out; finished in 0.00s

     Running tests\gpu_bench.rs (target\release\deps\gpu_bench-289389ee0832707b.exe)

running 0 tests

test result: ok. 0 passed; 0 failed; 0 ignored; 0 measured; 0 filtered out; finished in 0.00s

     Running tests\gpu_check_perf.rs (target\release\deps\gpu_check_perf-cbf9e46dd4666bc4.exe)

running 0 tests

test result: ok. 0 passed; 0 failed; 0 ignored; 0 measured; 0 filtered out; finished in 0.00s

     Running tests\load_perf.rs (target\release\deps\load_perf-b0a65e03adb61606.exe)

running 1 test
test warm_f32_load ... ignored, manual load-only control; run lifecycle fixture preparation first

test result: ok. 0 passed; 0 failed; 1 ignored; 0 measured; 0 filtered out; finished in 0.00s

     Running tests\postflop_action_menus.rs (target\release\deps\postflop_action_menus-52633f466e43d94a.exe)

running 0 tests

test result: ok. 0 passed; 0 failed; 0 ignored; 0 measured; 0 filtered out; finished in 0.00s

     Running tests\postflop_capacity_perf.rs (target\release\deps\postflop_capacity_perf-163573ac83f73eae.exe)

running 0 tests

test result: ok. 0 passed; 0 failed; 0 ignored; 0 measured; 0 filtered out; finished in 0.00s

     Running tests\postflop_full_memory_perf.rs (target\release\deps\postflop_full_memory_perf-52ded2462daba95c.exe)

running 0 tests

test result: ok. 0 passed; 0 failed; 0 ignored; 0 measured; 0 filtered out; finished in 0.00s

     Running tests\postflop_memory_perf.rs (target\release\deps\postflop_memory_perf-8c2fc87a807c1baa.exe)

running 0 tests

test result: ok. 0 passed; 0 failed; 0 ignored; 0 measured; 0 filtered out; finished in 0.00s

     Running tests\postflop_perf.rs (target\release\deps\postflop_perf-7a864be6498517f8.exe)

running 0 tests

test result: ok. 0 passed; 0 failed; 0 ignored; 0 measured; 0 filtered out; finished in 0.00s

     Running tests\postflop_profile.rs (target\release\deps\postflop_profile-7eaa91050829c783.exe)

running 1 test
test profile_locks_hit_targets_and_expose_the_fish ... ok

test result: ok. 1 passed; 0 failed; 0 ignored; 0 measured; 0 filtered out; finished in 13.29s

     Running tests\postflop_resume_state.rs (target\release\deps\postflop_resume_state-d0bf32d5f7a9713b.exe)

running 0 tests

test result: ok. 0 passed; 0 failed; 0 ignored; 0 measured; 0 filtered out; finished in 0.00s

     Running tests\postflop_state_perf.rs (target\release\deps\postflop_state_perf-06419cda79d1c63e.exe)

running 0 tests

test result: ok. 0 passed; 0 failed; 0 ignored; 0 measured; 0 filtered out; finished in 0.00s

     Running tests\preflop.rs (target\release\deps\preflop-b35639f84c97946e.exe)

running 47 tests
test malformed_fit_clip_is_err_not_panic ... ok
test impossible_economics_are_rejected ... ok
test all_dropped_opens_are_rejected ... ok
test lock_point_before_solve_is_rejected ... ok
test boundary_and_study_configs_still_build ... ok
test fold_win_rakes_the_matched_pot_only ... ok
test buckets_are_tagged_correctly ... ok
test hud_stats_validation_names_the_field ... ok
test call_only_seat_never_raises ... ok
test per_seat_size_menus ... ok
test hu_postflop_position_bb_is_oop ... ok
test set_table_validates_and_applies_hand_built_bands ... ok
test estimate_matches_build ... ok
test load_rejects_bad_hero_state ... ok
test load_rejects_malformed_point_locks ... ok
test point_lock_roundtrip ... ok
test first_in_stats_drive_the_entry_buckets ... ok
test game_save_load_roundtrip ... ok
test failed_save_leaves_previous_game_intact ... ok
test opening_order_follows_the_reference_solve_at_low_naivete ... ok
test cold_vs_3bet_is_gated_by_the_3betting_hands ... ok
test fully_ruled_frozen_seat_allowed_as_hero ... ok
test live_seats_exclude_frozen_and_ruled ... ok
test hero_on_ruled_seat_learns_free_exploit ... ok
test hero_backup_survives_save_load ... ok
test frozen_seat_refused_as_hero ... ok
test unchanged_table_in_hero_mode_is_a_no_op ... ok
test limper_defends_at_its_after_limping_rate ... ok
test ruled_seat_frozen_as_solved_keeps_its_play ... ok
test hero_off_restores_explicit_frozen_seats ... ok
test raiser_facing_3bet_continues_a_share_of_its_opens ... ok
test frozen_seat_stops_adapting ... ok
test rake_drains_total_ev ... ok
test profile_opens_wider_on_the_button_than_utg ... ok
test generated_profiles_match_stats ... ok
test unreached_bucket_falls_back_to_card_appeal ... ok
test banded_vs_raise_tightens_vs_big_opens ... ok
test whale_bleeds_and_gets_exploited ... ok
test hero_exit_and_switch_restore_the_solved_strategy ... ok
test omc_raises_get_respect ... ok
test rake_cap_zero_is_uncapped ... ok
test bb_generated_profile_has_sane_defense ... ok
test never_threebettor_gets_attacked_wider ... ok
test frozen_average_survives_hero_cycles ... ok
test calibrated_realization_works ... ok
test hu_push_fold_matches_oracle ... ok
test six_max_limp_tree_sanity ... ok

test result: ok. 47 passed; 0 failed; 0 ignored; 0 measured; 0 filtered out; finished in 9.84s

     Running tests\preflop_bench.rs (target\release\deps\preflop_bench-4dbc66def574507d.exe)

running 1 test
test bench_pruning_six_max ... ignored

test result: ok. 0 passed; 0 failed; 1 ignored; 0 measured; 0 filtered out; finished in 0.00s

     Running tests\preflop_budget.rs (target\release\deps\preflop_budget-1f872e587aceefba.exe)

running 0 tests

test result: ok. 0 passed; 0 failed; 0 ignored; 0 measured; 0 filtered out; finished in 0.00s

     Running tests\preflop_generic_perf.rs (target\release\deps\preflop_generic_perf-d07f92855d360c3f.exe)

running 0 tests

test result: ok. 0 passed; 0 failed; 0 ignored; 0 measured; 0 filtered out; finished in 0.00s

     Running tests\preflop_gpu.rs (target\release\deps\preflop_gpu-ec74bbe7de80bbcf.exe)

running 0 tests

test result: ok. 0 passed; 0 failed; 0 ignored; 0 measured; 0 filtered out; finished in 0.00s

     Running tests\preflop_perf.rs (target\release\deps\preflop_perf-912720d68a23e980.exe)

running 0 tests

test result: ok. 0 passed; 0 failed; 0 ignored; 0 measured; 0 filtered out; finished in 0.00s

     Running tests\preflop_target_perf.rs (target\release\deps\preflop_target_perf-f20be295ba7e1bdc.exe)

running 0 tests

test result: ok. 0 passed; 0 failed; 0 ignored; 0 measured; 0 filtered out; finished in 0.00s

     Running tests\preflop_variants.rs (target\release\deps\preflop_variants-c66274e6429639d4.exe)

running 0 tests

test result: ok. 0 passed; 0 failed; 0 ignored; 0 measured; 0 filtered out; finished in 0.00s

     Running tests\realization.rs (target\release\deps\realization-55c6027b11e6697a.exe)

running 2 tests
test canonical_flops_are_1755 ... ok
test realization_observations_are_sane ... ok

test result: ok. 2 passed; 0 failed; 0 ignored; 0 measured; 0 filtered out; finished in 38.56s

     Running tests\report_lines.rs (target\release\deps\report_lines-44d9902fe89dbffa.exe)

running 2 tests
test pooled_turn_matches_per_card_views ... ok
test root_matches_node_view ... ok

test result: ok. 2 passed; 0 failed; 0 ignored; 0 measured; 0 filtered out; finished in 2.61s

     Running tests\research_perf.rs (target\release\deps\research_perf-ac688652472c11f8.exe)

running 2 tests
test cpu_preflop ... ignored, manual CPU timing and deterministic state fingerprint
test lifecycle ... ignored, manual CPU, reports, profiles, build and save/load timings

test result: ok. 0 passed; 0 failed; 2 ignored; 0 measured; 0 filtered out; finished in 0.00s

     Running tests\save_atomic.rs (target\release\deps\save_atomic-da70cc4e198019e4.exe)

running 1 test
test failed_save_leaves_previous_save_intact ... ok

test result: ok. 1 passed; 0 failed; 0 ignored; 0 measured; 0 filtered out; finished in 0.01s

     Running tests\save_compat.rs (target\release\deps\save_compat-fbdcf74b04d6f6f1.exe)

running 1 test
test pre_fix_save_with_raise_multiple_in_bet_list_still_loads ... ok

test result: ok. 1 passed; 0 failed; 0 ignored; 0 measured; 0 filtered out; finished in 0.22s

     Running tests\save_locks.rs (target\release\deps\save_locks-7a228173a4bb60e3.exe)

running 6 tests
test validate_locks_rejects_non_finite ... ok
test lock_survives_save_load_roundtrip ... ok
test load_rejects_out_of_range_lock_index ... ok
test load_rejects_negative_lock_value ... ok
test load_rejects_wrong_sigma_length ... ok
test load_rejects_non_action_node_lock ... ok

test result: ok. 6 passed; 0 failed; 0 ignored; 0 measured; 0 filtered out; finished in 0.02s

   Doc-tests solver

running 0 tests

test result: ok. 0 passed; 0 failed; 0 ignored; 0 measured; 0 filtered out; finished in 0.00s

