reference 1 / 50 JdJcTc elapsed 37
reference 2 / 50 Kc7d7c elapsed 77
reference 3 / 50 5d5c4c elapsed 114
reference 4 / 50 Tc3d3c elapsed 157
reference 5 / 50 6d6c5c elapsed 194
reference 6 / 50 TdTc3c elapsed 233
reference 7 / 50 Kc5d5c elapsed 270
reference 8 / 50 6c2d2c elapsed 308
reference 9 / 50 Ac3d3c elapsed 343
reference 10 / 50 7c4d4c elapsed 380
reference 11 / 50 JdJc4h elapsed 439
reference 12 / 50 QdQc2h elapsed 495
reference 13 / 50 AcKhKd elapsed 547
reference 14 / 50 5c3h3d elapsed 599
reference 15 / 50 Jc6h6d elapsed 659
reference 16 / 50 Qc6h6d elapsed 716
reference 17 / 50 Tc4h4d elapsed 773
reference 18 / 50 TdTc4h elapsed 839
reference 19 / 50 JdJc2h elapsed 896
reference 20 / 50 5d5c4h elapsed 948
reference 21 / 50 KcTc5c elapsed 972
reference 22 / 50 Kc6c3c elapsed 997
reference 23 / 50 Kc8c4c elapsed 1023
reference 24 / 50 Ac6c3c elapsed 1048
reference 25 / 50 7c6c5c elapsed 1077
reference 26 / 50 AcKc3c elapsed 1104
reference 27 / 50 KcQc4c elapsed 1129
reference 28 / 50 Tc7c3c elapsed 1162
reference 29 / 50 Qc7c3c elapsed 1189
reference 30 / 50 9c6c4c elapsed 1215
reference 31 / 50 8c4c2d elapsed 1254
reference 32 / 50 QcJc8d elapsed 1292
reference 33 / 50 Qc6d5d elapsed 1329
reference 34 / 50 KcJd9d elapsed 1364
reference 35 / 50 9c5d4c elapsed 1401
reference 36 / 50 Qc9d2d elapsed 1439
reference 37 / 50 5c3d2c elapsed 1477
reference 38 / 50 Ac9c4d elapsed 1512
reference 39 / 50 Qc6d2d elapsed 1546
reference 40 / 50 AcJdTc elapsed 1581
reference 41 / 50 AcJd5h elapsed 1628
reference 42 / 50 KcQd6h elapsed 1676
reference 43 / 50 AcQd8h elapsed 1724
reference 44 / 50 Ac9d5h elapsed 1771
reference 45 / 50 Tc9d8h elapsed 1823
reference 46 / 50 9c3d2h elapsed 1871
reference 47 / 50 Qc4d3h elapsed 1919
reference 48 / 50 KcJd3h elapsed 1971
reference 49 / 50 Kc3d2h elapsed 2019
reference 50 / 50 Qc7d5h elapsed 2068
