planned AdAcJc leaf=2 pot=4.5: canonical=3388090160 retained_device=120535112
planned AdAcJc leaf=5 pot=12.5: canonical=2848728400 retained_device=108302408
planned AdAcJc leaf=8 pot=36.5: canonical=1535938160 retained_device=77507624
planned AdAc3c leaf=2 pot=4.5: canonical=3420261936 retained_device=120881672
planned AdAc3c leaf=5 pot=12.5: canonical=2875778640 retained_device=108648968
planned AdAc3c leaf=8 pot=36.5: canonical=1550522736 retained_device=77854184
planned AcKd9h leaf=2 pot=4.5: canonical=5714172968 retained_device=122367700
planned AcKd9h leaf=5 pot=12.5: canonical=4803636936 retained_device=109869172
planned AcKd9h leaf=8 pot=36.5: canonical=2588353208 retained_device=78453508
planned AcKd5h leaf=2 pot=4.5: canonical=5737799200 retained_device=122519292
planned AcKd5h leaf=5 pot=12.5: canonical=4823498400 retained_device=110020764
planned AcKd5h leaf=8 pot=36.5: canonical=2599055200 retained_device=78605100
planned AcKcQc leaf=2 pot=4.5: canonical=1605173752 retained_device=119243544
planned AcKcQc leaf=5 pot=12.5: canonical=1350099352 retained_device=107227992
planned AcKcQc leaf=8 pot=36.5: canonical=728770504 retained_device=76940520
planned AcQdJh leaf=2 pot=4.5: canonical=5747924728 retained_device=122584260
planned AcQdJh leaf=5 pot=12.5: canonical=4832010456 retained_device=110085732
planned AcQdJh leaf=8 pot=36.5: canonical=2603641768 retained_device=78670068
planned AcQd7h leaf=2 pot=4.5: canonical=5771550960 retained_device=122735852
planned AcQd7h leaf=5 pot=12.5: canonical=4851871920 retained_device=110237324
planned AcQd7h leaf=8 pot=36.5: canonical=2614343760 retained_device=78821660
planned AcQd3h leaf=2 pot=4.5: canonical=5798552368 retained_device=122909100
planned AcQd3h leaf=5 pot=12.5: canonical=4874570736 retained_device=110410572
planned AcQd3h leaf=8 pot=36.5: canonical=2626574608 retained_device=78994908
planned AcQc4d leaf=2 pot=4.5: canonical=3452433712 retained_device=121228232
planned AcQc4d leaf=5 pot=12.5: canonical=2902828880 retained_device=108995528
planned AcQc4d leaf=8 pot=36.5: canonical=1565107312 retained_device=78200744
planned AcJd8c leaf=2 pot=4.5: canonical=3434337088 retained_device=121033292
planned AcJd8c leaf=5 pot=12.5: canonical=2887613120 retained_device=108800588
planned AcJd8c leaf=8 pot=36.5: canonical=1556903488 retained_device=78005804
planned AcJd4c leaf=2 pot=4.5: canonical=3466508864 retained_device=121379852
planned AcJd4c leaf=5 pot=12.5: canonical=2914663360 retained_device=109147148
planned AcJd4c leaf=8 pot=36.5: canonical=1571488064 retained_device=78352364
planned AcJc4d leaf=2 pot=4.5: canonical=3466508864 retained_device=121379852
planned AcJc4d leaf=5 pot=12.5: canonical=2914663360 retained_device=109147148
planned AcJc4d leaf=8 pot=36.5: canonical=1571488064 retained_device=78352364
planned AcTd7d leaf=2 pot=4.5: canonical=3454444448 retained_device=121249892
planned AcTd7d leaf=5 pot=12.5: canonical=2904519520 retained_device=109017188
planned AcTd7d leaf=8 pot=36.5: canonical=1566018848 retained_device=78222404
planned AcTd3c leaf=2 pot=4.5: canonical=3468519600 retained_device=121401512
planned AcTd3c leaf=5 pot=12.5: canonical=2916354000 retained_device=109168808
planned AcTd3c leaf=8 pot=36.5: canonical=1572399600 retained_device=78374024
planned Ac9h9d leaf=2 pot=4.5: canonical=5764800608 retained_device=122692540
planned Ac9h9d leaf=5 pot=12.5: canonical=4846197216 retained_device=110194012
planned Ac9h9d leaf=8 pot=36.5: canonical=2611286048 retained_device=78778348
planned Ac9d5c leaf=2 pot=4.5: canonical=3446401504 retained_device=121163252
planned Ac9d5c leaf=5 pot=12.5: canonical=2897756960 retained_device=108930548
planned Ac9d5c leaf=8 pot=36.5: canonical=1562372704 retained_device=78135764
planned Ac9c6c leaf=2 pot=4.5: canonical=1634670128 retained_device=119915500
planned Ac9c6c leaf=5 pot=12.5: canonical=1374908528 retained_device=107899948
planned Ac9c6c leaf=8 pot=36.5: canonical=742162256 retained_device=77612476
planned Ac8d5h leaf=2 pot=4.5: canonical=5785051664 retained_device=122822476
planned Ac8d5h leaf=5 pot=12.5: canonical=4863221328 retained_device=110323948
planned Ac8d5h leaf=8 pot=36.5: canonical=2620459184 retained_device=78908284
planned Ac8c7c leaf=2 pot=4.5: canonical=1633718632 retained_device=119893824
planned Ac8c7c leaf=5 pot=12.5: canonical=1374108232 retained_device=107878272
planned Ac8c7c leaf=8 pot=36.5: canonical=741730264 retained_device=77590800
planned Ac7d5c leaf=2 pot=4.5: canonical=3464498128 retained_device=121358192
planned Ac7d5c leaf=5 pot=12.5: canonical=2912972720 retained_device=109125488
planned Ac7d5c leaf=8 pot=36.5: canonical=1570576528 retained_device=78330704
planned Ac7c3d leaf=2 pot=4.5: canonical=3484605488 retained_device=121574792
planned Ac7c3d leaf=5 pot=12.5: canonical=2929879120 retained_device=109342088
planned Ac7c3d leaf=8 pot=36.5: canonical=1579691888 retained_device=78547304
planned Ac6d3c leaf=2 pot=4.5: canonical=3486616224 retained_device=121596452
planned Ac6d3c leaf=5 pot=12.5: canonical=2931569760 retained_device=109363748
planned Ac6d3c leaf=8 pot=36.5: canonical=1580603424 retained_device=78568964
planned Ac5d3h leaf=2 pot=4.5: canonical=5842429656 retained_device=123190628
planned Ac5d3h leaf=5 pot=12.5: canonical=4911456312 retained_device=110692100
planned Ac5d3h leaf=8 pot=36.5: canonical=2646449736 retained_device=79276436
planned Ac4d3c leaf=2 pot=4.5: canonical=3498680640 retained_device=121726412
planned Ac4d3c leaf=5 pot=12.5: canonical=2941713600 retained_device=109493708
planned Ac4d3c leaf=8 pot=36.5: canonical=1586072640 retained_device=78698924
planned Ac2d2c leaf=2 pot=4.5: canonical=3506723584 retained_device=121813052
planned Ac2d2c leaf=5 pot=12.5: canonical=2948476160 retained_device=109580348
planned Ac2d2c leaf=8 pot=36.5: canonical=1589718784 retained_device=78785564
planned KdKc4h leaf=2 pot=4.5: canonical=5791802016 retained_device=122865788
planned KdKc4h leaf=5 pot=12.5: canonical=4868896032 retained_device=110367260
planned KdKc4h leaf=8 pot=36.5: canonical=2623516896 retained_device=78951596
planned KcQd9h leaf=2 pot=4.5: canonical=5774926136 retained_device=122757508
planned KcQd9h leaf=5 pot=12.5: canonical=4854709272 retained_device=110258980
planned KcQd9h leaf=8 pot=36.5: canonical=2615872616 retained_device=78843316
planned KcQd5h leaf=2 pot=4.5: canonical=5795177192 retained_device=122887444
planned KcQd5h leaf=5 pot=12.5: canonical=4871733384 retained_device=110388916
planned KcQd5h leaf=8 pot=36.5: canonical=2625045752 retained_device=78973252
planned KcQcTd leaf=2 pot=4.5: canonical=3442380032 retained_device=121119932
planned KcQcTd leaf=5 pot=12.5: canonical=2894375680 retained_device=108887228
planned KcQcTd leaf=8 pot=36.5: canonical=1560549632 retained_device=78092444
planned KcJdTd leaf=2 pot=4.5: canonical=3456455184 retained_device=121271552
planned KcJdTd leaf=5 pot=12.5: canonical=2906210160 retained_device=109038848
planned KcJdTd leaf=8 pot=36.5: canonical=1566930384 retained_device=78244064
planned KcJd6d leaf=2 pot=4.5: canonical=3472541072 retained_device=121444832
planned KcJd6d leaf=5 pot=12.5: canonical=2919735280 retained_device=109212128
planned KcJd6d leaf=8 pot=36.5: canonical=1574222672 retained_device=78417344
planned KcJd2c leaf=2 pot=4.5: canonical=3488626960 retained_device=121618112
planned KcJd2c leaf=5 pot=12.5: canonical=2933260400 retained_device=109385408
planned KcJd2c leaf=8 pot=36.5: canonical=1581514960 retained_device=78590624
planned KcTd9h leaf=2 pot=4.5: canonical=5795177192 retained_device=122887444
planned KcTd9h leaf=5 pot=12.5: canonical=4871733384 retained_device=110388916
planned KcTd9h leaf=8 pot=36.5: canonical=2625045752 retained_device=78973252
planned KcTd5d leaf=2 pot=4.5: canonical=3468519600 retained_device=121401512
planned KcTd5d leaf=5 pot=12.5: canonical=2916354000 retained_device=109168808
planned KcTd5d leaf=8 pot=36.5: canonical=1572399600 retained_device=78374024
planned KcTc7d leaf=2 pot=4.5: canonical=3470530336 retained_device=121423172
planned KcTc7d leaf=5 pot=12.5: canonical=2918044640 retained_device=109190468
planned KcTc7d leaf=8 pot=36.5: canonical=1573311136 retained_device=78395684
planned Kc9d7d leaf=2 pot=4.5: canonical=3470530336 retained_device=121423172
planned Kc9d7d leaf=5 pot=12.5: canonical=2918044640 retained_device=109190468
planned Kc9d7d leaf=8 pot=36.5: canonical=1573311136 retained_device=78395684
planned Kc9d3d leaf=2 pot=4.5: canonical=3482594752 retained_device=121553132
planned Kc9d3d leaf=5 pot=12.5: canonical=2928188480 retained_device=109320428
planned Kc9d3d leaf=8 pot=36.5: canonical=1578780352 retained_device=78525644
planned Kc8d7h leaf=2 pot=4.5: canonical=5822178600 retained_device=123060692
planned Kc8d7h leaf=5 pot=12.5: canonical=4894432200 retained_device=110562164
planned Kc8d7h leaf=8 pot=36.5: canonical=2637276600 retained_device=79146500
planned Kc8d3h leaf=2 pot=4.5: canonical=5845804832 retained_device=123212284
planned Kc8d3h leaf=5 pot=12.5: canonical=4914293664 retained_device=110713756
planned Kc8d3h leaf=8 pot=36.5: canonical=2647978592 retained_device=79298092
planned Kc7h7d leaf=2 pot=4.5: canonical=5855930360 retained_device=123277252
planned Kc7h7d leaf=5 pot=12.5: canonical=4922805720 retained_device=110778724
planned Kc7h7d leaf=8 pot=36.5: canonical=2652565160 retained_device=79363060
planned Kc7d3c leaf=2 pot=4.5: canonical=3502702112 retained_device=121769732
planned Kc7d3c leaf=5 pot=12.5: canonical=2945094880 retained_device=109537028
planned Kc7d3c leaf=8 pot=36.5: canonical=1587895712 retained_device=78742244
planned Kc6d5c leaf=2 pot=4.5: canonical=3484605488 retained_device=121574792
planned Kc6d5c leaf=5 pot=12.5: canonical=2929879120 retained_device=109342088
planned Kc6d5c leaf=8 pot=36.5: canonical=1579691888 retained_device=78547304
planned Kc6c3d leaf=2 pot=4.5: canonical=3502702112 retained_device=121769732
planned Kc6c3d leaf=5 pot=12.5: canonical=2945094880 retained_device=109537028
planned Kc6c3d leaf=8 pot=36.5: canonical=1587895712 retained_device=78742244
planned Kc5c4d leaf=2 pot=4.5: canonical=3494659168 retained_device=121683092
planned Kc5c4d leaf=5 pot=12.5: canonical=2938332320 retained_device=109450388
planned Kc5c4d leaf=8 pot=36.5: canonical=1584249568 retained_device=78655604
planned Kc3h3d leaf=2 pot=4.5: canonical=5903182824 retained_device=123580436
planned Kc3h3d leaf=5 pot=12.5: canonical=4962528648 retained_device=111081908
planned Kc3h3d leaf=8 pot=36.5: canonical=2673969144 retained_device=79666244
planned QdQc8c leaf=2 pot=4.5: canonical=3458465920 retained_device=121293212
planned QdQc8c leaf=5 pot=12.5: canonical=2907900800 retained_device=109060508
planned QdQc8c leaf=8 pot=36.5: canonical=1567841920 retained_device=78265724
planned QcJdTh leaf=2 pot=4.5: canonical=5832304128 retained_device=123125660
planned QcJdTh leaf=5 pot=12.5: canonical=4902944256 retained_device=110627132
planned QcJdTh leaf=8 pot=36.5: canonical=2641863168 retained_device=79211468
planned QcJd6d leaf=2 pot=4.5: canonical=3488626960 retained_device=121618112
planned QcJd6d leaf=5 pot=12.5: canonical=2933260400 retained_device=109385408
planned QcJd6d leaf=8 pot=36.5: canonical=1581514960 retained_device=78590624
planned QcJd2d leaf=2 pot=4.5: canonical=3504712848 retained_device=121791392
planned QcJd2d leaf=5 pot=12.5: canonical=2946785520 retained_device=109558688
planned QcJd2d leaf=8 pot=36.5: canonical=1588807248 retained_device=78763904
planned QcTd9h leaf=2 pot=4.5: canonical=5825553776 retained_device=123082348
planned QcTd9h leaf=5 pot=12.5: canonical=4897269552 retained_device=110583820
planned QcTd9h leaf=8 pot=36.5: canonical=2638805456 retained_device=79168156
planned QcTd5h leaf=2 pot=4.5: canonical=5845804832 retained_device=123212284
planned QcTd5h leaf=5 pot=12.5: canonical=4914293664 retained_device=110713756
planned QcTd5h leaf=8 pot=36.5: canonical=2647978592 retained_device=79298092
planned QcTc8d leaf=2 pot=4.5: canonical=3472541072 retained_device=121444832
planned QcTc8d leaf=5 pot=12.5: canonical=2919735280 retained_device=109212128
planned QcTc8d leaf=8 pot=36.5: canonical=1574222672 retained_device=78417344
planned Qc9d7h leaf=2 pot=4.5: canonical=5849180008 retained_device=123233940
planned Qc9d7h leaf=5 pot=12.5: canonical=4917131016 retained_device=110735412
planned Qc9d7h leaf=8 pot=36.5: canonical=2649507448 retained_device=79319748
planned Qc9d3d leaf=2 pot=4.5: canonical=3500691376 retained_device=121748072
planned Qc9d3d leaf=5 pot=12.5: canonical=2943404240 retained_device=109515368
planned Qc9d3d leaf=8 pot=36.5: canonical=1586984176 retained_device=78720584
planned Qc8d8c leaf=2 pot=4.5: canonical=3470530336 retained_device=121423172
planned Qc8d8c leaf=5 pot=12.5: canonical=2918044640 retained_device=109190468
planned Qc8d8c leaf=8 pot=36.5: canonical=1573311136 retained_device=78395684
planned Qc8d4c leaf=2 pot=4.5: canonical=3500691376 retained_device=121748072
planned Qc8d4c leaf=5 pot=12.5: canonical=2943404240 retained_device=109515368
planned Qc8d4c leaf=8 pot=36.5: canonical=1586984176 retained_device=78720584
planned Qc7h7d leaf=2 pot=4.5: canonical=5879556592 retained_device=123428844
planned Qc7h7d leaf=5 pot=12.5: canonical=4942667184 retained_device=110930316
planned Qc7h7d leaf=8 pot=36.5: canonical=2663267152 retained_device=79514652
planned Qc7d3d leaf=2 pot=4.5: canonical=3516777264 retained_device=121921352
planned Qc7d3d leaf=5 pot=12.5: canonical=2956929360 retained_device=109688648
planned Qc7d3d leaf=8 pot=36.5: canonical=1594276464 retained_device=78893864
planned Qc6d5d leaf=2 pot=4.5: canonical=3500691376 retained_device=121748072
planned Qc6d5d leaf=5 pot=12.5: canonical=2943404240 retained_device=109515368
planned Qc6d5d leaf=8 pot=36.5: canonical=1586984176 retained_device=78720584
planned Qc6c3d leaf=2 pot=4.5: canonical=3520798736 retained_device=121964672
planned Qc6c3d leaf=5 pot=12.5: canonical=2960310640 retained_device=109731968
planned Qc6c3d leaf=8 pot=36.5: canonical=1596099536 retained_device=78937184
planned Qc5d2c leaf=2 pot=4.5: canonical=3516777264 retained_device=121921352
planned Qc5d2c leaf=5 pot=12.5: canonical=2956929360 retained_device=109688648
planned Qc5d2c leaf=8 pot=36.5: canonical=1594276464 retained_device=78893864
planned Qc4c2d leaf=2 pot=4.5: canonical=3534873888 retained_device=122116292
planned Qc4c2d leaf=5 pot=12.5: canonical=2972145120 retained_device=109883588
planned Qc4c2d leaf=8 pot=36.5: canonical=1602480288 retained_device=79088804
planned JdJc7h leaf=2 pot=4.5: canonical=5876181416 retained_device=123407188
planned JdJc7h leaf=5 pot=12.5: canonical=4939829832 retained_device=110908660
planned JdJc7h leaf=8 pot=36.5: canonical=2661738296 retained_device=79492996
planned JcTd9d leaf=2 pot=4.5: canonical=3486616224 retained_device=121596452
planned JcTd9d leaf=5 pot=12.5: canonical=2931569760 retained_device=109363748
planned JcTd9d leaf=8 pot=36.5: canonical=1580603424 retained_device=78568964
planned JcTd5c leaf=2 pot=4.5: canonical=3498680640 retained_device=121726412
planned JcTd5c leaf=5 pot=12.5: canonical=2941713600 retained_device=109493708
planned JcTd5c leaf=8 pot=36.5: canonical=1586072640 retained_device=78698924
planned JcTc7c leaf=2 pot=4.5: canonical=1658457528 retained_device=120457400
planned JcTc7c leaf=5 pot=12.5: canonical=1394915928 retained_device=108441848
planned JcTc7c leaf=8 pot=36.5: canonical=752962056 retained_device=78154376
planned Jc9d7c leaf=2 pot=4.5: canonical=3500691376 retained_device=121748072
planned Jc9d7c leaf=5 pot=12.5: canonical=2943404240 retained_device=109515368
planned Jc9d7c leaf=8 pot=36.5: canonical=1586984176 retained_device=78720584
planned Jc9d3c leaf=2 pot=4.5: canonical=3514766528 retained_device=121899692
planned Jc9d3c leaf=5 pot=12.5: canonical=2955238720 retained_device=109666988
planned Jc9d3c leaf=8 pot=36.5: canonical=1593364928 retained_device=78872204
planned Jc8d7h leaf=2 pot=4.5: canonical=5869431064 retained_device=123363876
planned Jc8d7h leaf=5 pot=12.5: canonical=4934155128 retained_device=110865348
planned Jc8d7h leaf=8 pot=36.5: canonical=2658680584 retained_device=79449684
planned Jc8d3h leaf=2 pot=4.5: canonical=5896432472 retained_device=123537124
planned Jc8d3h leaf=5 pot=12.5: canonical=4956853944 retained_device=111038596
planned Jc8d3h leaf=8 pot=36.5: canonical=2670911432 retained_device=79622932
planned Jc7d7c leaf=2 pot=4.5: canonical=3518788000 retained_device=121943012
planned Jc7d7c leaf=5 pot=12.5: canonical=2958620000 retained_device=109710308
planned Jc7d7c leaf=8 pot=36.5: canonical=1595188000 retained_device=78915524
planned Jc7d2h leaf=2 pot=4.5: canonical=5930184232 retained_device=123753684
planned Jc7d2h leaf=5 pot=12.5: canonical=4985227464 retained_device=111255156
planned Jc7d2h leaf=8 pot=36.5: canonical=2686199992 retained_device=79839492
planned Jc6d4h leaf=2 pot=4.5: canonical=5926809056 retained_device=123732028
planned Jc6d4h leaf=5 pot=12.5: canonical=4982390112 retained_device=111233500
planned Jc6d4h leaf=8 pot=36.5: canonical=2684671136 retained_device=79817836
planned Jc6c2d leaf=2 pot=4.5: canonical=3534873888 retained_device=122116292
planned Jc6c2d leaf=5 pot=12.5: canonical=2972145120 retained_device=109883588
planned Jc6c2d leaf=8 pot=36.5: canonical=1602480288 retained_device=79088804
planned Jc5c3d leaf=2 pot=4.5: canonical=3528841680 retained_device=122051312
planned Jc5c3d leaf=5 pot=12.5: canonical=2967073200 retained_device=109818608
planned Jc5c3d leaf=8 pot=36.5: canonical=1599745680 retained_device=79023824
planned Jc3d3c leaf=2 pot=4.5: canonical=3548949040 retained_device=122267912
planned Jc3d3c leaf=5 pot=12.5: canonical=2983979600 retained_device=110035208
planned Jc3d3c leaf=8 pot=36.5: canonical=1608861040 retained_device=79240424
planned TdTc5h leaf=2 pot=4.5: canonical=5869431064 retained_device=123363876
planned TdTc5h leaf=5 pot=12.5: canonical=4934155128 retained_device=110865348
planned TdTc5h leaf=8 pot=36.5: canonical=2658680584 retained_device=79449684
planned Tc9d7d leaf=2 pot=4.5: canonical=3498680640 retained_device=121726412
planned Tc9d7d leaf=5 pot=12.5: canonical=2941713600 retained_device=109493708
planned Tc9d7d leaf=8 pot=36.5: canonical=1586072640 retained_device=78698924
planned Tc9d3c leaf=2 pot=4.5: canonical=3512755792 retained_device=121878032
planned Tc9d3c leaf=5 pot=12.5: canonical=2953548080 retained_device=109645328
planned Tc9d3c leaf=8 pot=36.5: canonical=1592453392 retained_device=78850544
planned Tc8d7h leaf=2 pot=4.5: canonical=5872806240 retained_device=123385532
planned Tc8d7h leaf=5 pot=12.5: canonical=4936992480 retained_device=110887004
planned Tc8d7h leaf=8 pot=36.5: canonical=2660209440 retained_device=79471340
planned Tc8d3h leaf=2 pot=4.5: canonical=5899807648 retained_device=123558780
planned Tc8d3h leaf=5 pot=12.5: canonical=4959691296 retained_device=111060252
planned Tc8d3h leaf=8 pot=36.5: canonical=2672440288 retained_device=79644588
planned Tc7d7c leaf=2 pot=4.5: canonical=3518788000 retained_device=121943012
planned Tc7d7c leaf=5 pot=12.5: canonical=2958620000 retained_device=109710308
planned Tc7d7c leaf=8 pot=36.5: canonical=1595188000 retained_device=78915524
planned Tc7d3c leaf=2 pot=4.5: canonical=3530852416 retained_device=122072972
planned Tc7d3c leaf=5 pot=12.5: canonical=2968763840 retained_device=109840268
planned Tc7d3c leaf=8 pot=36.5: canonical=1600657216 retained_device=79045484
planned Tc6d5c leaf=2 pot=4.5: canonical=3514766528 retained_device=121899692
planned Tc6d5c leaf=5 pot=12.5: canonical=2955238720 retained_device=109666988
planned Tc6d5c leaf=8 pot=36.5: canonical=1593364928 retained_device=78872204
planned Tc6c3c leaf=2 pot=4.5: canonical=1671778472 retained_device=120760864
planned Tc6c3c leaf=5 pot=12.5: canonical=1406120072 retained_device=108745312
planned Tc6c3c leaf=8 pot=36.5: canonical=759009944 retained_device=78457840
planned Tc5c4d leaf=2 pot=4.5: canonical=3526830944 retained_device=122029652
planned Tc5c4d leaf=5 pot=12.5: canonical=2965382560 retained_device=109796948
planned Tc5c4d leaf=8 pot=36.5: canonical=1598834144 retained_device=79002164
planned Tc3h3d leaf=2 pot=4.5: canonical=5957185640 retained_device=123926932
planned Tc3h3d leaf=5 pot=12.5: canonical=5007926280 retained_device=111428404
planned Tc3h3d leaf=8 pot=36.5: canonical=2698430840 retained_device=80012740
planned 9d9c5c leaf=2 pot=4.5: canonical=3494659168 retained_device=121683092
planned 9d9c5c leaf=5 pot=12.5: canonical=2938332320 retained_device=109450388
planned 9d9c5c leaf=8 pot=36.5: canonical=1584249568 retained_device=78655604
planned 9c8d6c leaf=2 pot=4.5: canonical=3500691376 retained_device=121748072
planned 9c8d6c leaf=5 pot=12.5: canonical=2943404240 retained_device=109515368
planned 9c8d6c leaf=8 pot=36.5: canonical=1586984176 retained_device=78720584
planned 9c8c7d leaf=2 pot=4.5: canonical=3496669904 retained_device=121704752
planned 9c8c7d leaf=5 pot=12.5: canonical=2940022960 retained_device=109472048
planned 9c8c7d leaf=8 pot=36.5: canonical=1585161104 retained_device=78677264
planned 9c7d5d leaf=2 pot=4.5: canonical=3510745056 retained_device=121856372
planned 9c7d5d leaf=5 pot=12.5: canonical=2951857440 retained_device=109623668
planned 9c7d5d leaf=8 pot=36.5: canonical=1591541856 retained_device=78828884
planned 9c7c4d leaf=2 pot=4.5: canonical=3528841680 retained_device=122051312
planned 9c7c4d leaf=5 pot=12.5: canonical=2967073200 retained_device=109818608
planned 9c7c4d leaf=8 pot=36.5: canonical=1599745680 retained_device=79023824
planned 9c6d3c leaf=2 pot=4.5: canonical=3530852416 retained_device=122072972
planned 9c6d3c leaf=5 pot=12.5: canonical=2968763840 retained_device=109840268
planned 9c6d3c leaf=8 pot=36.5: canonical=1600657216 retained_device=79045484
planned 9c5d3h leaf=2 pot=4.5: canonical=5916683528 retained_device=123667060
planned 9c5d3h leaf=5 pot=12.5: canonical=4973878056 retained_device=111168532
planned 9c5d3h leaf=8 pot=36.5: canonical=2680084568 retained_device=79752868
planned 9c4d3d leaf=2 pot=4.5: canonical=3542916832 retained_device=122202932
planned 9c4d3d leaf=5 pot=12.5: canonical=2978907680 retained_device=109970228
planned 9c4d3d leaf=8 pot=36.5: canonical=1606126432 retained_device=79175444
planned 9c2d2c leaf=2 pot=4.5: canonical=3550959776 retained_device=122289572
planned 9c2d2c leaf=5 pot=12.5: canonical=2985670240 retained_device=110056868
planned 9c2d2c leaf=8 pot=36.5: canonical=1609772576 retained_device=79262084
planned 8c7d6h leaf=2 pot=4.5: canonical=5899807648 retained_device=123558780
planned 8c7d6h leaf=5 pot=12.5: canonical=4959691296 retained_device=111060252
planned 8c7d6h leaf=8 pot=36.5: canonical=2672440288 retained_device=79644588
planned 8c7d2h leaf=2 pot=4.5: canonical=5926809056 retained_device=123732028
planned 8c7d2h leaf=5 pot=12.5: canonical=4982390112 retained_device=111233500
planned 8c7d2h leaf=8 pot=36.5: canonical=2684671136 retained_device=79817836
planned 8c6d4h leaf=2 pot=4.5: canonical=5923433880 retained_device=123710372
planned 8c6d4h leaf=5 pot=12.5: canonical=4979552760 retained_device=111211844
planned 8c6d4h leaf=8 pot=36.5: canonical=2683142280 retained_device=79796180
planned 8c5h5d leaf=2 pot=4.5: canonical=5886306944 retained_device=123472156
planned 8c5h5d leaf=5 pot=12.5: canonical=4948341888 retained_device=110973628
planned 8c5h5d leaf=8 pot=36.5: canonical=2666324864 retained_device=79557964
planned 8c5c2d leaf=2 pot=4.5: canonical=3528841680 retained_device=122051312
planned 8c5c2d leaf=5 pot=12.5: canonical=2967073200 retained_device=109818608
planned 8c5c2d leaf=8 pot=36.5: canonical=1599745680 retained_device=79023824
planned 8c3d2h leaf=2 pot=4.5: canonical=5953810464 retained_device=123905276
planned 8c3d2h leaf=5 pot=12.5: canonical=5005088928 retained_device=111406748
planned 8c3d2h leaf=8 pot=36.5: canonical=2696901984 retained_device=79991084
planned 7d7c2c leaf=2 pot=4.5: canonical=3550959776 retained_device=122289572
planned 7d7c2c leaf=5 pot=12.5: canonical=2985670240 retained_device=110056868
planned 7d7c2c leaf=8 pot=36.5: canonical=1609772576 retained_device=79262084
planned 7c6d2h leaf=2 pot=4.5: canonical=5960560816 retained_device=123948588
planned 7c6d2h leaf=5 pot=12.5: canonical=5010763632 retained_device=111450060
planned 7c6d2h leaf=8 pot=36.5: canonical=2699959696 retained_device=80034396
planned 7c5d3c leaf=2 pot=4.5: canonical=3542916832 retained_device=122202932
planned 7c5d3c leaf=5 pot=12.5: canonical=2978907680 retained_device=109970228
planned 7c5d3c leaf=8 pot=36.5: canonical=1606126432 retained_device=79175444
planned 7c4d2h leaf=2 pot=4.5: canonical=5980811872 retained_device=124078524
planned 7c4d2h leaf=5 pot=12.5: canonical=5027787744 retained_device=111579996
planned 7c4d2h leaf=8 pot=36.5: canonical=2709132832 retained_device=80164332
planned 6d6c5c leaf=2 pot=4.5: canonical=3534873888 retained_device=122116292
planned 6d6c5c leaf=5 pot=12.5: canonical=2972145120 retained_device=109883588
planned 6d6c5c leaf=8 pot=36.5: canonical=1602480288 retained_device=79088804
planned 6c5d2h leaf=2 pot=4.5: canonical=5953810464 retained_device=123905276
planned 6c5d2h leaf=5 pot=12.5: canonical=5005088928 retained_device=111406748
planned 6c5d2h leaf=8 pot=36.5: canonical=2696901984 retained_device=79991084
planned 6c4d2d leaf=2 pot=4.5: canonical=3565034928 retained_device=122441192
planned 6c4d2d leaf=5 pot=12.5: canonical=2997504720 retained_device=110208488
planned 6c4d2d leaf=8 pot=36.5: canonical=1616153328 retained_device=79413704
planned 5d5c3h leaf=2 pot=4.5: canonical=5943684936 retained_device=123840308
planned 5d5c3h leaf=5 pot=12.5: canonical=4996576872 retained_device=111341780
planned 5d5c3h leaf=8 pot=36.5: canonical=2692315416 retained_device=79926116
planned 5c3h3d leaf=2 pot=4.5: canonical=5977436696 retained_device=124056868
planned 5c3h3d leaf=5 pot=12.5: canonical=5024950392 retained_device=111558340
planned 5c3h3d leaf=8 pot=36.5: canonical=2707603976 retained_device=80142676
planned 4c3d2h leaf=2 pot=4.5: canonical=6007813280 retained_device=124251772
planned 4c3d2h leaf=5 pot=12.5: canonical=5050486560 retained_device=111753244
planned 4c3d2h leaf=8 pot=36.5: canonical=2721363680 retained_device=80337580
