whole-record verified 1/24
whole-record verified 2/24
whole-record verified 3/24
whole-record verified 4/24
whole-record verified 5/24
whole-record verified 6/24
whole-record verified 7/24
whole-record verified 8/24
whole-record verified 9/24
whole-record verified 10/24
whole-record verified 11/24
whole-record verified 12/24
whole-record verified 13/24
whole-record verified 14/24
whole-record verified 15/24
whole-record verified 16/24
whole-record verified 17/24
whole-record verified 18/24
whole-record verified 19/24
whole-record verified 20/24
whole-record verified 21/24
whole-record verified 22/24
whole-record verified 23/24
whole-record verified 24/24
{
  "zstd1": {
    "raw_bytes": 6485195136,
    "encoded_bytes": 4007895660,
    "chunks": 6232,
    "encode_seconds": 21.412925100594293,
    "decode_seconds": 9.4641904985765,
    "framed_bytes_with_allowance": 4008296236,
    "ratio_with_allowance": 1.6179430746046286,
    "encode_MB_per_second": 302.8635791482785,
    "decode_MB_per_second": 685.2350591395463
  },
  "zstd3": {
    "raw_bytes": 6485195136,
    "encoded_bytes": 3894875959,
    "chunks": 6232,
    "encode_seconds": 43.20973819907522,
    "decode_seconds": 10.739803499309346,
    "framed_bytes_with_allowance": 3895276535,
    "ratio_with_allowance": 1.6648869670045132,
    "encode_MB_per_second": 150.08642510448715,
    "decode_MB_per_second": 603.8467218154457
  }
}
