{"iteration": 1, "seconds": 45.0, "fresh_deals": 512, "retained": [9559, 2068], "seen": [9559, 2068]}
{"iteration": 2, "seconds": 51.76499999999942, "fresh_deals": 1024, "retained": [21849, 4202], "seen": [21849, 4202]}
{"iteration": 3, "seconds": 57.28100000000268, "fresh_deals": 1536, "retained": [34667, 6017], "seen": [34667, 6017]}
{"iteration": 4, "seconds": 58.25, "fresh_deals": 2048, "retained": [47215, 7578], "seen": [47215, 7578]}
{"iteration": 5, "seconds": 62.29699999999866, "fresh_deals": 2560, "retained": [60816, 8964], "seen": [60816, 8964]}
{"iteration": 6, "seconds": 67.40699999999924, "fresh_deals": 3072, "retained": [75431, 10367], "seen": [75431, 10367]}
{"iteration": 7, "seconds": 80.51600000000326, "fresh_deals": 3584, "retained": [87287, 11947], "seen": [87287, 11947]}
{"iteration": 8, "seconds": 78.07800000000134, "fresh_deals": 4096, "retained": [101106, 13621], "seen": [101106, 13621]}
{"iteration": 9, "seconds": 79.95300000000134, "fresh_deals": 4608, "retained": [113683, 15057], "seen": [113683, 15057]}
{"iteration": 10, "seconds": 85.36000000000058, "fresh_deals": 5120, "retained": [126895, 16448], "seen": [126895, 16448]}
{"iteration": 11, "seconds": 100.35899999999674, "fresh_deals": 5632, "retained": [140389, 17986], "seen": [140389, 17986]}
{"iteration": 12, "seconds": 94.73399999999674, "fresh_deals": 6144, "retained": [152299, 19509], "seen": [152299, 19509]}
{"iteration": 13, "seconds": 94.67199999999866, "fresh_deals": 6656, "retained": [163712, 21124], "seen": [163712, 21124]}
{"iteration": 14, "seconds": 99.9690000000046, "fresh_deals": 7168, "retained": [176297, 22738], "seen": [176297, 22738]}
{"iteration": 15, "seconds": 106.32799999999406, "fresh_deals": 7680, "retained": [190261, 24463], "seen": [190261, 24463]}
{"iteration": 16, "seconds": 108.28100000000268, "fresh_deals": 8192, "retained": [202664, 25899], "seen": [202664, 25899]}
{"iteration": 17, "seconds": 113.25, "fresh_deals": 8704, "retained": [216074, 27557], "seen": [216074, 27557]}
{"iteration": 18, "seconds": 115.28199999999924, "fresh_deals": 9216, "retained": [228178, 29136], "seen": [228178, 29136]}
{"iteration": 19, "seconds": 119.75, "fresh_deals": 9728, "retained": [240928, 30807], "seen": [240928, 30807]}
{"iteration": 20, "seconds": 125.68800000000192, "fresh_deals": 10240, "retained": [252486, 32495], "seen": [252486, 32495]}
{"iteration": 21, "seconds": 129.5789999999979, "fresh_deals": 10752, "retained": [262144, 34129], "seen": [264612, 34129]}
{"iteration": 22, "seconds": 129.35899999999674, "fresh_deals": 11264, "retained": [262144, 35658], "seen": [276186, 35658]}
{"iteration": 23, "seconds": 130.45300000000134, "fresh_deals": 11776, "retained": [262144, 37245], "seen": [287234, 37245]}
{"iteration": 24, "seconds": 129.51599999999598, "fresh_deals": 12288, "retained": [262144, 38650], "seen": [298390, 38650]}
{"iteration": 25, "seconds": 130.82800000000134, "fresh_deals": 12800, "retained": [262144, 40168], "seen": [310210, 40168]}
{"iteration": 26, "seconds": 130.875, "fresh_deals": 13312, "retained": [262144, 41731], "seen": [321834, 41731]}
{"iteration": 27, "seconds": 132.23500000000058, "fresh_deals": 13824, "retained": [262144, 43392], "seen": [331955, 43392]}
{"iteration": 28, "seconds": 132.40600000000268, "fresh_deals": 14336, "retained": [262144, 45090], "seen": [343362, 45090]}
{"iteration": 29, "seconds": 130.93799999999464, "fresh_deals": 14848, "retained": [262144, 46793], "seen": [354854, 46793]}
{"iteration": 30, "seconds": 132.5460000000021, "fresh_deals": 15360, "retained": [262144, 48396], "seen": [366375, 48396]}
{"iteration": 31, "seconds": 133.75, "fresh_deals": 15872, "retained": [262144, 50143], "seen": [376268, 50143]}
{"iteration": 32, "seconds": 133.73400000000402, "fresh_deals": 16384, "retained": [262144, 51876], "seen": [386427, 51876]}
{"iteration": 33, "seconds": 135.125, "fresh_deals": 16896, "retained": [262144, 53412], "seen": [396270, 53412]}
{"iteration": 34, "seconds": 135.2809999999954, "fresh_deals": 17408, "retained": [262144, 55061], "seen": [406524, 55061]}
{"iteration": 35, "seconds": 136.78100000000268, "fresh_deals": 17920, "retained": [262144, 56808], "seen": [416640, 56808]}
{"iteration": 36, "seconds": 135.26599999999598, "fresh_deals": 18432, "retained": [262144, 58550], "seen": [426984, 58550]}
{"iteration": 37, "seconds": 134.875, "fresh_deals": 18944, "retained": [262144, 60243], "seen": [436273, 60243]}
{"iteration": 38, "seconds": 140.625, "fresh_deals": 19456, "retained": [262144, 61838], "seen": [447395, 61838]}
{"iteration": 39, "seconds": 137.45299999999406, "fresh_deals": 19968, "retained": [262144, 63410], "seen": [457734, 63410]}
{"iteration": 40, "seconds": 138.43700000000536, "fresh_deals": 20480, "retained": [262144, 65069], "seen": [468274, 65069]}
{"iteration": 41, "seconds": 139.38999999999942, "fresh_deals": 20992, "retained": [262144, 66620], "seen": [479168, 66620]}
{"iteration": 42, "seconds": 138.59399999999732, "fresh_deals": 21504, "retained": [262144, 68366], "seen": [488572, 68366]}
{"iteration": 43, "seconds": 139.26499999999942, "fresh_deals": 22016, "retained": [262144, 69911], "seen": [500250, 69911]}
{"iteration": 44, "seconds": 140.4690000000046, "fresh_deals": 22528, "retained": [262144, 71690], "seen": [510688, 71690]}
{"iteration": 45, "seconds": 142.45300000000134, "fresh_deals": 23040, "retained": [262144, 73243], "seen": [521671, 73243]}
{"iteration": 46, "seconds": 140.42199999999866, "fresh_deals": 23552, "retained": [262144, 75035], "seen": [531305, 75035]}
{"iteration": 47, "seconds": 142.2190000000046, "fresh_deals": 24064, "retained": [262144, 76706], "seen": [543132, 76706]}
{"iteration": 48, "seconds": 143.07800000000134, "fresh_deals": 24576, "retained": [262144, 78572], "seen": [553061, 78572]}
{"iteration": 49, "seconds": 145.81300000000192, "fresh_deals": 25088, "retained": [262144, 80354], "seen": [563408, 80354]}
{"iteration": 50, "seconds": 143.09399999999732, "fresh_deals": 25600, "retained": [262144, 82188], "seen": [572218, 82188]}
{"iteration": 51, "seconds": 146.375, "fresh_deals": 26112, "retained": [262144, 84018], "seen": [581621, 84018]}
{"iteration": 52, "seconds": 144.0789999999979, "fresh_deals": 26624, "retained": [262144, 85866], "seen": [591568, 85866]}
{"iteration": 53, "seconds": 146.21899999999732, "fresh_deals": 27136, "retained": [262144, 87528], "seen": [602883, 87528]}
{"iteration": 54, "seconds": 146.68699999999808, "fresh_deals": 27648, "retained": [262144, 89418], "seen": [613353, 89418]}
{"iteration": 55, "seconds": 148.18699999999808, "fresh_deals": 28160, "retained": [262144, 91341], "seen": [624261, 91341]}
{"iteration": 56, "seconds": 148.95300000000134, "fresh_deals": 28672, "retained": [262144, 93073], "seen": [635525, 93073]}
{"iteration": 57, "seconds": 150.0, "fresh_deals": 29184, "retained": [262144, 94826], "seen": [647354, 94826]}
{"iteration": 58, "seconds": 150.54699999999866, "fresh_deals": 29696, "retained": [262144, 96391], "seen": [657993, 96391]}
{"iteration": 59, "seconds": 150.95300000000134, "fresh_deals": 30208, "retained": [262144, 98141], "seen": [667515, 98141]}
{"iteration": 60, "seconds": 150.90699999999924, "fresh_deals": 30720, "retained": [262144, 99847], "seen": [677950, 99847]}
{"iteration": 61, "seconds": 151.25, "fresh_deals": 31232, "retained": [262144, 101598], "seen": [688570, 101598]}
{"iteration": 62, "seconds": 150.6559999999954, "fresh_deals": 31744, "retained": [262144, 103298], "seen": [698438, 103298]}
{"iteration": 63, "seconds": 151.95300000000134, "fresh_deals": 32256, "retained": [262144, 104939], "seen": [707938, 104939]}
{"iteration": 64, "seconds": 153.59399999999732, "fresh_deals": 32768, "retained": [262144, 106669], "seen": [718892, 106669]}
{"iteration": 65, "seconds": 154.81199999999808, "fresh_deals": 33280, "retained": [262144, 108615], "seen": [728577, 108615]}
{"iteration": 66, "seconds": 154.20300000000134, "fresh_deals": 33792, "retained": [262144, 110292], "seen": [739110, 110292]}
{"iteration": 67, "seconds": 152.95300000000134, "fresh_deals": 34304, "retained": [262144, 112182], "seen": [748971, 112182]}
{"iteration": 68, "seconds": 155.67199999999866, "fresh_deals": 34816, "retained": [262144, 114000], "seen": [760951, 114000]}
{"iteration": 69, "seconds": 155.56199999999808, "fresh_deals": 35328, "retained": [262144, 115907], "seen": [771623, 115907]}
{"iteration": 70, "seconds": 157.0940000000046, "fresh_deals": 35840, "retained": [262144, 117587], "seen": [782017, 117587]}
{"iteration": 71, "seconds": 158.56200000000536, "fresh_deals": 36352, "retained": [262144, 119262], "seen": [791619, 119262]}
{"iteration": 72, "seconds": 159.25, "fresh_deals": 36864, "retained": [262144, 121097], "seen": [802319, 121097]}
{"iteration": 73, "seconds": 157.90600000000268, "fresh_deals": 37376, "retained": [262144, 122812], "seen": [812685, 122812]}
{"iteration": 74, "seconds": 159.5, "fresh_deals": 37888, "retained": [262144, 124673], "seen": [823709, 124673]}
{"iteration": 75, "seconds": 158.64100000000326, "fresh_deals": 38400, "retained": [262144, 126240], "seen": [833101, 126240]}
{"iteration": 76, "seconds": 161.09399999999732, "fresh_deals": 38912, "retained": [262144, 128024], "seen": [844379, 128024]}
{"iteration": 77, "seconds": 159.42199999999866, "fresh_deals": 39424, "retained": [262144, 129672], "seen": [855649, 129672]}
{"iteration": 78, "seconds": 160.5, "fresh_deals": 39936, "retained": [262144, 131246], "seen": [867178, 131246]}
