gpu: 904065 nodes, 15 levels, staging+arenas 12309.7 MB
GPU_STORAGE_MAP active=354276 missing_active=0 all_tree_missing=7350
WIDE_REFERENCE {"elapsed":16.3410061,"iteration":1,"player":0,"step":0}
WIDE_REFERENCE {"elapsed":31.39327,"iteration":1,"player":1,"step":1}
WIDE_REFERENCE {"elapsed":47.7169032,"iteration":2,"player":0,"step":2}
WIDE_REFERENCE {"elapsed":63.8883178,"iteration":2,"player":1,"step":3}
WIDE_REFERENCE {"elapsed":80.9959985,"iteration":3,"player":0,"step":4}
WIDE_REFERENCE {"elapsed":97.4829847,"iteration":3,"player":1,"step":5}
WIDE_REFERENCE {"elapsed":117.2730765,"iteration":4,"player":0,"step":6}
WIDE_REFERENCE {"elapsed":134.7725638,"iteration":4,"player":1,"step":7}
gpu: 904065 nodes, 15 levels, staging+arenas 12309.7 MB
GPU_STORAGE_MAP active=354276 missing_active=0 all_tree_missing=7350
WIDE_COLD_PASS {"elapsed":168.2664567,"iteration":1,"passed":true,"player":0,"step":0}
gpu: 904065 nodes, 15 levels, staging+arenas 12309.7 MB
GPU_STORAGE_MAP active=354276 missing_active=0 all_tree_missing=7350
WIDE_COLD_PASS {"elapsed":192.9543482,"iteration":1,"passed":true,"player":1,"step":1}
gpu: 904065 nodes, 15 levels, staging+arenas 12309.7 MB
GPU_STORAGE_MAP active=354276 missing_active=0 all_tree_missing=7350
WIDE_COLD_PASS {"elapsed":217.5113319,"iteration":2,"passed":true,"player":0,"step":2}
gpu: 904065 nodes, 15 levels, staging+arenas 12309.7 MB
GPU_STORAGE_MAP active=354276 missing_active=0 all_tree_missing=7350
WIDE_COLD_PASS {"elapsed":241.4670515,"iteration":2,"passed":true,"player":1,"step":3}
gpu: 904065 nodes, 15 levels, staging+arenas 12309.7 MB
GPU_STORAGE_MAP active=354276 missing_active=0 all_tree_missing=7350
WIDE_COLD_PASS {"elapsed":265.0408938,"iteration":3,"passed":true,"player":0,"step":4}
gpu: 904065 nodes, 15 levels, staging+arenas 12309.7 MB
GPU_STORAGE_MAP active=354276 missing_active=0 all_tree_missing=7350
WIDE_COLD_PASS {"elapsed":286.7122355,"iteration":3,"passed":true,"player":1,"step":5}
gpu: 904065 nodes, 15 levels, staging+arenas 12309.7 MB
GPU_STORAGE_MAP active=354276 missing_active=0 all_tree_missing=7350
WIDE_COLD_PASS {"elapsed":310.6389835,"iteration":4,"passed":true,"player":0,"step":6}
gpu: 904065 nodes, 15 levels, staging+arenas 12309.7 MB
GPU_STORAGE_MAP active=354276 missing_active=0 all_tree_missing=7350
WIDE_COLD_PASS {"elapsed":332.5278542,"iteration":4,"passed":true,"player":1,"step":7}
WIDE_COLD_SUMMARY {"all_checkpoint_bytes_equal":true,"all_values_bitwise_equal":true,"board":"KsQd9d","bytes_written":55045909888,"candidate_reconstruction_seconds":51.0199314,"candidate_save_seconds":129.4013535,"candidate_sweep_seconds":6.1147814,"elapsed_seconds":332.5279077,"entry_support":[169,96],"full_forest_admitted":false,"includes_zero_reach_and_reentry":true,"max_workspace_bytes":15750056040,"note":"Actual full-support single call continuation and unchanged action menu. Four-iteration recovery control only, not converged play or proof of other branches/full panel capacity.","passes":8,"postflop_hands":[1176,535],"postflop_tree":{"add_allin":false,"allin_threshold":0.85,"carry_aggressor_through_checks":false,"effective_stack":198.0,"ip":[{"bet":[{"PotPct":50.0}],"donk":[{"PotPct":50.0}],"raise":[{"PotPct":100.0}]},{"bet":[{"PotPct":50.0}],"donk":[{"PotPct":50.0}],"raise":[{"PotPct":100.0}]},{"bet":[{"PotPct":50.0}],"donk":[{"PotPct":50.0}],"raise":[{"PotPct":100.0}]}],"max_raises":1,"oop":[{"bet":[{"PotPct":50.0}],"donk":[{"PotPct":50.0}],"raise":[{"PotPct":100.0}]},{"bet":[{"PotPct":50.0}],"donk":[{"PotPct":50.0}],"raise":[{"PotPct":100.0}]},{"bet":[{"PotPct":50.0}],"donk":[{"PotPct":50.0}],"raise":[{"PotPct":100.0}]}],"rake_cap":2.0,"rake_pct":0.05,"starting_pot":4.5},"preflop_leaf":2,"reference_and_candidate_gpu_sequential":true,"strategic_result":false}
