{"iteration": 1, "seconds": 70.90600000000268, "fresh_deals": 512, "retained": [9559, 2068], "seen": [9559, 2068]}
{"iteration": 2, "seconds": 70.73400000000402, "fresh_deals": 1024, "retained": [21486, 3340], "seen": [21486, 3340]}
{"iteration": 3, "seconds": 72.59399999999732, "fresh_deals": 1536, "retained": [31821, 4905], "seen": [31821, 4905]}
{"iteration": 4, "seconds": 72.89099999999598, "fresh_deals": 2048, "retained": [43359, 6312], "seen": [43359, 6312]}
{"iteration": 5, "seconds": 74.56299999999464, "fresh_deals": 2560, "retained": [54826, 7779], "seen": [54826, 7779]}
{"iteration": 6, "seconds": 75.9059999999954, "fresh_deals": 3072, "retained": [65501, 9482], "seen": [65501, 9482]}
{"iteration": 7, "seconds": 76.79700000000594, "fresh_deals": 3584, "retained": [77121, 11232], "seen": [77121, 11232]}
{"iteration": 8, "seconds": 76.375, "fresh_deals": 4096, "retained": [88897, 13012], "seen": [88897, 13012]}
{"iteration": 9, "seconds": 78.76499999999942, "fresh_deals": 4608, "retained": [100081, 14478], "seen": [100081, 14478]}
{"iteration": 10, "seconds": 79.67199999999866, "fresh_deals": 5120, "retained": [111378, 16151], "seen": [111378, 16151]}
{"iteration": 11, "seconds": 80.25, "fresh_deals": 5632, "retained": [122665, 17889], "seen": [122665, 17889]}
{"iteration": 12, "seconds": 81.81300000000192, "fresh_deals": 6144, "retained": [133189, 19588], "seen": [133189, 19588]}
{"iteration": 13, "seconds": 82.54699999999866, "fresh_deals": 6656, "retained": [144166, 21168], "seen": [144166, 21168]}
{"iteration": 14, "seconds": 83.43800000000192, "fresh_deals": 7168, "retained": [154030, 22914], "seen": [154030, 22914]}
{"iteration": 15, "seconds": 84.67199999999866, "fresh_deals": 7680, "retained": [165445, 24684], "seen": [165445, 24684]}
{"iteration": 16, "seconds": 86.875, "fresh_deals": 8192, "retained": [175355, 26265], "seen": [175355, 26265]}
{"iteration": 17, "seconds": 87.06200000000536, "fresh_deals": 8704, "retained": [186516, 27954], "seen": [186516, 27954]}
{"iteration": 18, "seconds": 86.03100000000268, "fresh_deals": 9216, "retained": [197450, 29688], "seen": [197450, 29688]}
{"iteration": 19, "seconds": 89.04699999999866, "fresh_deals": 9728, "retained": [207910, 31483], "seen": [207910, 31483]}
{"iteration": 20, "seconds": 88.51499999999942, "fresh_deals": 10240, "retained": [218681, 33350], "seen": [218681, 33350]}
{"iteration": 21, "seconds": 89.15600000000268, "fresh_deals": 10752, "retained": [228994, 35120], "seen": [228994, 35120]}
{"iteration": 22, "seconds": 91.64100000000326, "fresh_deals": 11264, "retained": [241113, 36797], "seen": [241113, 36797]}
{"iteration": 23, "seconds": 90.70300000000134, "fresh_deals": 11776, "retained": [252276, 38590], "seen": [252276, 38590]}
{"iteration": 24, "seconds": 92.46899999999732, "fresh_deals": 12288, "retained": [262144, 40224], "seen": [262307, 40224]}
{"iteration": 25, "seconds": 93.17199999999866, "fresh_deals": 12800, "retained": [262144, 41738], "seen": [272737, 41738]}
{"iteration": 26, "seconds": 95.70300000000134, "fresh_deals": 13312, "retained": [262144, 43445], "seen": [283980, 43445]}
{"iteration": 27, "seconds": 93.57800000000134, "fresh_deals": 13824, "retained": [262144, 45233], "seen": [294862, 45233]}
{"iteration": 28, "seconds": 95.51499999999942, "fresh_deals": 14336, "retained": [262144, 47054], "seen": [305135, 47054]}
{"iteration": 29, "seconds": 95.90600000000268, "fresh_deals": 14848, "retained": [262144, 48902], "seen": [315051, 48902]}
{"iteration": 30, "seconds": 102.43800000000192, "fresh_deals": 15360, "retained": [262144, 50642], "seen": [325487, 50642]}
{"iteration": 31, "seconds": 121.28199999999924, "fresh_deals": 15872, "retained": [262144, 52511], "seen": [335604, 52511]}
{"iteration": 32, "seconds": 120.06300000000192, "fresh_deals": 16384, "retained": [262144, 54312], "seen": [345948, 54312]}
{"iteration": 33, "seconds": 123.29699999999866, "fresh_deals": 16896, "retained": [262144, 56079], "seen": [357387, 56079]}
{"iteration": 34, "seconds": 123.15699999999924, "fresh_deals": 17408, "retained": [262144, 57658], "seen": [367437, 57658]}
{"iteration": 35, "seconds": 121.98400000000402, "fresh_deals": 17920, "retained": [262144, 59536], "seen": [379304, 59536]}
{"iteration": 36, "seconds": 122.68700000000536, "fresh_deals": 18432, "retained": [262144, 61383], "seen": [389755, 61383]}
{"iteration": 37, "seconds": 123.90600000000268, "fresh_deals": 18944, "retained": [262144, 63169], "seen": [401371, 63169]}
{"iteration": 38, "seconds": 125.75, "fresh_deals": 19456, "retained": [262144, 64779], "seen": [411593, 64779]}
{"iteration": 39, "seconds": 126.48500000000058, "fresh_deals": 19968, "retained": [262144, 66512], "seen": [422134, 66512]}
{"iteration": 40, "seconds": 126.85899999999674, "fresh_deals": 20480, "retained": [262144, 68567], "seen": [431865, 68567]}
{"iteration": 41, "seconds": 126.29700000000594, "fresh_deals": 20992, "retained": [262144, 70145], "seen": [441506, 70145]}
{"iteration": 42, "seconds": 135.125, "fresh_deals": 21504, "retained": [262144, 71795], "seen": [451281, 71795]}
{"iteration": 43, "seconds": 133.38999999999942, "fresh_deals": 22016, "retained": [262144, 73446], "seen": [462902, 73446]}
{"iteration": 44, "seconds": 128.1559999999954, "fresh_deals": 22528, "retained": [262144, 75107], "seen": [472475, 75107]}
{"iteration": 45, "seconds": 127.87500000000728, "fresh_deals": 23040, "retained": [262144, 76779], "seen": [482329, 76779]}
{"iteration": 46, "seconds": 132.07799999999406, "fresh_deals": 23552, "retained": [262144, 78550], "seen": [491707, 78550]}
{"iteration": 47, "seconds": 127.53100000000268, "fresh_deals": 24064, "retained": [262144, 80109], "seen": [501013, 80109]}
{"iteration": 48, "seconds": 127.51600000000326, "fresh_deals": 24576, "retained": [262144, 81704], "seen": [510926, 81704]}
{"iteration": 49, "seconds": 129.04700000000594, "fresh_deals": 25088, "retained": [262144, 83553], "seen": [521384, 83553]}
{"iteration": 50, "seconds": 130.70300000000861, "fresh_deals": 25600, "retained": [262144, 85265], "seen": [531875, 85265]}
{"iteration": 51, "seconds": 127.21900000001187, "fresh_deals": 26112, "retained": [262144, 86998], "seen": [540956, 86998]}
{"iteration": 52, "seconds": 121.26600000000326, "fresh_deals": 26624, "retained": [262144, 88626], "seen": [550197, 88626]}
{"iteration": 53, "seconds": 135.26600000000326, "fresh_deals": 27136, "retained": [262144, 90292], "seen": [560073, 90292]}
{"iteration": 54, "seconds": 132.25, "fresh_deals": 27648, "retained": [262144, 92185], "seen": [570604, 92185]}
{"iteration": 55, "seconds": 133.84400000001187, "fresh_deals": 28160, "retained": [262144, 93906], "seen": [579239, 93906]}
{"iteration": 56, "seconds": 134.0, "fresh_deals": 28672, "retained": [262144, 95575], "seen": [590586, 95575]}
{"iteration": 57, "seconds": 135.01499999999942, "fresh_deals": 29184, "retained": [262144, 97305], "seen": [600790, 97305]}
{"iteration": 58, "seconds": 136.31299999999464, "fresh_deals": 29696, "retained": [262144, 98904], "seen": [612157, 98904]}
{"iteration": 59, "seconds": 134.93700000000536, "fresh_deals": 30208, "retained": [262144, 100630], "seen": [621004, 100630]}
{"iteration": 60, "seconds": 132.14100000000326, "fresh_deals": 30720, "retained": [262144, 102480], "seen": [630757, 102480]}
{"iteration": 61, "seconds": 138.17200000000594, "fresh_deals": 31232, "retained": [262144, 104342], "seen": [639896, 104342]}
{"iteration": 62, "seconds": 136.51600000000326, "fresh_deals": 31744, "retained": [262144, 105934], "seen": [649992, 105934]}
{"iteration": 63, "seconds": 135.75, "fresh_deals": 32256, "retained": [262144, 107509], "seen": [660119, 107509]}
{"iteration": 64, "seconds": 135.51600000000326, "fresh_deals": 32768, "retained": [262144, 109197], "seen": [670653, 109197]}
{"iteration": 65, "seconds": 137.07800000000861, "fresh_deals": 33280, "retained": [262144, 110968], "seen": [680346, 110968]}
{"iteration": 66, "seconds": 135.75, "fresh_deals": 33792, "retained": [262144, 112668], "seen": [689624, 112668]}
{"iteration": 67, "seconds": 140.23399999999674, "fresh_deals": 34304, "retained": [262144, 114283], "seen": [700735, 114283]}
{"iteration": 68, "seconds": 137.5, "fresh_deals": 34816, "retained": [262144, 115838], "seen": [711995, 115838]}
{"iteration": 69, "seconds": 141.6710000000021, "fresh_deals": 35328, "retained": [262144, 117523], "seen": [722344, 117523]}
{"iteration": 70, "seconds": 138.96899999999732, "fresh_deals": 35840, "retained": [262144, 119230], "seen": [731169, 119230]}
{"iteration": 71, "seconds": 140.375, "fresh_deals": 36352, "retained": [262144, 120722], "seen": [741303, 120722]}
{"iteration": 72, "seconds": 132.15600000000268, "fresh_deals": 36864, "retained": [262144, 122296], "seen": [751993, 122296]}
{"iteration": 73, "seconds": 128.29700000000594, "fresh_deals": 37376, "retained": [262144, 123957], "seen": [763198, 123957]}
{"iteration": 74, "seconds": 129.95300000000861, "fresh_deals": 37888, "retained": [262144, 125665], "seen": [773911, 125665]}
{"iteration": 75, "seconds": 127.93799999999464, "fresh_deals": 38400, "retained": [262144, 127369], "seen": [785329, 127369]}
{"iteration": 76, "seconds": 131.65600000000268, "fresh_deals": 38912, "retained": [262144, 128949], "seen": [795809, 128949]}
{"iteration": 77, "seconds": 126.625, "fresh_deals": 39424, "retained": [262144, 130654], "seen": [805436, 130654]}
{"iteration": 78, "seconds": 121.21899999999732, "fresh_deals": 39936, "retained": [262144, 132196], "seen": [814687, 132196]}
