{"iteration": 53, "seconds": 131.75, "fresh_deals": 27136, "retained": [262144, 77598], "seen": [632249, 77598]}
{"iteration": 54, "seconds": 142.34300000000803, "fresh_deals": 27648, "retained": [262144, 79108], "seen": [643195, 79108]}
{"iteration": 55, "seconds": 142.28100000000268, "fresh_deals": 28160, "retained": [262144, 80612], "seen": [654674, 80612]}
{"iteration": 56, "seconds": 139.75, "fresh_deals": 28672, "retained": [262144, 82034], "seen": [664274, 82034]}
{"iteration": 57, "seconds": 130.48500000000058, "fresh_deals": 29184, "retained": [262144, 83600], "seen": [675686, 83600]}
{"iteration": 58, "seconds": 123.70300000000861, "fresh_deals": 29696, "retained": [262144, 85162], "seen": [686039, 85162]}
{"iteration": 59, "seconds": 122.625, "fresh_deals": 30208, "retained": [262144, 86586], "seen": [697830, 86586]}
{"iteration": 60, "seconds": 135.32799999999406, "fresh_deals": 30720, "retained": [262144, 88286], "seen": [708246, 88286]}
{"iteration": 61, "seconds": 148.14100000000326, "fresh_deals": 31232, "retained": [262144, 89912], "seen": [718067, 89912]}
{"iteration": 62, "seconds": 145.59400000001187, "fresh_deals": 31744, "retained": [262144, 91608], "seen": [730233, 91608]}
{"iteration": 63, "seconds": 145.14100000000326, "fresh_deals": 32256, "retained": [262144, 93156], "seen": [741498, 93156]}
{"iteration": 64, "seconds": 145.67200000000594, "fresh_deals": 32768, "retained": [262144, 94731], "seen": [753216, 94731]}
{"iteration": 65, "seconds": 137.01600000000326, "fresh_deals": 33280, "retained": [262144, 96217], "seen": [763132, 96217]}
{"iteration": 66, "seconds": 140.23399999999674, "fresh_deals": 33792, "retained": [262144, 97688], "seen": [774979, 97688]}
{"iteration": 67, "seconds": 150.09399999999732, "fresh_deals": 34304, "retained": [262144, 99213], "seen": [784854, 99213]}
{"iteration": 68, "seconds": 145.28100000000268, "fresh_deals": 34816, "retained": [262144, 100770], "seen": [795419, 100770]}
{"iteration": 69, "seconds": 136.26499999999942, "fresh_deals": 35328, "retained": [262144, 102163], "seen": [805159, 102163]}
{"iteration": 70, "seconds": 144.65599999998813, "fresh_deals": 35840, "retained": [262144, 103635], "seen": [815832, 103635]}
{"iteration": 71, "seconds": 149.65599999998813, "fresh_deals": 36352, "retained": [262144, 105094], "seen": [826612, 105094]}
{"iteration": 72, "seconds": 140.64100000000326, "fresh_deals": 36864, "retained": [262144, 106550], "seen": [837549, 106550]}
{"iteration": 73, "seconds": 155.89100000000326, "fresh_deals": 37376, "retained": [262144, 108080], "seen": [847478, 108080]}
{"iteration": 74, "seconds": 146.79699999999139, "fresh_deals": 37888, "retained": [262144, 109611], "seen": [856940, 109611]}
{"iteration": 75, "seconds": 156.57799999999406, "fresh_deals": 38400, "retained": [262144, 111094], "seen": [866741, 111094]}
{"iteration": 76, "seconds": 159.01600000000326, "fresh_deals": 38912, "retained": [262144, 112524], "seen": [877117, 112524]}
{"iteration": 77, "seconds": 156.18700000000536, "fresh_deals": 39424, "retained": [262144, 114245], "seen": [888395, 114245]}
{"iteration": 78, "seconds": 137.20300000000861, "fresh_deals": 39936, "retained": [262144, 115657], "seen": [899983, 115657]}
