
 Setting the directory S:\GTOpen-research\later-average-fresh-pilot-v1\ to compress new files 
 Compressing files in S:\GTOpen-research\later-average-fresh-pilot-v1\


 Compressing files in S:\GTOpen-research\later-average-fresh-pilot-v1\checkpoint-objects\


 Compressing files in S:\GTOpen-research\later-average-fresh-pilot-v1\iteration-0001\


 Compressing files in S:\GTOpen-research\later-average-fresh-pilot-v1\iteration-0001\batch-00\


 Compressing files in S:\GTOpen-research\later-average-fresh-pilot-v1\iteration-0001\batch-01\


 Compressing files in S:\GTOpen-research\later-average-fresh-pilot-v1\iteration-0001\batch-02\


 Compressing files in S:\GTOpen-research\later-average-fresh-pilot-v1\iteration-0001\batch-03\


 Compressing files in S:\GTOpen-research\later-average-fresh-pilot-v1\iteration-0001\batch-04\


 Compressing files in S:\GTOpen-research\later-average-fresh-pilot-v1\iteration-0001\batch-05\


 Compressing files in S:\GTOpen-research\later-average-fresh-pilot-v1\iteration-0001\batch-06\


 Compressing files in S:\GTOpen-research\later-average-fresh-pilot-v1\iteration-0001\batch-07\


 Compressing files in S:\GTOpen-research\later-average-fresh-pilot-v1\iteration-0002\


 Compressing files in S:\GTOpen-research\later-average-fresh-pilot-v1\iteration-0002\batch-00\


 Compressing files in S:\GTOpen-research\later-average-fresh-pilot-v1\iteration-0002\batch-01\


 Compressing files in S:\GTOpen-research\later-average-fresh-pilot-v1\iteration-0002\batch-02\


 Compressing files in S:\GTOpen-research\later-average-fresh-pilot-v1\iteration-0002\batch-03\


 Compressing files in S:\GTOpen-research\later-average-fresh-pilot-v1\iteration-0002\batch-04\


 Compressing files in S:\GTOpen-research\later-average-fresh-pilot-v1\iteration-0002\batch-05\


 Compressing files in S:\GTOpen-research\later-average-fresh-pilot-v1\iteration-0002\batch-06\


 Compressing files in S:\GTOpen-research\later-average-fresh-pilot-v1\iteration-0002\batch-07\


 Compressing files in S:\GTOpen-research\later-average-fresh-pilot-v1\iteration-0003\


 Compressing files in S:\GTOpen-research\later-average-fresh-pilot-v1\iteration-0003\batch-00\


 Compressing files in S:\GTOpen-research\later-average-fresh-pilot-v1\iteration-0003\batch-01\


 Compressing files in S:\GTOpen-research\later-average-fresh-pilot-v1\iteration-0003\batch-02\


 Compressing files in S:\GTOpen-research\later-average-fresh-pilot-v1\iteration-0003\batch-03\


 Compressing files in S:\GTOpen-research\later-average-fresh-pilot-v1\iteration-0003\batch-04\


 Compressing files in S:\GTOpen-research\later-average-fresh-pilot-v1\iteration-0003\batch-05\


 Compressing files in S:\GTOpen-research\later-average-fresh-pilot-v1\iteration-0003\batch-06\


 Compressing files in S:\GTOpen-research\later-average-fresh-pilot-v1\iteration-0003\batch-07\


 Compressing files in S:\GTOpen-research\later-average-fresh-pilot-v1\iteration-0004\


 Compressing files in S:\GTOpen-research\later-average-fresh-pilot-v1\iteration-0004\batch-00\


 Compressing files in S:\GTOpen-research\later-average-fresh-pilot-v1\iteration-0004\batch-01\


 Compressing files in S:\GTOpen-research\later-average-fresh-pilot-v1\iteration-0004\batch-02\


 Compressing files in S:\GTOpen-research\later-average-fresh-pilot-v1\iteration-0004\batch-03\


 Compressing files in S:\GTOpen-research\later-average-fresh-pilot-v1\iteration-0004\batch-04\


 Compressing files in S:\GTOpen-research\later-average-fresh-pilot-v1\iteration-0004\batch-05\


 Compressing files in S:\GTOpen-research\later-average-fresh-pilot-v1\iteration-0004\batch-06\


 Compressing files in S:\GTOpen-research\later-average-fresh-pilot-v1\iteration-0004\batch-07\


 Compressing files in S:\GTOpen-research\later-average-fresh-pilot-v1\iteration-0005\


 Compressing files in S:\GTOpen-research\later-average-fresh-pilot-v1\iteration-0005\batch-00\


 Compressing files in S:\GTOpen-research\later-average-fresh-pilot-v1\iteration-0005\batch-01\


 Compressing files in S:\GTOpen-research\later-average-fresh-pilot-v1\iteration-0005\batch-02\


 Compressing files in S:\GTOpen-research\later-average-fresh-pilot-v1\iteration-0005\batch-03\


 Compressing files in S:\GTOpen-research\later-average-fresh-pilot-v1\iteration-0005\batch-04\


 Compressing files in S:\GTOpen-research\later-average-fresh-pilot-v1\iteration-0005\batch-05\


 Compressing files in S:\GTOpen-research\later-average-fresh-pilot-v1\iteration-0005\batch-06\


 Compressing files in S:\GTOpen-research\later-average-fresh-pilot-v1\iteration-0005\batch-07\


 Compressing files in S:\GTOpen-research\later-average-fresh-pilot-v1\iteration-0006\


 Compressing files in S:\GTOpen-research\later-average-fresh-pilot-v1\iteration-0006\batch-00\


 Compressing files in S:\GTOpen-research\later-average-fresh-pilot-v1\iteration-0006\batch-01\


 Compressing files in S:\GTOpen-research\later-average-fresh-pilot-v1\iteration-0006\batch-02\


 Compressing files in S:\GTOpen-research\later-average-fresh-pilot-v1\iteration-0006\batch-03\


 Compressing files in S:\GTOpen-research\later-average-fresh-pilot-v1\iteration-0006\batch-04\


 Compressing files in S:\GTOpen-research\later-average-fresh-pilot-v1\iteration-0006\batch-05\


 Compressing files in S:\GTOpen-research\later-average-fresh-pilot-v1\iteration-0006\batch-06\


 Compressing files in S:\GTOpen-research\later-average-fresh-pilot-v1\iteration-0006\batch-07\


 Compressing files in S:\GTOpen-research\later-average-fresh-pilot-v1\iteration-0007\


 Compressing files in S:\GTOpen-research\later-average-fresh-pilot-v1\iteration-0007\batch-00\


 Compressing files in S:\GTOpen-research\later-average-fresh-pilot-v1\iteration-0007\batch-01\


 Compressing files in S:\GTOpen-research\later-average-fresh-pilot-v1\iteration-0007\batch-02\


 Compressing files in S:\GTOpen-research\later-average-fresh-pilot-v1\iteration-0007\batch-03\


 Compressing files in S:\GTOpen-research\later-average-fresh-pilot-v1\iteration-0007\batch-04\


 Compressing files in S:\GTOpen-research\later-average-fresh-pilot-v1\iteration-0007\batch-05\


 Compressing files in S:\GTOpen-research\later-average-fresh-pilot-v1\iteration-0007\batch-06\


 Compressing files in S:\GTOpen-research\later-average-fresh-pilot-v1\iteration-0007\batch-07\


 Compressing files in S:\GTOpen-research\later-average-fresh-pilot-v1\iteration-0008\


 Compressing files in S:\GTOpen-research\later-average-fresh-pilot-v1\iteration-0008\batch-00\


 Compressing files in S:\GTOpen-research\later-average-fresh-pilot-v1\iteration-0008\batch-01\


 Compressing files in S:\GTOpen-research\later-average-fresh-pilot-v1\iteration-0008\batch-02\


 Compressing files in S:\GTOpen-research\later-average-fresh-pilot-v1\iteration-0008\batch-03\


 Compressing files in S:\GTOpen-research\later-average-fresh-pilot-v1\iteration-0008\batch-04\


 Compressing files in S:\GTOpen-research\later-average-fresh-pilot-v1\iteration-0008\batch-05\


 Compressing files in S:\GTOpen-research\later-average-fresh-pilot-v1\iteration-0008\batch-06\


 Compressing files in S:\GTOpen-research\later-average-fresh-pilot-v1\iteration-0008\batch-07\


 Compressing files in S:\GTOpen-research\later-average-fresh-pilot-v1\iteration-0009\


 Compressing files in S:\GTOpen-research\later-average-fresh-pilot-v1\iteration-0009\batch-00\


 Compressing files in S:\GTOpen-research\later-average-fresh-pilot-v1\iteration-0009\batch-01\


 Compressing files in S:\GTOpen-research\later-average-fresh-pilot-v1\iteration-0009\batch-02\


 Compressing files in S:\GTOpen-research\later-average-fresh-pilot-v1\iteration-0009\batch-03\


 Compressing files in S:\GTOpen-research\later-average-fresh-pilot-v1\iteration-0009\batch-04\


 Compressing files in S:\GTOpen-research\later-average-fresh-pilot-v1\iteration-0009\batch-05\


 Compressing files in S:\GTOpen-research\later-average-fresh-pilot-v1\iteration-0009\batch-06\


 Compressing files in S:\GTOpen-research\later-average-fresh-pilot-v1\iteration-0009\batch-07\


 Compressing files in S:\GTOpen-research\later-average-fresh-pilot-v1\iteration-0010\


 Compressing files in S:\GTOpen-research\later-average-fresh-pilot-v1\iteration-0010\batch-00\


 Compressing files in S:\GTOpen-research\later-average-fresh-pilot-v1\iteration-0010\batch-01\


 Compressing files in S:\GTOpen-research\later-average-fresh-pilot-v1\iteration-0010\batch-02\


 Compressing files in S:\GTOpen-research\later-average-fresh-pilot-v1\iteration-0010\batch-03\


 Compressing files in S:\GTOpen-research\later-average-fresh-pilot-v1\iteration-0010\batch-04\


 Compressing files in S:\GTOpen-research\later-average-fresh-pilot-v1\iteration-0010\batch-05\


 Compressing files in S:\GTOpen-research\later-average-fresh-pilot-v1\iteration-0010\batch-06\


 Compressing files in S:\GTOpen-research\later-average-fresh-pilot-v1\iteration-0010\batch-07\


 Compressing files in S:\GTOpen-research\later-average-fresh-pilot-v1\iteration-0011\


 Compressing files in S:\GTOpen-research\later-average-fresh-pilot-v1\iteration-0011\batch-00\


 Compressing files in S:\GTOpen-research\later-average-fresh-pilot-v1\iteration-0011\batch-01\


 Compressing files in S:\GTOpen-research\later-average-fresh-pilot-v1\iteration-0011\batch-02\


 Compressing files in S:\GTOpen-research\later-average-fresh-pilot-v1\iteration-0011\batch-03\


 Compressing files in S:\GTOpen-research\later-average-fresh-pilot-v1\iteration-0011\batch-04\


 Compressing files in S:\GTOpen-research\later-average-fresh-pilot-v1\iteration-0011\batch-05\


 Compressing files in S:\GTOpen-research\later-average-fresh-pilot-v1\iteration-0011\batch-06\


 Compressing files in S:\GTOpen-research\later-average-fresh-pilot-v1\iteration-0011\batch-07\


 Compressing files in S:\GTOpen-research\later-average-fresh-pilot-v1\iteration-0012\


 Compressing files in S:\GTOpen-research\later-average-fresh-pilot-v1\iteration-0012\batch-00\


 Compressing files in S:\GTOpen-research\later-average-fresh-pilot-v1\iteration-0012\batch-01\


 Compressing files in S:\GTOpen-research\later-average-fresh-pilot-v1\iteration-0012\batch-02\


 Compressing files in S:\GTOpen-research\later-average-fresh-pilot-v1\iteration-0012\batch-03\


 Compressing files in S:\GTOpen-research\later-average-fresh-pilot-v1\iteration-0012\batch-04\


 Compressing files in S:\GTOpen-research\later-average-fresh-pilot-v1\iteration-0012\batch-05\


 Compressing files in S:\GTOpen-research\later-average-fresh-pilot-v1\iteration-0012\batch-06\


 Compressing files in S:\GTOpen-research\later-average-fresh-pilot-v1\iteration-0012\batch-07\


 Compressing files in S:\GTOpen-research\later-average-fresh-pilot-v1\iteration-0013\


 Compressing files in S:\GTOpen-research\later-average-fresh-pilot-v1\iteration-0013\batch-00\


 Compressing files in S:\GTOpen-research\later-average-fresh-pilot-v1\iteration-0013\batch-01\


 Compressing files in S:\GTOpen-research\later-average-fresh-pilot-v1\iteration-0013\batch-02\


 Compressing files in S:\GTOpen-research\later-average-fresh-pilot-v1\iteration-0013\batch-03\


 Compressing files in S:\GTOpen-research\later-average-fresh-pilot-v1\iteration-0013\batch-04\


 Compressing files in S:\GTOpen-research\later-average-fresh-pilot-v1\iteration-0013\batch-05\


 Compressing files in S:\GTOpen-research\later-average-fresh-pilot-v1\iteration-0013\batch-06\


 Compressing files in S:\GTOpen-research\later-average-fresh-pilot-v1\iteration-0013\batch-07\


 Compressing files in S:\GTOpen-research\later-average-fresh-pilot-v1\iteration-0014\


 Compressing files in S:\GTOpen-research\later-average-fresh-pilot-v1\iteration-0014\batch-00\


 Compressing files in S:\GTOpen-research\later-average-fresh-pilot-v1\iteration-0014\batch-01\


 Compressing files in S:\GTOpen-research\later-average-fresh-pilot-v1\iteration-0014\batch-02\


 Compressing files in S:\GTOpen-research\later-average-fresh-pilot-v1\iteration-0014\batch-03\


 Compressing files in S:\GTOpen-research\later-average-fresh-pilot-v1\iteration-0014\batch-04\


 Compressing files in S:\GTOpen-research\later-average-fresh-pilot-v1\iteration-0014\batch-05\


 Compressing files in S:\GTOpen-research\later-average-fresh-pilot-v1\iteration-0014\batch-06\


 Compressing files in S:\GTOpen-research\later-average-fresh-pilot-v1\iteration-0014\batch-07\


 Compressing files in S:\GTOpen-research\later-average-fresh-pilot-v1\iteration-0015\


 Compressing files in S:\GTOpen-research\later-average-fresh-pilot-v1\iteration-0015\batch-00\


 Compressing files in S:\GTOpen-research\later-average-fresh-pilot-v1\iteration-0015\batch-01\


 Compressing files in S:\GTOpen-research\later-average-fresh-pilot-v1\iteration-0015\batch-02\


 Compressing files in S:\GTOpen-research\later-average-fresh-pilot-v1\iteration-0015\batch-03\


 Compressing files in S:\GTOpen-research\later-average-fresh-pilot-v1\iteration-0015\batch-04\


 Compressing files in S:\GTOpen-research\later-average-fresh-pilot-v1\iteration-0015\batch-05\


 Compressing files in S:\GTOpen-research\later-average-fresh-pilot-v1\iteration-0015\batch-06\


 Compressing files in S:\GTOpen-research\later-average-fresh-pilot-v1\iteration-0015\batch-07\


 Compressing files in S:\GTOpen-research\later-average-fresh-pilot-v1\iteration-0016\


 Compressing files in S:\GTOpen-research\later-average-fresh-pilot-v1\iteration-0016\batch-00\


 Compressing files in S:\GTOpen-research\later-average-fresh-pilot-v1\iteration-0016\batch-01\


 Compressing files in S:\GTOpen-research\later-average-fresh-pilot-v1\iteration-0016\batch-02\


 Compressing files in S:\GTOpen-research\later-average-fresh-pilot-v1\iteration-0016\batch-03\


 Compressing files in S:\GTOpen-research\later-average-fresh-pilot-v1\iteration-0016\batch-04\


 Compressing files in S:\GTOpen-research\later-average-fresh-pilot-v1\iteration-0016\batch-05\


 Compressing files in S:\GTOpen-research\later-average-fresh-pilot-v1\iteration-0016\batch-06\


 Compressing files in S:\GTOpen-research\later-average-fresh-pilot-v1\iteration-0016\batch-07\


 Compressing files in S:\GTOpen-research\later-average-fresh-pilot-v1\iteration-0017\


 Compressing files in S:\GTOpen-research\later-average-fresh-pilot-v1\iteration-0017\batch-00\


 Compressing files in S:\GTOpen-research\later-average-fresh-pilot-v1\iteration-0017\batch-01\


 Compressing files in S:\GTOpen-research\later-average-fresh-pilot-v1\iteration-0017\batch-02\


 Compressing files in S:\GTOpen-research\later-average-fresh-pilot-v1\iteration-0017\batch-03\


 Compressing files in S:\GTOpen-research\later-average-fresh-pilot-v1\iteration-0017\batch-04\


 Compressing files in S:\GTOpen-research\later-average-fresh-pilot-v1\iteration-0017\batch-05\


 Compressing files in S:\GTOpen-research\later-average-fresh-pilot-v1\iteration-0017\batch-06\


 Compressing files in S:\GTOpen-research\later-average-fresh-pilot-v1\iteration-0017\batch-07\


 Compressing files in S:\GTOpen-research\later-average-fresh-pilot-v1\iteration-0018\


 Compressing files in S:\GTOpen-research\later-average-fresh-pilot-v1\iteration-0018\batch-00\


 Compressing files in S:\GTOpen-research\later-average-fresh-pilot-v1\iteration-0018\batch-01\


 Compressing files in S:\GTOpen-research\later-average-fresh-pilot-v1\iteration-0018\batch-02\


 Compressing files in S:\GTOpen-research\later-average-fresh-pilot-v1\iteration-0018\batch-03\


 Compressing files in S:\GTOpen-research\later-average-fresh-pilot-v1\iteration-0018\batch-04\


 Compressing files in S:\GTOpen-research\later-average-fresh-pilot-v1\iteration-0018\batch-05\


 Compressing files in S:\GTOpen-research\later-average-fresh-pilot-v1\iteration-0018\batch-06\


 Compressing files in S:\GTOpen-research\later-average-fresh-pilot-v1\iteration-0018\batch-07\


 Compressing files in S:\GTOpen-research\later-average-fresh-pilot-v1\iteration-0019\


 Compressing files in S:\GTOpen-research\later-average-fresh-pilot-v1\iteration-0019\batch-00\


 Compressing files in S:\GTOpen-research\later-average-fresh-pilot-v1\iteration-0019\batch-01\


 Compressing files in S:\GTOpen-research\later-average-fresh-pilot-v1\iteration-0019\batch-02\


 Compressing files in S:\GTOpen-research\later-average-fresh-pilot-v1\iteration-0019\batch-03\


 Compressing files in S:\GTOpen-research\later-average-fresh-pilot-v1\iteration-0019\batch-04\


 Compressing files in S:\GTOpen-research\later-average-fresh-pilot-v1\iteration-0019\batch-05\


 Compressing files in S:\GTOpen-research\later-average-fresh-pilot-v1\iteration-0019\batch-06\


 Compressing files in S:\GTOpen-research\later-average-fresh-pilot-v1\iteration-0019\batch-07\


 Compressing files in S:\GTOpen-research\later-average-fresh-pilot-v1\iteration-0020\


 Compressing files in S:\GTOpen-research\later-average-fresh-pilot-v1\iteration-0020\batch-00\


 Compressing files in S:\GTOpen-research\later-average-fresh-pilot-v1\iteration-0020\batch-01\


 Compressing files in S:\GTOpen-research\later-average-fresh-pilot-v1\iteration-0020\batch-02\


 Compressing files in S:\GTOpen-research\later-average-fresh-pilot-v1\iteration-0020\batch-03\


 Compressing files in S:\GTOpen-research\later-average-fresh-pilot-v1\iteration-0020\batch-04\


 Compressing files in S:\GTOpen-research\later-average-fresh-pilot-v1\iteration-0020\batch-05\


 Compressing files in S:\GTOpen-research\later-average-fresh-pilot-v1\iteration-0020\batch-06\


 Compressing files in S:\GTOpen-research\later-average-fresh-pilot-v1\iteration-0020\batch-07\


 Compressing files in S:\GTOpen-research\later-average-fresh-pilot-v1\iteration-0021\


 Compressing files in S:\GTOpen-research\later-average-fresh-pilot-v1\iteration-0021\batch-00\


 Compressing files in S:\GTOpen-research\later-average-fresh-pilot-v1\iteration-0021\batch-01\


 Compressing files in S:\GTOpen-research\later-average-fresh-pilot-v1\iteration-0021\batch-02\


 Compressing files in S:\GTOpen-research\later-average-fresh-pilot-v1\iteration-0021\batch-03\


 Compressing files in S:\GTOpen-research\later-average-fresh-pilot-v1\iteration-0021\batch-04\


 Compressing files in S:\GTOpen-research\later-average-fresh-pilot-v1\iteration-0021\batch-05\


 Compressing files in S:\GTOpen-research\later-average-fresh-pilot-v1\iteration-0021\batch-06\


 Compressing files in S:\GTOpen-research\later-average-fresh-pilot-v1\iteration-0021\batch-07\


 Compressing files in S:\GTOpen-research\later-average-fresh-pilot-v1\iteration-0022\


 Compressing files in S:\GTOpen-research\later-average-fresh-pilot-v1\iteration-0022\batch-00\


 Compressing files in S:\GTOpen-research\later-average-fresh-pilot-v1\iteration-0022\batch-01\


 Compressing files in S:\GTOpen-research\later-average-fresh-pilot-v1\iteration-0022\batch-02\


 Compressing files in S:\GTOpen-research\later-average-fresh-pilot-v1\iteration-0022\batch-03\


 Compressing files in S:\GTOpen-research\later-average-fresh-pilot-v1\iteration-0022\batch-04\


 Compressing files in S:\GTOpen-research\later-average-fresh-pilot-v1\iteration-0022\batch-05\


 Compressing files in S:\GTOpen-research\later-average-fresh-pilot-v1\iteration-0022\batch-06\


 Compressing files in S:\GTOpen-research\later-average-fresh-pilot-v1\iteration-0022\batch-07\


 Compressing files in S:\GTOpen-research\later-average-fresh-pilot-v1\iteration-0023\


 Compressing files in S:\GTOpen-research\later-average-fresh-pilot-v1\iteration-0023\batch-00\


 Compressing files in S:\GTOpen-research\later-average-fresh-pilot-v1\iteration-0023\batch-01\


 Compressing files in S:\GTOpen-research\later-average-fresh-pilot-v1\iteration-0023\batch-02\


 Compressing files in S:\GTOpen-research\later-average-fresh-pilot-v1\iteration-0023\batch-03\


 Compressing files in S:\GTOpen-research\later-average-fresh-pilot-v1\iteration-0023\batch-04\


 Compressing files in S:\GTOpen-research\later-average-fresh-pilot-v1\iteration-0023\batch-05\


 Compressing files in S:\GTOpen-research\later-average-fresh-pilot-v1\iteration-0023\batch-06\


 Compressing files in S:\GTOpen-research\later-average-fresh-pilot-v1\iteration-0023\batch-07\


 Compressing files in S:\GTOpen-research\later-average-fresh-pilot-v1\iteration-0024\


 Compressing files in S:\GTOpen-research\later-average-fresh-pilot-v1\iteration-0024\batch-00\


 Compressing files in S:\GTOpen-research\later-average-fresh-pilot-v1\iteration-0024\batch-01\


 Compressing files in S:\GTOpen-research\later-average-fresh-pilot-v1\iteration-0024\batch-02\


 Compressing files in S:\GTOpen-research\later-average-fresh-pilot-v1\iteration-0024\batch-03\


 Compressing files in S:\GTOpen-research\later-average-fresh-pilot-v1\iteration-0024\batch-04\


 Compressing files in S:\GTOpen-research\later-average-fresh-pilot-v1\iteration-0024\batch-05\


 Compressing files in S:\GTOpen-research\later-average-fresh-pilot-v1\iteration-0024\batch-06\


 Compressing files in S:\GTOpen-research\later-average-fresh-pilot-v1\iteration-0024\batch-07\


 Compressing files in S:\GTOpen-research\later-average-fresh-pilot-v1\iteration-0025\


 Compressing files in S:\GTOpen-research\later-average-fresh-pilot-v1\iteration-0025\batch-00\


 Compressing files in S:\GTOpen-research\later-average-fresh-pilot-v1\iteration-0025\batch-01\


 Compressing files in S:\GTOpen-research\later-average-fresh-pilot-v1\iteration-0025\batch-02\


 Compressing files in S:\GTOpen-research\later-average-fresh-pilot-v1\iteration-0025\batch-03\


 Compressing files in S:\GTOpen-research\later-average-fresh-pilot-v1\iteration-0025\batch-04\


 Compressing files in S:\GTOpen-research\later-average-fresh-pilot-v1\iteration-0025\batch-05\


 Compressing files in S:\GTOpen-research\later-average-fresh-pilot-v1\iteration-0025\batch-06\


 Compressing files in S:\GTOpen-research\later-average-fresh-pilot-v1\iteration-0025\batch-07\


 Compressing files in S:\GTOpen-research\later-average-fresh-pilot-v1\iteration-0026\


 Compressing files in S:\GTOpen-research\later-average-fresh-pilot-v1\iteration-0026\batch-00\


 Compressing files in S:\GTOpen-research\later-average-fresh-pilot-v1\iteration-0026\batch-01\


 Compressing files in S:\GTOpen-research\later-average-fresh-pilot-v1\iteration-0026\batch-02\


 Compressing files in S:\GTOpen-research\later-average-fresh-pilot-v1\iteration-0026\batch-03\


 Compressing files in S:\GTOpen-research\later-average-fresh-pilot-v1\iteration-0026\batch-04\


 Compressing files in S:\GTOpen-research\later-average-fresh-pilot-v1\iteration-0026\batch-05\


 Compressing files in S:\GTOpen-research\later-average-fresh-pilot-v1\iteration-0026\batch-06\


 Compressing files in S:\GTOpen-research\later-average-fresh-pilot-v1\iteration-0026\batch-07\


 Compressing files in S:\GTOpen-research\later-average-fresh-pilot-v1\iteration-0027\


 Compressing files in S:\GTOpen-research\later-average-fresh-pilot-v1\iteration-0027\batch-00\


 Compressing files in S:\GTOpen-research\later-average-fresh-pilot-v1\iteration-0027\batch-01\


 Compressing files in S:\GTOpen-research\later-average-fresh-pilot-v1\iteration-0027\batch-02\


 Compressing files in S:\GTOpen-research\later-average-fresh-pilot-v1\iteration-0027\batch-03\


 Compressing files in S:\GTOpen-research\later-average-fresh-pilot-v1\iteration-0027\batch-04\


 Compressing files in S:\GTOpen-research\later-average-fresh-pilot-v1\iteration-0027\batch-05\


 Compressing files in S:\GTOpen-research\later-average-fresh-pilot-v1\iteration-0027\batch-06\


 Compressing files in S:\GTOpen-research\later-average-fresh-pilot-v1\iteration-0027\batch-07\


 Compressing files in S:\GTOpen-research\later-average-fresh-pilot-v1\iteration-0028\


 Compressing files in S:\GTOpen-research\later-average-fresh-pilot-v1\iteration-0028\batch-00\


 Compressing files in S:\GTOpen-research\later-average-fresh-pilot-v1\iteration-0028\batch-01\


 Compressing files in S:\GTOpen-research\later-average-fresh-pilot-v1\iteration-0028\batch-02\


 Compressing files in S:\GTOpen-research\later-average-fresh-pilot-v1\iteration-0028\batch-03\


 Compressing files in S:\GTOpen-research\later-average-fresh-pilot-v1\iteration-0028\batch-04\


 Compressing files in S:\GTOpen-research\later-average-fresh-pilot-v1\iteration-0028\batch-05\


 Compressing files in S:\GTOpen-research\later-average-fresh-pilot-v1\iteration-0028\batch-06\


 Compressing files in S:\GTOpen-research\later-average-fresh-pilot-v1\iteration-0028\batch-07\


 Compressing files in S:\GTOpen-research\later-average-fresh-pilot-v1\iteration-0029\


 Compressing files in S:\GTOpen-research\later-average-fresh-pilot-v1\iteration-0029\batch-00\


 Compressing files in S:\GTOpen-research\later-average-fresh-pilot-v1\iteration-0029\batch-01\


 Compressing files in S:\GTOpen-research\later-average-fresh-pilot-v1\iteration-0029\batch-02\


 Compressing files in S:\GTOpen-research\later-average-fresh-pilot-v1\iteration-0029\batch-03\


 Compressing files in S:\GTOpen-research\later-average-fresh-pilot-v1\iteration-0029\batch-04\


 Compressing files in S:\GTOpen-research\later-average-fresh-pilot-v1\iteration-0029\batch-05\


 Compressing files in S:\GTOpen-research\later-average-fresh-pilot-v1\iteration-0029\batch-06\


 Compressing files in S:\GTOpen-research\later-average-fresh-pilot-v1\iteration-0029\batch-07\


 Compressing files in S:\GTOpen-research\later-average-fresh-pilot-v1\iteration-0030\


 Compressing files in S:\GTOpen-research\later-average-fresh-pilot-v1\iteration-0030\batch-00\


 Compressing files in S:\GTOpen-research\later-average-fresh-pilot-v1\iteration-0030\batch-01\


 Compressing files in S:\GTOpen-research\later-average-fresh-pilot-v1\iteration-0030\batch-02\


 Compressing files in S:\GTOpen-research\later-average-fresh-pilot-v1\iteration-0030\batch-03\


 Compressing files in S:\GTOpen-research\later-average-fresh-pilot-v1\iteration-0030\batch-04\


 Compressing files in S:\GTOpen-research\later-average-fresh-pilot-v1\iteration-0030\batch-05\


 Compressing files in S:\GTOpen-research\later-average-fresh-pilot-v1\iteration-0030\batch-06\


 Compressing files in S:\GTOpen-research\later-average-fresh-pilot-v1\iteration-0030\batch-07\


 Compressing files in S:\GTOpen-research\later-average-fresh-pilot-v1\iteration-0031\


 Compressing files in S:\GTOpen-research\later-average-fresh-pilot-v1\iteration-0031\batch-00\


 Compressing files in S:\GTOpen-research\later-average-fresh-pilot-v1\iteration-0031\batch-01\


 Compressing files in S:\GTOpen-research\later-average-fresh-pilot-v1\iteration-0031\batch-02\


 Compressing files in S:\GTOpen-research\later-average-fresh-pilot-v1\iteration-0031\batch-03\


 Compressing files in S:\GTOpen-research\later-average-fresh-pilot-v1\iteration-0031\batch-04\


 Compressing files in S:\GTOpen-research\later-average-fresh-pilot-v1\iteration-0031\batch-05\


 Compressing files in S:\GTOpen-research\later-average-fresh-pilot-v1\iteration-0031\batch-06\


 Compressing files in S:\GTOpen-research\later-average-fresh-pilot-v1\iteration-0031\batch-07\


 Compressing files in S:\GTOpen-research\later-average-fresh-pilot-v1\iteration-0032\


 Compressing files in S:\GTOpen-research\later-average-fresh-pilot-v1\iteration-0032\batch-00\


 Compressing files in S:\GTOpen-research\later-average-fresh-pilot-v1\iteration-0032\batch-01\


 Compressing files in S:\GTOpen-research\later-average-fresh-pilot-v1\iteration-0032\batch-02\


 Compressing files in S:\GTOpen-research\later-average-fresh-pilot-v1\iteration-0032\batch-03\


 Compressing files in S:\GTOpen-research\later-average-fresh-pilot-v1\iteration-0032\batch-04\


 Compressing files in S:\GTOpen-research\later-average-fresh-pilot-v1\iteration-0032\batch-05\


 Compressing files in S:\GTOpen-research\later-average-fresh-pilot-v1\iteration-0032\batch-06\


 Compressing files in S:\GTOpen-research\later-average-fresh-pilot-v1\iteration-0032\batch-07\


 Compressing files in S:\GTOpen-research\later-average-fresh-pilot-v1\iteration-0033\


 Compressing files in S:\GTOpen-research\later-average-fresh-pilot-v1\iteration-0033\batch-00\


 Compressing files in S:\GTOpen-research\later-average-fresh-pilot-v1\iteration-0033\batch-01\


 Compressing files in S:\GTOpen-research\later-average-fresh-pilot-v1\iteration-0033\batch-02\


 Compressing files in S:\GTOpen-research\later-average-fresh-pilot-v1\iteration-0033\batch-03\


 Compressing files in S:\GTOpen-research\later-average-fresh-pilot-v1\iteration-0033\batch-04\


 Compressing files in S:\GTOpen-research\later-average-fresh-pilot-v1\iteration-0033\batch-05\


 Compressing files in S:\GTOpen-research\later-average-fresh-pilot-v1\iteration-0033\batch-06\


 Compressing files in S:\GTOpen-research\later-average-fresh-pilot-v1\iteration-0033\batch-07\


 Compressing files in S:\GTOpen-research\later-average-fresh-pilot-v1\iteration-0034\


 Compressing files in S:\GTOpen-research\later-average-fresh-pilot-v1\iteration-0034\batch-00\


 Compressing files in S:\GTOpen-research\later-average-fresh-pilot-v1\iteration-0034\batch-01\


 Compressing files in S:\GTOpen-research\later-average-fresh-pilot-v1\iteration-0034\batch-02\


 Compressing files in S:\GTOpen-research\later-average-fresh-pilot-v1\iteration-0034\batch-03\


 Compressing files in S:\GTOpen-research\later-average-fresh-pilot-v1\iteration-0034\batch-04\


 Compressing files in S:\GTOpen-research\later-average-fresh-pilot-v1\iteration-0034\batch-05\


 Compressing files in S:\GTOpen-research\later-average-fresh-pilot-v1\iteration-0034\batch-06\


 Compressing files in S:\GTOpen-research\later-average-fresh-pilot-v1\iteration-0034\batch-07\


 Compressing files in S:\GTOpen-research\later-average-fresh-pilot-v1\iteration-0035\


 Compressing files in S:\GTOpen-research\later-average-fresh-pilot-v1\iteration-0035\batch-00\


 Compressing files in S:\GTOpen-research\later-average-fresh-pilot-v1\iteration-0035\batch-01\


 Compressing files in S:\GTOpen-research\later-average-fresh-pilot-v1\iteration-0035\batch-02\


 Compressing files in S:\GTOpen-research\later-average-fresh-pilot-v1\iteration-0035\batch-03\


 Compressing files in S:\GTOpen-research\later-average-fresh-pilot-v1\iteration-0035\batch-04\


 Compressing files in S:\GTOpen-research\later-average-fresh-pilot-v1\iteration-0035\batch-05\


 Compressing files in S:\GTOpen-research\later-average-fresh-pilot-v1\iteration-0035\batch-06\


 Compressing files in S:\GTOpen-research\later-average-fresh-pilot-v1\iteration-0035\batch-07\


 Compressing files in S:\GTOpen-research\later-average-fresh-pilot-v1\iteration-0036\


 Compressing files in S:\GTOpen-research\later-average-fresh-pilot-v1\iteration-0036\batch-00\


 Compressing files in S:\GTOpen-research\later-average-fresh-pilot-v1\iteration-0036\batch-01\


 Compressing files in S:\GTOpen-research\later-average-fresh-pilot-v1\iteration-0036\batch-02\


 Compressing files in S:\GTOpen-research\later-average-fresh-pilot-v1\iteration-0036\batch-03\


 Compressing files in S:\GTOpen-research\later-average-fresh-pilot-v1\iteration-0036\batch-04\


 Compressing files in S:\GTOpen-research\later-average-fresh-pilot-v1\iteration-0036\batch-05\


 Compressing files in S:\GTOpen-research\later-average-fresh-pilot-v1\iteration-0036\batch-06\


 Compressing files in S:\GTOpen-research\later-average-fresh-pilot-v1\iteration-0036\batch-07\


 Compressing files in S:\GTOpen-research\later-average-fresh-pilot-v1\iteration-0037\


 Compressing files in S:\GTOpen-research\later-average-fresh-pilot-v1\iteration-0037\batch-00\


 Compressing files in S:\GTOpen-research\later-average-fresh-pilot-v1\iteration-0037\batch-01\


 Compressing files in S:\GTOpen-research\later-average-fresh-pilot-v1\iteration-0037\batch-02\


 Compressing files in S:\GTOpen-research\later-average-fresh-pilot-v1\iteration-0037\batch-03\


 Compressing files in S:\GTOpen-research\later-average-fresh-pilot-v1\iteration-0037\batch-04\


 Compressing files in S:\GTOpen-research\later-average-fresh-pilot-v1\iteration-0037\batch-05\


 Compressing files in S:\GTOpen-research\later-average-fresh-pilot-v1\iteration-0037\batch-06\


 Compressing files in S:\GTOpen-research\later-average-fresh-pilot-v1\iteration-0037\batch-07\


 Compressing files in S:\GTOpen-research\later-average-fresh-pilot-v1\iteration-0038\


 Compressing files in S:\GTOpen-research\later-average-fresh-pilot-v1\iteration-0038\batch-00\


 Compressing files in S:\GTOpen-research\later-average-fresh-pilot-v1\iteration-0038\batch-01\


 Compressing files in S:\GTOpen-research\later-average-fresh-pilot-v1\iteration-0038\batch-02\


 Compressing files in S:\GTOpen-research\later-average-fresh-pilot-v1\iteration-0038\batch-03\


 Compressing files in S:\GTOpen-research\later-average-fresh-pilot-v1\iteration-0038\batch-04\


 Compressing files in S:\GTOpen-research\later-average-fresh-pilot-v1\iteration-0038\batch-05\


 Compressing files in S:\GTOpen-research\later-average-fresh-pilot-v1\iteration-0038\batch-06\


 Compressing files in S:\GTOpen-research\later-average-fresh-pilot-v1\iteration-0038\batch-07\


 Compressing files in S:\GTOpen-research\later-average-fresh-pilot-v1\iteration-0039\


 Compressing files in S:\GTOpen-research\later-average-fresh-pilot-v1\iteration-0039\batch-00\


 Compressing files in S:\GTOpen-research\later-average-fresh-pilot-v1\iteration-0039\batch-01\


 Compressing files in S:\GTOpen-research\later-average-fresh-pilot-v1\iteration-0039\batch-02\


 Compressing files in S:\GTOpen-research\later-average-fresh-pilot-v1\iteration-0039\batch-03\


 Compressing files in S:\GTOpen-research\later-average-fresh-pilot-v1\iteration-0039\batch-04\


 Compressing files in S:\GTOpen-research\later-average-fresh-pilot-v1\iteration-0039\batch-05\


 Compressing files in S:\GTOpen-research\later-average-fresh-pilot-v1\iteration-0039\batch-06\


 Compressing files in S:\GTOpen-research\later-average-fresh-pilot-v1\iteration-0039\batch-07\


 Compressing files in S:\GTOpen-research\later-average-fresh-pilot-v1\iteration-0040\


 Compressing files in S:\GTOpen-research\later-average-fresh-pilot-v1\iteration-0040\batch-00\


 Compressing files in S:\GTOpen-research\later-average-fresh-pilot-v1\iteration-0040\batch-01\


 Compressing files in S:\GTOpen-research\later-average-fresh-pilot-v1\iteration-0040\batch-02\


 Compressing files in S:\GTOpen-research\later-average-fresh-pilot-v1\iteration-0040\batch-03\


 Compressing files in S:\GTOpen-research\later-average-fresh-pilot-v1\iteration-0040\batch-04\


 Compressing files in S:\GTOpen-research\later-average-fresh-pilot-v1\iteration-0040\batch-05\


 Compressing files in S:\GTOpen-research\later-average-fresh-pilot-v1\iteration-0040\batch-06\


 Compressing files in S:\GTOpen-research\later-average-fresh-pilot-v1\iteration-0040\batch-07\


 Compressing files in S:\GTOpen-research\later-average-fresh-pilot-v1\iteration-0041\


 Compressing files in S:\GTOpen-research\later-average-fresh-pilot-v1\iteration-0041\batch-00\


 Compressing files in S:\GTOpen-research\later-average-fresh-pilot-v1\iteration-0041\batch-01\


 Compressing files in S:\GTOpen-research\later-average-fresh-pilot-v1\iteration-0041\batch-02\


 Compressing files in S:\GTOpen-research\later-average-fresh-pilot-v1\iteration-0041\batch-03\


 Compressing files in S:\GTOpen-research\later-average-fresh-pilot-v1\iteration-0041\batch-04\


 Compressing files in S:\GTOpen-research\later-average-fresh-pilot-v1\iteration-0041\batch-05\


 Compressing files in S:\GTOpen-research\later-average-fresh-pilot-v1\iteration-0041\batch-06\


 Compressing files in S:\GTOpen-research\later-average-fresh-pilot-v1\iteration-0041\batch-07\


 Compressing files in S:\GTOpen-research\later-average-fresh-pilot-v1\iteration-0042\


 Compressing files in S:\GTOpen-research\later-average-fresh-pilot-v1\iteration-0042\batch-00\


 Compressing files in S:\GTOpen-research\later-average-fresh-pilot-v1\iteration-0042\batch-01\


 Compressing files in S:\GTOpen-research\later-average-fresh-pilot-v1\iteration-0042\batch-02\


 Compressing files in S:\GTOpen-research\later-average-fresh-pilot-v1\iteration-0042\batch-03\


 Compressing files in S:\GTOpen-research\later-average-fresh-pilot-v1\iteration-0042\batch-04\


 Compressing files in S:\GTOpen-research\later-average-fresh-pilot-v1\iteration-0042\batch-05\


 Compressing files in S:\GTOpen-research\later-average-fresh-pilot-v1\iteration-0042\batch-06\


 Compressing files in S:\GTOpen-research\later-average-fresh-pilot-v1\iteration-0042\batch-07\


 Compressing files in S:\GTOpen-research\later-average-fresh-pilot-v1\iteration-0043\


 Compressing files in S:\GTOpen-research\later-average-fresh-pilot-v1\iteration-0043\batch-00\


 Compressing files in S:\GTOpen-research\later-average-fresh-pilot-v1\iteration-0043\batch-01\


 Compressing files in S:\GTOpen-research\later-average-fresh-pilot-v1\iteration-0043\batch-02\


 Compressing files in S:\GTOpen-research\later-average-fresh-pilot-v1\iteration-0043\batch-03\


 Compressing files in S:\GTOpen-research\later-average-fresh-pilot-v1\iteration-0043\batch-04\


 Compressing files in S:\GTOpen-research\later-average-fresh-pilot-v1\iteration-0043\batch-05\


 Compressing files in S:\GTOpen-research\later-average-fresh-pilot-v1\iteration-0043\batch-06\


 Compressing files in S:\GTOpen-research\later-average-fresh-pilot-v1\iteration-0043\batch-07\


 Compressing files in S:\GTOpen-research\later-average-fresh-pilot-v1\iteration-0044\


 Compressing files in S:\GTOpen-research\later-average-fresh-pilot-v1\iteration-0044\batch-00\


 Compressing files in S:\GTOpen-research\later-average-fresh-pilot-v1\iteration-0044\batch-01\


 Compressing files in S:\GTOpen-research\later-average-fresh-pilot-v1\iteration-0044\batch-02\


 Compressing files in S:\GTOpen-research\later-average-fresh-pilot-v1\iteration-0044\batch-03\


 Compressing files in S:\GTOpen-research\later-average-fresh-pilot-v1\iteration-0044\batch-04\


 Compressing files in S:\GTOpen-research\later-average-fresh-pilot-v1\iteration-0044\batch-05\


 Compressing files in S:\GTOpen-research\later-average-fresh-pilot-v1\iteration-0044\batch-06\


 Compressing files in S:\GTOpen-research\later-average-fresh-pilot-v1\iteration-0044\batch-07\


 Compressing files in S:\GTOpen-research\later-average-fresh-pilot-v1\iteration-0045\


 Compressing files in S:\GTOpen-research\later-average-fresh-pilot-v1\iteration-0045\batch-00\


 Compressing files in S:\GTOpen-research\later-average-fresh-pilot-v1\iteration-0045\batch-01\


 Compressing files in S:\GTOpen-research\later-average-fresh-pilot-v1\iteration-0045\batch-02\


 Compressing files in S:\GTOpen-research\later-average-fresh-pilot-v1\iteration-0045\batch-03\


 Compressing files in S:\GTOpen-research\later-average-fresh-pilot-v1\iteration-0045\batch-04\


 Compressing files in S:\GTOpen-research\later-average-fresh-pilot-v1\iteration-0045\batch-05\


 Compressing files in S:\GTOpen-research\later-average-fresh-pilot-v1\iteration-0045\batch-06\


 Compressing files in S:\GTOpen-research\later-average-fresh-pilot-v1\iteration-0045\batch-07\


 Compressing files in S:\GTOpen-research\later-average-fresh-pilot-v1\iteration-0046\


 Compressing files in S:\GTOpen-research\later-average-fresh-pilot-v1\iteration-0046\batch-00\


 Compressing files in S:\GTOpen-research\later-average-fresh-pilot-v1\iteration-0046\batch-01\


 Compressing files in S:\GTOpen-research\later-average-fresh-pilot-v1\iteration-0046\batch-02\


 Compressing files in S:\GTOpen-research\later-average-fresh-pilot-v1\iteration-0046\batch-03\


 Compressing files in S:\GTOpen-research\later-average-fresh-pilot-v1\iteration-0046\batch-04\


 Compressing files in S:\GTOpen-research\later-average-fresh-pilot-v1\iteration-0046\batch-05\


 Compressing files in S:\GTOpen-research\later-average-fresh-pilot-v1\iteration-0046\batch-06\


 Compressing files in S:\GTOpen-research\later-average-fresh-pilot-v1\iteration-0046\batch-07\


 Compressing files in S:\GTOpen-research\later-average-fresh-pilot-v1\iteration-0047\


 Compressing files in S:\GTOpen-research\later-average-fresh-pilot-v1\iteration-0047\batch-00\


 Compressing files in S:\GTOpen-research\later-average-fresh-pilot-v1\iteration-0047\batch-01\


 Compressing files in S:\GTOpen-research\later-average-fresh-pilot-v1\iteration-0047\batch-02\


 Compressing files in S:\GTOpen-research\later-average-fresh-pilot-v1\iteration-0047\batch-03\


 Compressing files in S:\GTOpen-research\later-average-fresh-pilot-v1\iteration-0047\batch-04\


 Compressing files in S:\GTOpen-research\later-average-fresh-pilot-v1\iteration-0047\batch-05\


 Compressing files in S:\GTOpen-research\later-average-fresh-pilot-v1\iteration-0047\batch-06\


 Compressing files in S:\GTOpen-research\later-average-fresh-pilot-v1\iteration-0047\batch-07\


 Compressing files in S:\GTOpen-research\later-average-fresh-pilot-v1\iteration-0048\


 Compressing files in S:\GTOpen-research\later-average-fresh-pilot-v1\iteration-0048\batch-00\


 Compressing files in S:\GTOpen-research\later-average-fresh-pilot-v1\iteration-0048\batch-01\


 Compressing files in S:\GTOpen-research\later-average-fresh-pilot-v1\iteration-0048\batch-02\


 Compressing files in S:\GTOpen-research\later-average-fresh-pilot-v1\iteration-0048\batch-03\


 Compressing files in S:\GTOpen-research\later-average-fresh-pilot-v1\iteration-0048\batch-04\


 Compressing files in S:\GTOpen-research\later-average-fresh-pilot-v1\iteration-0048\batch-05\


 Compressing files in S:\GTOpen-research\later-average-fresh-pilot-v1\iteration-0048\batch-06\


 Compressing files in S:\GTOpen-research\later-average-fresh-pilot-v1\iteration-0048\batch-07\


 Compressing files in S:\GTOpen-research\later-average-fresh-pilot-v1\iteration-0049\


 Compressing files in S:\GTOpen-research\later-average-fresh-pilot-v1\iteration-0049\batch-00\


 Compressing files in S:\GTOpen-research\later-average-fresh-pilot-v1\iteration-0049\batch-01\


 Compressing files in S:\GTOpen-research\later-average-fresh-pilot-v1\iteration-0049\batch-02\


 Compressing files in S:\GTOpen-research\later-average-fresh-pilot-v1\iteration-0049\batch-03\


 Compressing files in S:\GTOpen-research\later-average-fresh-pilot-v1\iteration-0049\batch-04\


 Compressing files in S:\GTOpen-research\later-average-fresh-pilot-v1\iteration-0049\batch-05\


 Compressing files in S:\GTOpen-research\later-average-fresh-pilot-v1\iteration-0049\batch-06\


 Compressing files in S:\GTOpen-research\later-average-fresh-pilot-v1\iteration-0049\batch-07\


 Compressing files in S:\GTOpen-research\later-average-fresh-pilot-v1\iteration-0050\


 Compressing files in S:\GTOpen-research\later-average-fresh-pilot-v1\iteration-0050\batch-00\


 Compressing files in S:\GTOpen-research\later-average-fresh-pilot-v1\iteration-0050\batch-01\


 Compressing files in S:\GTOpen-research\later-average-fresh-pilot-v1\iteration-0050\batch-02\


 Compressing files in S:\GTOpen-research\later-average-fresh-pilot-v1\iteration-0050\batch-03\


 Compressing files in S:\GTOpen-research\later-average-fresh-pilot-v1\iteration-0050\batch-04\


 Compressing files in S:\GTOpen-research\later-average-fresh-pilot-v1\iteration-0050\batch-05\


 Compressing files in S:\GTOpen-research\later-average-fresh-pilot-v1\iteration-0050\batch-06\


 Compressing files in S:\GTOpen-research\later-average-fresh-pilot-v1\iteration-0050\batch-07\


 Compressing files in S:\GTOpen-research\later-average-fresh-pilot-v1\iteration-0051\


 Compressing files in S:\GTOpen-research\later-average-fresh-pilot-v1\iteration-0051\batch-00\


 Compressing files in S:\GTOpen-research\later-average-fresh-pilot-v1\iteration-0051\batch-01\


 Compressing files in S:\GTOpen-research\later-average-fresh-pilot-v1\iteration-0051\batch-02\


 Compressing files in S:\GTOpen-research\later-average-fresh-pilot-v1\iteration-0051\batch-03\


 Compressing files in S:\GTOpen-research\later-average-fresh-pilot-v1\iteration-0051\batch-04\


 Compressing files in S:\GTOpen-research\later-average-fresh-pilot-v1\iteration-0051\batch-05\


 Compressing files in S:\GTOpen-research\later-average-fresh-pilot-v1\iteration-0051\batch-06\


 Compressing files in S:\GTOpen-research\later-average-fresh-pilot-v1\iteration-0051\batch-07\


 Compressing files in S:\GTOpen-research\later-average-fresh-pilot-v1\iteration-0052\


 Compressing files in S:\GTOpen-research\later-average-fresh-pilot-v1\iteration-0052\batch-00\


 Compressing files in S:\GTOpen-research\later-average-fresh-pilot-v1\iteration-0052\batch-01\


 Compressing files in S:\GTOpen-research\later-average-fresh-pilot-v1\iteration-0052\batch-02\


 Compressing files in S:\GTOpen-research\later-average-fresh-pilot-v1\iteration-0052\batch-03\


 Compressing files in S:\GTOpen-research\later-average-fresh-pilot-v1\iteration-0052\batch-04\


 Compressing files in S:\GTOpen-research\later-average-fresh-pilot-v1\iteration-0052\batch-05\


 Compressing files in S:\GTOpen-research\later-average-fresh-pilot-v1\iteration-0052\batch-06\


 Compressing files in S:\GTOpen-research\later-average-fresh-pilot-v1\iteration-0052\batch-07\


 Compressing files in S:\GTOpen-research\later-average-fresh-pilot-v1\iteration-0053\


 Compressing files in S:\GTOpen-research\later-average-fresh-pilot-v1\iteration-0053\batch-00\


 Compressing files in S:\GTOpen-research\later-average-fresh-pilot-v1\iteration-0053\batch-01\


 Compressing files in S:\GTOpen-research\later-average-fresh-pilot-v1\iteration-0053\batch-02\


 Compressing files in S:\GTOpen-research\later-average-fresh-pilot-v1\iteration-0053\batch-03\


 Compressing files in S:\GTOpen-research\later-average-fresh-pilot-v1\iteration-0053\batch-04\


 Compressing files in S:\GTOpen-research\later-average-fresh-pilot-v1\iteration-0053\batch-05\


 Compressing files in S:\GTOpen-research\later-average-fresh-pilot-v1\iteration-0053\batch-06\


 Compressing files in S:\GTOpen-research\later-average-fresh-pilot-v1\iteration-0053\batch-07\


 Compressing files in S:\GTOpen-research\later-average-fresh-pilot-v1\iteration-0054\


 Compressing files in S:\GTOpen-research\later-average-fresh-pilot-v1\iteration-0054\batch-00\


 Compressing files in S:\GTOpen-research\later-average-fresh-pilot-v1\iteration-0054\batch-01\


 Compressing files in S:\GTOpen-research\later-average-fresh-pilot-v1\iteration-0054\batch-02\


 Compressing files in S:\GTOpen-research\later-average-fresh-pilot-v1\iteration-0054\batch-03\


 Compressing files in S:\GTOpen-research\later-average-fresh-pilot-v1\iteration-0054\batch-04\


 Compressing files in S:\GTOpen-research\later-average-fresh-pilot-v1\iteration-0054\batch-05\


 Compressing files in S:\GTOpen-research\later-average-fresh-pilot-v1\iteration-0054\batch-06\


 Compressing files in S:\GTOpen-research\later-average-fresh-pilot-v1\iteration-0054\batch-07\


 Compressing files in S:\GTOpen-research\later-average-fresh-pilot-v1\iteration-0055\


 Compressing files in S:\GTOpen-research\later-average-fresh-pilot-v1\iteration-0055\batch-00\


 Compressing files in S:\GTOpen-research\later-average-fresh-pilot-v1\iteration-0055\batch-01\


 Compressing files in S:\GTOpen-research\later-average-fresh-pilot-v1\iteration-0055\batch-02\


 Compressing files in S:\GTOpen-research\later-average-fresh-pilot-v1\iteration-0055\batch-03\


 Compressing files in S:\GTOpen-research\later-average-fresh-pilot-v1\iteration-0055\batch-04\


 Compressing files in S:\GTOpen-research\later-average-fresh-pilot-v1\iteration-0055\batch-05\


 Compressing files in S:\GTOpen-research\later-average-fresh-pilot-v1\iteration-0055\batch-06\


 Compressing files in S:\GTOpen-research\later-average-fresh-pilot-v1\iteration-0055\batch-07\


 Compressing files in S:\GTOpen-research\later-average-fresh-pilot-v1\iteration-0056\


 Compressing files in S:\GTOpen-research\later-average-fresh-pilot-v1\iteration-0056\batch-00\


 Compressing files in S:\GTOpen-research\later-average-fresh-pilot-v1\iteration-0056\batch-01\


 Compressing files in S:\GTOpen-research\later-average-fresh-pilot-v1\iteration-0056\batch-02\


 Compressing files in S:\GTOpen-research\later-average-fresh-pilot-v1\iteration-0056\batch-03\


 Compressing files in S:\GTOpen-research\later-average-fresh-pilot-v1\iteration-0056\batch-04\


 Compressing files in S:\GTOpen-research\later-average-fresh-pilot-v1\iteration-0056\batch-05\


 Compressing files in S:\GTOpen-research\later-average-fresh-pilot-v1\iteration-0056\batch-06\


 Compressing files in S:\GTOpen-research\later-average-fresh-pilot-v1\iteration-0056\batch-07\


 Compressing files in S:\GTOpen-research\later-average-fresh-pilot-v1\iteration-0057\


 Compressing files in S:\GTOpen-research\later-average-fresh-pilot-v1\iteration-0057\batch-00\


 Compressing files in S:\GTOpen-research\later-average-fresh-pilot-v1\iteration-0057\batch-01\


 Compressing files in S:\GTOpen-research\later-average-fresh-pilot-v1\iteration-0057\batch-02\


 Compressing files in S:\GTOpen-research\later-average-fresh-pilot-v1\iteration-0057\batch-03\


 Compressing files in S:\GTOpen-research\later-average-fresh-pilot-v1\iteration-0057\batch-04\


 Compressing files in S:\GTOpen-research\later-average-fresh-pilot-v1\iteration-0057\batch-05\


 Compressing files in S:\GTOpen-research\later-average-fresh-pilot-v1\iteration-0057\batch-06\


 Compressing files in S:\GTOpen-research\later-average-fresh-pilot-v1\iteration-0057\batch-07\


 Compressing files in S:\GTOpen-research\later-average-fresh-pilot-v1\iteration-0058\


 Compressing files in S:\GTOpen-research\later-average-fresh-pilot-v1\iteration-0058\batch-00\


 Compressing files in S:\GTOpen-research\later-average-fresh-pilot-v1\iteration-0058\batch-01\


 Compressing files in S:\GTOpen-research\later-average-fresh-pilot-v1\iteration-0058\batch-02\


 Compressing files in S:\GTOpen-research\later-average-fresh-pilot-v1\iteration-0058\batch-03\


 Compressing files in S:\GTOpen-research\later-average-fresh-pilot-v1\iteration-0058\batch-04\


 Compressing files in S:\GTOpen-research\later-average-fresh-pilot-v1\iteration-0058\batch-05\


 Compressing files in S:\GTOpen-research\later-average-fresh-pilot-v1\iteration-0058\batch-06\


 Compressing files in S:\GTOpen-research\later-average-fresh-pilot-v1\iteration-0058\batch-07\


 Compressing files in S:\GTOpen-research\later-average-fresh-pilot-v1\iteration-0059\


 Compressing files in S:\GTOpen-research\later-average-fresh-pilot-v1\iteration-0059\batch-00\


 Compressing files in S:\GTOpen-research\later-average-fresh-pilot-v1\iteration-0059\batch-01\


 Compressing files in S:\GTOpen-research\later-average-fresh-pilot-v1\iteration-0059\batch-02\


 Compressing files in S:\GTOpen-research\later-average-fresh-pilot-v1\iteration-0059\batch-03\


 Compressing files in S:\GTOpen-research\later-average-fresh-pilot-v1\iteration-0059\batch-04\


 Compressing files in S:\GTOpen-research\later-average-fresh-pilot-v1\iteration-0059\batch-05\


 Compressing files in S:\GTOpen-research\later-average-fresh-pilot-v1\iteration-0059\batch-06\


 Compressing files in S:\GTOpen-research\later-average-fresh-pilot-v1\iteration-0059\batch-07\


 Compressing files in S:\GTOpen-research\later-average-fresh-pilot-v1\iteration-0060\


 Compressing files in S:\GTOpen-research\later-average-fresh-pilot-v1\iteration-0060\batch-00\


 Compressing files in S:\GTOpen-research\later-average-fresh-pilot-v1\iteration-0060\batch-01\


 Compressing files in S:\GTOpen-research\later-average-fresh-pilot-v1\iteration-0060\batch-02\


 Compressing files in S:\GTOpen-research\later-average-fresh-pilot-v1\iteration-0060\batch-03\


 Compressing files in S:\GTOpen-research\later-average-fresh-pilot-v1\iteration-0060\batch-04\


 Compressing files in S:\GTOpen-research\later-average-fresh-pilot-v1\iteration-0060\batch-05\


 Compressing files in S:\GTOpen-research\later-average-fresh-pilot-v1\iteration-0060\batch-06\


 Compressing files in S:\GTOpen-research\later-average-fresh-pilot-v1\iteration-0060\batch-07\


 Compressing files in S:\GTOpen-research\later-average-fresh-pilot-v1\iteration-0061\


 Compressing files in S:\GTOpen-research\later-average-fresh-pilot-v1\iteration-0061\batch-00\


 Compressing files in S:\GTOpen-research\later-average-fresh-pilot-v1\iteration-0061\batch-01\


 Compressing files in S:\GTOpen-research\later-average-fresh-pilot-v1\iteration-0061\batch-02\


 Compressing files in S:\GTOpen-research\later-average-fresh-pilot-v1\iteration-0061\batch-03\


 Compressing files in S:\GTOpen-research\later-average-fresh-pilot-v1\iteration-0061\batch-04\


 Compressing files in S:\GTOpen-research\later-average-fresh-pilot-v1\iteration-0061\batch-05\


 Compressing files in S:\GTOpen-research\later-average-fresh-pilot-v1\iteration-0061\batch-06\


 Compressing files in S:\GTOpen-research\later-average-fresh-pilot-v1\iteration-0061\batch-07\


 Compressing files in S:\GTOpen-research\later-average-fresh-pilot-v1\iteration-0062\


 Compressing files in S:\GTOpen-research\later-average-fresh-pilot-v1\iteration-0062\batch-00\


 Compressing files in S:\GTOpen-research\later-average-fresh-pilot-v1\iteration-0062\batch-01\


 Compressing files in S:\GTOpen-research\later-average-fresh-pilot-v1\iteration-0062\batch-02\


 Compressing files in S:\GTOpen-research\later-average-fresh-pilot-v1\iteration-0062\batch-03\


 Compressing files in S:\GTOpen-research\later-average-fresh-pilot-v1\iteration-0062\batch-04\


 Compressing files in S:\GTOpen-research\later-average-fresh-pilot-v1\iteration-0062\batch-05\


 Compressing files in S:\GTOpen-research\later-average-fresh-pilot-v1\iteration-0062\batch-06\


 Compressing files in S:\GTOpen-research\later-average-fresh-pilot-v1\iteration-0062\batch-07\


 Compressing files in S:\GTOpen-research\later-average-fresh-pilot-v1\iteration-0063\


 Compressing files in S:\GTOpen-research\later-average-fresh-pilot-v1\iteration-0063\batch-00\


 Compressing files in S:\GTOpen-research\later-average-fresh-pilot-v1\iteration-0063\batch-01\


 Compressing files in S:\GTOpen-research\later-average-fresh-pilot-v1\iteration-0063\batch-02\


 Compressing files in S:\GTOpen-research\later-average-fresh-pilot-v1\iteration-0063\batch-03\


 Compressing files in S:\GTOpen-research\later-average-fresh-pilot-v1\iteration-0063\batch-04\


 Compressing files in S:\GTOpen-research\later-average-fresh-pilot-v1\iteration-0063\batch-05\


 Compressing files in S:\GTOpen-research\later-average-fresh-pilot-v1\iteration-0063\batch-06\


 Compressing files in S:\GTOpen-research\later-average-fresh-pilot-v1\iteration-0063\batch-07\


 Compressing files in S:\GTOpen-research\later-average-fresh-pilot-v1\iteration-0064\


 Compressing files in S:\GTOpen-research\later-average-fresh-pilot-v1\iteration-0064\batch-00\


 Compressing files in S:\GTOpen-research\later-average-fresh-pilot-v1\iteration-0064\batch-01\


 Compressing files in S:\GTOpen-research\later-average-fresh-pilot-v1\iteration-0064\batch-02\


 Compressing files in S:\GTOpen-research\later-average-fresh-pilot-v1\iteration-0064\batch-03\


 Compressing files in S:\GTOpen-research\later-average-fresh-pilot-v1\iteration-0064\batch-04\


 Compressing files in S:\GTOpen-research\later-average-fresh-pilot-v1\iteration-0064\batch-05\


 Compressing files in S:\GTOpen-research\later-average-fresh-pilot-v1\iteration-0064\batch-06\


 Compressing files in S:\GTOpen-research\later-average-fresh-pilot-v1\iteration-0064\batch-07\


 Compressing files in S:\GTOpen-research\later-average-fresh-pilot-v1\iteration-0065\


 Compressing files in S:\GTOpen-research\later-average-fresh-pilot-v1\iteration-0065\batch-00\


 Compressing files in S:\GTOpen-research\later-average-fresh-pilot-v1\iteration-0065\batch-01\


 Compressing files in S:\GTOpen-research\later-average-fresh-pilot-v1\iteration-0065\batch-02\


 Compressing files in S:\GTOpen-research\later-average-fresh-pilot-v1\iteration-0065\batch-03\


 Compressing files in S:\GTOpen-research\later-average-fresh-pilot-v1\iteration-0065\batch-04\


 Compressing files in S:\GTOpen-research\later-average-fresh-pilot-v1\iteration-0065\batch-05\


 Compressing files in S:\GTOpen-research\later-average-fresh-pilot-v1\iteration-0065\batch-06\


 Compressing files in S:\GTOpen-research\later-average-fresh-pilot-v1\iteration-0065\batch-07\


 Compressing files in S:\GTOpen-research\later-average-fresh-pilot-v1\iteration-0066\


 Compressing files in S:\GTOpen-research\later-average-fresh-pilot-v1\iteration-0066\batch-00\


 Compressing files in S:\GTOpen-research\later-average-fresh-pilot-v1\iteration-0066\batch-01\


 Compressing files in S:\GTOpen-research\later-average-fresh-pilot-v1\iteration-0066\batch-02\


 Compressing files in S:\GTOpen-research\later-average-fresh-pilot-v1\iteration-0066\batch-03\


 Compressing files in S:\GTOpen-research\later-average-fresh-pilot-v1\iteration-0066\batch-04\


 Compressing files in S:\GTOpen-research\later-average-fresh-pilot-v1\iteration-0066\batch-05\


 Compressing files in S:\GTOpen-research\later-average-fresh-pilot-v1\iteration-0066\batch-06\


 Compressing files in S:\GTOpen-research\later-average-fresh-pilot-v1\iteration-0066\batch-07\


 Compressing files in S:\GTOpen-research\later-average-fresh-pilot-v1\iteration-0067\


 Compressing files in S:\GTOpen-research\later-average-fresh-pilot-v1\iteration-0067\batch-00\


 Compressing files in S:\GTOpen-research\later-average-fresh-pilot-v1\iteration-0067\batch-01\


 Compressing files in S:\GTOpen-research\later-average-fresh-pilot-v1\iteration-0067\batch-02\


 Compressing files in S:\GTOpen-research\later-average-fresh-pilot-v1\iteration-0067\batch-03\


 Compressing files in S:\GTOpen-research\later-average-fresh-pilot-v1\iteration-0067\batch-04\


 Compressing files in S:\GTOpen-research\later-average-fresh-pilot-v1\iteration-0067\batch-05\


 Compressing files in S:\GTOpen-research\later-average-fresh-pilot-v1\iteration-0067\batch-06\


 Compressing files in S:\GTOpen-research\later-average-fresh-pilot-v1\iteration-0067\batch-07\


 Compressing files in S:\GTOpen-research\later-average-fresh-pilot-v1\iteration-0068\


 Compressing files in S:\GTOpen-research\later-average-fresh-pilot-v1\iteration-0068\batch-00\


 Compressing files in S:\GTOpen-research\later-average-fresh-pilot-v1\iteration-0068\batch-01\


 Compressing files in S:\GTOpen-research\later-average-fresh-pilot-v1\iteration-0068\batch-02\


 Compressing files in S:\GTOpen-research\later-average-fresh-pilot-v1\iteration-0068\batch-03\


 Compressing files in S:\GTOpen-research\later-average-fresh-pilot-v1\iteration-0068\batch-04\


 Compressing files in S:\GTOpen-research\later-average-fresh-pilot-v1\iteration-0068\batch-05\


 Compressing files in S:\GTOpen-research\later-average-fresh-pilot-v1\iteration-0068\batch-06\


 Compressing files in S:\GTOpen-research\later-average-fresh-pilot-v1\iteration-0068\batch-07\


 Compressing files in S:\GTOpen-research\later-average-fresh-pilot-v1\iteration-0069\


 Compressing files in S:\GTOpen-research\later-average-fresh-pilot-v1\iteration-0069\batch-00\


 Compressing files in S:\GTOpen-research\later-average-fresh-pilot-v1\iteration-0069\batch-01\


 Compressing files in S:\GTOpen-research\later-average-fresh-pilot-v1\iteration-0069\batch-02\


 Compressing files in S:\GTOpen-research\later-average-fresh-pilot-v1\iteration-0069\batch-03\


 Compressing files in S:\GTOpen-research\later-average-fresh-pilot-v1\iteration-0069\batch-04\


 Compressing files in S:\GTOpen-research\later-average-fresh-pilot-v1\iteration-0069\batch-05\


 Compressing files in S:\GTOpen-research\later-average-fresh-pilot-v1\iteration-0069\batch-06\


 Compressing files in S:\GTOpen-research\later-average-fresh-pilot-v1\iteration-0069\batch-07\


 Compressing files in S:\GTOpen-research\later-average-fresh-pilot-v1\iteration-0070\


 Compressing files in S:\GTOpen-research\later-average-fresh-pilot-v1\iteration-0070\batch-00\


 Compressing files in S:\GTOpen-research\later-average-fresh-pilot-v1\iteration-0070\batch-01\


 Compressing files in S:\GTOpen-research\later-average-fresh-pilot-v1\iteration-0070\batch-02\


 Compressing files in S:\GTOpen-research\later-average-fresh-pilot-v1\iteration-0070\batch-03\


 Compressing files in S:\GTOpen-research\later-average-fresh-pilot-v1\iteration-0070\batch-04\


 Compressing files in S:\GTOpen-research\later-average-fresh-pilot-v1\iteration-0070\batch-05\


 Compressing files in S:\GTOpen-research\later-average-fresh-pilot-v1\iteration-0070\batch-06\


 Compressing files in S:\GTOpen-research\later-average-fresh-pilot-v1\iteration-0070\batch-07\


 Compressing files in S:\GTOpen-research\later-average-fresh-pilot-v1\iteration-0071\


 Compressing files in S:\GTOpen-research\later-average-fresh-pilot-v1\iteration-0071\batch-00\


 Compressing files in S:\GTOpen-research\later-average-fresh-pilot-v1\iteration-0071\batch-01\


 Compressing files in S:\GTOpen-research\later-average-fresh-pilot-v1\iteration-0071\batch-02\


 Compressing files in S:\GTOpen-research\later-average-fresh-pilot-v1\iteration-0071\batch-03\


 Compressing files in S:\GTOpen-research\later-average-fresh-pilot-v1\iteration-0071\batch-04\


 Compressing files in S:\GTOpen-research\later-average-fresh-pilot-v1\iteration-0071\batch-05\


 Compressing files in S:\GTOpen-research\later-average-fresh-pilot-v1\iteration-0071\batch-06\


 Compressing files in S:\GTOpen-research\later-average-fresh-pilot-v1\iteration-0071\batch-07\


 Compressing files in S:\GTOpen-research\later-average-fresh-pilot-v1\iteration-0072\


 Compressing files in S:\GTOpen-research\later-average-fresh-pilot-v1\iteration-0072\batch-00\


 Compressing files in S:\GTOpen-research\later-average-fresh-pilot-v1\iteration-0072\batch-01\


 Compressing files in S:\GTOpen-research\later-average-fresh-pilot-v1\iteration-0072\batch-02\


 Compressing files in S:\GTOpen-research\later-average-fresh-pilot-v1\iteration-0072\batch-03\


 Compressing files in S:\GTOpen-research\later-average-fresh-pilot-v1\iteration-0072\batch-04\


 Compressing files in S:\GTOpen-research\later-average-fresh-pilot-v1\iteration-0072\batch-05\


 Compressing files in S:\GTOpen-research\later-average-fresh-pilot-v1\iteration-0072\batch-06\


 Compressing files in S:\GTOpen-research\later-average-fresh-pilot-v1\iteration-0072\batch-07\


 Compressing files in S:\GTOpen-research\later-average-fresh-pilot-v1\iteration-0073\


 Compressing files in S:\GTOpen-research\later-average-fresh-pilot-v1\iteration-0073\batch-00\


 Compressing files in S:\GTOpen-research\later-average-fresh-pilot-v1\iteration-0073\batch-01\


 Compressing files in S:\GTOpen-research\later-average-fresh-pilot-v1\iteration-0073\batch-02\


 Compressing files in S:\GTOpen-research\later-average-fresh-pilot-v1\iteration-0073\batch-03\


 Compressing files in S:\GTOpen-research\later-average-fresh-pilot-v1\iteration-0073\batch-04\


 Compressing files in S:\GTOpen-research\later-average-fresh-pilot-v1\iteration-0073\batch-05\


 Compressing files in S:\GTOpen-research\later-average-fresh-pilot-v1\iteration-0073\batch-06\


 Compressing files in S:\GTOpen-research\later-average-fresh-pilot-v1\iteration-0073\batch-07\


 Compressing files in S:\GTOpen-research\later-average-fresh-pilot-v1\iteration-0074\


 Compressing files in S:\GTOpen-research\later-average-fresh-pilot-v1\iteration-0074\batch-00\


 Compressing files in S:\GTOpen-research\later-average-fresh-pilot-v1\iteration-0074\batch-01\


 Compressing files in S:\GTOpen-research\later-average-fresh-pilot-v1\iteration-0074\batch-02\


 Compressing files in S:\GTOpen-research\later-average-fresh-pilot-v1\iteration-0074\batch-03\


 Compressing files in S:\GTOpen-research\later-average-fresh-pilot-v1\iteration-0074\batch-04\


 Compressing files in S:\GTOpen-research\later-average-fresh-pilot-v1\iteration-0074\batch-05\


 Compressing files in S:\GTOpen-research\later-average-fresh-pilot-v1\iteration-0074\batch-06\


 Compressing files in S:\GTOpen-research\later-average-fresh-pilot-v1\iteration-0074\batch-07\


 Compressing files in S:\GTOpen-research\later-average-fresh-pilot-v1\iteration-0075\


 Compressing files in S:\GTOpen-research\later-average-fresh-pilot-v1\iteration-0075\batch-00\


 Compressing files in S:\GTOpen-research\later-average-fresh-pilot-v1\iteration-0075\batch-01\


 Compressing files in S:\GTOpen-research\later-average-fresh-pilot-v1\iteration-0075\batch-02\


 Compressing files in S:\GTOpen-research\later-average-fresh-pilot-v1\iteration-0075\batch-03\


 Compressing files in S:\GTOpen-research\later-average-fresh-pilot-v1\iteration-0075\batch-04\


 Compressing files in S:\GTOpen-research\later-average-fresh-pilot-v1\iteration-0075\batch-05\


 Compressing files in S:\GTOpen-research\later-average-fresh-pilot-v1\iteration-0075\batch-06\


 Compressing files in S:\GTOpen-research\later-average-fresh-pilot-v1\iteration-0075\batch-07\


 Compressing files in S:\GTOpen-research\later-average-fresh-pilot-v1\iteration-0076\


 Compressing files in S:\GTOpen-research\later-average-fresh-pilot-v1\iteration-0076\batch-00\


 Compressing files in S:\GTOpen-research\later-average-fresh-pilot-v1\iteration-0076\batch-01\


 Compressing files in S:\GTOpen-research\later-average-fresh-pilot-v1\iteration-0076\batch-02\


 Compressing files in S:\GTOpen-research\later-average-fresh-pilot-v1\iteration-0076\batch-03\


 Compressing files in S:\GTOpen-research\later-average-fresh-pilot-v1\iteration-0076\batch-04\


 Compressing files in S:\GTOpen-research\later-average-fresh-pilot-v1\iteration-0076\batch-05\


 Compressing files in S:\GTOpen-research\later-average-fresh-pilot-v1\iteration-0076\batch-06\


 Compressing files in S:\GTOpen-research\later-average-fresh-pilot-v1\iteration-0076\batch-07\


 Compressing files in S:\GTOpen-research\later-average-fresh-pilot-v1\iteration-0077\


 Compressing files in S:\GTOpen-research\later-average-fresh-pilot-v1\iteration-0077\batch-00\


 Compressing files in S:\GTOpen-research\later-average-fresh-pilot-v1\iteration-0077\batch-01\


 Compressing files in S:\GTOpen-research\later-average-fresh-pilot-v1\iteration-0077\batch-02\


 Compressing files in S:\GTOpen-research\later-average-fresh-pilot-v1\iteration-0077\batch-03\


 Compressing files in S:\GTOpen-research\later-average-fresh-pilot-v1\iteration-0077\batch-04\


 Compressing files in S:\GTOpen-research\later-average-fresh-pilot-v1\iteration-0077\batch-05\


 Compressing files in S:\GTOpen-research\later-average-fresh-pilot-v1\iteration-0077\batch-06\


 Compressing files in S:\GTOpen-research\later-average-fresh-pilot-v1\iteration-0077\batch-07\


 Compressing files in S:\GTOpen-research\later-average-fresh-pilot-v1\iteration-0078\


 Compressing files in S:\GTOpen-research\later-average-fresh-pilot-v1\iteration-0078\batch-00\


 Compressing files in S:\GTOpen-research\later-average-fresh-pilot-v1\iteration-0078\batch-01\


 Compressing files in S:\GTOpen-research\later-average-fresh-pilot-v1\iteration-0078\batch-02\


 Compressing files in S:\GTOpen-research\later-average-fresh-pilot-v1\iteration-0078\batch-03\


 Compressing files in S:\GTOpen-research\later-average-fresh-pilot-v1\iteration-0078\batch-04\


 Compressing files in S:\GTOpen-research\later-average-fresh-pilot-v1\iteration-0078\batch-05\


 Compressing files in S:\GTOpen-research\later-average-fresh-pilot-v1\iteration-0078\batch-06\


 Compressing files in S:\GTOpen-research\later-average-fresh-pilot-v1\iteration-0078\batch-07\


3674 files within 705 directories were compressed.
9,410,879,329 total bytes of data are stored in 2,870,350,876 bytes.
The compression ratio is 3.3 to 1.
