{"iteration": 1, "seconds": 41.10900000000038, "fresh_deals": 512, "retained": [9559, 2068], "seen": [9559, 2068]}
{"iteration": 2, "seconds": 45.375, "fresh_deals": 1024, "retained": [21849, 3856], "seen": [21849, 3856]}
{"iteration": 3, "seconds": 50.61000000000058, "fresh_deals": 1536, "retained": [34106, 5606], "seen": [34106, 5606]}
{"iteration": 4, "seconds": 52.57800000000134, "fresh_deals": 2048, "retained": [46561, 7093], "seen": [46561, 7093]}
{"iteration": 5, "seconds": 56.57800000000134, "fresh_deals": 2560, "retained": [58870, 8604], "seen": [58870, 8604]}
{"iteration": 6, "seconds": 61.17199999999866, "fresh_deals": 3072, "retained": [72065, 10142], "seen": [72065, 10142]}
{"iteration": 7, "seconds": 65.125, "fresh_deals": 3584, "retained": [85513, 11629], "seen": [85513, 11629]}
{"iteration": 8, "seconds": 70.18700000000172, "fresh_deals": 4096, "retained": [98006, 13391], "seen": [98006, 13391]}
{"iteration": 9, "seconds": 73.98500000000058, "fresh_deals": 4608, "retained": [111195, 14749], "seen": [111195, 14749]}
{"iteration": 10, "seconds": 77.34400000000096, "fresh_deals": 5120, "retained": [123695, 16247], "seen": [123695, 16247]}
{"iteration": 11, "seconds": 80.98500000000058, "fresh_deals": 5632, "retained": [136036, 17815], "seen": [136036, 17815]}
{"iteration": 12, "seconds": 87.11000000000058, "fresh_deals": 6144, "retained": [147466, 19525], "seen": [147466, 19525]}
{"iteration": 13, "seconds": 90.28099999999904, "fresh_deals": 6656, "retained": [159042, 21235], "seen": [159042, 21235]}
{"iteration": 14, "seconds": 111.875, "fresh_deals": 7168, "retained": [172192, 22833], "seen": [172192, 22833]}
{"iteration": 15, "seconds": 96.35900000000038, "fresh_deals": 7680, "retained": [183847, 24486], "seen": [183847, 24486]}
{"iteration": 16, "seconds": 102.73500000000058, "fresh_deals": 8192, "retained": [194717, 26069], "seen": [194717, 26069]}
{"iteration": 17, "seconds": 102.79599999999846, "fresh_deals": 8704, "retained": [205591, 27719], "seen": [205591, 27719]}
{"iteration": 18, "seconds": 106.93800000000192, "fresh_deals": 9216, "retained": [218400, 29637], "seen": [218400, 29637]}
{"iteration": 19, "seconds": 111.78099999999904, "fresh_deals": 9728, "retained": [230053, 31339], "seen": [230053, 31339]}
{"iteration": 20, "seconds": 116.15599999999904, "fresh_deals": 10240, "retained": [241443, 33072], "seen": [241443, 33072]}
{"iteration": 21, "seconds": 122.28099999999904, "fresh_deals": 10752, "retained": [252501, 34921], "seen": [252501, 34921]}
{"iteration": 22, "seconds": 124.26599999999962, "fresh_deals": 11264, "retained": [262144, 36656], "seen": [262640, 36656]}
{"iteration": 23, "seconds": 125.65599999999904, "fresh_deals": 11776, "retained": [262144, 38506], "seen": [273758, 38506]}
{"iteration": 24, "seconds": 127.06300000000192, "fresh_deals": 12288, "retained": [262144, 40231], "seen": [284402, 40231]}
{"iteration": 25, "seconds": 126.0, "fresh_deals": 12800, "retained": [262144, 41797], "seen": [294444, 41797]}
{"iteration": 26, "seconds": 124.68799999999828, "fresh_deals": 13312, "retained": [262144, 43521], "seen": [303990, 43521]}
{"iteration": 27, "seconds": 127.0, "fresh_deals": 13824, "retained": [262144, 45101], "seen": [314279, 45101]}
{"iteration": 28, "seconds": 130.67199999999866, "fresh_deals": 14336, "retained": [262144, 46961], "seen": [323471, 46961]}
{"iteration": 29, "seconds": 164.84300000000076, "fresh_deals": 14848, "retained": [262144, 48735], "seen": [333943, 48735]}
{"iteration": 30, "seconds": 132.06200000000172, "fresh_deals": 15360, "retained": [262144, 50443], "seen": [346148, 50443]}
{"iteration": 31, "seconds": 128.2029999999977, "fresh_deals": 15872, "retained": [262144, 52209], "seen": [356979, 52209]}
{"iteration": 32, "seconds": 130.20400000000154, "fresh_deals": 16384, "retained": [262144, 54011], "seen": [367701, 54011]}
{"iteration": 33, "seconds": 130.11000000000058, "fresh_deals": 16896, "retained": [262144, 55945], "seen": [378129, 55945]}
{"iteration": 34, "seconds": 142.53099999999904, "fresh_deals": 17408, "retained": [262144, 57633], "seen": [389316, 57633]}
{"iteration": 35, "seconds": 131.93699999999808, "fresh_deals": 17920, "retained": [262144, 59374], "seen": [399970, 59374]}
{"iteration": 36, "seconds": 129.82800000000134, "fresh_deals": 18432, "retained": [262144, 61127], "seen": [409290, 61127]}
{"iteration": 37, "seconds": 130.35900000000038, "fresh_deals": 18944, "retained": [262144, 62880], "seen": [420044, 62880]}
{"iteration": 38, "seconds": 132.56300000000192, "fresh_deals": 19456, "retained": [262144, 64548], "seen": [431864, 64548]}
{"iteration": 39, "seconds": 131.8279999999977, "fresh_deals": 19968, "retained": [262144, 66279], "seen": [443406, 66279]}
{"iteration": 40, "seconds": 132.76600000000326, "fresh_deals": 20480, "retained": [262144, 67994], "seen": [453900, 67994]}
{"iteration": 41, "seconds": 134.78099999999904, "fresh_deals": 20992, "retained": [262144, 69511], "seen": [464832, 69511]}
{"iteration": 42, "seconds": 134.21900000000096, "fresh_deals": 21504, "retained": [262144, 71241], "seen": [474822, 71241]}
{"iteration": 43, "seconds": 136.2029999999977, "fresh_deals": 22016, "retained": [262144, 73015], "seen": [484344, 73015]}
{"iteration": 44, "seconds": 134.96900000000096, "fresh_deals": 22528, "retained": [262144, 74697], "seen": [495263, 74697]}
{"iteration": 45, "seconds": 135.73500000000058, "fresh_deals": 23040, "retained": [262144, 76451], "seen": [505129, 76451]}
{"iteration": 46, "seconds": 136.75, "fresh_deals": 23552, "retained": [262144, 78199], "seen": [514717, 78199]}
{"iteration": 47, "seconds": 138.86000000000058, "fresh_deals": 24064, "retained": [262144, 79631], "seen": [525482, 79631]}
{"iteration": 48, "seconds": 138.90700000000288, "fresh_deals": 24576, "retained": [262144, 81355], "seen": [535189, 81355]}
{"iteration": 49, "seconds": 139.10900000000038, "fresh_deals": 25088, "retained": [262144, 83193], "seen": [544823, 83193]}
{"iteration": 50, "seconds": 141.28199999999924, "fresh_deals": 25600, "retained": [262144, 85108], "seen": [553996, 85108]}
{"iteration": 51, "seconds": 138.0, "fresh_deals": 26112, "retained": [262144, 86959], "seen": [564588, 86959]}
{"iteration": 52, "seconds": 139.71899999999732, "fresh_deals": 26624, "retained": [262144, 88693], "seen": [574777, 88693]}
{"iteration": 53, "seconds": 139.11000000000058, "fresh_deals": 27136, "retained": [262144, 90388], "seen": [585576, 90388]}
{"iteration": 54, "seconds": 139.95300000000134, "fresh_deals": 27648, "retained": [262144, 92176], "seen": [596377, 92176]}
{"iteration": 55, "seconds": 142.32800000000134, "fresh_deals": 28160, "retained": [262144, 93924], "seen": [607513, 93924]}
{"iteration": 56, "seconds": 141.65699999999924, "fresh_deals": 28672, "retained": [262144, 95773], "seen": [617620, 95773]}
{"iteration": 57, "seconds": 143.03099999999904, "fresh_deals": 29184, "retained": [262144, 97735], "seen": [626401, 97735]}
{"iteration": 58, "seconds": 143.625, "fresh_deals": 29696, "retained": [262144, 99404], "seen": [634917, 99404]}
{"iteration": 59, "seconds": 143.51599999999962, "fresh_deals": 30208, "retained": [262144, 101097], "seen": [644586, 101097]}
{"iteration": 60, "seconds": 143.53099999999904, "fresh_deals": 30720, "retained": [262144, 102901], "seen": [654120, 102901]}
{"iteration": 61, "seconds": 144.81199999999808, "fresh_deals": 31232, "retained": [262144, 104798], "seen": [665252, 104798]}
{"iteration": 62, "seconds": 145.0, "fresh_deals": 31744, "retained": [262144, 106626], "seen": [677078, 106626]}
{"iteration": 63, "seconds": 147.45400000000154, "fresh_deals": 32256, "retained": [262144, 108346], "seen": [686273, 108346]}
{"iteration": 64, "seconds": 147.98500000000058, "fresh_deals": 32768, "retained": [262144, 110025], "seen": [696491, 110025]}
{"iteration": 65, "seconds": 149.84300000000076, "fresh_deals": 33280, "retained": [262144, 111902], "seen": [705657, 111902]}
{"iteration": 66, "seconds": 151.15599999999904, "fresh_deals": 33792, "retained": [262144, 113608], "seen": [716862, 113608]}
{"iteration": 67, "seconds": 150.20400000000154, "fresh_deals": 34304, "retained": [262144, 115328], "seen": [726308, 115328]}
{"iteration": 68, "seconds": 148.92099999999846, "fresh_deals": 34816, "retained": [262144, 117059], "seen": [735284, 117059]}
{"iteration": 69, "seconds": 149.15700000000288, "fresh_deals": 35328, "retained": [262144, 118753], "seen": [744946, 118753]}
{"iteration": 70, "seconds": 150.84400000000096, "fresh_deals": 35840, "retained": [262144, 120656], "seen": [755251, 120656]}
{"iteration": 71, "seconds": 153.09399999999732, "fresh_deals": 36352, "retained": [262144, 122406], "seen": [766858, 122406]}
{"iteration": 72, "seconds": 154.6720000000023, "fresh_deals": 36864, "retained": [262144, 124261], "seen": [778006, 124261]}
{"iteration": 73, "seconds": 152.46900000000096, "fresh_deals": 37376, "retained": [262144, 126172], "seen": [788065, 126172]}
{"iteration": 74, "seconds": 152.125, "fresh_deals": 37888, "retained": [262144, 127973], "seen": [797630, 127973]}
{"iteration": 75, "seconds": 159.4529999999977, "fresh_deals": 38400, "retained": [262144, 129785], "seen": [809707, 129785]}
{"iteration": 76, "seconds": 178.07800000000134, "fresh_deals": 38912, "retained": [262144, 131574], "seen": [818817, 131574]}
{"iteration": 77, "seconds": 176.81199999999808, "fresh_deals": 39424, "retained": [262144, 133423], "seen": [828553, 133423]}
{"iteration": 78, "seconds": 180.13999999999942, "fresh_deals": 39936, "retained": [262144, 135137], "seen": [839781, 135137]}
