PUBLIC_CENSUS "AdAcJc" leaf=2 bytes=3388090160
PUBLIC_CENSUS "AdAcJc" leaf=5 bytes=2848728400
PUBLIC_CENSUS "AdAcJc" leaf=8 bytes=1535938160
PUBLIC_CENSUS "AdAc3c" leaf=2 bytes=3420261936
PUBLIC_CENSUS "AdAc3c" leaf=5 bytes=2875778640
PUBLIC_CENSUS "AdAc3c" leaf=8 bytes=1550522736
PUBLIC_CENSUS "AcKd9h" leaf=2 bytes=5714172968
PUBLIC_CENSUS "AcKd9h" leaf=5 bytes=4803636936
PUBLIC_CENSUS "AcKd9h" leaf=8 bytes=2588353208
PUBLIC_CENSUS "AcKd5h" leaf=2 bytes=5737799200
PUBLIC_CENSUS "AcKd5h" leaf=5 bytes=4823498400
PUBLIC_CENSUS "AcKd5h" leaf=8 bytes=2599055200
PUBLIC_CENSUS "AcKcQc" leaf=2 bytes=1605173752
PUBLIC_CENSUS "AcKcQc" leaf=5 bytes=1350099352
PUBLIC_CENSUS "AcKcQc" leaf=8 bytes=728770504
PUBLIC_CENSUS "AcQdJh" leaf=2 bytes=5747924728
PUBLIC_CENSUS "AcQdJh" leaf=5 bytes=4832010456
PUBLIC_CENSUS "AcQdJh" leaf=8 bytes=2603641768
PUBLIC_CENSUS "AcQd7h" leaf=2 bytes=5771550960
PUBLIC_CENSUS "AcQd7h" leaf=5 bytes=4851871920
PUBLIC_CENSUS "AcQd7h" leaf=8 bytes=2614343760
PUBLIC_CENSUS "AcQd3h" leaf=2 bytes=5798552368
PUBLIC_CENSUS "AcQd3h" leaf=5 bytes=4874570736
PUBLIC_CENSUS "AcQd3h" leaf=8 bytes=2626574608
PUBLIC_CENSUS "AcQc4d" leaf=2 bytes=3452433712
PUBLIC_CENSUS "AcQc4d" leaf=5 bytes=2902828880
PUBLIC_CENSUS "AcQc4d" leaf=8 bytes=1565107312
PUBLIC_CENSUS "AcJd8c" leaf=2 bytes=3434337088
PUBLIC_CENSUS "AcJd8c" leaf=5 bytes=2887613120
PUBLIC_CENSUS "AcJd8c" leaf=8 bytes=1556903488
PUBLIC_CENSUS "AcJd4c" leaf=2 bytes=3466508864
PUBLIC_CENSUS "AcJd4c" leaf=5 bytes=2914663360
PUBLIC_CENSUS "AcJd4c" leaf=8 bytes=1571488064
PUBLIC_CENSUS "AcJc4d" leaf=2 bytes=3466508864
PUBLIC_CENSUS "AcJc4d" leaf=5 bytes=2914663360
PUBLIC_CENSUS "AcJc4d" leaf=8 bytes=1571488064
PUBLIC_CENSUS "AcTd7d" leaf=2 bytes=3454444448
PUBLIC_CENSUS "AcTd7d" leaf=5 bytes=2904519520
PUBLIC_CENSUS "AcTd7d" leaf=8 bytes=1566018848
PUBLIC_CENSUS "AcTd3c" leaf=2 bytes=3468519600
PUBLIC_CENSUS "AcTd3c" leaf=5 bytes=2916354000
PUBLIC_CENSUS "AcTd3c" leaf=8 bytes=1572399600
PUBLIC_CENSUS "Ac9h9d" leaf=2 bytes=5764800608
PUBLIC_CENSUS "Ac9h9d" leaf=5 bytes=4846197216
PUBLIC_CENSUS "Ac9h9d" leaf=8 bytes=2611286048
PUBLIC_CENSUS "Ac9d5c" leaf=2 bytes=3446401504
PUBLIC_CENSUS "Ac9d5c" leaf=5 bytes=2897756960
PUBLIC_CENSUS "Ac9d5c" leaf=8 bytes=1562372704
PUBLIC_CENSUS "Ac9c6c" leaf=2 bytes=1634670128
PUBLIC_CENSUS "Ac9c6c" leaf=5 bytes=1374908528
PUBLIC_CENSUS "Ac9c6c" leaf=8 bytes=742162256
PUBLIC_CENSUS "Ac8d5h" leaf=2 bytes=5785051664
PUBLIC_CENSUS "Ac8d5h" leaf=5 bytes=4863221328
PUBLIC_CENSUS "Ac8d5h" leaf=8 bytes=2620459184
PUBLIC_CENSUS "Ac8c7c" leaf=2 bytes=1633718632
PUBLIC_CENSUS "Ac8c7c" leaf=5 bytes=1374108232
PUBLIC_CENSUS "Ac8c7c" leaf=8 bytes=741730264
PUBLIC_CENSUS "Ac7d5c" leaf=2 bytes=3464498128
PUBLIC_CENSUS "Ac7d5c" leaf=5 bytes=2912972720
PUBLIC_CENSUS "Ac7d5c" leaf=8 bytes=1570576528
PUBLIC_CENSUS "Ac7c3d" leaf=2 bytes=3484605488
PUBLIC_CENSUS "Ac7c3d" leaf=5 bytes=2929879120
PUBLIC_CENSUS "Ac7c3d" leaf=8 bytes=1579691888
PUBLIC_CENSUS "Ac6d3c" leaf=2 bytes=3486616224
PUBLIC_CENSUS "Ac6d3c" leaf=5 bytes=2931569760
PUBLIC_CENSUS "Ac6d3c" leaf=8 bytes=1580603424
PUBLIC_CENSUS "Ac5d3h" leaf=2 bytes=5842429656
PUBLIC_CENSUS "Ac5d3h" leaf=5 bytes=4911456312
PUBLIC_CENSUS "Ac5d3h" leaf=8 bytes=2646449736
PUBLIC_CENSUS "Ac4d3c" leaf=2 bytes=3498680640
PUBLIC_CENSUS "Ac4d3c" leaf=5 bytes=2941713600
PUBLIC_CENSUS "Ac4d3c" leaf=8 bytes=1586072640
PUBLIC_CENSUS "Ac2d2c" leaf=2 bytes=3506723584
PUBLIC_CENSUS "Ac2d2c" leaf=5 bytes=2948476160
PUBLIC_CENSUS "Ac2d2c" leaf=8 bytes=1589718784
PUBLIC_CENSUS "KdKc4h" leaf=2 bytes=5791802016
PUBLIC_CENSUS "KdKc4h" leaf=5 bytes=4868896032
PUBLIC_CENSUS "KdKc4h" leaf=8 bytes=2623516896
PUBLIC_CENSUS "KcQd9h" leaf=2 bytes=5774926136
PUBLIC_CENSUS "KcQd9h" leaf=5 bytes=4854709272
PUBLIC_CENSUS "KcQd9h" leaf=8 bytes=2615872616
PUBLIC_CENSUS "KcQd5h" leaf=2 bytes=5795177192
PUBLIC_CENSUS "KcQd5h" leaf=5 bytes=4871733384
PUBLIC_CENSUS "KcQd5h" leaf=8 bytes=2625045752
PUBLIC_CENSUS "KcQcTd" leaf=2 bytes=3442380032
PUBLIC_CENSUS "KcQcTd" leaf=5 bytes=2894375680
PUBLIC_CENSUS "KcQcTd" leaf=8 bytes=1560549632
PUBLIC_CENSUS "KcJdTd" leaf=2 bytes=3456455184
PUBLIC_CENSUS "KcJdTd" leaf=5 bytes=2906210160
PUBLIC_CENSUS "KcJdTd" leaf=8 bytes=1566930384
PUBLIC_CENSUS "KcJd6d" leaf=2 bytes=3472541072
PUBLIC_CENSUS "KcJd6d" leaf=5 bytes=2919735280
PUBLIC_CENSUS "KcJd6d" leaf=8 bytes=1574222672
PUBLIC_CENSUS "KcJd2c" leaf=2 bytes=3488626960
PUBLIC_CENSUS "KcJd2c" leaf=5 bytes=2933260400
PUBLIC_CENSUS "KcJd2c" leaf=8 bytes=1581514960
PUBLIC_CENSUS "KcTd9h" leaf=2 bytes=5795177192
PUBLIC_CENSUS "KcTd9h" leaf=5 bytes=4871733384
PUBLIC_CENSUS "KcTd9h" leaf=8 bytes=2625045752
PUBLIC_CENSUS "KcTd5d" leaf=2 bytes=3468519600
PUBLIC_CENSUS "KcTd5d" leaf=5 bytes=2916354000
PUBLIC_CENSUS "KcTd5d" leaf=8 bytes=1572399600
PUBLIC_CENSUS "KcTc7d" leaf=2 bytes=3470530336
PUBLIC_CENSUS "KcTc7d" leaf=5 bytes=2918044640
PUBLIC_CENSUS "KcTc7d" leaf=8 bytes=1573311136
PUBLIC_CENSUS "Kc9d7d" leaf=2 bytes=3470530336
PUBLIC_CENSUS "Kc9d7d" leaf=5 bytes=2918044640
PUBLIC_CENSUS "Kc9d7d" leaf=8 bytes=1573311136
PUBLIC_CENSUS "Kc9d3d" leaf=2 bytes=3482594752
PUBLIC_CENSUS "Kc9d3d" leaf=5 bytes=2928188480
PUBLIC_CENSUS "Kc9d3d" leaf=8 bytes=1578780352
PUBLIC_CENSUS "Kc8d7h" leaf=2 bytes=5822178600
PUBLIC_CENSUS "Kc8d7h" leaf=5 bytes=4894432200
PUBLIC_CENSUS "Kc8d7h" leaf=8 bytes=2637276600
PUBLIC_CENSUS "Kc8d3h" leaf=2 bytes=5845804832
PUBLIC_CENSUS "Kc8d3h" leaf=5 bytes=4914293664
PUBLIC_CENSUS "Kc8d3h" leaf=8 bytes=2647978592
PUBLIC_CENSUS "Kc7h7d" leaf=2 bytes=5855930360
PUBLIC_CENSUS "Kc7h7d" leaf=5 bytes=4922805720
PUBLIC_CENSUS "Kc7h7d" leaf=8 bytes=2652565160
PUBLIC_CENSUS "Kc7d3c" leaf=2 bytes=3502702112
PUBLIC_CENSUS "Kc7d3c" leaf=5 bytes=2945094880
PUBLIC_CENSUS "Kc7d3c" leaf=8 bytes=1587895712
PUBLIC_CENSUS "Kc6d5c" leaf=2 bytes=3484605488
PUBLIC_CENSUS "Kc6d5c" leaf=5 bytes=2929879120
PUBLIC_CENSUS "Kc6d5c" leaf=8 bytes=1579691888
PUBLIC_CENSUS "Kc6c3d" leaf=2 bytes=3502702112
PUBLIC_CENSUS "Kc6c3d" leaf=5 bytes=2945094880
PUBLIC_CENSUS "Kc6c3d" leaf=8 bytes=1587895712
PUBLIC_CENSUS "Kc5c4d" leaf=2 bytes=3494659168
PUBLIC_CENSUS "Kc5c4d" leaf=5 bytes=2938332320
PUBLIC_CENSUS "Kc5c4d" leaf=8 bytes=1584249568
PUBLIC_CENSUS "Kc3h3d" leaf=2 bytes=5903182824
PUBLIC_CENSUS "Kc3h3d" leaf=5 bytes=4962528648
PUBLIC_CENSUS "Kc3h3d" leaf=8 bytes=2673969144
PUBLIC_CENSUS "QdQc8c" leaf=2 bytes=3458465920
PUBLIC_CENSUS "QdQc8c" leaf=5 bytes=2907900800
PUBLIC_CENSUS "QdQc8c" leaf=8 bytes=1567841920
PUBLIC_CENSUS "QcJdTh" leaf=2 bytes=5832304128
PUBLIC_CENSUS "QcJdTh" leaf=5 bytes=4902944256
PUBLIC_CENSUS "QcJdTh" leaf=8 bytes=2641863168
PUBLIC_CENSUS "QcJd6d" leaf=2 bytes=3488626960
PUBLIC_CENSUS "QcJd6d" leaf=5 bytes=2933260400
PUBLIC_CENSUS "QcJd6d" leaf=8 bytes=1581514960
PUBLIC_CENSUS "QcJd2d" leaf=2 bytes=3504712848
PUBLIC_CENSUS "QcJd2d" leaf=5 bytes=2946785520
PUBLIC_CENSUS "QcJd2d" leaf=8 bytes=1588807248
PUBLIC_CENSUS "QcTd9h" leaf=2 bytes=5825553776
PUBLIC_CENSUS "QcTd9h" leaf=5 bytes=4897269552
PUBLIC_CENSUS "QcTd9h" leaf=8 bytes=2638805456
PUBLIC_CENSUS "QcTd5h" leaf=2 bytes=5845804832
PUBLIC_CENSUS "QcTd5h" leaf=5 bytes=4914293664
PUBLIC_CENSUS "QcTd5h" leaf=8 bytes=2647978592
PUBLIC_CENSUS "QcTc8d" leaf=2 bytes=3472541072
PUBLIC_CENSUS "QcTc8d" leaf=5 bytes=2919735280
PUBLIC_CENSUS "QcTc8d" leaf=8 bytes=1574222672
PUBLIC_CENSUS "Qc9d7h" leaf=2 bytes=5849180008
PUBLIC_CENSUS "Qc9d7h" leaf=5 bytes=4917131016
PUBLIC_CENSUS "Qc9d7h" leaf=8 bytes=2649507448
PUBLIC_CENSUS "Qc9d3d" leaf=2 bytes=3500691376
PUBLIC_CENSUS "Qc9d3d" leaf=5 bytes=2943404240
PUBLIC_CENSUS "Qc9d3d" leaf=8 bytes=1586984176
PUBLIC_CENSUS "Qc8d8c" leaf=2 bytes=3470530336
PUBLIC_CENSUS "Qc8d8c" leaf=5 bytes=2918044640
PUBLIC_CENSUS "Qc8d8c" leaf=8 bytes=1573311136
PUBLIC_CENSUS "Qc8d4c" leaf=2 bytes=3500691376
PUBLIC_CENSUS "Qc8d4c" leaf=5 bytes=2943404240
PUBLIC_CENSUS "Qc8d4c" leaf=8 bytes=1586984176
PUBLIC_CENSUS "Qc7h7d" leaf=2 bytes=5879556592
PUBLIC_CENSUS "Qc7h7d" leaf=5 bytes=4942667184
PUBLIC_CENSUS "Qc7h7d" leaf=8 bytes=2663267152
PUBLIC_CENSUS "Qc7d3d" leaf=2 bytes=3516777264
PUBLIC_CENSUS "Qc7d3d" leaf=5 bytes=2956929360
PUBLIC_CENSUS "Qc7d3d" leaf=8 bytes=1594276464
PUBLIC_CENSUS "Qc6d5d" leaf=2 bytes=3500691376
PUBLIC_CENSUS "Qc6d5d" leaf=5 bytes=2943404240
PUBLIC_CENSUS "Qc6d5d" leaf=8 bytes=1586984176
PUBLIC_CENSUS "Qc6c3d" leaf=2 bytes=3520798736
PUBLIC_CENSUS "Qc6c3d" leaf=5 bytes=2960310640
PUBLIC_CENSUS "Qc6c3d" leaf=8 bytes=1596099536
PUBLIC_CENSUS "Qc5d2c" leaf=2 bytes=3516777264
PUBLIC_CENSUS "Qc5d2c" leaf=5 bytes=2956929360
PUBLIC_CENSUS "Qc5d2c" leaf=8 bytes=1594276464
PUBLIC_CENSUS "Qc4c2d" leaf=2 bytes=3534873888
PUBLIC_CENSUS "Qc4c2d" leaf=5 bytes=2972145120
PUBLIC_CENSUS "Qc4c2d" leaf=8 bytes=1602480288
PUBLIC_CENSUS "JdJc7h" leaf=2 bytes=5876181416
PUBLIC_CENSUS "JdJc7h" leaf=5 bytes=4939829832
PUBLIC_CENSUS "JdJc7h" leaf=8 bytes=2661738296
PUBLIC_CENSUS "JcTd9d" leaf=2 bytes=3486616224
PUBLIC_CENSUS "JcTd9d" leaf=5 bytes=2931569760
PUBLIC_CENSUS "JcTd9d" leaf=8 bytes=1580603424
PUBLIC_CENSUS "JcTd5c" leaf=2 bytes=3498680640
PUBLIC_CENSUS "JcTd5c" leaf=5 bytes=2941713600
PUBLIC_CENSUS "JcTd5c" leaf=8 bytes=1586072640
PUBLIC_CENSUS "JcTc7c" leaf=2 bytes=1658457528
PUBLIC_CENSUS "JcTc7c" leaf=5 bytes=1394915928
PUBLIC_CENSUS "JcTc7c" leaf=8 bytes=752962056
PUBLIC_CENSUS "Jc9d7c" leaf=2 bytes=3500691376
PUBLIC_CENSUS "Jc9d7c" leaf=5 bytes=2943404240
PUBLIC_CENSUS "Jc9d7c" leaf=8 bytes=1586984176
PUBLIC_CENSUS "Jc9d3c" leaf=2 bytes=3514766528
PUBLIC_CENSUS "Jc9d3c" leaf=5 bytes=2955238720
PUBLIC_CENSUS "Jc9d3c" leaf=8 bytes=1593364928
PUBLIC_CENSUS "Jc8d7h" leaf=2 bytes=5869431064
PUBLIC_CENSUS "Jc8d7h" leaf=5 bytes=4934155128
PUBLIC_CENSUS "Jc8d7h" leaf=8 bytes=2658680584
PUBLIC_CENSUS "Jc8d3h" leaf=2 bytes=5896432472
PUBLIC_CENSUS "Jc8d3h" leaf=5 bytes=4956853944
PUBLIC_CENSUS "Jc8d3h" leaf=8 bytes=2670911432
PUBLIC_CENSUS "Jc7d7c" leaf=2 bytes=3518788000
PUBLIC_CENSUS "Jc7d7c" leaf=5 bytes=2958620000
PUBLIC_CENSUS "Jc7d7c" leaf=8 bytes=1595188000
PUBLIC_CENSUS "Jc7d2h" leaf=2 bytes=5930184232
PUBLIC_CENSUS "Jc7d2h" leaf=5 bytes=4985227464
PUBLIC_CENSUS "Jc7d2h" leaf=8 bytes=2686199992
PUBLIC_CENSUS "Jc6d4h" leaf=2 bytes=5926809056
PUBLIC_CENSUS "Jc6d4h" leaf=5 bytes=4982390112
PUBLIC_CENSUS "Jc6d4h" leaf=8 bytes=2684671136
PUBLIC_CENSUS "Jc6c2d" leaf=2 bytes=3534873888
PUBLIC_CENSUS "Jc6c2d" leaf=5 bytes=2972145120
PUBLIC_CENSUS "Jc6c2d" leaf=8 bytes=1602480288
PUBLIC_CENSUS "Jc5c3d" leaf=2 bytes=3528841680
PUBLIC_CENSUS "Jc5c3d" leaf=5 bytes=2967073200
PUBLIC_CENSUS "Jc5c3d" leaf=8 bytes=1599745680
PUBLIC_CENSUS "Jc3d3c" leaf=2 bytes=3548949040
PUBLIC_CENSUS "Jc3d3c" leaf=5 bytes=2983979600
PUBLIC_CENSUS "Jc3d3c" leaf=8 bytes=1608861040
PUBLIC_CENSUS "TdTc5h" leaf=2 bytes=5869431064
PUBLIC_CENSUS "TdTc5h" leaf=5 bytes=4934155128
PUBLIC_CENSUS "TdTc5h" leaf=8 bytes=2658680584
PUBLIC_CENSUS "Tc9d7d" leaf=2 bytes=3498680640
PUBLIC_CENSUS "Tc9d7d" leaf=5 bytes=2941713600
PUBLIC_CENSUS "Tc9d7d" leaf=8 bytes=1586072640
PUBLIC_CENSUS "Tc9d3c" leaf=2 bytes=3512755792
PUBLIC_CENSUS "Tc9d3c" leaf=5 bytes=2953548080
PUBLIC_CENSUS "Tc9d3c" leaf=8 bytes=1592453392
PUBLIC_CENSUS "Tc8d7h" leaf=2 bytes=5872806240
PUBLIC_CENSUS "Tc8d7h" leaf=5 bytes=4936992480
PUBLIC_CENSUS "Tc8d7h" leaf=8 bytes=2660209440
PUBLIC_CENSUS "Tc8d3h" leaf=2 bytes=5899807648
PUBLIC_CENSUS "Tc8d3h" leaf=5 bytes=4959691296
PUBLIC_CENSUS "Tc8d3h" leaf=8 bytes=2672440288
PUBLIC_CENSUS "Tc7d7c" leaf=2 bytes=3518788000
PUBLIC_CENSUS "Tc7d7c" leaf=5 bytes=2958620000
PUBLIC_CENSUS "Tc7d7c" leaf=8 bytes=1595188000
PUBLIC_CENSUS "Tc7d3c" leaf=2 bytes=3530852416
PUBLIC_CENSUS "Tc7d3c" leaf=5 bytes=2968763840
PUBLIC_CENSUS "Tc7d3c" leaf=8 bytes=1600657216
PUBLIC_CENSUS "Tc6d5c" leaf=2 bytes=3514766528
PUBLIC_CENSUS "Tc6d5c" leaf=5 bytes=2955238720
PUBLIC_CENSUS "Tc6d5c" leaf=8 bytes=1593364928
PUBLIC_CENSUS "Tc6c3c" leaf=2 bytes=1671778472
PUBLIC_CENSUS "Tc6c3c" leaf=5 bytes=1406120072
PUBLIC_CENSUS "Tc6c3c" leaf=8 bytes=759009944
PUBLIC_CENSUS "Tc5c4d" leaf=2 bytes=3526830944
PUBLIC_CENSUS "Tc5c4d" leaf=5 bytes=2965382560
PUBLIC_CENSUS "Tc5c4d" leaf=8 bytes=1598834144
PUBLIC_CENSUS "Tc3h3d" leaf=2 bytes=5957185640
PUBLIC_CENSUS "Tc3h3d" leaf=5 bytes=5007926280
PUBLIC_CENSUS "Tc3h3d" leaf=8 bytes=2698430840
PUBLIC_CENSUS "9d9c5c" leaf=2 bytes=3494659168
PUBLIC_CENSUS "9d9c5c" leaf=5 bytes=2938332320
PUBLIC_CENSUS "9d9c5c" leaf=8 bytes=1584249568
PUBLIC_CENSUS "9c8d6c" leaf=2 bytes=3500691376
PUBLIC_CENSUS "9c8d6c" leaf=5 bytes=2943404240
PUBLIC_CENSUS "9c8d6c" leaf=8 bytes=1586984176
PUBLIC_CENSUS "9c8c7d" leaf=2 bytes=3496669904
PUBLIC_CENSUS "9c8c7d" leaf=5 bytes=2940022960
PUBLIC_CENSUS "9c8c7d" leaf=8 bytes=1585161104
PUBLIC_CENSUS "9c7d5d" leaf=2 bytes=3510745056
PUBLIC_CENSUS "9c7d5d" leaf=5 bytes=2951857440
PUBLIC_CENSUS "9c7d5d" leaf=8 bytes=1591541856
PUBLIC_CENSUS "9c7c4d" leaf=2 bytes=3528841680
PUBLIC_CENSUS "9c7c4d" leaf=5 bytes=2967073200
PUBLIC_CENSUS "9c7c4d" leaf=8 bytes=1599745680
PUBLIC_CENSUS "9c6d3c" leaf=2 bytes=3530852416
PUBLIC_CENSUS "9c6d3c" leaf=5 bytes=2968763840
PUBLIC_CENSUS "9c6d3c" leaf=8 bytes=1600657216
PUBLIC_CENSUS "9c5d3h" leaf=2 bytes=5916683528
PUBLIC_CENSUS "9c5d3h" leaf=5 bytes=4973878056
PUBLIC_CENSUS "9c5d3h" leaf=8 bytes=2680084568
PUBLIC_CENSUS "9c4d3d" leaf=2 bytes=3542916832
PUBLIC_CENSUS "9c4d3d" leaf=5 bytes=2978907680
PUBLIC_CENSUS "9c4d3d" leaf=8 bytes=1606126432
PUBLIC_CENSUS "9c2d2c" leaf=2 bytes=3550959776
PUBLIC_CENSUS "9c2d2c" leaf=5 bytes=2985670240
PUBLIC_CENSUS "9c2d2c" leaf=8 bytes=1609772576
PUBLIC_CENSUS "8c7d6h" leaf=2 bytes=5899807648
PUBLIC_CENSUS "8c7d6h" leaf=5 bytes=4959691296
PUBLIC_CENSUS "8c7d6h" leaf=8 bytes=2672440288
PUBLIC_CENSUS "8c7d2h" leaf=2 bytes=5926809056
PUBLIC_CENSUS "8c7d2h" leaf=5 bytes=4982390112
PUBLIC_CENSUS "8c7d2h" leaf=8 bytes=2684671136
PUBLIC_CENSUS "8c6d4h" leaf=2 bytes=5923433880
PUBLIC_CENSUS "8c6d4h" leaf=5 bytes=4979552760
PUBLIC_CENSUS "8c6d4h" leaf=8 bytes=2683142280
PUBLIC_CENSUS "8c5h5d" leaf=2 bytes=5886306944
PUBLIC_CENSUS "8c5h5d" leaf=5 bytes=4948341888
PUBLIC_CENSUS "8c5h5d" leaf=8 bytes=2666324864
PUBLIC_CENSUS "8c5c2d" leaf=2 bytes=3528841680
PUBLIC_CENSUS "8c5c2d" leaf=5 bytes=2967073200
PUBLIC_CENSUS "8c5c2d" leaf=8 bytes=1599745680
PUBLIC_CENSUS "8c3d2h" leaf=2 bytes=5953810464
PUBLIC_CENSUS "8c3d2h" leaf=5 bytes=5005088928
PUBLIC_CENSUS "8c3d2h" leaf=8 bytes=2696901984
PUBLIC_CENSUS "7d7c2c" leaf=2 bytes=3550959776
PUBLIC_CENSUS "7d7c2c" leaf=5 bytes=2985670240
PUBLIC_CENSUS "7d7c2c" leaf=8 bytes=1609772576
PUBLIC_CENSUS "7c6d2h" leaf=2 bytes=5960560816
PUBLIC_CENSUS "7c6d2h" leaf=5 bytes=5010763632
PUBLIC_CENSUS "7c6d2h" leaf=8 bytes=2699959696
PUBLIC_CENSUS "7c5d3c" leaf=2 bytes=3542916832
PUBLIC_CENSUS "7c5d3c" leaf=5 bytes=2978907680
PUBLIC_CENSUS "7c5d3c" leaf=8 bytes=1606126432
PUBLIC_CENSUS "7c4d2h" leaf=2 bytes=5980811872
PUBLIC_CENSUS "7c4d2h" leaf=5 bytes=5027787744
PUBLIC_CENSUS "7c4d2h" leaf=8 bytes=2709132832
PUBLIC_CENSUS "6d6c5c" leaf=2 bytes=3534873888
PUBLIC_CENSUS "6d6c5c" leaf=5 bytes=2972145120
PUBLIC_CENSUS "6d6c5c" leaf=8 bytes=1602480288
PUBLIC_CENSUS "6c5d2h" leaf=2 bytes=5953810464
PUBLIC_CENSUS "6c5d2h" leaf=5 bytes=5005088928
PUBLIC_CENSUS "6c5d2h" leaf=8 bytes=2696901984
PUBLIC_CENSUS "6c4d2d" leaf=2 bytes=3565034928
PUBLIC_CENSUS "6c4d2d" leaf=5 bytes=2997504720
PUBLIC_CENSUS "6c4d2d" leaf=8 bytes=1616153328
PUBLIC_CENSUS "5d5c3h" leaf=2 bytes=5943684936
PUBLIC_CENSUS "5d5c3h" leaf=5 bytes=4996576872
PUBLIC_CENSUS "5d5c3h" leaf=8 bytes=2692315416
PUBLIC_CENSUS "5c3h3d" leaf=2 bytes=5977436696
PUBLIC_CENSUS "5c3h3d" leaf=5 bytes=5024950392
PUBLIC_CENSUS "5c3h3d" leaf=8 bytes=2707603976
PUBLIC_CENSUS "4c3d2h" leaf=2 bytes=6007813280
PUBLIC_CENSUS "4c3d2h" leaf=5 bytes=5050486560
PUBLIC_CENSUS "4c3d2h" leaf=8 bytes=2721363680
