RIVER_FRONTIER "AdAcJc" leaf=2 subgames=35725 boundary_bytes=965432400
RIVER_FRONTIER "AdAcJc" leaf=5 subgames=30009 boundary_bytes=810963216
RIVER_FRONTIER "AdAcJc" leaf=8 subgames=18577 boundary_bytes=502024848
RIVER_FRONTIER "AdAc3c" leaf=2 subgames=35725 boundary_bytes=974578000
RIVER_FRONTIER "AdAc3c" leaf=5 subgames=30009 boundary_bytes=818645520
RIVER_FRONTIER "AdAc3c" leaf=8 subgames=18577 boundary_bytes=506780560
RIVER_FRONTIER "AcKd9h" leaf=2 subgames=58800 boundary_bytes=1596537600
RIVER_FRONTIER "AcKd9h" leaf=5 subgames=49392 boundary_bytes=1341091584
RIVER_FRONTIER "AcKd9h" leaf=8 subgames=30576 boundary_bytes=830199552
RIVER_FRONTIER "AcKd5h" leaf=2 subgames=58800 boundary_bytes=1603123200
RIVER_FRONTIER "AcKd5h" leaf=5 subgames=49392 boundary_bytes=1346623488
RIVER_FRONTIER "AcKd5h" leaf=8 subgames=30576 boundary_bytes=833624064
RIVER_FRONTIER "AcKcQc" leaf=2 subgames=16875 boundary_bytes=456570000
RIVER_FRONTIER "AcKcQc" leaf=5 subgames=14175 boundary_bytes=383518800
RIVER_FRONTIER "AcKcQc" leaf=8 subgames=8775 boundary_bytes=237416400
RIVER_FRONTIER "AcQdJh" leaf=2 subgames=58800 boundary_bytes=1605945600
RIVER_FRONTIER "AcQdJh" leaf=5 subgames=49392 boundary_bytes=1348994304
RIVER_FRONTIER "AcQdJh" leaf=8 subgames=30576 boundary_bytes=835091712
RIVER_FRONTIER "AcQd7h" leaf=2 subgames=58800 boundary_bytes=1612531200
RIVER_FRONTIER "AcQd7h" leaf=5 subgames=49392 boundary_bytes=1354526208
RIVER_FRONTIER "AcQd7h" leaf=8 subgames=30576 boundary_bytes=838516224
RIVER_FRONTIER "AcQd3h" leaf=2 subgames=58800 boundary_bytes=1620057600
RIVER_FRONTIER "AcQd3h" leaf=5 subgames=49392 boundary_bytes=1360848384
RIVER_FRONTIER "AcQd3h" leaf=8 subgames=30576 boundary_bytes=842429952
RIVER_FRONTIER "AcQc4d" leaf=2 subgames=35725 boundary_bytes=983723600
RIVER_FRONTIER "AcQc4d" leaf=5 subgames=30009 boundary_bytes=826327824
RIVER_FRONTIER "AcQc4d" leaf=8 subgames=18577 boundary_bytes=511536272
RIVER_FRONTIER "AcJd8c" leaf=2 subgames=35725 boundary_bytes=978579200
RIVER_FRONTIER "AcJd8c" leaf=5 subgames=30009 boundary_bytes=822006528
RIVER_FRONTIER "AcJd8c" leaf=8 subgames=18577 boundary_bytes=508861184
RIVER_FRONTIER "AcJd4c" leaf=2 subgames=35725 boundary_bytes=987724800
RIVER_FRONTIER "AcJd4c" leaf=5 subgames=30009 boundary_bytes=829688832
RIVER_FRONTIER "AcJd4c" leaf=8 subgames=18577 boundary_bytes=513616896
RIVER_FRONTIER "AcJc4d" leaf=2 subgames=35725 boundary_bytes=987724800
RIVER_FRONTIER "AcJc4d" leaf=5 subgames=30009 boundary_bytes=829688832
RIVER_FRONTIER "AcJc4d" leaf=8 subgames=18577 boundary_bytes=513616896
RIVER_FRONTIER "AcTd7d" leaf=2 subgames=35725 boundary_bytes=984295200
RIVER_FRONTIER "AcTd7d" leaf=5 subgames=30009 boundary_bytes=826807968
RIVER_FRONTIER "AcTd7d" leaf=8 subgames=18577 boundary_bytes=511833504
RIVER_FRONTIER "AcTd3c" leaf=2 subgames=35725 boundary_bytes=988296400
RIVER_FRONTIER "AcTd3c" leaf=5 subgames=30009 boundary_bytes=830168976
RIVER_FRONTIER "AcTd3c" leaf=8 subgames=18577 boundary_bytes=513914128
RIVER_FRONTIER "Ac9h9d" leaf=2 subgames=58800 boundary_bytes=1610649600
RIVER_FRONTIER "Ac9h9d" leaf=5 subgames=49392 boundary_bytes=1352945664
RIVER_FRONTIER "Ac9h9d" leaf=8 subgames=30576 boundary_bytes=837537792
RIVER_FRONTIER "Ac9d5c" leaf=2 subgames=35725 boundary_bytes=982008800
RIVER_FRONTIER "Ac9d5c" leaf=5 subgames=30009 boundary_bytes=824887392
RIVER_FRONTIER "Ac9d5c" leaf=8 subgames=18577 boundary_bytes=510644576
RIVER_FRONTIER "Ac9c6c" leaf=2 subgames=16875 boundary_bytes=464940000
RIVER_FRONTIER "Ac9c6c" leaf=5 subgames=14175 boundary_bytes=390549600
RIVER_FRONTIER "Ac9c6c" leaf=8 subgames=8775 boundary_bytes=241768800
RIVER_FRONTIER "Ac8d5h" leaf=2 subgames=58800 boundary_bytes=1616294400
RIVER_FRONTIER "Ac8d5h" leaf=5 subgames=49392 boundary_bytes=1357687296
RIVER_FRONTIER "Ac8d5h" leaf=8 subgames=30576 boundary_bytes=840473088
RIVER_FRONTIER "Ac8c7c" leaf=2 subgames=16875 boundary_bytes=464670000
RIVER_FRONTIER "Ac8c7c" leaf=5 subgames=14175 boundary_bytes=390322800
RIVER_FRONTIER "Ac8c7c" leaf=8 subgames=8775 boundary_bytes=241628400
RIVER_FRONTIER "Ac7d5c" leaf=2 subgames=35725 boundary_bytes=987153200
RIVER_FRONTIER "Ac7d5c" leaf=5 subgames=30009 boundary_bytes=829208688
RIVER_FRONTIER "Ac7d5c" leaf=8 subgames=18577 boundary_bytes=513319664
RIVER_FRONTIER "Ac7c3d" leaf=2 subgames=35725 boundary_bytes=992869200
RIVER_FRONTIER "Ac7c3d" leaf=5 subgames=30009 boundary_bytes=834010128
RIVER_FRONTIER "Ac7c3d" leaf=8 subgames=18577 boundary_bytes=516291984
RIVER_FRONTIER "Ac6d3c" leaf=2 subgames=35725 boundary_bytes=993440800
RIVER_FRONTIER "Ac6d3c" leaf=5 subgames=30009 boundary_bytes=834490272
RIVER_FRONTIER "Ac6d3c" leaf=8 subgames=18577 boundary_bytes=516589216
RIVER_FRONTIER "Ac5d3h" leaf=2 subgames=58800 boundary_bytes=1632288000
RIVER_FRONTIER "Ac5d3h" leaf=5 subgames=49392 boundary_bytes=1371121920
RIVER_FRONTIER "Ac5d3h" leaf=8 subgames=30576 boundary_bytes=848789760
RIVER_FRONTIER "Ac4d3c" leaf=2 subgames=35725 boundary_bytes=996870400
RIVER_FRONTIER "Ac4d3c" leaf=5 subgames=30009 boundary_bytes=837371136
RIVER_FRONTIER "Ac4d3c" leaf=8 subgames=18577 boundary_bytes=518372608
RIVER_FRONTIER "Ac2d2c" leaf=2 subgames=35725 boundary_bytes=999156800
RIVER_FRONTIER "Ac2d2c" leaf=5 subgames=30009 boundary_bytes=839291712
RIVER_FRONTIER "Ac2d2c" leaf=8 subgames=18577 boundary_bytes=519561536
RIVER_FRONTIER "KdKc4h" leaf=2 subgames=58800 boundary_bytes=1618176000
RIVER_FRONTIER "KdKc4h" leaf=5 subgames=49392 boundary_bytes=1359267840
RIVER_FRONTIER "KdKc4h" leaf=8 subgames=30576 boundary_bytes=841451520
RIVER_FRONTIER "KcQd9h" leaf=2 subgames=58800 boundary_bytes=1613472000
RIVER_FRONTIER "KcQd9h" leaf=5 subgames=49392 boundary_bytes=1355316480
RIVER_FRONTIER "KcQd9h" leaf=8 subgames=30576 boundary_bytes=839005440
RIVER_FRONTIER "KcQd5h" leaf=2 subgames=58800 boundary_bytes=1619116800
RIVER_FRONTIER "KcQd5h" leaf=5 subgames=49392 boundary_bytes=1360058112
RIVER_FRONTIER "KcQd5h" leaf=8 subgames=30576 boundary_bytes=841940736
RIVER_FRONTIER "KcQcTd" leaf=2 subgames=35725 boundary_bytes=980865600
RIVER_FRONTIER "KcQcTd" leaf=5 subgames=30009 boundary_bytes=823927104
RIVER_FRONTIER "KcQcTd" leaf=8 subgames=18577 boundary_bytes=510050112
RIVER_FRONTIER "KcJdTd" leaf=2 subgames=35725 boundary_bytes=984866800
RIVER_FRONTIER "KcJdTd" leaf=5 subgames=30009 boundary_bytes=827288112
RIVER_FRONTIER "KcJdTd" leaf=8 subgames=18577 boundary_bytes=512130736
RIVER_FRONTIER "KcJd6d" leaf=2 subgames=35725 boundary_bytes=989439600
RIVER_FRONTIER "KcJd6d" leaf=5 subgames=30009 boundary_bytes=831129264
RIVER_FRONTIER "KcJd6d" leaf=8 subgames=18577 boundary_bytes=514508592
RIVER_FRONTIER "KcJd2c" leaf=2 subgames=35725 boundary_bytes=994012400
RIVER_FRONTIER "KcJd2c" leaf=5 subgames=30009 boundary_bytes=834970416
RIVER_FRONTIER "KcJd2c" leaf=8 subgames=18577 boundary_bytes=516886448
RIVER_FRONTIER "KcTd9h" leaf=2 subgames=58800 boundary_bytes=1619116800
RIVER_FRONTIER "KcTd9h" leaf=5 subgames=49392 boundary_bytes=1360058112
RIVER_FRONTIER "KcTd9h" leaf=8 subgames=30576 boundary_bytes=841940736
RIVER_FRONTIER "KcTd5d" leaf=2 subgames=35725 boundary_bytes=988296400
RIVER_FRONTIER "KcTd5d" leaf=5 subgames=30009 boundary_bytes=830168976
RIVER_FRONTIER "KcTd5d" leaf=8 subgames=18577 boundary_bytes=513914128
RIVER_FRONTIER "KcTc7d" leaf=2 subgames=35725 boundary_bytes=988868000
RIVER_FRONTIER "KcTc7d" leaf=5 subgames=30009 boundary_bytes=830649120
RIVER_FRONTIER "KcTc7d" leaf=8 subgames=18577 boundary_bytes=514211360
RIVER_FRONTIER "Kc9d7d" leaf=2 subgames=35725 boundary_bytes=988868000
RIVER_FRONTIER "Kc9d7d" leaf=5 subgames=30009 boundary_bytes=830649120
RIVER_FRONTIER "Kc9d7d" leaf=8 subgames=18577 boundary_bytes=514211360
RIVER_FRONTIER "Kc9d3d" leaf=2 subgames=35725 boundary_bytes=992297600
RIVER_FRONTIER "Kc9d3d" leaf=5 subgames=30009 boundary_bytes=833529984
RIVER_FRONTIER "Kc9d3d" leaf=8 subgames=18577 boundary_bytes=515994752
RIVER_FRONTIER "Kc8d7h" leaf=2 subgames=58800 boundary_bytes=1626643200
RIVER_FRONTIER "Kc8d7h" leaf=5 subgames=49392 boundary_bytes=1366380288
RIVER_FRONTIER "Kc8d7h" leaf=8 subgames=30576 boundary_bytes=845854464
RIVER_FRONTIER "Kc8d3h" leaf=2 subgames=58800 boundary_bytes=1633228800
RIVER_FRONTIER "Kc8d3h" leaf=5 subgames=49392 boundary_bytes=1371912192
RIVER_FRONTIER "Kc8d3h" leaf=8 subgames=30576 boundary_bytes=849278976
RIVER_FRONTIER "Kc7h7d" leaf=2 subgames=58800 boundary_bytes=1636051200
RIVER_FRONTIER "Kc7h7d" leaf=5 subgames=49392 boundary_bytes=1374283008
RIVER_FRONTIER "Kc7h7d" leaf=8 subgames=30576 boundary_bytes=850746624
RIVER_FRONTIER "Kc7d3c" leaf=2 subgames=35725 boundary_bytes=998013600
RIVER_FRONTIER "Kc7d3c" leaf=5 subgames=30009 boundary_bytes=838331424
RIVER_FRONTIER "Kc7d3c" leaf=8 subgames=18577 boundary_bytes=518967072
RIVER_FRONTIER "Kc6d5c" leaf=2 subgames=35725 boundary_bytes=992869200
RIVER_FRONTIER "Kc6d5c" leaf=5 subgames=30009 boundary_bytes=834010128
RIVER_FRONTIER "Kc6d5c" leaf=8 subgames=18577 boundary_bytes=516291984
RIVER_FRONTIER "Kc6c3d" leaf=2 subgames=35725 boundary_bytes=998013600
RIVER_FRONTIER "Kc6c3d" leaf=5 subgames=30009 boundary_bytes=838331424
RIVER_FRONTIER "Kc6c3d" leaf=8 subgames=18577 boundary_bytes=518967072
RIVER_FRONTIER "Kc5c4d" leaf=2 subgames=35725 boundary_bytes=995727200
RIVER_FRONTIER "Kc5c4d" leaf=5 subgames=30009 boundary_bytes=836410848
RIVER_FRONTIER "Kc5c4d" leaf=8 subgames=18577 boundary_bytes=517778144
RIVER_FRONTIER "Kc3h3d" leaf=2 subgames=58800 boundary_bytes=1649222400
RIVER_FRONTIER "Kc3h3d" leaf=5 subgames=49392 boundary_bytes=1385346816
RIVER_FRONTIER "Kc3h3d" leaf=8 subgames=30576 boundary_bytes=857595648
RIVER_FRONTIER "QdQc8c" leaf=2 subgames=35725 boundary_bytes=985438400
RIVER_FRONTIER "QdQc8c" leaf=5 subgames=30009 boundary_bytes=827768256
RIVER_FRONTIER "QdQc8c" leaf=8 subgames=18577 boundary_bytes=512427968
RIVER_FRONTIER "QcJdTh" leaf=2 subgames=58800 boundary_bytes=1629465600
RIVER_FRONTIER "QcJdTh" leaf=5 subgames=49392 boundary_bytes=1368751104
RIVER_FRONTIER "QcJdTh" leaf=8 subgames=30576 boundary_bytes=847322112
RIVER_FRONTIER "QcJd6d" leaf=2 subgames=35725 boundary_bytes=994012400
RIVER_FRONTIER "QcJd6d" leaf=5 subgames=30009 boundary_bytes=834970416
RIVER_FRONTIER "QcJd6d" leaf=8 subgames=18577 boundary_bytes=516886448
RIVER_FRONTIER "QcJd2d" leaf=2 subgames=35725 boundary_bytes=998585200
RIVER_FRONTIER "QcJd2d" leaf=5 subgames=30009 boundary_bytes=838811568
RIVER_FRONTIER "QcJd2d" leaf=8 subgames=18577 boundary_bytes=519264304
RIVER_FRONTIER "QcTd9h" leaf=2 subgames=58800 boundary_bytes=1627584000
RIVER_FRONTIER "QcTd9h" leaf=5 subgames=49392 boundary_bytes=1367170560
RIVER_FRONTIER "QcTd9h" leaf=8 subgames=30576 boundary_bytes=846343680
RIVER_FRONTIER "QcTd5h" leaf=2 subgames=58800 boundary_bytes=1633228800
RIVER_FRONTIER "QcTd5h" leaf=5 subgames=49392 boundary_bytes=1371912192
RIVER_FRONTIER "QcTd5h" leaf=8 subgames=30576 boundary_bytes=849278976
RIVER_FRONTIER "QcTc8d" leaf=2 subgames=35725 boundary_bytes=989439600
RIVER_FRONTIER "QcTc8d" leaf=5 subgames=30009 boundary_bytes=831129264
RIVER_FRONTIER "QcTc8d" leaf=8 subgames=18577 boundary_bytes=514508592
RIVER_FRONTIER "Qc9d7h" leaf=2 subgames=58800 boundary_bytes=1634169600
RIVER_FRONTIER "Qc9d7h" leaf=5 subgames=49392 boundary_bytes=1372702464
RIVER_FRONTIER "Qc9d7h" leaf=8 subgames=30576 boundary_bytes=849768192
RIVER_FRONTIER "Qc9d3d" leaf=2 subgames=35725 boundary_bytes=997442000
RIVER_FRONTIER "Qc9d3d" leaf=5 subgames=30009 boundary_bytes=837851280
RIVER_FRONTIER "Qc9d3d" leaf=8 subgames=18577 boundary_bytes=518669840
RIVER_FRONTIER "Qc8d8c" leaf=2 subgames=35725 boundary_bytes=988868000
RIVER_FRONTIER "Qc8d8c" leaf=5 subgames=30009 boundary_bytes=830649120
RIVER_FRONTIER "Qc8d8c" leaf=8 subgames=18577 boundary_bytes=514211360
RIVER_FRONTIER "Qc8d4c" leaf=2 subgames=35725 boundary_bytes=997442000
RIVER_FRONTIER "Qc8d4c" leaf=5 subgames=30009 boundary_bytes=837851280
RIVER_FRONTIER "Qc8d4c" leaf=8 subgames=18577 boundary_bytes=518669840
RIVER_FRONTIER "Qc7h7d" leaf=2 subgames=58800 boundary_bytes=1642636800
RIVER_FRONTIER "Qc7h7d" leaf=5 subgames=49392 boundary_bytes=1379814912
RIVER_FRONTIER "Qc7h7d" leaf=8 subgames=30576 boundary_bytes=854171136
RIVER_FRONTIER "Qc7d3d" leaf=2 subgames=35725 boundary_bytes=1002014800
RIVER_FRONTIER "Qc7d3d" leaf=5 subgames=30009 boundary_bytes=841692432
RIVER_FRONTIER "Qc7d3d" leaf=8 subgames=18577 boundary_bytes=521047696
RIVER_FRONTIER "Qc6d5d" leaf=2 subgames=35725 boundary_bytes=997442000
RIVER_FRONTIER "Qc6d5d" leaf=5 subgames=30009 boundary_bytes=837851280
RIVER_FRONTIER "Qc6d5d" leaf=8 subgames=18577 boundary_bytes=518669840
RIVER_FRONTIER "Qc6c3d" leaf=2 subgames=35725 boundary_bytes=1003158000
RIVER_FRONTIER "Qc6c3d" leaf=5 subgames=30009 boundary_bytes=842652720
RIVER_FRONTIER "Qc6c3d" leaf=8 subgames=18577 boundary_bytes=521642160
RIVER_FRONTIER "Qc5d2c" leaf=2 subgames=35725 boundary_bytes=1002014800
RIVER_FRONTIER "Qc5d2c" leaf=5 subgames=30009 boundary_bytes=841692432
RIVER_FRONTIER "Qc5d2c" leaf=8 subgames=18577 boundary_bytes=521047696
RIVER_FRONTIER "Qc4c2d" leaf=2 subgames=35725 boundary_bytes=1007159200
RIVER_FRONTIER "Qc4c2d" leaf=5 subgames=30009 boundary_bytes=846013728
RIVER_FRONTIER "Qc4c2d" leaf=8 subgames=18577 boundary_bytes=523722784
RIVER_FRONTIER "JdJc7h" leaf=2 subgames=58800 boundary_bytes=1641696000
RIVER_FRONTIER "JdJc7h" leaf=5 subgames=49392 boundary_bytes=1379024640
RIVER_FRONTIER "JdJc7h" leaf=8 subgames=30576 boundary_bytes=853681920
RIVER_FRONTIER "JcTd9d" leaf=2 subgames=35725 boundary_bytes=993440800
RIVER_FRONTIER "JcTd9d" leaf=5 subgames=30009 boundary_bytes=834490272
RIVER_FRONTIER "JcTd9d" leaf=8 subgames=18577 boundary_bytes=516589216
RIVER_FRONTIER "JcTd5c" leaf=2 subgames=35725 boundary_bytes=996870400
RIVER_FRONTIER "JcTd5c" leaf=5 subgames=30009 boundary_bytes=837371136
RIVER_FRONTIER "JcTd5c" leaf=8 subgames=18577 boundary_bytes=518372608
RIVER_FRONTIER "JcTc7c" leaf=2 subgames=16875 boundary_bytes=471690000
RIVER_FRONTIER "JcTc7c" leaf=5 subgames=14175 boundary_bytes=396219600
RIVER_FRONTIER "JcTc7c" leaf=8 subgames=8775 boundary_bytes=245278800
RIVER_FRONTIER "Jc9d7c" leaf=2 subgames=35725 boundary_bytes=997442000
RIVER_FRONTIER "Jc9d7c" leaf=5 subgames=30009 boundary_bytes=837851280
RIVER_FRONTIER "Jc9d7c" leaf=8 subgames=18577 boundary_bytes=518669840
RIVER_FRONTIER "Jc9d3c" leaf=2 subgames=35725 boundary_bytes=1001443200
RIVER_FRONTIER "Jc9d3c" leaf=5 subgames=30009 boundary_bytes=841212288
RIVER_FRONTIER "Jc9d3c" leaf=8 subgames=18577 boundary_bytes=520750464
RIVER_FRONTIER "Jc8d7h" leaf=2 subgames=58800 boundary_bytes=1639814400
RIVER_FRONTIER "Jc8d7h" leaf=5 subgames=49392 boundary_bytes=1377444096
RIVER_FRONTIER "Jc8d7h" leaf=8 subgames=30576 boundary_bytes=852703488
RIVER_FRONTIER "Jc8d3h" leaf=2 subgames=58800 boundary_bytes=1647340800
RIVER_FRONTIER "Jc8d3h" leaf=5 subgames=49392 boundary_bytes=1383766272
RIVER_FRONTIER "Jc8d3h" leaf=8 subgames=30576 boundary_bytes=856617216
RIVER_FRONTIER "Jc7d7c" leaf=2 subgames=35725 boundary_bytes=1002586400
RIVER_FRONTIER "Jc7d7c" leaf=5 subgames=30009 boundary_bytes=842172576
RIVER_FRONTIER "Jc7d7c" leaf=8 subgames=18577 boundary_bytes=521344928
RIVER_FRONTIER "Jc7d2h" leaf=2 subgames=58800 boundary_bytes=1656748800
RIVER_FRONTIER "Jc7d2h" leaf=5 subgames=49392 boundary_bytes=1391668992
RIVER_FRONTIER "Jc7d2h" leaf=8 subgames=30576 boundary_bytes=861509376
RIVER_FRONTIER "Jc6d4h" leaf=2 subgames=58800 boundary_bytes=1655808000
RIVER_FRONTIER "Jc6d4h" leaf=5 subgames=49392 boundary_bytes=1390878720
RIVER_FRONTIER "Jc6d4h" leaf=8 subgames=30576 boundary_bytes=861020160
RIVER_FRONTIER "Jc6c2d" leaf=2 subgames=35725 boundary_bytes=1007159200
RIVER_FRONTIER "Jc6c2d" leaf=5 subgames=30009 boundary_bytes=846013728
RIVER_FRONTIER "Jc6c2d" leaf=8 subgames=18577 boundary_bytes=523722784
RIVER_FRONTIER "Jc5c3d" leaf=2 subgames=35725 boundary_bytes=1005444400
RIVER_FRONTIER "Jc5c3d" leaf=5 subgames=30009 boundary_bytes=844573296
RIVER_FRONTIER "Jc5c3d" leaf=8 subgames=18577 boundary_bytes=522831088
RIVER_FRONTIER "Jc3d3c" leaf=2 subgames=35725 boundary_bytes=1011160400
RIVER_FRONTIER "Jc3d3c" leaf=5 subgames=30009 boundary_bytes=849374736
RIVER_FRONTIER "Jc3d3c" leaf=8 subgames=18577 boundary_bytes=525803408
RIVER_FRONTIER "TdTc5h" leaf=2 subgames=58800 boundary_bytes=1639814400
RIVER_FRONTIER "TdTc5h" leaf=5 subgames=49392 boundary_bytes=1377444096
RIVER_FRONTIER "TdTc5h" leaf=8 subgames=30576 boundary_bytes=852703488
RIVER_FRONTIER "Tc9d7d" leaf=2 subgames=35725 boundary_bytes=996870400
RIVER_FRONTIER "Tc9d7d" leaf=5 subgames=30009 boundary_bytes=837371136
RIVER_FRONTIER "Tc9d7d" leaf=8 subgames=18577 boundary_bytes=518372608
RIVER_FRONTIER "Tc9d3c" leaf=2 subgames=35725 boundary_bytes=1000871600
RIVER_FRONTIER "Tc9d3c" leaf=5 subgames=30009 boundary_bytes=840732144
RIVER_FRONTIER "Tc9d3c" leaf=8 subgames=18577 boundary_bytes=520453232
RIVER_FRONTIER "Tc8d7h" leaf=2 subgames=58800 boundary_bytes=1640755200
RIVER_FRONTIER "Tc8d7h" leaf=5 subgames=49392 boundary_bytes=1378234368
RIVER_FRONTIER "Tc8d7h" leaf=8 subgames=30576 boundary_bytes=853192704
RIVER_FRONTIER "Tc8d3h" leaf=2 subgames=58800 boundary_bytes=1648281600
RIVER_FRONTIER "Tc8d3h" leaf=5 subgames=49392 boundary_bytes=1384556544
RIVER_FRONTIER "Tc8d3h" leaf=8 subgames=30576 boundary_bytes=857106432
RIVER_FRONTIER "Tc7d7c" leaf=2 subgames=35725 boundary_bytes=1002586400
RIVER_FRONTIER "Tc7d7c" leaf=5 subgames=30009 boundary_bytes=842172576
RIVER_FRONTIER "Tc7d7c" leaf=8 subgames=18577 boundary_bytes=521344928
RIVER_FRONTIER "Tc7d3c" leaf=2 subgames=35725 boundary_bytes=1006016000
RIVER_FRONTIER "Tc7d3c" leaf=5 subgames=30009 boundary_bytes=845053440
RIVER_FRONTIER "Tc7d3c" leaf=8 subgames=18577 boundary_bytes=523128320
RIVER_FRONTIER "Tc6d5c" leaf=2 subgames=35725 boundary_bytes=1001443200
RIVER_FRONTIER "Tc6d5c" leaf=5 subgames=30009 boundary_bytes=841212288
RIVER_FRONTIER "Tc6d5c" leaf=8 subgames=18577 boundary_bytes=520750464
RIVER_FRONTIER "Tc6c3c" leaf=2 subgames=16875 boundary_bytes=475470000
RIVER_FRONTIER "Tc6c3c" leaf=5 subgames=14175 boundary_bytes=399394800
RIVER_FRONTIER "Tc6c3c" leaf=8 subgames=8775 boundary_bytes=247244400
RIVER_FRONTIER "Tc5c4d" leaf=2 subgames=35725 boundary_bytes=1004872800
RIVER_FRONTIER "Tc5c4d" leaf=5 subgames=30009 boundary_bytes=844093152
RIVER_FRONTIER "Tc5c4d" leaf=8 subgames=18577 boundary_bytes=522533856
RIVER_FRONTIER "Tc3h3d" leaf=2 subgames=58800 boundary_bytes=1664275200
RIVER_FRONTIER "Tc3h3d" leaf=5 subgames=49392 boundary_bytes=1397991168
RIVER_FRONTIER "Tc3h3d" leaf=8 subgames=30576 boundary_bytes=865423104
RIVER_FRONTIER "9d9c5c" leaf=2 subgames=35725 boundary_bytes=995727200
RIVER_FRONTIER "9d9c5c" leaf=5 subgames=30009 boundary_bytes=836410848
RIVER_FRONTIER "9d9c5c" leaf=8 subgames=18577 boundary_bytes=517778144
RIVER_FRONTIER "9c8d6c" leaf=2 subgames=35725 boundary_bytes=997442000
RIVER_FRONTIER "9c8d6c" leaf=5 subgames=30009 boundary_bytes=837851280
RIVER_FRONTIER "9c8d6c" leaf=8 subgames=18577 boundary_bytes=518669840
RIVER_FRONTIER "9c8c7d" leaf=2 subgames=35725 boundary_bytes=996298800
RIVER_FRONTIER "9c8c7d" leaf=5 subgames=30009 boundary_bytes=836890992
RIVER_FRONTIER "9c8c7d" leaf=8 subgames=18577 boundary_bytes=518075376
RIVER_FRONTIER "9c7d5d" leaf=2 subgames=35725 boundary_bytes=1000300000
RIVER_FRONTIER "9c7d5d" leaf=5 subgames=30009 boundary_bytes=840252000
RIVER_FRONTIER "9c7d5d" leaf=8 subgames=18577 boundary_bytes=520156000
RIVER_FRONTIER "9c7c4d" leaf=2 subgames=35725 boundary_bytes=1005444400
RIVER_FRONTIER "9c7c4d" leaf=5 subgames=30009 boundary_bytes=844573296
RIVER_FRONTIER "9c7c4d" leaf=8 subgames=18577 boundary_bytes=522831088
RIVER_FRONTIER "9c6d3c" leaf=2 subgames=35725 boundary_bytes=1006016000
RIVER_FRONTIER "9c6d3c" leaf=5 subgames=30009 boundary_bytes=845053440
RIVER_FRONTIER "9c6d3c" leaf=8 subgames=18577 boundary_bytes=523128320
RIVER_FRONTIER "9c5d3h" leaf=2 subgames=58800 boundary_bytes=1652985600
RIVER_FRONTIER "9c5d3h" leaf=5 subgames=49392 boundary_bytes=1388507904
RIVER_FRONTIER "9c5d3h" leaf=8 subgames=30576 boundary_bytes=859552512
RIVER_FRONTIER "9c4d3d" leaf=2 subgames=35725 boundary_bytes=1009445600
RIVER_FRONTIER "9c4d3d" leaf=5 subgames=30009 boundary_bytes=847934304
RIVER_FRONTIER "9c4d3d" leaf=8 subgames=18577 boundary_bytes=524911712
RIVER_FRONTIER "9c2d2c" leaf=2 subgames=35725 boundary_bytes=1011732000
RIVER_FRONTIER "9c2d2c" leaf=5 subgames=30009 boundary_bytes=849854880
RIVER_FRONTIER "9c2d2c" leaf=8 subgames=18577 boundary_bytes=526100640
RIVER_FRONTIER "8c7d6h" leaf=2 subgames=58800 boundary_bytes=1648281600
RIVER_FRONTIER "8c7d6h" leaf=5 subgames=49392 boundary_bytes=1384556544
RIVER_FRONTIER "8c7d6h" leaf=8 subgames=30576 boundary_bytes=857106432
RIVER_FRONTIER "8c7d2h" leaf=2 subgames=58800 boundary_bytes=1655808000
RIVER_FRONTIER "8c7d2h" leaf=5 subgames=49392 boundary_bytes=1390878720
RIVER_FRONTIER "8c7d2h" leaf=8 subgames=30576 boundary_bytes=861020160
RIVER_FRONTIER "8c6d4h" leaf=2 subgames=58800 boundary_bytes=1654867200
RIVER_FRONTIER "8c6d4h" leaf=5 subgames=49392 boundary_bytes=1390088448
RIVER_FRONTIER "8c6d4h" leaf=8 subgames=30576 boundary_bytes=860530944
RIVER_FRONTIER "8c5h5d" leaf=2 subgames=58800 boundary_bytes=1644518400
RIVER_FRONTIER "8c5h5d" leaf=5 subgames=49392 boundary_bytes=1381395456
RIVER_FRONTIER "8c5h5d" leaf=8 subgames=30576 boundary_bytes=855149568
RIVER_FRONTIER "8c5c2d" leaf=2 subgames=35725 boundary_bytes=1005444400
RIVER_FRONTIER "8c5c2d" leaf=5 subgames=30009 boundary_bytes=844573296
RIVER_FRONTIER "8c5c2d" leaf=8 subgames=18577 boundary_bytes=522831088
RIVER_FRONTIER "8c3d2h" leaf=2 subgames=58800 boundary_bytes=1663334400
RIVER_FRONTIER "8c3d2h" leaf=5 subgames=49392 boundary_bytes=1397200896
RIVER_FRONTIER "8c3d2h" leaf=8 subgames=30576 boundary_bytes=864933888
RIVER_FRONTIER "7d7c2c" leaf=2 subgames=35725 boundary_bytes=1011732000
RIVER_FRONTIER "7d7c2c" leaf=5 subgames=30009 boundary_bytes=849854880
RIVER_FRONTIER "7d7c2c" leaf=8 subgames=18577 boundary_bytes=526100640
RIVER_FRONTIER "7c6d2h" leaf=2 subgames=58800 boundary_bytes=1665216000
RIVER_FRONTIER "7c6d2h" leaf=5 subgames=49392 boundary_bytes=1398781440
RIVER_FRONTIER "7c6d2h" leaf=8 subgames=30576 boundary_bytes=865912320
RIVER_FRONTIER "7c5d3c" leaf=2 subgames=35725 boundary_bytes=1009445600
RIVER_FRONTIER "7c5d3c" leaf=5 subgames=30009 boundary_bytes=847934304
RIVER_FRONTIER "7c5d3c" leaf=8 subgames=18577 boundary_bytes=524911712
RIVER_FRONTIER "7c4d2h" leaf=2 subgames=58800 boundary_bytes=1670860800
RIVER_FRONTIER "7c4d2h" leaf=5 subgames=49392 boundary_bytes=1403523072
RIVER_FRONTIER "7c4d2h" leaf=8 subgames=30576 boundary_bytes=868847616
RIVER_FRONTIER "6d6c5c" leaf=2 subgames=35725 boundary_bytes=1007159200
RIVER_FRONTIER "6d6c5c" leaf=5 subgames=30009 boundary_bytes=846013728
RIVER_FRONTIER "6d6c5c" leaf=8 subgames=18577 boundary_bytes=523722784
RIVER_FRONTIER "6c5d2h" leaf=2 subgames=58800 boundary_bytes=1663334400
RIVER_FRONTIER "6c5d2h" leaf=5 subgames=49392 boundary_bytes=1397200896
RIVER_FRONTIER "6c5d2h" leaf=8 subgames=30576 boundary_bytes=864933888
RIVER_FRONTIER "6c4d2d" leaf=2 subgames=35725 boundary_bytes=1015733200
RIVER_FRONTIER "6c4d2d" leaf=5 subgames=30009 boundary_bytes=853215888
RIVER_FRONTIER "6c4d2d" leaf=8 subgames=18577 boundary_bytes=528181264
RIVER_FRONTIER "5d5c3h" leaf=2 subgames=58800 boundary_bytes=1660512000
RIVER_FRONTIER "5d5c3h" leaf=5 subgames=49392 boundary_bytes=1394830080
RIVER_FRONTIER "5d5c3h" leaf=8 subgames=30576 boundary_bytes=863466240
RIVER_FRONTIER "5c3h3d" leaf=2 subgames=58800 boundary_bytes=1669920000
RIVER_FRONTIER "5c3h3d" leaf=5 subgames=49392 boundary_bytes=1402732800
RIVER_FRONTIER "5c3h3d" leaf=8 subgames=30576 boundary_bytes=868358400
RIVER_FRONTIER "4c3d2h" leaf=2 subgames=58800 boundary_bytes=1678387200
RIVER_FRONTIER "4c3d2h" leaf=5 subgames=49392 boundary_bytes=1409845248
RIVER_FRONTIER "4c3d2h" leaf=8 subgames=30576 boundary_bytes=872761344
