GEOMETRY "AdAcJc" leaf=2 legal_nodes=885690
GEOMETRY "AdAcJc" leaf=5 legal_nodes=753978
GEOMETRY "AdAcJc" leaf=8 legal_nodes=424110
GEOMETRY "AdAc3c" leaf=2 legal_nodes=885690
GEOMETRY "AdAc3c" leaf=5 legal_nodes=753978
GEOMETRY "AdAc3c" leaf=8 legal_nodes=424110
GEOMETRY "AcKd9h" leaf=2 legal_nodes=885690
GEOMETRY "AcKd9h" leaf=5 legal_nodes=753978
GEOMETRY "AcKd9h" leaf=8 legal_nodes=424110
GEOMETRY "AcKd5h" leaf=2 legal_nodes=885690
GEOMETRY "AcKd5h" leaf=5 legal_nodes=753978
GEOMETRY "AcKd5h" leaf=8 legal_nodes=424110
GEOMETRY "AcKcQc" leaf=2 legal_nodes=885690
GEOMETRY "AcKcQc" leaf=5 legal_nodes=753978
GEOMETRY "AcKcQc" leaf=8 legal_nodes=424110
GEOMETRY "AcQdJh" leaf=2 legal_nodes=885690
GEOMETRY "AcQdJh" leaf=5 legal_nodes=753978
GEOMETRY "AcQdJh" leaf=8 legal_nodes=424110
GEOMETRY "AcQd7h" leaf=2 legal_nodes=885690
GEOMETRY "AcQd7h" leaf=5 legal_nodes=753978
GEOMETRY "AcQd7h" leaf=8 legal_nodes=424110
GEOMETRY "AcQd3h" leaf=2 legal_nodes=885690
GEOMETRY "AcQd3h" leaf=5 legal_nodes=753978
GEOMETRY "AcQd3h" leaf=8 legal_nodes=424110
GEOMETRY "AcQc4d" leaf=2 legal_nodes=885690
GEOMETRY "AcQc4d" leaf=5 legal_nodes=753978
GEOMETRY "AcQc4d" leaf=8 legal_nodes=424110
GEOMETRY "AcJd8c" leaf=2 legal_nodes=885690
GEOMETRY "AcJd8c" leaf=5 legal_nodes=753978
GEOMETRY "AcJd8c" leaf=8 legal_nodes=424110
GEOMETRY "AcJd4c" leaf=2 legal_nodes=885690
GEOMETRY "AcJd4c" leaf=5 legal_nodes=753978
GEOMETRY "AcJd4c" leaf=8 legal_nodes=424110
GEOMETRY "AcJc4d" leaf=2 legal_nodes=885690
GEOMETRY "AcJc4d" leaf=5 legal_nodes=753978
GEOMETRY "AcJc4d" leaf=8 legal_nodes=424110
GEOMETRY "AcTd7d" leaf=2 legal_nodes=885690
GEOMETRY "AcTd7d" leaf=5 legal_nodes=753978
GEOMETRY "AcTd7d" leaf=8 legal_nodes=424110
GEOMETRY "AcTd3c" leaf=2 legal_nodes=885690
GEOMETRY "AcTd3c" leaf=5 legal_nodes=753978
GEOMETRY "AcTd3c" leaf=8 legal_nodes=424110
GEOMETRY "Ac9h9d" leaf=2 legal_nodes=885690
GEOMETRY "Ac9h9d" leaf=5 legal_nodes=753978
GEOMETRY "Ac9h9d" leaf=8 legal_nodes=424110
GEOMETRY "Ac9d5c" leaf=2 legal_nodes=885690
GEOMETRY "Ac9d5c" leaf=5 legal_nodes=753978
GEOMETRY "Ac9d5c" leaf=8 legal_nodes=424110
GEOMETRY "Ac9c6c" leaf=2 legal_nodes=885690
GEOMETRY "Ac9c6c" leaf=5 legal_nodes=753978
GEOMETRY "Ac9c6c" leaf=8 legal_nodes=424110
GEOMETRY "Ac8d5h" leaf=2 legal_nodes=885690
GEOMETRY "Ac8d5h" leaf=5 legal_nodes=753978
GEOMETRY "Ac8d5h" leaf=8 legal_nodes=424110
GEOMETRY "Ac8c7c" leaf=2 legal_nodes=885690
GEOMETRY "Ac8c7c" leaf=5 legal_nodes=753978
GEOMETRY "Ac8c7c" leaf=8 legal_nodes=424110
GEOMETRY "Ac7d5c" leaf=2 legal_nodes=885690
GEOMETRY "Ac7d5c" leaf=5 legal_nodes=753978
GEOMETRY "Ac7d5c" leaf=8 legal_nodes=424110
GEOMETRY "Ac7c3d" leaf=2 legal_nodes=885690
GEOMETRY "Ac7c3d" leaf=5 legal_nodes=753978
GEOMETRY "Ac7c3d" leaf=8 legal_nodes=424110
GEOMETRY "Ac6d3c" leaf=2 legal_nodes=885690
GEOMETRY "Ac6d3c" leaf=5 legal_nodes=753978
GEOMETRY "Ac6d3c" leaf=8 legal_nodes=424110
GEOMETRY "Ac5d3h" leaf=2 legal_nodes=885690
GEOMETRY "Ac5d3h" leaf=5 legal_nodes=753978
GEOMETRY "Ac5d3h" leaf=8 legal_nodes=424110
GEOMETRY "Ac4d3c" leaf=2 legal_nodes=885690
GEOMETRY "Ac4d3c" leaf=5 legal_nodes=753978
GEOMETRY "Ac4d3c" leaf=8 legal_nodes=424110
GEOMETRY "Ac2d2c" leaf=2 legal_nodes=885690
GEOMETRY "Ac2d2c" leaf=5 legal_nodes=753978
GEOMETRY "Ac2d2c" leaf=8 legal_nodes=424110
GEOMETRY "KdKc4h" leaf=2 legal_nodes=885690
GEOMETRY "KdKc4h" leaf=5 legal_nodes=753978
GEOMETRY "KdKc4h" leaf=8 legal_nodes=424110
GEOMETRY "KcQd9h" leaf=2 legal_nodes=885690
GEOMETRY "KcQd9h" leaf=5 legal_nodes=753978
GEOMETRY "KcQd9h" leaf=8 legal_nodes=424110
GEOMETRY "KcQd5h" leaf=2 legal_nodes=885690
GEOMETRY "KcQd5h" leaf=5 legal_nodes=753978
GEOMETRY "KcQd5h" leaf=8 legal_nodes=424110
GEOMETRY "KcQcTd" leaf=2 legal_nodes=885690
GEOMETRY "KcQcTd" leaf=5 legal_nodes=753978
GEOMETRY "KcQcTd" leaf=8 legal_nodes=424110
GEOMETRY "KcJdTd" leaf=2 legal_nodes=885690
GEOMETRY "KcJdTd" leaf=5 legal_nodes=753978
GEOMETRY "KcJdTd" leaf=8 legal_nodes=424110
GEOMETRY "KcJd6d" leaf=2 legal_nodes=885690
GEOMETRY "KcJd6d" leaf=5 legal_nodes=753978
GEOMETRY "KcJd6d" leaf=8 legal_nodes=424110
GEOMETRY "KcJd2c" leaf=2 legal_nodes=885690
GEOMETRY "KcJd2c" leaf=5 legal_nodes=753978
GEOMETRY "KcJd2c" leaf=8 legal_nodes=424110
GEOMETRY "KcTd9h" leaf=2 legal_nodes=885690
GEOMETRY "KcTd9h" leaf=5 legal_nodes=753978
GEOMETRY "KcTd9h" leaf=8 legal_nodes=424110
GEOMETRY "KcTd5d" leaf=2 legal_nodes=885690
GEOMETRY "KcTd5d" leaf=5 legal_nodes=753978
GEOMETRY "KcTd5d" leaf=8 legal_nodes=424110
GEOMETRY "KcTc7d" leaf=2 legal_nodes=885690
GEOMETRY "KcTc7d" leaf=5 legal_nodes=753978
GEOMETRY "KcTc7d" leaf=8 legal_nodes=424110
GEOMETRY "Kc9d7d" leaf=2 legal_nodes=885690
GEOMETRY "Kc9d7d" leaf=5 legal_nodes=753978
GEOMETRY "Kc9d7d" leaf=8 legal_nodes=424110
GEOMETRY "Kc9d3d" leaf=2 legal_nodes=885690
GEOMETRY "Kc9d3d" leaf=5 legal_nodes=753978
GEOMETRY "Kc9d3d" leaf=8 legal_nodes=424110
GEOMETRY "Kc8d7h" leaf=2 legal_nodes=885690
GEOMETRY "Kc8d7h" leaf=5 legal_nodes=753978
GEOMETRY "Kc8d7h" leaf=8 legal_nodes=424110
GEOMETRY "Kc8d3h" leaf=2 legal_nodes=885690
GEOMETRY "Kc8d3h" leaf=5 legal_nodes=753978
GEOMETRY "Kc8d3h" leaf=8 legal_nodes=424110
GEOMETRY "Kc7h7d" leaf=2 legal_nodes=885690
GEOMETRY "Kc7h7d" leaf=5 legal_nodes=753978
GEOMETRY "Kc7h7d" leaf=8 legal_nodes=424110
GEOMETRY "Kc7d3c" leaf=2 legal_nodes=885690
GEOMETRY "Kc7d3c" leaf=5 legal_nodes=753978
GEOMETRY "Kc7d3c" leaf=8 legal_nodes=424110
GEOMETRY "Kc6d5c" leaf=2 legal_nodes=885690
GEOMETRY "Kc6d5c" leaf=5 legal_nodes=753978
GEOMETRY "Kc6d5c" leaf=8 legal_nodes=424110
GEOMETRY "Kc6c3d" leaf=2 legal_nodes=885690
GEOMETRY "Kc6c3d" leaf=5 legal_nodes=753978
GEOMETRY "Kc6c3d" leaf=8 legal_nodes=424110
GEOMETRY "Kc5c4d" leaf=2 legal_nodes=885690
GEOMETRY "Kc5c4d" leaf=5 legal_nodes=753978
GEOMETRY "Kc5c4d" leaf=8 legal_nodes=424110
GEOMETRY "Kc3h3d" leaf=2 legal_nodes=885690
GEOMETRY "Kc3h3d" leaf=5 legal_nodes=753978
GEOMETRY "Kc3h3d" leaf=8 legal_nodes=424110
GEOMETRY "QdQc8c" leaf=2 legal_nodes=885690
GEOMETRY "QdQc8c" leaf=5 legal_nodes=753978
GEOMETRY "QdQc8c" leaf=8 legal_nodes=424110
GEOMETRY "QcJdTh" leaf=2 legal_nodes=885690
GEOMETRY "QcJdTh" leaf=5 legal_nodes=753978
GEOMETRY "QcJdTh" leaf=8 legal_nodes=424110
GEOMETRY "QcJd6d" leaf=2 legal_nodes=885690
GEOMETRY "QcJd6d" leaf=5 legal_nodes=753978
GEOMETRY "QcJd6d" leaf=8 legal_nodes=424110
GEOMETRY "QcJd2d" leaf=2 legal_nodes=885690
GEOMETRY "QcJd2d" leaf=5 legal_nodes=753978
GEOMETRY "QcJd2d" leaf=8 legal_nodes=424110
GEOMETRY "QcTd9h" leaf=2 legal_nodes=885690
GEOMETRY "QcTd9h" leaf=5 legal_nodes=753978
GEOMETRY "QcTd9h" leaf=8 legal_nodes=424110
GEOMETRY "QcTd5h" leaf=2 legal_nodes=885690
GEOMETRY "QcTd5h" leaf=5 legal_nodes=753978
GEOMETRY "QcTd5h" leaf=8 legal_nodes=424110
GEOMETRY "QcTc8d" leaf=2 legal_nodes=885690
GEOMETRY "QcTc8d" leaf=5 legal_nodes=753978
GEOMETRY "QcTc8d" leaf=8 legal_nodes=424110
GEOMETRY "Qc9d7h" leaf=2 legal_nodes=885690
GEOMETRY "Qc9d7h" leaf=5 legal_nodes=753978
GEOMETRY "Qc9d7h" leaf=8 legal_nodes=424110
GEOMETRY "Qc9d3d" leaf=2 legal_nodes=885690
GEOMETRY "Qc9d3d" leaf=5 legal_nodes=753978
GEOMETRY "Qc9d3d" leaf=8 legal_nodes=424110
GEOMETRY "Qc8d8c" leaf=2 legal_nodes=885690
GEOMETRY "Qc8d8c" leaf=5 legal_nodes=753978
GEOMETRY "Qc8d8c" leaf=8 legal_nodes=424110
GEOMETRY "Qc8d4c" leaf=2 legal_nodes=885690
GEOMETRY "Qc8d4c" leaf=5 legal_nodes=753978
GEOMETRY "Qc8d4c" leaf=8 legal_nodes=424110
GEOMETRY "Qc7h7d" leaf=2 legal_nodes=885690
GEOMETRY "Qc7h7d" leaf=5 legal_nodes=753978
GEOMETRY "Qc7h7d" leaf=8 legal_nodes=424110
GEOMETRY "Qc7d3d" leaf=2 legal_nodes=885690
GEOMETRY "Qc7d3d" leaf=5 legal_nodes=753978
GEOMETRY "Qc7d3d" leaf=8 legal_nodes=424110
GEOMETRY "Qc6d5d" leaf=2 legal_nodes=885690
GEOMETRY "Qc6d5d" leaf=5 legal_nodes=753978
GEOMETRY "Qc6d5d" leaf=8 legal_nodes=424110
GEOMETRY "Qc6c3d" leaf=2 legal_nodes=885690
GEOMETRY "Qc6c3d" leaf=5 legal_nodes=753978
GEOMETRY "Qc6c3d" leaf=8 legal_nodes=424110
GEOMETRY "Qc5d2c" leaf=2 legal_nodes=885690
GEOMETRY "Qc5d2c" leaf=5 legal_nodes=753978
GEOMETRY "Qc5d2c" leaf=8 legal_nodes=424110
GEOMETRY "Qc4c2d" leaf=2 legal_nodes=885690
GEOMETRY "Qc4c2d" leaf=5 legal_nodes=753978
GEOMETRY "Qc4c2d" leaf=8 legal_nodes=424110
GEOMETRY "JdJc7h" leaf=2 legal_nodes=885690
GEOMETRY "JdJc7h" leaf=5 legal_nodes=753978
GEOMETRY "JdJc7h" leaf=8 legal_nodes=424110
GEOMETRY "JcTd9d" leaf=2 legal_nodes=885690
GEOMETRY "JcTd9d" leaf=5 legal_nodes=753978
GEOMETRY "JcTd9d" leaf=8 legal_nodes=424110
GEOMETRY "JcTd5c" leaf=2 legal_nodes=885690
GEOMETRY "JcTd5c" leaf=5 legal_nodes=753978
GEOMETRY "JcTd5c" leaf=8 legal_nodes=424110
GEOMETRY "JcTc7c" leaf=2 legal_nodes=885690
GEOMETRY "JcTc7c" leaf=5 legal_nodes=753978
GEOMETRY "JcTc7c" leaf=8 legal_nodes=424110
GEOMETRY "Jc9d7c" leaf=2 legal_nodes=885690
GEOMETRY "Jc9d7c" leaf=5 legal_nodes=753978
GEOMETRY "Jc9d7c" leaf=8 legal_nodes=424110
GEOMETRY "Jc9d3c" leaf=2 legal_nodes=885690
GEOMETRY "Jc9d3c" leaf=5 legal_nodes=753978
GEOMETRY "Jc9d3c" leaf=8 legal_nodes=424110
GEOMETRY "Jc8d7h" leaf=2 legal_nodes=885690
GEOMETRY "Jc8d7h" leaf=5 legal_nodes=753978
GEOMETRY "Jc8d7h" leaf=8 legal_nodes=424110
GEOMETRY "Jc8d3h" leaf=2 legal_nodes=885690
GEOMETRY "Jc8d3h" leaf=5 legal_nodes=753978
GEOMETRY "Jc8d3h" leaf=8 legal_nodes=424110
GEOMETRY "Jc7d7c" leaf=2 legal_nodes=885690
GEOMETRY "Jc7d7c" leaf=5 legal_nodes=753978
GEOMETRY "Jc7d7c" leaf=8 legal_nodes=424110
GEOMETRY "Jc7d2h" leaf=2 legal_nodes=885690
GEOMETRY "Jc7d2h" leaf=5 legal_nodes=753978
GEOMETRY "Jc7d2h" leaf=8 legal_nodes=424110
GEOMETRY "Jc6d4h" leaf=2 legal_nodes=885690
GEOMETRY "Jc6d4h" leaf=5 legal_nodes=753978
GEOMETRY "Jc6d4h" leaf=8 legal_nodes=424110
GEOMETRY "Jc6c2d" leaf=2 legal_nodes=885690
GEOMETRY "Jc6c2d" leaf=5 legal_nodes=753978
GEOMETRY "Jc6c2d" leaf=8 legal_nodes=424110
GEOMETRY "Jc5c3d" leaf=2 legal_nodes=885690
GEOMETRY "Jc5c3d" leaf=5 legal_nodes=753978
GEOMETRY "Jc5c3d" leaf=8 legal_nodes=424110
GEOMETRY "Jc3d3c" leaf=2 legal_nodes=885690
GEOMETRY "Jc3d3c" leaf=5 legal_nodes=753978
GEOMETRY "Jc3d3c" leaf=8 legal_nodes=424110
GEOMETRY "TdTc5h" leaf=2 legal_nodes=885690
GEOMETRY "TdTc5h" leaf=5 legal_nodes=753978
GEOMETRY "TdTc5h" leaf=8 legal_nodes=424110
GEOMETRY "Tc9d7d" leaf=2 legal_nodes=885690
GEOMETRY "Tc9d7d" leaf=5 legal_nodes=753978
GEOMETRY "Tc9d7d" leaf=8 legal_nodes=424110
GEOMETRY "Tc9d3c" leaf=2 legal_nodes=885690
GEOMETRY "Tc9d3c" leaf=5 legal_nodes=753978
GEOMETRY "Tc9d3c" leaf=8 legal_nodes=424110
GEOMETRY "Tc8d7h" leaf=2 legal_nodes=885690
GEOMETRY "Tc8d7h" leaf=5 legal_nodes=753978
GEOMETRY "Tc8d7h" leaf=8 legal_nodes=424110
GEOMETRY "Tc8d3h" leaf=2 legal_nodes=885690
GEOMETRY "Tc8d3h" leaf=5 legal_nodes=753978
GEOMETRY "Tc8d3h" leaf=8 legal_nodes=424110
GEOMETRY "Tc7d7c" leaf=2 legal_nodes=885690
GEOMETRY "Tc7d7c" leaf=5 legal_nodes=753978
GEOMETRY "Tc7d7c" leaf=8 legal_nodes=424110
GEOMETRY "Tc7d3c" leaf=2 legal_nodes=885690
GEOMETRY "Tc7d3c" leaf=5 legal_nodes=753978
GEOMETRY "Tc7d3c" leaf=8 legal_nodes=424110
GEOMETRY "Tc6d5c" leaf=2 legal_nodes=885690
GEOMETRY "Tc6d5c" leaf=5 legal_nodes=753978
GEOMETRY "Tc6d5c" leaf=8 legal_nodes=424110
GEOMETRY "Tc6c3c" leaf=2 legal_nodes=885690
GEOMETRY "Tc6c3c" leaf=5 legal_nodes=753978
GEOMETRY "Tc6c3c" leaf=8 legal_nodes=424110
GEOMETRY "Tc5c4d" leaf=2 legal_nodes=885690
GEOMETRY "Tc5c4d" leaf=5 legal_nodes=753978
GEOMETRY "Tc5c4d" leaf=8 legal_nodes=424110
GEOMETRY "Tc3h3d" leaf=2 legal_nodes=885690
GEOMETRY "Tc3h3d" leaf=5 legal_nodes=753978
GEOMETRY "Tc3h3d" leaf=8 legal_nodes=424110
GEOMETRY "9d9c5c" leaf=2 legal_nodes=885690
GEOMETRY "9d9c5c" leaf=5 legal_nodes=753978
GEOMETRY "9d9c5c" leaf=8 legal_nodes=424110
GEOMETRY "9c8d6c" leaf=2 legal_nodes=885690
GEOMETRY "9c8d6c" leaf=5 legal_nodes=753978
GEOMETRY "9c8d6c" leaf=8 legal_nodes=424110
GEOMETRY "9c8c7d" leaf=2 legal_nodes=885690
GEOMETRY "9c8c7d" leaf=5 legal_nodes=753978
GEOMETRY "9c8c7d" leaf=8 legal_nodes=424110
GEOMETRY "9c7d5d" leaf=2 legal_nodes=885690
GEOMETRY "9c7d5d" leaf=5 legal_nodes=753978
GEOMETRY "9c7d5d" leaf=8 legal_nodes=424110
GEOMETRY "9c7c4d" leaf=2 legal_nodes=885690
GEOMETRY "9c7c4d" leaf=5 legal_nodes=753978
GEOMETRY "9c7c4d" leaf=8 legal_nodes=424110
GEOMETRY "9c6d3c" leaf=2 legal_nodes=885690
GEOMETRY "9c6d3c" leaf=5 legal_nodes=753978
GEOMETRY "9c6d3c" leaf=8 legal_nodes=424110
GEOMETRY "9c5d3h" leaf=2 legal_nodes=885690
GEOMETRY "9c5d3h" leaf=5 legal_nodes=753978
GEOMETRY "9c5d3h" leaf=8 legal_nodes=424110
GEOMETRY "9c4d3d" leaf=2 legal_nodes=885690
GEOMETRY "9c4d3d" leaf=5 legal_nodes=753978
GEOMETRY "9c4d3d" leaf=8 legal_nodes=424110
GEOMETRY "9c2d2c" leaf=2 legal_nodes=885690
GEOMETRY "9c2d2c" leaf=5 legal_nodes=753978
GEOMETRY "9c2d2c" leaf=8 legal_nodes=424110
GEOMETRY "8c7d6h" leaf=2 legal_nodes=885690
GEOMETRY "8c7d6h" leaf=5 legal_nodes=753978
GEOMETRY "8c7d6h" leaf=8 legal_nodes=424110
GEOMETRY "8c7d2h" leaf=2 legal_nodes=885690
GEOMETRY "8c7d2h" leaf=5 legal_nodes=753978
GEOMETRY "8c7d2h" leaf=8 legal_nodes=424110
GEOMETRY "8c6d4h" leaf=2 legal_nodes=885690
GEOMETRY "8c6d4h" leaf=5 legal_nodes=753978
GEOMETRY "8c6d4h" leaf=8 legal_nodes=424110
GEOMETRY "8c5h5d" leaf=2 legal_nodes=885690
GEOMETRY "8c5h5d" leaf=5 legal_nodes=753978
GEOMETRY "8c5h5d" leaf=8 legal_nodes=424110
GEOMETRY "8c5c2d" leaf=2 legal_nodes=885690
GEOMETRY "8c5c2d" leaf=5 legal_nodes=753978
GEOMETRY "8c5c2d" leaf=8 legal_nodes=424110
GEOMETRY "8c3d2h" leaf=2 legal_nodes=885690
GEOMETRY "8c3d2h" leaf=5 legal_nodes=753978
GEOMETRY "8c3d2h" leaf=8 legal_nodes=424110
GEOMETRY "7d7c2c" leaf=2 legal_nodes=885690
GEOMETRY "7d7c2c" leaf=5 legal_nodes=753978
GEOMETRY "7d7c2c" leaf=8 legal_nodes=424110
GEOMETRY "7c6d2h" leaf=2 legal_nodes=885690
GEOMETRY "7c6d2h" leaf=5 legal_nodes=753978
GEOMETRY "7c6d2h" leaf=8 legal_nodes=424110
GEOMETRY "7c5d3c" leaf=2 legal_nodes=885690
GEOMETRY "7c5d3c" leaf=5 legal_nodes=753978
GEOMETRY "7c5d3c" leaf=8 legal_nodes=424110
GEOMETRY "7c4d2h" leaf=2 legal_nodes=885690
GEOMETRY "7c4d2h" leaf=5 legal_nodes=753978
GEOMETRY "7c4d2h" leaf=8 legal_nodes=424110
GEOMETRY "6d6c5c" leaf=2 legal_nodes=885690
GEOMETRY "6d6c5c" leaf=5 legal_nodes=753978
GEOMETRY "6d6c5c" leaf=8 legal_nodes=424110
GEOMETRY "6c5d2h" leaf=2 legal_nodes=885690
GEOMETRY "6c5d2h" leaf=5 legal_nodes=753978
GEOMETRY "6c5d2h" leaf=8 legal_nodes=424110
GEOMETRY "6c4d2d" leaf=2 legal_nodes=885690
GEOMETRY "6c4d2d" leaf=5 legal_nodes=753978
GEOMETRY "6c4d2d" leaf=8 legal_nodes=424110
GEOMETRY "5d5c3h" leaf=2 legal_nodes=885690
GEOMETRY "5d5c3h" leaf=5 legal_nodes=753978
GEOMETRY "5d5c3h" leaf=8 legal_nodes=424110
GEOMETRY "5c3h3d" leaf=2 legal_nodes=885690
GEOMETRY "5c3h3d" leaf=5 legal_nodes=753978
GEOMETRY "5c3h3d" leaf=8 legal_nodes=424110
GEOMETRY "4c3d2h" leaf=2 legal_nodes=885690
GEOMETRY "4c3d2h" leaf=5 legal_nodes=753978
GEOMETRY "4c3d2h" leaf=8 legal_nodes=424110
