{"iteration": 1, "seconds": 14.062000000034459, "fresh_deals": 512, "retained": [9544, 2203], "seen": [9544, 2203]}
{"iteration": 2, "seconds": 13.921999999962281, "fresh_deals": 1024, "retained": [21465, 4197], "seen": [21465, 4197]}
{"iteration": 3, "seconds": 17.23399999999674, "fresh_deals": 1536, "retained": [34000, 5688], "seen": [34000, 5688]}
{"iteration": 4, "seconds": 19.125, "fresh_deals": 2048, "retained": [46488, 6810], "seen": [46488, 6810]}
{"iteration": 5, "seconds": 21.45300000003772, "fresh_deals": 2560, "retained": [58790, 7746], "seen": [58790, 7746]}
{"iteration": 6, "seconds": 24.23499999998603, "fresh_deals": 3072, "retained": [72088, 8583], "seen": [72088, 8583]}
{"iteration": 7, "seconds": 28.34299999999348, "fresh_deals": 3584, "retained": [85784, 9621], "seen": [85784, 9621]}
{"iteration": 8, "seconds": 31.54700000002049, "fresh_deals": 4096, "retained": [99501, 10690], "seen": [99501, 10690]}
{"iteration": 9, "seconds": 32.85899999999674, "fresh_deals": 4608, "retained": [112504, 11946], "seen": [112504, 11946]}
{"iteration": 10, "seconds": 35.03099999995902, "fresh_deals": 5120, "retained": [125352, 13243], "seen": [125352, 13243]}
{"iteration": 11, "seconds": 36.98500000004424, "fresh_deals": 5632, "retained": [138717, 14742], "seen": [138717, 14742]}
{"iteration": 12, "seconds": 38.65599999995902, "fresh_deals": 6144, "retained": [152535, 15636], "seen": [152535, 15636]}
{"iteration": 13, "seconds": 42.25, "fresh_deals": 6656, "retained": [166793, 16888], "seen": [166793, 16888]}
{"iteration": 14, "seconds": 45.39100000000326, "fresh_deals": 7168, "retained": [181133, 18547], "seen": [181133, 18547]}
{"iteration": 15, "seconds": 50.07800000003772, "fresh_deals": 7680, "retained": [195560, 19502], "seen": [195560, 19502]}
{"iteration": 16, "seconds": 50.375, "fresh_deals": 8192, "retained": [210490, 20223], "seen": [210490, 20223]}
{"iteration": 17, "seconds": 53.5, "fresh_deals": 8704, "retained": [225679, 21155], "seen": [225679, 21155]}
{"iteration": 18, "seconds": 55.23399999999674, "fresh_deals": 9216, "retained": [240100, 22767], "seen": [240100, 22767]}
{"iteration": 19, "seconds": 58.09399999998277, "fresh_deals": 9728, "retained": [254962, 24115], "seen": [254962, 24115]}
{"iteration": 20, "seconds": 59.45299999997951, "fresh_deals": 10240, "retained": [262144, 24986], "seen": [269242, 24986]}
{"iteration": 21, "seconds": 59.625, "fresh_deals": 10752, "retained": [262144, 26486], "seen": [281560, 26486]}
{"iteration": 22, "seconds": 60.93800000002375, "fresh_deals": 11264, "retained": [262144, 27844], "seen": [295451, 27844]}
{"iteration": 23, "seconds": 59.90600000001723, "fresh_deals": 11776, "retained": [262144, 28818], "seen": [309130, 28818]}
{"iteration": 24, "seconds": 63.09299999999348, "fresh_deals": 12288, "retained": [262144, 30156], "seen": [322796, 30156]}
{"iteration": 25, "seconds": 60.65700000000652, "fresh_deals": 12800, "retained": [262144, 31594], "seen": [335797, 31594]}
{"iteration": 26, "seconds": 61.18700000003446, "fresh_deals": 13312, "retained": [262144, 32758], "seen": [347562, 32758]}
{"iteration": 27, "seconds": 61.48499999998603, "fresh_deals": 13824, "retained": [262144, 33797], "seen": [362257, 33797]}
{"iteration": 28, "seconds": 61.70299999997951, "fresh_deals": 14336, "retained": [262144, 34989], "seen": [375022, 34989]}
{"iteration": 29, "seconds": 66.5, "fresh_deals": 14848, "retained": [262144, 36259], "seen": [388467, 36259]}
{"iteration": 30, "seconds": 62.56200000003446, "fresh_deals": 15360, "retained": [262144, 37528], "seen": [401918, 37528]}
{"iteration": 31, "seconds": 63.09399999998277, "fresh_deals": 15872, "retained": [262144, 38602], "seen": [414268, 38602]}
{"iteration": 32, "seconds": 65.75, "fresh_deals": 16384, "retained": [262144, 40050], "seen": [426949, 40050]}
{"iteration": 33, "seconds": 64.625, "fresh_deals": 16896, "retained": [262144, 41286], "seen": [439324, 41286]}
{"iteration": 34, "seconds": 63.51600000000326, "fresh_deals": 17408, "retained": [262144, 42149], "seen": [451382, 42149]}
{"iteration": 35, "seconds": 63.79700000002049, "fresh_deals": 17920, "retained": [262144, 43452], "seen": [462766, 43452]}
{"iteration": 36, "seconds": 64.38999999995576, "fresh_deals": 18432, "retained": [262144, 44653], "seen": [474208, 44653]}
{"iteration": 37, "seconds": 64.03200000000652, "fresh_deals": 18944, "retained": [262144, 45423], "seen": [485345, 45423]}
{"iteration": 38, "seconds": 64.46799999999348, "fresh_deals": 19456, "retained": [262144, 46569], "seen": [497865, 46569]}
{"iteration": 39, "seconds": 65.54700000002049, "fresh_deals": 19968, "retained": [262144, 48472], "seen": [507748, 48472]}
{"iteration": 40, "seconds": 65.17200000002049, "fresh_deals": 20480, "retained": [262144, 49676], "seen": [519077, 49676]}
{"iteration": 41, "seconds": 65.09399999998277, "fresh_deals": 20992, "retained": [262144, 51002], "seen": [530164, 51002]}
{"iteration": 42, "seconds": 65.10899999999674, "fresh_deals": 21504, "retained": [262144, 52423], "seen": [541058, 52423]}
{"iteration": 43, "seconds": 70.82799999997951, "fresh_deals": 22016, "retained": [262144, 53739], "seen": [550678, 53739]}
{"iteration": 44, "seconds": 74.875, "fresh_deals": 22528, "retained": [262144, 54798], "seen": [562332, 54798]}
{"iteration": 45, "seconds": 75.14100000000326, "fresh_deals": 23040, "retained": [262144, 56397], "seen": [573095, 56397]}
{"iteration": 46, "seconds": 73.67200000002049, "fresh_deals": 23552, "retained": [262144, 58120], "seen": [583418, 58120]}
{"iteration": 47, "seconds": 68.53099999995902, "fresh_deals": 24064, "retained": [262144, 59863], "seen": [593663, 59863]}
{"iteration": 48, "seconds": 72.03200000000652, "fresh_deals": 24576, "retained": [262144, 61695], "seen": [604215, 61695]}
{"iteration": 49, "seconds": 67.78100000001723, "fresh_deals": 25088, "retained": [262144, 63242], "seen": [614950, 63242]}
{"iteration": 50, "seconds": 67.46799999999348, "fresh_deals": 25600, "retained": [262144, 65446], "seen": [623527, 65446]}
{"iteration": 51, "seconds": 68.81199999997625, "fresh_deals": 26112, "retained": [262144, 66948], "seen": [633565, 66948]}
{"iteration": 52, "seconds": 69.54700000002049, "fresh_deals": 26624, "retained": [262144, 68889], "seen": [643424, 68889]}
{"iteration": 53, "seconds": 71.95299999997951, "fresh_deals": 27136, "retained": [262144, 70539], "seen": [652584, 70539]}
{"iteration": 54, "seconds": 71.46900000004098, "fresh_deals": 27648, "retained": [262144, 71830], "seen": [662122, 71830]}
{"iteration": 55, "seconds": 70.23399999999674, "fresh_deals": 28160, "retained": [262144, 73997], "seen": [672513, 73997]}
{"iteration": 56, "seconds": 68.93699999997625, "fresh_deals": 28672, "retained": [262144, 75949], "seen": [682846, 75949]}
{"iteration": 57, "seconds": 70.93800000002375, "fresh_deals": 29184, "retained": [262144, 77634], "seen": [693977, 77634]}
{"iteration": 58, "seconds": 71.15599999995902, "fresh_deals": 29696, "retained": [262144, 79300], "seen": [704701, 79300]}
{"iteration": 59, "seconds": 80.09400000004098, "fresh_deals": 30208, "retained": [262144, 81303], "seen": [715629, 81303]}
{"iteration": 60, "seconds": 78.86000000004424, "fresh_deals": 30720, "retained": [262144, 82612], "seen": [727016, 82612]}
{"iteration": 61, "seconds": 80.20299999997951, "fresh_deals": 31232, "retained": [262144, 84144], "seen": [738593, 84144]}
{"iteration": 62, "seconds": 80.59399999998277, "fresh_deals": 31744, "retained": [262144, 85824], "seen": [749543, 85824]}
{"iteration": 63, "seconds": 80.17200000002049, "fresh_deals": 32256, "retained": [262144, 87431], "seen": [758376, 87431]}
{"iteration": 64, "seconds": 80.46899999998277, "fresh_deals": 32768, "retained": [262144, 88842], "seen": [767251, 88842]}
{"iteration": 65, "seconds": 80.92199999996228, "fresh_deals": 33280, "retained": [262144, 90322], "seen": [775457, 90322]}
{"iteration": 66, "seconds": 83.75, "fresh_deals": 33792, "retained": [262144, 91947], "seen": [785947, 91947]}
{"iteration": 67, "seconds": 82.10899999999674, "fresh_deals": 34304, "retained": [262144, 93736], "seen": [795786, 93736]}
{"iteration": 68, "seconds": 83.98399999999674, "fresh_deals": 34816, "retained": [262144, 94851], "seen": [806224, 94851]}
{"iteration": 69, "seconds": 79.82799999997951, "fresh_deals": 35328, "retained": [262144, 96858], "seen": [815483, 96858]}
{"iteration": 70, "seconds": 76.64100000000326, "fresh_deals": 35840, "retained": [262144, 98716], "seen": [824663, 98716]}
{"iteration": 71, "seconds": 73.32799999997951, "fresh_deals": 36352, "retained": [262144, 100207], "seen": [833966, 100207]}
{"iteration": 72, "seconds": 80.01600000000326, "fresh_deals": 36864, "retained": [262144, 101352], "seen": [845629, 101352]}
{"iteration": 73, "seconds": 84.81199999997625, "fresh_deals": 37376, "retained": [262144, 103361], "seen": [858381, 103361]}
{"iteration": 74, "seconds": 87.625, "fresh_deals": 37888, "retained": [262144, 105263], "seen": [867428, 105263]}
{"iteration": 75, "seconds": 76.76600000000326, "fresh_deals": 38400, "retained": [262144, 106477], "seen": [878302, 106477]}
{"iteration": 76, "seconds": 76.25, "fresh_deals": 38912, "retained": [262144, 107863], "seen": [890239, 107863]}
{"iteration": 77, "seconds": 75.40600000001723, "fresh_deals": 39424, "retained": [262144, 109381], "seen": [901616, 109381]}
{"iteration": 78, "seconds": 76.82900000002701, "fresh_deals": 39936, "retained": [262144, 110944], "seen": [912726, 110944]}
