warning: unused import: `super::*`
 --> crates\solver\src\preflop\gpu\narrow_offsets.rs:2:5
  |
2 | use super::*;
  |     ^^^^^^^^
  |
  = note: `#[warn(unused_imports)]` (part of `#[warn(unused)]`) on by default

warning: unused import: `SAMPLES`
 --> crates\solver\src\preflop\gpu\static_cdf.rs:3:42
  |
3 | use super::super::multiway::{CoupledDeck,SAMPLES};
  |                                          ^^^^^^^

warning: field `original_bytes` is never read
   --> crates\solver\src\preflop\gpu\static_cdf.rs:233:74
    |
231 | pub(super) struct Packed {
    |                   ------ field in this struct
232 |     pub prefix:CudaSlice<u32>,pub hand:CudaSlice<u32>,pub offsets:CudaSlice<u32>,
233 |     pub writer:CudaFunction,pub terminal:CudaFunction,pub stride:u32,pub original_bytes:usize,
    |                                                                          ^^^^^^^^^^^^^^
    |
    = note: `#[warn(dead_code)]` (part of `#[warn(unused)]`) on by default

warning: method `report` is never used
   --> crates\solver\src\preflop\gpu\static_cdf.rs:237:12
    |
235 | impl Packed {
    | ----------- method in this implementation
236 |     pub fn bytes(&self)->usize{(self.prefix.len()+self.hand.len()+self.offsets.len())*4}
237 |     pub fn report(&self)->serde_json::Value{json!({"row_stride":self.stride,"static_bytes":self.bytes(),"original_cdf_bytes":self.o...
    |            ^^^^^^

warning: `solver` (lib) generated 4 warnings (run `cargo fix --lib -p solver` to apply 2 suggestions)
   Compiling solver v0.1.0 (T:\Dev\GTOpen\crates\solver)
warning: struct `InfoKey` is never constructed
  --> crates\solver\examples\research_sampled\state.rs:91:12
   |
91 | pub struct InfoKey {
   |            ^^^^^^^
   |
   = note: `#[warn(dead_code)]` (part of `#[warn(unused)]`) on by default

warning: associated function `new` is never used
  --> crates\solver\examples\research_sampled\state.rs:97:12
   |
96 | impl InfoKey {
   | ------------ associated function in this implementation
97 |     pub fn new(branch:usize,player:u8,mut own_hand:[u8;2],board:&[u8],actions:&[u8])->Self {
   |            ^^^

warning: `solver` (example "hu_sampled_poker_gpu") generated 2 warnings
    Finished `release` profile [optimized] target(s) in 3.86s
