{"iteration": 1, "seconds": 12.952999999979511, "fresh_deals": 512, "retained": [9544, 2203], "seen": [9544, 2203]}
{"iteration": 2, "seconds": 13.10899999999674, "fresh_deals": 1024, "retained": [21592, 4109], "seen": [21592, 4109]}
{"iteration": 3, "seconds": 16.594000000040978, "fresh_deals": 1536, "retained": [32623, 5736], "seen": [32623, 5736]}
{"iteration": 4, "seconds": 18.93799999996554, "fresh_deals": 2048, "retained": [44439, 7068], "seen": [44439, 7068]}
{"iteration": 5, "seconds": 20.18700000003446, "fresh_deals": 2560, "retained": [56156, 8080], "seen": [56156, 8080]}
{"iteration": 6, "seconds": 22.155999999959022, "fresh_deals": 3072, "retained": [68685, 9173], "seen": [68685, 9173]}
{"iteration": 7, "seconds": 26.23399999999674, "fresh_deals": 3584, "retained": [81160, 9938], "seen": [81160, 9938]}
{"iteration": 8, "seconds": 27.625, "fresh_deals": 4096, "retained": [92650, 11014], "seen": [92650, 11014]}
{"iteration": 9, "seconds": 30.31300000002375, "fresh_deals": 4608, "retained": [105761, 11736], "seen": [105761, 11736]}
{"iteration": 10, "seconds": 33.46899999998277, "fresh_deals": 5120, "retained": [118156, 12611], "seen": [118156, 12611]}
{"iteration": 11, "seconds": 35.48399999999674, "fresh_deals": 5632, "retained": [131560, 13475], "seen": [131560, 13475]}
{"iteration": 12, "seconds": 37.71900000004098, "fresh_deals": 6144, "retained": [145441, 14171], "seen": [145441, 14171]}
{"iteration": 13, "seconds": 41.29699999996228, "fresh_deals": 6656, "retained": [159065, 15011], "seen": [159065, 15011]}
{"iteration": 14, "seconds": 42.92200000002049, "fresh_deals": 7168, "retained": [172559, 16244], "seen": [172559, 16244]}
{"iteration": 15, "seconds": 45.28100000001723, "fresh_deals": 7680, "retained": [186110, 17291], "seen": [186110, 17291]}
{"iteration": 16, "seconds": 49.34399999998277, "fresh_deals": 8192, "retained": [201444, 18306], "seen": [201444, 18306]}
{"iteration": 17, "seconds": 52.43800000002375, "fresh_deals": 8704, "retained": [216060, 19288], "seen": [216060, 19288]}
{"iteration": 18, "seconds": 53.14100000000326, "fresh_deals": 9216, "retained": [230922, 20278], "seen": [230922, 20278]}
{"iteration": 19, "seconds": 58.84299999999348, "fresh_deals": 9728, "retained": [246268, 20742], "seen": [246268, 20742]}
{"iteration": 20, "seconds": 58.93800000002375, "fresh_deals": 10240, "retained": [259271, 21817], "seen": [259271, 21817]}
{"iteration": 21, "seconds": 59.65599999995902, "fresh_deals": 10752, "retained": [262144, 23015], "seen": [272467, 23015]}
{"iteration": 22, "seconds": 60.54700000002049, "fresh_deals": 11264, "retained": [262144, 23859], "seen": [285326, 23859]}
{"iteration": 23, "seconds": 69.45299999997951, "fresh_deals": 11776, "retained": [262144, 24826], "seen": [299886, 24826]}
{"iteration": 24, "seconds": 64.29700000002049, "fresh_deals": 12288, "retained": [262144, 25643], "seen": [313049, 25643]}
{"iteration": 25, "seconds": 60.34299999999348, "fresh_deals": 12800, "retained": [262144, 26438], "seen": [325261, 26438]}
{"iteration": 26, "seconds": 61.23499999998603, "fresh_deals": 13312, "retained": [262144, 27443], "seen": [338905, 27443]}
{"iteration": 27, "seconds": 62.0, "fresh_deals": 13824, "retained": [262144, 28626], "seen": [351632, 28626]}
{"iteration": 28, "seconds": 61.10899999999674, "fresh_deals": 14336, "retained": [262144, 30068], "seen": [364049, 30068]}
{"iteration": 29, "seconds": 62.60899999999674, "fresh_deals": 14848, "retained": [262144, 31301], "seen": [377079, 31301]}
{"iteration": 30, "seconds": 62.125, "fresh_deals": 15360, "retained": [262144, 32529], "seen": [391622, 32529]}
{"iteration": 31, "seconds": 64.04700000002049, "fresh_deals": 15872, "retained": [262144, 33619], "seen": [404606, 33619]}
{"iteration": 32, "seconds": 63.76600000000326, "fresh_deals": 16384, "retained": [262144, 34426], "seen": [417809, 34426]}
{"iteration": 33, "seconds": 62.39100000000326, "fresh_deals": 16896, "retained": [262144, 36185], "seen": [431031, 36185]}
{"iteration": 34, "seconds": 63.85899999999674, "fresh_deals": 17408, "retained": [262144, 37514], "seen": [443842, 37514]}
{"iteration": 35, "seconds": 63.67200000002049, "fresh_deals": 17920, "retained": [262144, 38629], "seen": [456976, 38629]}
{"iteration": 36, "seconds": 63.53099999995902, "fresh_deals": 18432, "retained": [262144, 39761], "seen": [469548, 39761]}
{"iteration": 37, "seconds": 64.17200000002049, "fresh_deals": 18944, "retained": [262144, 41064], "seen": [482327, 41064]}
{"iteration": 38, "seconds": 65.45299999997951, "fresh_deals": 19456, "retained": [262144, 42396], "seen": [494864, 42396]}
{"iteration": 39, "seconds": 64.31200000003446, "fresh_deals": 19968, "retained": [262144, 43152], "seen": [506848, 43152]}
{"iteration": 40, "seconds": 65.42199999996228, "fresh_deals": 20480, "retained": [262144, 44630], "seen": [519060, 44630]}
{"iteration": 41, "seconds": 65.93699999997625, "fresh_deals": 20992, "retained": [262144, 45753], "seen": [532121, 45753]}
{"iteration": 42, "seconds": 65.0, "fresh_deals": 21504, "retained": [262144, 47387], "seen": [544920, 47387]}
{"iteration": 43, "seconds": 65.125, "fresh_deals": 22016, "retained": [262144, 49046], "seen": [557183, 49046]}
{"iteration": 44, "seconds": 65.54700000002049, "fresh_deals": 22528, "retained": [262144, 50389], "seen": [569558, 50389]}
{"iteration": 45, "seconds": 65.85999999998603, "fresh_deals": 23040, "retained": [262144, 51833], "seen": [581701, 51833]}
{"iteration": 46, "seconds": 66.04699999996228, "fresh_deals": 23552, "retained": [262144, 53043], "seen": [593206, 53043]}
{"iteration": 47, "seconds": 68.81200000003446, "fresh_deals": 24064, "retained": [262144, 54306], "seen": [605110, 54306]}
{"iteration": 48, "seconds": 69.07799999997951, "fresh_deals": 24576, "retained": [262144, 55215], "seen": [617183, 55215]}
{"iteration": 49, "seconds": 66.89100000000326, "fresh_deals": 25088, "retained": [262144, 56718], "seen": [630038, 56718]}
{"iteration": 50, "seconds": 67.09400000004098, "fresh_deals": 25600, "retained": [262144, 57880], "seen": [643488, 57880]}
{"iteration": 51, "seconds": 67.20299999997951, "fresh_deals": 26112, "retained": [262144, 59133], "seen": [654377, 59133]}
{"iteration": 52, "seconds": 69.57799999997951, "fresh_deals": 26624, "retained": [262144, 60812], "seen": [667768, 60812]}
{"iteration": 53, "seconds": 69.32900000002701, "fresh_deals": 27136, "retained": [262144, 61832], "seen": [679768, 61832]}
{"iteration": 54, "seconds": 69.54599999997299, "fresh_deals": 27648, "retained": [262144, 63033], "seen": [692251, 63033]}
{"iteration": 55, "seconds": 68.67200000002049, "fresh_deals": 28160, "retained": [262144, 64491], "seen": [704269, 64491]}
{"iteration": 56, "seconds": 69.89000000001397, "fresh_deals": 28672, "retained": [262144, 66086], "seen": [715797, 66086]}
{"iteration": 57, "seconds": 69.76600000000326, "fresh_deals": 29184, "retained": [262144, 67249], "seen": [726314, 67249]}
{"iteration": 58, "seconds": 71.21899999998277, "fresh_deals": 29696, "retained": [262144, 69053], "seen": [738816, 69053]}
{"iteration": 59, "seconds": 68.95299999997951, "fresh_deals": 30208, "retained": [262144, 70256], "seen": [751104, 70256]}
{"iteration": 60, "seconds": 72.09399999998277, "fresh_deals": 30720, "retained": [262144, 71567], "seen": [761555, 71567]}
{"iteration": 61, "seconds": 69.64100000000326, "fresh_deals": 31232, "retained": [262144, 73213], "seen": [772366, 73213]}
{"iteration": 62, "seconds": 70.09299999999348, "fresh_deals": 31744, "retained": [262144, 74161], "seen": [783871, 74161]}
{"iteration": 63, "seconds": 70.81300000002375, "fresh_deals": 32256, "retained": [262144, 75283], "seen": [795951, 75283]}
{"iteration": 64, "seconds": 71.07799999997951, "fresh_deals": 32768, "retained": [262144, 76591], "seen": [807559, 76591]}
{"iteration": 65, "seconds": 71.71799999999348, "fresh_deals": 33280, "retained": [262144, 78134], "seen": [819450, 78134]}
{"iteration": 66, "seconds": 71.07800000003772, "fresh_deals": 33792, "retained": [262144, 79966], "seen": [830629, 79966]}
{"iteration": 67, "seconds": 71.84400000004098, "fresh_deals": 34304, "retained": [262144, 81034], "seen": [841581, 81034]}
{"iteration": 68, "seconds": 73.51499999995576, "fresh_deals": 34816, "retained": [262144, 82449], "seen": [852361, 82449]}
{"iteration": 69, "seconds": 72.82900000002701, "fresh_deals": 35328, "retained": [262144, 83975], "seen": [863552, 83975]}
{"iteration": 70, "seconds": 73.29599999997299, "fresh_deals": 35840, "retained": [262144, 85591], "seen": [874871, 85591]}
{"iteration": 71, "seconds": 75.65600000001723, "fresh_deals": 36352, "retained": [262144, 86809], "seen": [886169, 86809]}
{"iteration": 72, "seconds": 74.0, "fresh_deals": 36864, "retained": [262144, 88421], "seen": [899290, 88421]}
{"iteration": 73, "seconds": 74.23399999999674, "fresh_deals": 37376, "retained": [262144, 89846], "seen": [911589, 89846]}
{"iteration": 74, "seconds": 73.81300000002375, "fresh_deals": 37888, "retained": [262144, 91557], "seen": [922193, 91557]}
{"iteration": 75, "seconds": 73.79700000002049, "fresh_deals": 38400, "retained": [262144, 93058], "seen": [931530, 93058]}
{"iteration": 76, "seconds": 74.76500000001397, "fresh_deals": 38912, "retained": [262144, 95032], "seen": [943076, 95032]}
{"iteration": 77, "seconds": 74.39100000000326, "fresh_deals": 39424, "retained": [262144, 95766], "seen": [955644, 95766]}
{"iteration": 78, "seconds": 75.57900000002701, "fresh_deals": 39936, "retained": [262144, 97329], "seen": [966553, 97329]}
