{"iteration": 1, "seconds": 13.421999999962281, "fresh_deals": 512, "retained": [9544, 2203], "seen": [9544, 2203]}
{"iteration": 2, "seconds": 15.094000000040978, "fresh_deals": 1024, "retained": [21494, 4277], "seen": [21494, 4277]}
{"iteration": 3, "seconds": 18.155999999959022, "fresh_deals": 1536, "retained": [33499, 5928], "seen": [33499, 5928]}
{"iteration": 4, "seconds": 20.969000000040978, "fresh_deals": 2048, "retained": [44632, 7527], "seen": [44632, 7527]}
{"iteration": 5, "seconds": 23.70299999997951, "fresh_deals": 2560, "retained": [55731, 9082], "seen": [55731, 9082]}
{"iteration": 6, "seconds": 25.82799999997951, "fresh_deals": 3072, "retained": [67441, 10724], "seen": [67441, 10724]}
{"iteration": 7, "seconds": 28.70300000003772, "fresh_deals": 3584, "retained": [81531, 12077], "seen": [81531, 12077]}
{"iteration": 8, "seconds": 30.389999999955762, "fresh_deals": 4096, "retained": [94289, 13336], "seen": [94289, 13336]}
{"iteration": 9, "seconds": 33.35899999999674, "fresh_deals": 4608, "retained": [107503, 14573], "seen": [107503, 14573]}
{"iteration": 10, "seconds": 38.89100000000326, "fresh_deals": 5120, "retained": [119831, 15796], "seen": [119831, 15796]}
{"iteration": 11, "seconds": 38.75, "fresh_deals": 5632, "retained": [132233, 17157], "seen": [132233, 17157]}
{"iteration": 12, "seconds": 40.64100000000326, "fresh_deals": 6144, "retained": [146363, 18381], "seen": [146363, 18381]}
{"iteration": 13, "seconds": 43.07799999997951, "fresh_deals": 6656, "retained": [157922, 19752], "seen": [157922, 19752]}
{"iteration": 14, "seconds": 45.81300000002375, "fresh_deals": 7168, "retained": [171094, 20907], "seen": [171094, 20907]}
{"iteration": 15, "seconds": 53.18699999997625, "fresh_deals": 7680, "retained": [184168, 22179], "seen": [184168, 22179]}
{"iteration": 16, "seconds": 58.82800000003772, "fresh_deals": 8192, "retained": [196147, 23298], "seen": [196147, 23298]}
{"iteration": 17, "seconds": 61.32800000003772, "fresh_deals": 8704, "retained": [207952, 24504], "seen": [207952, 24504]}
{"iteration": 18, "seconds": 60.96899999998277, "fresh_deals": 9216, "retained": [221547, 25623], "seen": [221547, 25623]}
{"iteration": 19, "seconds": 59.40600000001723, "fresh_deals": 9728, "retained": [234944, 26703], "seen": [234944, 26703]}
{"iteration": 20, "seconds": 61.88999999995576, "fresh_deals": 10240, "retained": [248463, 27716], "seen": [248463, 27716]}
{"iteration": 21, "seconds": 64.23399999999674, "fresh_deals": 10752, "retained": [262144, 28874], "seen": [262568, 28874]}
{"iteration": 22, "seconds": 63.95400000002701, "fresh_deals": 11264, "retained": [262144, 30003], "seen": [275592, 30003]}
{"iteration": 23, "seconds": 65.35999999998603, "fresh_deals": 11776, "retained": [262144, 31007], "seen": [289563, 31007]}
{"iteration": 24, "seconds": 64.82799999997951, "fresh_deals": 12288, "retained": [262144, 32007], "seen": [302412, 32007]}
{"iteration": 25, "seconds": 65.46899999998277, "fresh_deals": 12800, "retained": [262144, 33104], "seen": [315445, 33104]}
{"iteration": 26, "seconds": 65.125, "fresh_deals": 13312, "retained": [262144, 34123], "seen": [328280, 34123]}
{"iteration": 27, "seconds": 66.84399999998277, "fresh_deals": 13824, "retained": [262144, 35367], "seen": [341271, 35367]}
{"iteration": 28, "seconds": 64.78100000001723, "fresh_deals": 14336, "retained": [262144, 36569], "seen": [354052, 36569]}
{"iteration": 29, "seconds": 65.85899999999674, "fresh_deals": 14848, "retained": [262144, 37760], "seen": [367220, 37760]}
{"iteration": 30, "seconds": 65.51600000000326, "fresh_deals": 15360, "retained": [262144, 39021], "seen": [380731, 39021]}
{"iteration": 31, "seconds": 65.68699999997625, "fresh_deals": 15872, "retained": [262144, 40240], "seen": [393044, 40240]}
{"iteration": 32, "seconds": 67.81300000002375, "fresh_deals": 16384, "retained": [262144, 41506], "seen": [405370, 41506]}
{"iteration": 33, "seconds": 69.31199999997625, "fresh_deals": 16896, "retained": [262144, 42809], "seen": [418994, 42809]}
{"iteration": 34, "seconds": 68.71899999998277, "fresh_deals": 17408, "retained": [262144, 43968], "seen": [431794, 43968]}
{"iteration": 35, "seconds": 68.51600000000326, "fresh_deals": 17920, "retained": [262144, 45110], "seen": [446061, 45110]}
{"iteration": 36, "seconds": 71.85899999999674, "fresh_deals": 18432, "retained": [262144, 46471], "seen": [458155, 46471]}
{"iteration": 37, "seconds": 69.07799999997951, "fresh_deals": 18944, "retained": [262144, 47541], "seen": [471765, 47541]}
{"iteration": 38, "seconds": 69.84400000004098, "fresh_deals": 19456, "retained": [262144, 48998], "seen": [484058, 48998]}
{"iteration": 39, "seconds": 70.59399999998277, "fresh_deals": 19968, "retained": [262144, 50436], "seen": [496963, 50436]}
{"iteration": 40, "seconds": 72.48399999999674, "fresh_deals": 20480, "retained": [262144, 51779], "seen": [509645, 51779]}
{"iteration": 41, "seconds": 73.5, "fresh_deals": 20992, "retained": [262144, 53104], "seen": [523016, 53104]}
{"iteration": 42, "seconds": 70.81300000002375, "fresh_deals": 21504, "retained": [262144, 54509], "seen": [535601, 54509]}
{"iteration": 43, "seconds": 72.39000000001397, "fresh_deals": 22016, "retained": [262144, 55992], "seen": [547258, 55992]}
{"iteration": 44, "seconds": 70.39100000000326, "fresh_deals": 22528, "retained": [262144, 57356], "seen": [559087, 57356]}
{"iteration": 45, "seconds": 74.71799999999348, "fresh_deals": 23040, "retained": [262144, 58887], "seen": [572667, 58887]}
{"iteration": 46, "seconds": 76.875, "fresh_deals": 23552, "retained": [262144, 60389], "seen": [585393, 60389]}
{"iteration": 47, "seconds": 75.125, "fresh_deals": 24064, "retained": [262144, 61912], "seen": [598280, 61912]}
{"iteration": 48, "seconds": 73.98399999999674, "fresh_deals": 24576, "retained": [262144, 63419], "seen": [610791, 63419]}
{"iteration": 49, "seconds": 78.09299999999348, "fresh_deals": 25088, "retained": [262144, 64912], "seen": [623587, 64912]}
{"iteration": 50, "seconds": 73.39100000000326, "fresh_deals": 25600, "retained": [262144, 66448], "seen": [634852, 66448]}
{"iteration": 51, "seconds": 75.70299999997951, "fresh_deals": 26112, "retained": [262144, 67816], "seen": [646845, 67816]}
{"iteration": 52, "seconds": 77.64100000000326, "fresh_deals": 26624, "retained": [262144, 69321], "seen": [660889, 69321]}
{"iteration": 53, "seconds": 75.625, "fresh_deals": 27136, "retained": [262144, 70799], "seen": [673164, 70799]}
{"iteration": 54, "seconds": 75.21799999999348, "fresh_deals": 27648, "retained": [262144, 72311], "seen": [684983, 72311]}
{"iteration": 55, "seconds": 77.29700000002049, "fresh_deals": 28160, "retained": [262144, 74002], "seen": [697076, 74002]}
{"iteration": 56, "seconds": 76.15599999995902, "fresh_deals": 28672, "retained": [262144, 75452], "seen": [707902, 75452]}
{"iteration": 57, "seconds": 75.07800000003772, "fresh_deals": 29184, "retained": [262144, 76855], "seen": [719505, 76855]}
{"iteration": 58, "seconds": 76.93799999996554, "fresh_deals": 29696, "retained": [262144, 78314], "seen": [730182, 78314]}
{"iteration": 59, "seconds": 75.79700000002049, "fresh_deals": 30208, "retained": [262144, 79788], "seen": [741082, 79788]}
{"iteration": 60, "seconds": 76.03099999995902, "fresh_deals": 30720, "retained": [262144, 81182], "seen": [750441, 81182]}
{"iteration": 61, "seconds": 76.20300000003772, "fresh_deals": 31232, "retained": [262144, 82521], "seen": [761754, 82521]}
{"iteration": 62, "seconds": 76.14100000000326, "fresh_deals": 31744, "retained": [262144, 84148], "seen": [772164, 84148]}
{"iteration": 63, "seconds": 77.32800000003772, "fresh_deals": 32256, "retained": [262144, 85453], "seen": [783671, 85453]}
{"iteration": 64, "seconds": 79.03200000000652, "fresh_deals": 32768, "retained": [262144, 86988], "seen": [794931, 86988]}
{"iteration": 65, "seconds": 82.29700000002049, "fresh_deals": 33280, "retained": [262144, 88460], "seen": [806888, 88460]}
{"iteration": 66, "seconds": 77.96899999998277, "fresh_deals": 33792, "retained": [262144, 90144], "seen": [817785, 90144]}
{"iteration": 67, "seconds": 77.46799999999348, "fresh_deals": 34304, "retained": [262144, 91576], "seen": [828471, 91576]}
{"iteration": 68, "seconds": 78.375, "fresh_deals": 34816, "retained": [262144, 93032], "seen": [840079, 93032]}
{"iteration": 69, "seconds": 78.93699999997625, "fresh_deals": 35328, "retained": [262144, 94701], "seen": [850856, 94701]}
{"iteration": 70, "seconds": 79.36000000004424, "fresh_deals": 35840, "retained": [262144, 96392], "seen": [861120, 96392]}
{"iteration": 71, "seconds": 79.14100000000326, "fresh_deals": 36352, "retained": [262144, 97872], "seen": [873257, 97872]}
{"iteration": 72, "seconds": 80.09400000004098, "fresh_deals": 36864, "retained": [262144, 99354], "seen": [883362, 99354]}
{"iteration": 73, "seconds": 79.59400000004098, "fresh_deals": 37376, "retained": [262144, 100999], "seen": [895925, 100999]}
{"iteration": 74, "seconds": 78.75, "fresh_deals": 37888, "retained": [262144, 102452], "seen": [906459, 102452]}
{"iteration": 75, "seconds": 80.06199999997625, "fresh_deals": 38400, "retained": [262144, 103981], "seen": [917609, 103981]}
{"iteration": 76, "seconds": 80.53200000000652, "fresh_deals": 38912, "retained": [262144, 105409], "seen": [930061, 105409]}
{"iteration": 77, "seconds": 80.48399999999674, "fresh_deals": 39424, "retained": [262144, 106923], "seen": [940701, 106923]}
{"iteration": 78, "seconds": 84.07799999997951, "fresh_deals": 39936, "retained": [262144, 108502], "seen": [951156, 108502]}
