{
  "passed": true,
  "contexts": [
    {
      "context": "original_context",
      "global_normalizer": 8440.063601466969,
      "max_pair_probability_error": 1.3552527156068805e-19,
      "max_card_subtraction_normalizer_relative_error": 8.881784197001252e-16,
      "original_engine_normalizer_relative_error": 1.979211017300031e-09,
      "naive_board_law_tv": 0.060283713216409684,
      "maximum_naive_private_pair_tv": 0.04857734289598631
    },
    {
      "context": "bb_context",
      "global_normalizer": 487507.54200853774,
      "max_pair_probability_error": 3.8116482626443515e-21,
      "max_card_subtraction_normalizer_relative_error": 1.3322676295501878e-15,
      "original_engine_normalizer_relative_error": null,
      "naive_board_law_tv": 0.0165250059191278,
      "maximum_naive_private_pair_tv": 0.01411469336488383
    }
  ],
  "registration_sha256": "4a8b15e82825f40742db1d53a7a2e0d644fc26665edf737e2c900a444be994f0",
  "elapsed_seconds": 12.21799999999348,
  "gpu_used": false,
  "trainer_qualified": false,
  "strategy_accuracy_claim": false,
  "production_modified": false
}
