{
  "corpus_baseline": "ff54279",
  "coupled_table_init_seconds": 0.0129963,
  "elapsed_total_seconds": 0.0655116,
  "frozen_candidate": {
    "candidate": {
      "id": "coupled_subset_herding_v1_64",
      "indices": [
        635,
        189,
        934,
        215,
        986,
        476,
        798,
        675,
        454,
        1023,
        368,
        781,
        244,
        715,
        35,
        672,
        787,
        958,
        961,
        950,
        806,
        885,
        15,
        645,
        831,
        165,
        222,
        451,
        284,
        429,
        857,
        12,
        219,
        465,
        280,
        473,
        639,
        794,
        821,
        926,
        874,
        618,
        562,
        807,
        633,
        276,
        182,
        5,
        394,
        397,
        960,
        989,
        621,
        608,
        95,
        697,
        967,
        838,
        497,
        472,
        385,
        306,
        699,
        19
      ],
      "particles": 64,
      "weight": 0.015625
    },
    "corpus_sha256": "709fe72192af25e3f9c964be7cc6a596265e5d753119bd1aa35a7c8ed388e13b",
    "selection_reason": "First family member passing initial seen core physical regressions; frozen before independent holdout output",
    "source_log_sha256": "2e74ad777826add37247fddbfee50cf670235e3fd8311e405b576be9745e1d6f",
    "status": "independent_holdout_not_run"
  },
  "holdouts": [
    {
      "all169_errors_vs_coupled": {
        "max_absolute_pp": 4.21086871285197,
        "mean_absolute_pp": 0.9374702708132943,
        "p95_absolute_pp": 2.592776335133526
      },
      "hands": [
        {
          "candidate": 0.21184033201889602,
          "candidate_minus_coupled_pp": -3.7048744423931774,
          "candidate_minus_physical_pp": null,
          "coupled_1024": 0.2488890764428278,
          "coupled_minus_physical_pp": null,
          "hand": "A5s",
          "physical": {
            "status": "not_run"
          }
        },
        {
          "candidate": 0.26217746294702593,
          "candidate_minus_coupled_pp": 0.6947178581787339,
          "candidate_minus_physical_pp": null,
          "coupled_1024": 0.2552302843652386,
          "coupled_minus_physical_pp": null,
          "hand": "KJo",
          "physical": {
            "status": "not_run"
          }
        },
        {
          "candidate": 0.2945545907832558,
          "candidate_minus_coupled_pp": 2.082029666229823,
          "candidate_minus_physical_pp": null,
          "coupled_1024": 0.27373429412095757,
          "coupled_minus_physical_pp": null,
          "hand": "QJs",
          "physical": {
            "status": "not_run"
          }
        },
        {
          "candidate": 0.25051703100064004,
          "candidate_minus_coupled_pp": -0.8493192294114771,
          "candidate_minus_physical_pp": null,
          "coupled_1024": 0.2590102232947548,
          "coupled_minus_physical_pp": null,
          "hand": "T9s",
          "physical": {
            "status": "not_run"
          }
        },
        {
          "candidate": 0.27585887055625946,
          "candidate_minus_coupled_pp": -0.21664237942902176,
          "candidate_minus_physical_pp": null,
          "coupled_1024": 0.2780252943505497,
          "coupled_minus_physical_pp": null,
          "hand": "55",
          "physical": {
            "status": "not_run"
          }
        },
        {
          "candidate": 0.5574027217033165,
          "candidate_minus_coupled_pp": 0.7005006807780378,
          "candidate_minus_physical_pp": null,
          "coupled_1024": 0.5503977148955361,
          "coupled_minus_physical_pp": null,
          "hand": "KK",
          "physical": {
            "status": "not_run"
          }
        }
      ],
      "id": "asymmetric-three",
      "split": "registered_independent_holdout",
      "stress_only": false
    },
    {
      "all169_errors_vs_coupled": {
        "max_absolute_pp": 3.226123691016208,
        "mean_absolute_pp": 0.8505731418155795,
        "p95_absolute_pp": 2.346488742509706
      },
      "hands": [
        {
          "candidate": 0.15824941588306723,
          "candidate_minus_coupled_pp": -2.632459520217134,
          "candidate_minus_physical_pp": null,
          "coupled_1024": 0.18457401108523858,
          "coupled_minus_physical_pp": null,
          "hand": "A5s",
          "physical": {
            "status": "not_run"
          }
        },
        {
          "candidate": 0.18241312082555766,
          "candidate_minus_coupled_pp": 0.4602327801713768,
          "candidate_minus_physical_pp": null,
          "coupled_1024": 0.1778107930238439,
          "coupled_minus_physical_pp": null,
          "hand": "KJo",
          "physical": {
            "status": "not_run"
          }
        },
        {
          "candidate": 0.22280392556461506,
          "candidate_minus_coupled_pp": 2.216334951748622,
          "candidate_minus_physical_pp": null,
          "coupled_1024": 0.20064057604712884,
          "coupled_minus_physical_pp": null,
          "hand": "QJs",
          "physical": {
            "status": "not_run"
          }
        },
        {
          "candidate": 0.17584563636066664,
          "candidate_minus_coupled_pp": -0.9110590444058819,
          "candidate_minus_physical_pp": null,
          "coupled_1024": 0.18495622680472545,
          "coupled_minus_physical_pp": null,
          "hand": "T9s",
          "physical": {
            "status": "not_run"
          }
        },
        {
          "candidate": 0.199500584238683,
          "candidate_minus_coupled_pp": 0.02048367450482591,
          "candidate_minus_physical_pp": null,
          "coupled_1024": 0.19929574749363474,
          "coupled_minus_physical_pp": null,
          "hand": "55",
          "physical": {
            "status": "not_run"
          }
        },
        {
          "candidate": 0.4361068154631466,
          "candidate_minus_coupled_pp": 1.2758998962596468,
          "candidate_minus_physical_pp": null,
          "coupled_1024": 0.42334781650055014,
          "coupled_minus_physical_pp": null,
          "hand": "KK",
          "physical": {
            "status": "not_run"
          }
        }
      ],
      "id": "mixed-four",
      "split": "registered_independent_holdout",
      "stress_only": false
    },
    {
      "all169_errors_vs_coupled": {
        "max_absolute_pp": 3.3189613795177735,
        "mean_absolute_pp": 1.0075360101202555,
        "p95_absolute_pp": 2.6258673059907354
      },
      "hands": [
        {
          "candidate": 0.12519531846361748,
          "candidate_minus_coupled_pp": -1.017496797616435,
          "candidate_minus_physical_pp": null,
          "coupled_1024": 0.13537028643978183,
          "coupled_minus_physical_pp": null,
          "hand": "A5s",
          "physical": {
            "status": "not_run"
          }
        },
        {
          "candidate": 0.12329142790497327,
          "candidate_minus_coupled_pp": 0.7028198571523259,
          "candidate_minus_physical_pp": null,
          "coupled_1024": 0.11626322933345001,
          "coupled_minus_physical_pp": null,
          "hand": "KJo",
          "physical": {
            "status": "not_run"
          }
        },
        {
          "candidate": 0.1361630651250401,
          "candidate_minus_coupled_pp": 0.258296572491612,
          "candidate_minus_physical_pp": null,
          "coupled_1024": 0.13358009940012397,
          "coupled_minus_physical_pp": null,
          "hand": "QJs",
          "physical": {
            "status": "not_run"
          }
        },
        {
          "candidate": 0.13813477169573574,
          "candidate_minus_coupled_pp": -0.5911907883406287,
          "candidate_minus_physical_pp": null,
          "coupled_1024": 0.14404667957914202,
          "coupled_minus_physical_pp": null,
          "hand": "T9s",
          "physical": {
            "status": "not_run"
          }
        },
        {
          "candidate": 0.12945150325952762,
          "candidate_minus_coupled_pp": 0.6524658575542839,
          "candidate_minus_physical_pp": null,
          "coupled_1024": 0.12292684468398478,
          "coupled_minus_physical_pp": null,
          "hand": "55",
          "physical": {
            "status": "not_run"
          }
        },
        {
          "candidate": 0.3529188526724384,
          "candidate_minus_coupled_pp": 0.5229458435929424,
          "candidate_minus_physical_pp": null,
          "coupled_1024": 0.34768939423650896,
          "coupled_minus_physical_pp": null,
          "hand": "KK",
          "physical": {
            "status": "not_run"
          }
        }
      ],
      "id": "sparse-six",
      "split": "registered_independent_holdout",
      "stress_only": false
    },
    {
      "all169_errors_vs_coupled": {
        "max_absolute_pp": 4.163347213956595,
        "mean_absolute_pp": 1.125212567683489,
        "p95_absolute_pp": 3.232324321591093
      },
      "hands": [
        {
          "candidate": 0.13018343892160342,
          "candidate_minus_coupled_pp": -3.4875530376768134,
          "candidate_minus_physical_pp": null,
          "coupled_1024": 0.16505896929837155,
          "coupled_minus_physical_pp": null,
          "hand": "A5s",
          "physical": {
            "status": "not_run"
          }
        },
        {
          "candidate": 0.14168665346549453,
          "candidate_minus_coupled_pp": 1.1537095506214263,
          "candidate_minus_physical_pp": null,
          "coupled_1024": 0.13014955795928027,
          "coupled_minus_physical_pp": null,
          "hand": "KJo",
          "physical": {
            "status": "not_run"
          }
        },
        {
          "candidate": 0.2001349555601652,
          "candidate_minus_coupled_pp": 3.340128353525926,
          "candidate_minus_physical_pp": null,
          "coupled_1024": 0.16673367202490594,
          "coupled_minus_physical_pp": null,
          "hand": "QJs",
          "physical": {
            "status": "not_run"
          }
        },
        {
          "candidate": 0.18099600814412706,
          "candidate_minus_coupled_pp": -1.1584960385588927,
          "candidate_minus_physical_pp": null,
          "coupled_1024": 0.19258096852971598,
          "coupled_minus_physical_pp": null,
          "hand": "T9s",
          "physical": {
            "status": "not_run"
          }
        },
        {
          "candidate": 0.2045099139821152,
          "candidate_minus_coupled_pp": -0.02995810429204937,
          "candidate_minus_physical_pp": null,
          "coupled_1024": 0.2048094950250357,
          "coupled_minus_physical_pp": null,
          "hand": "55",
          "physical": {
            "status": "not_run"
          }
        },
        {
          "candidate": 0.3532005951716293,
          "candidate_minus_coupled_pp": 1.6668441039449478,
          "candidate_minus_physical_pp": null,
          "coupled_1024": 0.3365321541321798,
          "coupled_minus_physical_pp": null,
          "hand": "KK",
          "physical": {
            "status": "not_run"
          }
        }
      ],
      "id": "overlap-asymmetric-four",
      "split": "registered_independent_holdout",
      "stress_only": true
    }
  ],
  "limitations": [
    "No training or selection uses these holdout outputs.",
    "Physical references use compatible live hole cards and shared board; folded-card removal/future betting omitted.",
    "Same fixed representative hero combo is valid only for these suit-symmetric class ranges.",
    "Terminal timing is not whole-solver or end-to-end speedup; independent result does not certify policy quality."
  ],
  "physical_samples_per_hand": 0,
  "rebuilt_bb_regressions_all_models": [
    {
      "benchmark_repetitions": 32,
      "cpu_terminal_ms": 0.02233125,
      "full_cpu_terminal_ms": 0.750178125,
      "hands": [
        {
          "candidate": 0.29543998975930685,
          "candidate_minus_physical_pp": 6.238007309263816,
          "candidate_showdown_call_minus_fold_bb": 1.2453439221707319,
          "coupled_1024": 0.23635326887330907,
          "hand": "KQo",
          "physical_95_half_width": 0.0008131848476885972,
          "physical_equity": 0.2330599166666687,
          "physical_showdown_call_minus_fold_bb": 0.7712553666666819
        },
        {
          "candidate": 0.26928818488950157,
          "candidate_minus_physical_pp": 1.7557768222811465,
          "candidate_showdown_call_minus_fold_bb": 1.0465902051602116,
          "coupled_1024": 0.23683383160087648,
          "hand": "AQo",
          "physical_95_half_width": 0.0008074135457488208,
          "physical_equity": 0.2517304166666901,
          "physical_showdown_call_minus_fold_bb": 0.9131511666668446
        },
        {
          "candidate": 0.2952504363739945,
          "candidate_minus_physical_pp": 2.921268637399171,
          "candidate_showdown_call_minus_fold_bb": 1.243903316442358,
          "coupled_1024": 0.2750717989742601,
          "hand": "KQs",
          "physical_95_half_width": 0.0008518110798602537,
          "physical_equity": 0.2660377500000028,
          "physical_showdown_call_minus_fold_bb": 1.021886900000021
        },
        {
          "candidate": 0.11512475256231487,
          "candidate_minus_physical_pp": -9.079508077101863,
          "candidate_showdown_call_minus_fold_bb": -0.12505188052640703,
          "coupled_1024": 0.19309276166910716,
          "hand": "76s",
          "physical_95_half_width": 0.0007867073936444577,
          "physical_equity": 0.2059198333333335,
          "physical_showdown_call_minus_fold_bb": 0.5649907333333346
        },
        {
          "candidate": 0.548695340633703,
          "candidate_minus_physical_pp": -5.153499269962958,
          "candidate_showdown_call_minus_fold_bb": 3.1700845888161426,
          "coupled_1024": 0.5906705226976627,
          "hand": "AA",
          "physical_95_half_width": 0.0009557549999490932,
          "physical_equity": 0.6002303333333325,
          "physical_showdown_call_minus_fold_bb": 3.561750533333327
        }
      ],
      "model": "coupled_subset_stratified_v1_16",
      "terminal_speedup_only": 33.59319899244333
    },
    {
      "benchmark_repetitions": 32,
      "cpu_terminal_ms": 0.02155,
      "full_cpu_terminal_ms": 0.750178125,
      "hands": [
        {
          "candidate": 0.2763313847062869,
          "candidate_minus_physical_pp": 4.327146803961818,
          "candidate_showdown_call_minus_fold_bb": 1.10011852376778,
          "coupled_1024": 0.23635326887330907,
          "hand": "KQo",
          "physical_95_half_width": 0.0008131848476885972,
          "physical_equity": 0.2330599166666687,
          "physical_showdown_call_minus_fold_bb": 0.7712553666666819
        },
        {
          "candidate": 0.2593076337598516,
          "candidate_minus_physical_pp": 0.7577217093161503,
          "candidate_showdown_call_minus_fold_bb": 0.970738016574872,
          "coupled_1024": 0.23683383160087648,
          "hand": "AQo",
          "physical_95_half_width": 0.0008074135457488208,
          "physical_equity": 0.2517304166666901,
          "physical_showdown_call_minus_fold_bb": 0.9131511666668446
        },
        {
          "candidate": 0.3297177017530893,
          "candidate_minus_physical_pp": 6.36799517530865,
          "candidate_showdown_call_minus_fold_bb": 1.5058545333234785,
          "coupled_1024": 0.2750717989742601,
          "hand": "KQs",
          "physical_95_half_width": 0.0008518110798602537,
          "physical_equity": 0.2660377500000028,
          "physical_showdown_call_minus_fold_bb": 1.021886900000021
        },
        {
          "candidate": 0.1802093418737925,
          "candidate_minus_physical_pp": -2.571049145954099,
          "candidate_showdown_call_minus_fold_bb": 0.369590998240823,
          "coupled_1024": 0.19309276166910716,
          "hand": "76s",
          "physical_95_half_width": 0.0007867073936444577,
          "physical_equity": 0.2059198333333335,
          "physical_showdown_call_minus_fold_bb": 0.5649907333333346
        },
        {
          "candidate": 0.6523766665664231,
          "candidate_minus_physical_pp": 5.214633323309059,
          "candidate_showdown_call_minus_fold_bb": 3.9580626659048157,
          "coupled_1024": 0.5906705226976627,
          "hand": "AA",
          "physical_95_half_width": 0.0009557549999490932,
          "physical_equity": 0.6002303333333325,
          "physical_showdown_call_minus_fold_bb": 3.561750533333327
        }
      ],
      "model": "coupled_subset_herding_v1_16",
      "terminal_speedup_only": 34.81104988399072
    },
    {
      "benchmark_repetitions": 32,
      "cpu_terminal_ms": 0.042775,
      "full_cpu_terminal_ms": 0.750178125,
      "hands": [
        {
          "candidate": 0.3001585001149898,
          "candidate_minus_physical_pp": 6.709858344832109,
          "candidate_showdown_call_minus_fold_bb": 1.2812046008739224,
          "coupled_1024": 0.23635326887330907,
          "hand": "KQo",
          "physical_95_half_width": 0.0008131848476885972,
          "physical_equity": 0.2330599166666687,
          "physical_showdown_call_minus_fold_bb": 0.7712553666666819
        },
        {
          "candidate": 0.23949848690269745,
          "candidate_minus_physical_pp": -1.223192976399265,
          "candidate_showdown_call_minus_fold_bb": 0.8201885004605005,
          "coupled_1024": 0.23683383160087648,
          "hand": "AQo",
          "physical_95_half_width": 0.0008074135457488208,
          "physical_equity": 0.2517304166666901,
          "physical_showdown_call_minus_fold_bb": 0.9131511666668446
        },
        {
          "candidate": 0.29198041837299976,
          "candidate_minus_physical_pp": 2.594266837299697,
          "candidate_showdown_call_minus_fold_bb": 1.219051179634798,
          "coupled_1024": 0.2750717989742601,
          "hand": "KQs",
          "physical_95_half_width": 0.0008518110798602537,
          "physical_equity": 0.2660377500000028,
          "physical_showdown_call_minus_fold_bb": 1.021886900000021
        },
        {
          "candidate": 0.16766112045238976,
          "candidate_minus_physical_pp": -3.8258712880943735,
          "candidate_showdown_call_minus_fold_bb": 0.2742245154381622,
          "coupled_1024": 0.19309276166910716,
          "hand": "76s",
          "physical_95_half_width": 0.0007867073936444577,
          "physical_equity": 0.2059198333333335,
          "physical_showdown_call_minus_fold_bb": 0.5649907333333346
        },
        {
          "candidate": 0.5929836248880226,
          "candidate_minus_physical_pp": -0.7246708445309946,
          "candidate_showdown_call_minus_fold_bb": 3.506675549148971,
          "coupled_1024": 0.5906705226976627,
          "hand": "AA",
          "physical_95_half_width": 0.0009557549999490932,
          "physical_equity": 0.6002303333333325,
          "physical_showdown_call_minus_fold_bb": 3.561750533333327
        }
      ],
      "model": "coupled_subset_stratified_v1_32",
      "terminal_speedup_only": 17.537770309760376
    },
    {
      "benchmark_repetitions": 32,
      "cpu_terminal_ms": 0.0424625,
      "full_cpu_terminal_ms": 0.750178125,
      "hands": [
        {
          "candidate": 0.2504739399278872,
          "candidate_minus_physical_pp": 1.7414023261218492,
          "candidate_showdown_call_minus_fold_bb": 0.9036019434519424,
          "coupled_1024": 0.23635326887330907,
          "hand": "KQo",
          "physical_95_half_width": 0.0008131848476885972,
          "physical_equity": 0.2330599166666687,
          "physical_showdown_call_minus_fold_bb": 0.7712553666666819
        },
        {
          "candidate": 0.24399020511416114,
          "candidate_minus_physical_pp": -0.7740211552528964,
          "candidate_showdown_call_minus_fold_bb": 0.8543255588676246,
          "coupled_1024": 0.23683383160087648,
          "hand": "AQo",
          "physical_95_half_width": 0.0008074135457488208,
          "physical_equity": 0.2517304166666901,
          "physical_showdown_call_minus_fold_bb": 0.9131511666668446
        },
        {
          "candidate": 0.28485755734702156,
          "candidate_minus_physical_pp": 1.8819807347018769,
          "candidate_showdown_call_minus_fold_bb": 1.164917435837364,
          "coupled_1024": 0.2750717989742601,
          "hand": "KQs",
          "physical_95_half_width": 0.0008518110798602537,
          "physical_equity": 0.2660377500000028,
          "physical_showdown_call_minus_fold_bb": 1.021886900000021
        },
        {
          "candidate": 0.18001154225308758,
          "candidate_minus_physical_pp": -2.590829108024592,
          "candidate_showdown_call_minus_fold_bb": 0.36808772112346544,
          "coupled_1024": 0.19309276166910716,
          "hand": "76s",
          "physical_95_half_width": 0.0007867073936444577,
          "physical_equity": 0.2059198333333335,
          "physical_showdown_call_minus_fold_bb": 0.5649907333333346
        },
        {
          "candidate": 0.6032984384949948,
          "candidate_minus_physical_pp": 0.3068105161662227,
          "candidate_showdown_call_minus_fold_bb": 3.58506813256196,
          "coupled_1024": 0.5906705226976627,
          "hand": "AA",
          "physical_95_half_width": 0.0009557549999490932,
          "physical_equity": 0.6002303333333325,
          "physical_showdown_call_minus_fold_bb": 3.561750533333327
        }
      ],
      "model": "coupled_subset_herding_v1_32",
      "terminal_speedup_only": 17.666838386811893
    },
    {
      "benchmark_repetitions": 32,
      "cpu_terminal_ms": 0.089225,
      "full_cpu_terminal_ms": 0.750178125,
      "hands": [
        {
          "candidate": 0.2257461124973908,
          "candidate_minus_physical_pp": -0.7313804169277904,
          "candidate_showdown_call_minus_fold_bb": 0.71567045498017,
          "coupled_1024": 0.23635326887330907,
          "hand": "KQo",
          "physical_95_half_width": 0.0008131848476885972,
          "physical_equity": 0.2330599166666687,
          "physical_showdown_call_minus_fold_bb": 0.7712553666666819
        },
        {
          "candidate": 0.23613248999072378,
          "candidate_minus_physical_pp": -1.5597926675966323,
          "candidate_showdown_call_minus_fold_bb": 0.7946069239295006,
          "coupled_1024": 0.23683383160087648,
          "hand": "AQo",
          "physical_95_half_width": 0.0008074135457488208,
          "physical_equity": 0.2517304166666901,
          "physical_showdown_call_minus_fold_bb": 0.9131511666668446
        },
        {
          "candidate": 0.23178205996453818,
          "candidate_minus_physical_pp": -3.4255690035464608,
          "candidate_showdown_call_minus_fold_bb": 0.7615436557304902,
          "coupled_1024": 0.2750717989742601,
          "hand": "KQs",
          "physical_95_half_width": 0.0008518110798602537,
          "physical_equity": 0.2660377500000028,
          "physical_showdown_call_minus_fold_bb": 1.021886900000021
        },
        {
          "candidate": 0.23203977361987999,
          "candidate_minus_physical_pp": 2.611994028654649,
          "candidate_showdown_call_minus_fold_bb": 0.7635022795110877,
          "coupled_1024": 0.19309276166910716,
          "hand": "76s",
          "physical_95_half_width": 0.0007867073936444577,
          "physical_equity": 0.2059198333333335,
          "physical_showdown_call_minus_fold_bb": 0.5649907333333346
        },
        {
          "candidate": 0.5719764292112923,
          "candidate_minus_physical_pp": -2.8253904122040208,
          "candidate_showdown_call_minus_fold_bb": 3.347020862005821,
          "coupled_1024": 0.5906705226976627,
          "hand": "AA",
          "physical_95_half_width": 0.0009557549999490932,
          "physical_equity": 0.6002303333333325,
          "physical_showdown_call_minus_fold_bb": 3.561750533333327
        }
      ],
      "model": "coupled_subset_stratified_v1_64",
      "terminal_speedup_only": 8.407712244326142
    },
    {
      "benchmark_repetitions": 32,
      "cpu_terminal_ms": 0.091665625,
      "full_cpu_terminal_ms": 0.750178125,
      "hands": [
        {
          "candidate": 0.24706626032596463,
          "candidate_minus_physical_pp": 1.4006343659295928,
          "candidate_showdown_call_minus_fold_bb": 0.877703578477331,
          "coupled_1024": 0.23635326887330907,
          "hand": "KQo",
          "physical_95_half_width": 0.0008131848476885972,
          "physical_equity": 0.2330599166666687,
          "physical_showdown_call_minus_fold_bb": 0.7712553666666819
        },
        {
          "candidate": 0.2396093329623724,
          "candidate_minus_physical_pp": -1.2121083704317692,
          "candidate_showdown_call_minus_fold_bb": 0.8210309305140302,
          "coupled_1024": 0.23683383160087648,
          "hand": "AQo",
          "physical_95_half_width": 0.0008074135457488208,
          "physical_equity": 0.2517304166666901,
          "physical_showdown_call_minus_fold_bb": 0.9131511666668446
        },
        {
          "candidate": 0.27809509707611124,
          "candidate_minus_physical_pp": 1.205734707610845,
          "candidate_showdown_call_minus_fold_bb": 1.1135227377784451,
          "coupled_1024": 0.2750717989742601,
          "hand": "KQs",
          "physical_95_half_width": 0.0008518110798602537,
          "physical_equity": 0.2660377500000028,
          "physical_showdown_call_minus_fold_bb": 1.021886900000021
        },
        {
          "candidate": 0.18714053922350082,
          "candidate_minus_physical_pp": -1.8779294109832674,
          "candidate_showdown_call_minus_fold_bb": 0.4222680980986062,
          "coupled_1024": 0.19309276166910716,
          "hand": "76s",
          "physical_95_half_width": 0.0007867073936444577,
          "physical_equity": 0.2059198333333335,
          "physical_showdown_call_minus_fold_bb": 0.5649907333333346
        },
        {
          "candidate": 0.5946501700256631,
          "candidate_minus_physical_pp": -0.5580163307669417,
          "candidate_showdown_call_minus_fold_bb": 3.5193412921950395,
          "coupled_1024": 0.5906705226976627,
          "hand": "AA",
          "physical_95_half_width": 0.0009557549999490932,
          "physical_equity": 0.6002303333333325,
          "physical_showdown_call_minus_fold_bb": 3.561750533333327
        }
      ],
      "model": "coupled_subset_herding_v1_64",
      "terminal_speedup_only": 8.183854361981387
    },
    {
      "benchmark_repetitions": 32,
      "cpu_terminal_ms": 0.047028125,
      "full_cpu_terminal_ms": 0.750178125,
      "hands": [
        {
          "candidate": 0.2568491990321692,
          "candidate_minus_physical_pp": 2.3789282365500486,
          "candidate_showdown_call_minus_fold_bb": 0.9520539126444858,
          "coupled_1024": 0.23635326887330907,
          "hand": "KQo",
          "physical_95_half_width": 0.0008131848476885972,
          "physical_equity": 0.2330599166666687,
          "physical_showdown_call_minus_fold_bb": 0.7712553666666819
        },
        {
          "candidate": 0.24852315444751621,
          "candidate_minus_physical_pp": -0.320726221917389,
          "candidate_showdown_call_minus_fold_bb": 0.8887759738011232,
          "coupled_1024": 0.23683383160087648,
          "hand": "AQo",
          "physical_95_half_width": 0.0008074135457488208,
          "physical_equity": 0.2517304166666901,
          "physical_showdown_call_minus_fold_bb": 0.9131511666668446
        },
        {
          "candidate": 0.2944425538779487,
          "candidate_minus_physical_pp": 2.8404803877945914,
          "candidate_showdown_call_minus_fold_bb": 1.23776340947241,
          "coupled_1024": 0.2750717989742601,
          "hand": "KQs",
          "physical_95_half_width": 0.0008518110798602537,
          "physical_equity": 0.2660377500000028,
          "physical_showdown_call_minus_fold_bb": 1.021886900000021
        },
        {
          "candidate": 0.19405992503297947,
          "candidate_minus_physical_pp": -1.185990830035402,
          "candidate_showdown_call_minus_fold_bb": 0.47485543025064403,
          "coupled_1024": 0.19309276166910716,
          "hand": "76s",
          "physical_95_half_width": 0.0007867073936444577,
          "physical_equity": 0.2059198333333335,
          "physical_showdown_call_minus_fold_bb": 0.5649907333333346
        },
        {
          "candidate": 0.6069164693011532,
          "candidate_minus_physical_pp": 0.6686135967820639,
          "candidate_showdown_call_minus_fold_bb": 3.612565166688764,
          "coupled_1024": 0.5906705226976627,
          "hand": "AA",
          "physical_95_half_width": 0.0009557549999490932,
          "physical_equity": 0.6002303333333325,
          "physical_showdown_call_minus_fold_bb": 3.561750533333327
        }
      ],
      "model": "coupled_subset_exchange_v2_32",
      "terminal_speedup_only": 15.95169114226859
    }
  ],
  "schema": 1,
  "threads": 4
}
