[master be04cd1] Verify expanded solver suite and register detached snapshot latency test
 214 files changed, 6018 insertions(+), 2 deletions(-)
 create mode 100644 research/autoresearch/passes/04-preflop-interactive-20260911/H-CHECKS.md
 create mode 100644 research/autoresearch/passes/04-preflop-interactive-20260911/build-h-binaries.json
 create mode 100644 research/autoresearch/passes/04-preflop-interactive-20260911/build-i-binaries.json
 create mode 100644 research/autoresearch/passes/04-preflop-interactive-20260911/conditional-preview-inputs-a.json
 create mode 100644 research/autoresearch/passes/04-preflop-interactive-20260911/proposals/early-preview/API-C-PROTOCOL.md
 create mode 100644 research/autoresearch/passes/04-preflop-interactive-20260911/proposals/early-preview/INTERACTION-LATENCY-REVIEW.md
 create mode 100644 research/autoresearch/passes/04-preflop-interactive-20260911/proposals/early-preview/conditional-preview64-1000-paths-a.json
 create mode 100644 research/autoresearch/passes/04-preflop-interactive-20260911/proposals/early-preview/conditional-preview64-50-paths-a.json
 create mode 100644 research/autoresearch/passes/04-preflop-interactive-20260911/proposals/early-preview/preview-api-c-protocol.json
 create mode 100644 research/autoresearch/passes/04-preflop-interactive-20260911/proposals/quality-gates/summarize_policy_quality.py
 create mode 100644 research/autoresearch/passes/04-preflop-interactive-20260911/raw/interactive-build-i.log
 create mode 100644 research/autoresearch/passes/04-preflop-interactive-20260911/raw/solver-tests-build-h.log
 create mode 100644 research/autoresearch/passes/04-preflop-interactive-20260911/raw/suite-h-action_sizing-1aecef773a3a85f8-protocol.json
 create mode 100644 research/autoresearch/passes/04-preflop-interactive-20260911/raw/suite-h-action_sizing-1aecef773a3a85f8-result.json
 create mode 100644 research/autoresearch/passes/04-preflop-interactive-20260911/raw/suite-h-action_sizing-1aecef773a3a85f8.log
 create mode 100644 research/autoresearch/passes/04-preflop-interactive-20260911/raw/suite-h-build_validation-3d8f239f1033ea8d-protocol.json
 create mode 100644 research/autoresearch/passes/04-preflop-interactive-20260911/raw/suite-h-build_validation-3d8f239f1033ea8d-result.json
 create mode 100644 research/autoresearch/passes/04-preflop-interactive-20260911/raw/suite-h-build_validation-3d8f239f1033ea8d.log
 create mode 100644 research/autoresearch/passes/04-preflop-interactive-20260911/raw/suite-h-capacity_perf-db2456cc418898b1-protocol.json
 create mode 100644 research/autoresearch/passes/04-preflop-interactive-20260911/raw/suite-h-capacity_perf-db2456cc418898b1-result.json
 create mode 100644 research/autoresearch/passes/04-preflop-interactive-20260911/raw/suite-h-capacity_perf-db2456cc418898b1.log
 create mode 100644 research/autoresearch/passes/04-preflop-interactive-20260911/raw/suite-h-contextual_preflop-b287fec59277df6f-protocol.json
 create mode 100644 research/autoresearch/passes/04-preflop-interactive-20260911/raw/suite-h-contextual_preflop-b287fec59277df6f-result.json
 create mode 100644 research/autoresearch/passes/04-preflop-interactive-20260911/raw/suite-h-contextual_preflop-b287fec59277df6f.log
 create mode 100644 research/autoresearch/passes/04-preflop-interactive-20260911/raw/suite-h-continuation_diagnostics-acd289d8b45bb351-protocol.json
 create mode 100644 research/autoresearch/passes/04-preflop-interactive-20260911/raw/suite-h-continuation_diagnostics-acd289d8b45bb351-result.json
 create mode 100644 research/autoresearch/passes/04-preflop-interactive-20260911/raw/suite-h-continuation_diagnostics-acd289d8b45bb351.log
 create mode 100644 research/autoresearch/passes/04-preflop-interactive-20260911/raw/suite-h-convergence-bf840b5a2f7f0293-protocol.json
 create mode 100644 research/autoresearch/passes/04-preflop-interactive-20260911/raw/suite-h-convergence-bf840b5a2f7f0293-result.json
 create mode 100644 research/autoresearch/passes/04-preflop-interactive-20260911/raw/suite-h-convergence-bf840b5a2f7f0293.log
 create mode 100644 research/autoresearch/passes/04-preflop-interactive-20260911/raw/suite-h-crate-action_sizing-1aecef773a3a85f8-protocol.json
 create mode 100644 research/autoresearch/passes/04-preflop-interactive-20260911/raw/suite-h-crate-action_sizing-1aecef773a3a85f8-result.json
 create mode 100644 research/autoresearch/passes/04-preflop-interactive-20260911/raw/suite-h-crate-action_sizing-1aecef773a3a85f8.log
 create mode 100644 research/autoresearch/passes/04-preflop-interactive-20260911/raw/suite-h-crate-build_validation-3d8f239f1033ea8d-protocol.json
 create mode 100644 research/autoresearch/passes/04-preflop-interactive-20260911/raw/suite-h-crate-build_validation-3d8f239f1033ea8d-result.json
 create mode 100644 research/autoresearch/passes/04-preflop-interactive-20260911/raw/suite-h-crate-build_validation-3d8f239f1033ea8d.log
 create mode 100644 research/autoresearch/passes/04-preflop-interactive-20260911/raw/suite-h-crate-capacity_perf-db2456cc418898b1-protocol.json
 create mode 100644 research/autoresearch/passes/04-preflop-interactive-20260911/raw/suite-h-crate-capacity_perf-db2456cc418898b1-result.json
 create mode 100644 research/autoresearch/passes/04-preflop-interactive-20260911/raw/suite-h-crate-capacity_perf-db2456cc418898b1.log
 create mode 100644 research/autoresearch/passes/04-preflop-interactive-20260911/raw/suite-h-crate-contextual_preflop-b287fec59277df6f-protocol.json
 create mode 100644 research/autoresearch/passes/04-preflop-interactive-20260911/raw/suite-h-crate-contextual_preflop-b287fec59277df6f-result.json
 create mode 100644 research/autoresearch/passes/04-preflop-interactive-20260911/raw/suite-h-crate-contextual_preflop-b287fec59277df6f.log
 create mode 100644 research/autoresearch/passes/04-preflop-interactive-20260911/raw/suite-h-crate-continuation_diagnostics-acd289d8b45bb351-protocol.json
 create mode 100644 research/autoresearch/passes/04-preflop-interactive-20260911/raw/suite-h-crate-continuation_diagnostics-acd289d8b45bb351-result.json
 create mode 100644 research/autoresearch/passes/04-preflop-interactive-20260911/raw/suite-h-crate-continuation_diagnostics-acd289d8b45bb351.log
 create mode 100644 research/autoresearch/passes/04-preflop-interactive-20260911/raw/suite-h-crate-convergence-bf840b5a2f7f0293-protocol.json
 create mode 100644 research/autoresearch/passes/04-preflop-interactive-20260911/raw/suite-h-crate-convergence-bf840b5a2f7f0293-result.json
 create mode 100644 research/autoresearch/passes/04-preflop-interactive-20260911/raw/suite-h-crate-convergence-bf840b5a2f7f0293.log
 create mode 100644 research/autoresearch/passes/04-preflop-interactive-20260911/raw/suite-h-crate-cuda_resources-9be3e8f9a845bdf5-protocol.json
 create mode 100644 research/autoresearch/passes/04-preflop-interactive-20260911/raw/suite-h-crate-cuda_resources-9be3e8f9a845bdf5-result.json
 create mode 100644 research/autoresearch/passes/04-preflop-interactive-20260911/raw/suite-h-crate-cuda_resources-9be3e8f9a845bdf5.log
 create mode 100644 research/autoresearch/passes/04-preflop-interactive-20260911/raw/suite-h-crate-driver.log
 create mode 100644 research/autoresearch/passes/04-preflop-interactive-20260911/raw/suite-h-crate-gpu-eab8bc6c2cd6ab44-protocol.json
 create mode 100644 research/autoresearch/passes/04-preflop-interactive-20260911/raw/suite-h-crate-gpu-eab8bc6c2cd6ab44-result.json
 create mode 100644 research/autoresearch/passes/04-preflop-interactive-20260911/raw/suite-h-crate-gpu-eab8bc6c2cd6ab44.log
 create mode 100644 research/autoresearch/passes/04-preflop-interactive-20260911/raw/suite-h-crate-gpu_bench-43e8d8ec212f8bce-protocol.json
 create mode 100644 research/autoresearch/passes/04-preflop-interactive-20260911/raw/suite-h-crate-gpu_bench-43e8d8ec212f8bce-result.json
 create mode 100644 research/autoresearch/passes/04-preflop-interactive-20260911/raw/suite-h-crate-gpu_bench-43e8d8ec212f8bce.log
 create mode 100644 research/autoresearch/passes/04-preflop-interactive-20260911/raw/suite-h-crate-gpu_check_perf-77d2459eda489b76-protocol.json
 create mode 100644 research/autoresearch/passes/04-preflop-interactive-20260911/raw/suite-h-crate-gpu_check_perf-77d2459eda489b76-result.json
 create mode 100644 research/autoresearch/passes/04-preflop-interactive-20260911/raw/suite-h-crate-gpu_check_perf-77d2459eda489b76.log
 create mode 100644 research/autoresearch/passes/04-preflop-interactive-20260911/raw/suite-h-crate-gto_server-8dfbe2b628cb9844-protocol.json
 create mode 100644 research/autoresearch/passes/04-preflop-interactive-20260911/raw/suite-h-crate-gto_server-8dfbe2b628cb9844-result.json
 create mode 100644 research/autoresearch/passes/04-preflop-interactive-20260911/raw/suite-h-crate-gto_server-8dfbe2b628cb9844.log
 create mode 100644 research/autoresearch/passes/04-preflop-interactive-20260911/raw/suite-h-crate-load_perf-0985c67bc3e57cab-protocol.json
 create mode 100644 research/autoresearch/passes/04-preflop-interactive-20260911/raw/suite-h-crate-load_perf-0985c67bc3e57cab-result.json
 create mode 100644 research/autoresearch/passes/04-preflop-interactive-20260911/raw/suite-h-crate-load_perf-0985c67bc3e57cab.log
 create mode 100644 research/autoresearch/passes/04-preflop-interactive-20260911/raw/suite-h-crate-model_evidence-94b9d7cc7fc8b5c7-protocol.json
 create mode 100644 research/autoresearch/passes/04-preflop-interactive-20260911/raw/suite-h-crate-model_evidence-94b9d7cc7fc8b5c7-result.json
 create mode 100644 research/autoresearch/passes/04-preflop-interactive-20260911/raw/suite-h-crate-model_evidence-94b9d7cc7fc8b5c7.log
 create mode 100644 research/autoresearch/passes/04-preflop-interactive-20260911/raw/suite-h-crate-postflop_action_menus-5d6587e571645e32-protocol.json
 create mode 100644 research/autoresearch/passes/04-preflop-interactive-20260911/raw/suite-h-crate-postflop_action_menus-5d6587e571645e32-result.json
 create mode 100644 research/autoresearch/passes/04-preflop-interactive-20260911/raw/suite-h-crate-postflop_action_menus-5d6587e571645e32.log
 create mode 100644 research/autoresearch/passes/04-preflop-interactive-20260911/raw/suite-h-crate-postflop_capacity_perf-5e96ceeedaf7d760-protocol.json
 create mode 100644 research/autoresearch/passes/04-preflop-interactive-20260911/raw/suite-h-crate-postflop_capacity_perf-5e96ceeedaf7d760-result.json
 create mode 100644 research/autoresearch/passes/04-preflop-interactive-20260911/raw/suite-h-crate-postflop_capacity_perf-5e96ceeedaf7d760.log
 create mode 100644 research/autoresearch/passes/04-preflop-interactive-20260911/raw/suite-h-crate-postflop_full_memory_perf-5bb0c04cc48ae358-protocol.json
 create mode 100644 research/autoresearch/passes/04-preflop-interactive-20260911/raw/suite-h-crate-postflop_full_memory_perf-5bb0c04cc48ae358-result.json
 create mode 100644 research/autoresearch/passes/04-preflop-interactive-20260911/raw/suite-h-crate-postflop_full_memory_perf-5bb0c04cc48ae358.log
 create mode 100644 research/autoresearch/passes/04-preflop-interactive-20260911/raw/suite-h-crate-postflop_memory_perf-6668b2ebcfbe0830-protocol.json
 create mode 100644 research/autoresearch/passes/04-preflop-interactive-20260911/raw/suite-h-crate-postflop_memory_perf-6668b2ebcfbe0830-result.json
 create mode 100644 research/autoresearch/passes/04-preflop-interactive-20260911/raw/suite-h-crate-postflop_memory_perf-6668b2ebcfbe0830.log
 create mode 100644 research/autoresearch/passes/04-preflop-interactive-20260911/raw/suite-h-crate-postflop_perf-7abb3f6ddb825dff-protocol.json
 create mode 100644 research/autoresearch/passes/04-preflop-interactive-20260911/raw/suite-h-crate-postflop_perf-7abb3f6ddb825dff-result.json
 create mode 100644 research/autoresearch/passes/04-preflop-interactive-20260911/raw/suite-h-crate-postflop_perf-7abb3f6ddb825dff.log
 create mode 100644 research/autoresearch/passes/04-preflop-interactive-20260911/raw/suite-h-crate-postflop_profile-18f749e84683b867-protocol.json
 create mode 100644 research/autoresearch/passes/04-preflop-interactive-20260911/raw/suite-h-crate-postflop_profile-18f749e84683b867-result.json
 create mode 100644 research/autoresearch/passes/04-preflop-interactive-20260911/raw/suite-h-crate-postflop_profile-18f749e84683b867.log
 create mode 100644 research/autoresearch/passes/04-preflop-interactive-20260911/raw/suite-h-crate-postflop_resume_state-8da3717ec3e23447-protocol.json
 create mode 100644 research/autoresearch/passes/04-preflop-interactive-20260911/raw/suite-h-crate-postflop_resume_state-8da3717ec3e23447-result.json
 create mode 100644 research/autoresearch/passes/04-preflop-interactive-20260911/raw/suite-h-crate-postflop_resume_state-8da3717ec3e23447.log
 create mode 100644 research/autoresearch/passes/04-preflop-interactive-20260911/raw/suite-h-crate-postflop_state_perf-30f8f44fd8c03f05-protocol.json
 create mode 100644 research/autoresearch/passes/04-preflop-interactive-20260911/raw/suite-h-crate-postflop_state_perf-30f8f44fd8c03f05-result.json
 create mode 100644 research/autoresearch/passes/04-preflop-interactive-20260911/raw/suite-h-crate-postflop_state_perf-30f8f44fd8c03f05.log
 create mode 100644 research/autoresearch/passes/04-preflop-interactive-20260911/raw/suite-h-crate-preflop-459c05b6bd9dd36d-protocol.json
 create mode 100644 research/autoresearch/passes/04-preflop-interactive-20260911/raw/suite-h-crate-preflop-459c05b6bd9dd36d-result.json
 create mode 100644 research/autoresearch/passes/04-preflop-interactive-20260911/raw/suite-h-crate-preflop-459c05b6bd9dd36d.log
 create mode 100644 research/autoresearch/passes/04-preflop-interactive-20260911/raw/suite-h-crate-preflop_bench-2a870bd01b0a0d27-protocol.json
 create mode 100644 research/autoresearch/passes/04-preflop-interactive-20260911/raw/suite-h-crate-preflop_bench-2a870bd01b0a0d27-result.json
 create mode 100644 research/autoresearch/passes/04-preflop-interactive-20260911/raw/suite-h-crate-preflop_bench-2a870bd01b0a0d27.log
 create mode 100644 research/autoresearch/passes/04-preflop-interactive-20260911/raw/suite-h-crate-preflop_budget-6e304dd01c804fdb-protocol.json
 create mode 100644 research/autoresearch/passes/04-preflop-interactive-20260911/raw/suite-h-crate-preflop_budget-6e304dd01c804fdb-result.json
 create mode 100644 research/autoresearch/passes/04-preflop-interactive-20260911/raw/suite-h-crate-preflop_budget-6e304dd01c804fdb.log
 create mode 100644 research/autoresearch/passes/04-preflop-interactive-20260911/raw/suite-h-crate-preflop_generic_perf-a4d3136bcc17a42d-protocol.json
 create mode 100644 research/autoresearch/passes/04-preflop-interactive-20260911/raw/suite-h-crate-preflop_generic_perf-a4d3136bcc17a42d-result.json
 create mode 100644 research/autoresearch/passes/04-preflop-interactive-20260911/raw/suite-h-crate-preflop_generic_perf-a4d3136bcc17a42d.log
 create mode 100644 research/autoresearch/passes/04-preflop-interactive-20260911/raw/suite-h-crate-preflop_gpu-bce7c06cc8c83a94-protocol.json
 create mode 100644 research/autoresearch/passes/04-preflop-interactive-20260911/raw/suite-h-crate-preflop_gpu-bce7c06cc8c83a94-result.json
 create mode 100644 research/autoresearch/passes/04-preflop-interactive-20260911/raw/suite-h-crate-preflop_gpu-bce7c06cc8c83a94.log
 create mode 100644 research/autoresearch/passes/04-preflop-interactive-20260911/raw/suite-h-crate-preflop_perf-287016022e340143-protocol.json
 create mode 100644 research/autoresearch/passes/04-preflop-interactive-20260911/raw/suite-h-crate-preflop_perf-287016022e340143-result.json
 create mode 100644 research/autoresearch/passes/04-preflop-interactive-20260911/raw/suite-h-crate-preflop_perf-287016022e340143.log
 create mode 100644 research/autoresearch/passes/04-preflop-interactive-20260911/raw/suite-h-crate-preflop_target_perf-6542d356f51a5be4-protocol.json
 create mode 100644 research/autoresearch/passes/04-preflop-interactive-20260911/raw/suite-h-crate-preflop_target_perf-6542d356f51a5be4-result.json
 create mode 100644 research/autoresearch/passes/04-preflop-interactive-20260911/raw/suite-h-crate-preflop_target_perf-6542d356f51a5be4.log
 create mode 100644 research/autoresearch/passes/04-preflop-interactive-20260911/raw/suite-h-crate-preflop_variants-408039f8abd3a52a-protocol.json
 create mode 100644 research/autoresearch/passes/04-preflop-interactive-20260911/raw/suite-h-crate-preflop_variants-408039f8abd3a52a-result.json
 create mode 100644 research/autoresearch/passes/04-preflop-interactive-20260911/raw/suite-h-crate-preflop_variants-408039f8abd3a52a.log
 create mode 100644 research/autoresearch/passes/04-preflop-interactive-20260911/raw/suite-h-crate-realization-78ef12eeed505bc3-protocol.json
 create mode 100644 research/autoresearch/passes/04-preflop-interactive-20260911/raw/suite-h-crate-realization-78ef12eeed505bc3-result.json
 create mode 100644 research/autoresearch/passes/04-preflop-interactive-20260911/raw/suite-h-crate-realization-78ef12eeed505bc3.log
 create mode 100644 research/autoresearch/passes/04-preflop-interactive-20260911/raw/suite-h-crate-report_lines-edc109dabd228299-protocol.json
 create mode 100644 research/autoresearch/passes/04-preflop-interactive-20260911/raw/suite-h-crate-report_lines-edc109dabd228299-result.json
 create mode 100644 research/autoresearch/passes/04-preflop-interactive-20260911/raw/suite-h-crate-report_lines-edc109dabd228299.log
 create mode 100644 research/autoresearch/passes/04-preflop-interactive-20260911/raw/suite-h-crate-research_perf-a554188dd688c88e-protocol.json
 create mode 100644 research/autoresearch/passes/04-preflop-interactive-20260911/raw/suite-h-crate-research_perf-a554188dd688c88e-result.json
 create mode 100644 research/autoresearch/passes/04-preflop-interactive-20260911/raw/suite-h-crate-research_perf-a554188dd688c88e.log
 create mode 100644 research/autoresearch/passes/04-preflop-interactive-20260911/raw/suite-h-crate-save_atomic-6479a05d0606c08e-protocol.json
 create mode 100644 research/autoresearch/passes/04-preflop-interactive-20260911/raw/suite-h-crate-save_atomic-6479a05d0606c08e-result.json
 create mode 100644 research/autoresearch/passes/04-preflop-interactive-20260911/raw/suite-h-crate-save_atomic-6479a05d0606c08e.log
 create mode 100644 research/autoresearch/passes/04-preflop-interactive-20260911/raw/suite-h-crate-save_compat-b863da4ea5782fd6-protocol.json
 create mode 100644 research/autoresearch/passes/04-preflop-interactive-20260911/raw/suite-h-crate-save_compat-b863da4ea5782fd6-result.json
 create mode 100644 research/autoresearch/passes/04-preflop-interactive-20260911/raw/suite-h-crate-save_compat-b863da4ea5782fd6.log
 create mode 100644 research/autoresearch/passes/04-preflop-interactive-20260911/raw/suite-h-crate-save_locks-4976410d7aa988c1-protocol.json
 create mode 100644 research/autoresearch/passes/04-preflop-interactive-20260911/raw/suite-h-crate-save_locks-4976410d7aa988c1-result.json
 create mode 100644 research/autoresearch/passes/04-preflop-interactive-20260911/raw/suite-h-crate-save_locks-4976410d7aa988c1.log
 create mode 100644 research/autoresearch/passes/04-preflop-interactive-20260911/raw/suite-h-crate-solve_cli-0628900e7cddc0f7-protocol.json
 create mode 100644 research/autoresearch/passes/04-preflop-interactive-20260911/raw/suite-h-crate-solve_cli-0628900e7cddc0f7-result.json
 create mode 100644 research/autoresearch/passes/04-preflop-interactive-20260911/raw/suite-h-crate-solve_cli-0628900e7cddc0f7.log
 create mode 100644 research/autoresearch/passes/04-preflop-interactive-20260911/raw/suite-h-crate-solver-361fd64e0c11ad35-protocol.json
 create mode 100644 research/autoresearch/passes/04-preflop-interactive-20260911/raw/suite-h-crate-solver-361fd64e0c11ad35-result.json
 create mode 100644 research/autoresearch/passes/04-preflop-interactive-20260911/raw/suite-h-crate-solver-361fd64e0c11ad35.log
 create mode 100644 research/autoresearch/passes/04-preflop-interactive-20260911/raw/suite-h-cuda_resources-9be3e8f9a845bdf5-protocol.json
 create mode 100644 research/autoresearch/passes/04-preflop-interactive-20260911/raw/suite-h-cuda_resources-9be3e8f9a845bdf5-result.json
 create mode 100644 research/autoresearch/passes/04-preflop-interactive-20260911/raw/suite-h-cuda_resources-9be3e8f9a845bdf5.log
 create mode 100644 research/autoresearch/passes/04-preflop-interactive-20260911/raw/suite-h-cwd-correction.md
 create mode 100644 research/autoresearch/passes/04-preflop-interactive-20260911/raw/suite-h-gpu-eab8bc6c2cd6ab44-protocol.json
 create mode 100644 research/autoresearch/passes/04-preflop-interactive-20260911/raw/suite-h-gpu-eab8bc6c2cd6ab44-result.json
 create mode 100644 research/autoresearch/passes/04-preflop-interactive-20260911/raw/suite-h-gpu-eab8bc6c2cd6ab44.log
 create mode 100644 research/autoresearch/passes/04-preflop-interactive-20260911/raw/suite-h-gpu_bench-43e8d8ec212f8bce-protocol.json
 create mode 100644 research/autoresearch/passes/04-preflop-interactive-20260911/raw/suite-h-gpu_bench-43e8d8ec212f8bce-result.json
 create mode 100644 research/autoresearch/passes/04-preflop-interactive-20260911/raw/suite-h-gpu_bench-43e8d8ec212f8bce.log
 create mode 100644 research/autoresearch/passes/04-preflop-interactive-20260911/raw/suite-h-gpu_check_perf-77d2459eda489b76-protocol.json
 create mode 100644 research/autoresearch/passes/04-preflop-interactive-20260911/raw/suite-h-gpu_check_perf-77d2459eda489b76-result.json
 create mode 100644 research/autoresearch/passes/04-preflop-interactive-20260911/raw/suite-h-gpu_check_perf-77d2459eda489b76.log
 create mode 100644 research/autoresearch/passes/04-preflop-interactive-20260911/raw/suite-h-load_perf-0985c67bc3e57cab-protocol.json
 create mode 100644 research/autoresearch/passes/04-preflop-interactive-20260911/raw/suite-h-load_perf-0985c67bc3e57cab-result.json
 create mode 100644 research/autoresearch/passes/04-preflop-interactive-20260911/raw/suite-h-load_perf-0985c67bc3e57cab.log
 create mode 100644 research/autoresearch/passes/04-preflop-interactive-20260911/raw/suite-h-model_evidence-94b9d7cc7fc8b5c7-protocol.json
 create mode 100644 research/autoresearch/passes/04-preflop-interactive-20260911/raw/suite-h-model_evidence-94b9d7cc7fc8b5c7-result.json
 create mode 100644 research/autoresearch/passes/04-preflop-interactive-20260911/raw/suite-h-model_evidence-94b9d7cc7fc8b5c7.log
 create mode 100644 research/autoresearch/passes/04-preflop-interactive-20260911/raw/suite-h-postflop_action_menus-5d6587e571645e32-protocol.json
 create mode 100644 research/autoresearch/passes/04-preflop-interactive-20260911/raw/suite-h-postflop_action_menus-5d6587e571645e32-result.json
 create mode 100644 research/autoresearch/passes/04-preflop-interactive-20260911/raw/suite-h-postflop_action_menus-5d6587e571645e32.log
 create mode 100644 research/autoresearch/passes/04-preflop-interactive-20260911/raw/suite-h-postflop_capacity_perf-5e96ceeedaf7d760-protocol.json
 create mode 100644 research/autoresearch/passes/04-preflop-interactive-20260911/raw/suite-h-postflop_capacity_perf-5e96ceeedaf7d760-result.json
 create mode 100644 research/autoresearch/passes/04-preflop-interactive-20260911/raw/suite-h-postflop_capacity_perf-5e96ceeedaf7d760.log
 create mode 100644 research/autoresearch/passes/04-preflop-interactive-20260911/raw/suite-h-postflop_full_memory_perf-5bb0c04cc48ae358-protocol.json
 create mode 100644 research/autoresearch/passes/04-preflop-interactive-20260911/raw/suite-h-postflop_full_memory_perf-5bb0c04cc48ae358-result.json
 create mode 100644 research/autoresearch/passes/04-preflop-interactive-20260911/raw/suite-h-postflop_full_memory_perf-5bb0c04cc48ae358.log
 create mode 100644 research/autoresearch/passes/04-preflop-interactive-20260911/raw/suite-h-postflop_memory_perf-6668b2ebcfbe0830-protocol.json
 create mode 100644 research/autoresearch/passes/04-preflop-interactive-20260911/raw/suite-h-postflop_memory_perf-6668b2ebcfbe0830-result.json
 create mode 100644 research/autoresearch/passes/04-preflop-interactive-20260911/raw/suite-h-postflop_memory_perf-6668b2ebcfbe0830.log
 create mode 100644 research/autoresearch/passes/04-preflop-interactive-20260911/raw/suite-h-postflop_perf-7abb3f6ddb825dff-protocol.json
 create mode 100644 research/autoresearch/passes/04-preflop-interactive-20260911/raw/suite-h-postflop_perf-7abb3f6ddb825dff-result.json
 create mode 100644 research/autoresearch/passes/04-preflop-interactive-20260911/raw/suite-h-postflop_perf-7abb3f6ddb825dff.log
 create mode 100644 research/autoresearch/passes/04-preflop-interactive-20260911/raw/suite-h-postflop_profile-18f749e84683b867-protocol.json
 create mode 100644 research/autoresearch/passes/04-preflop-interactive-20260911/raw/suite-h-postflop_profile-18f749e84683b867-result.json
 create mode 100644 research/autoresearch/passes/04-preflop-interactive-20260911/raw/suite-h-postflop_profile-18f749e84683b867.log
 create mode 100644 research/autoresearch/passes/04-preflop-interactive-20260911/raw/suite-h-postflop_resume_state-8da3717ec3e23447-protocol.json
 create mode 100644 research/autoresearch/passes/04-preflop-interactive-20260911/raw/suite-h-postflop_resume_state-8da3717ec3e23447-result.json
 create mode 100644 research/autoresearch/passes/04-preflop-interactive-20260911/raw/suite-h-postflop_resume_state-8da3717ec3e23447.log
 create mode 100644 research/autoresearch/passes/04-preflop-interactive-20260911/raw/suite-h-postflop_state_perf-30f8f44fd8c03f05-protocol.json
 create mode 100644 research/autoresearch/passes/04-preflop-interactive-20260911/raw/suite-h-postflop_state_perf-30f8f44fd8c03f05-result.json
 create mode 100644 research/autoresearch/passes/04-preflop-interactive-20260911/raw/suite-h-postflop_state_perf-30f8f44fd8c03f05.log
 create mode 100644 research/autoresearch/passes/04-preflop-interactive-20260911/raw/suite-h-preflop-459c05b6bd9dd36d-protocol.json
 create mode 100644 research/autoresearch/passes/04-preflop-interactive-20260911/raw/suite-h-preflop-459c05b6bd9dd36d-result.json
 create mode 100644 research/autoresearch/passes/04-preflop-interactive-20260911/raw/suite-h-preflop-459c05b6bd9dd36d.log
 create mode 100644 research/autoresearch/passes/04-preflop-interactive-20260911/raw/suite-h-solve_cli-0628900e7cddc0f7-protocol.json
 create mode 100644 research/autoresearch/passes/04-preflop-interactive-20260911/raw/suite-h-solve_cli-0628900e7cddc0f7-result.json
 create mode 100644 research/autoresearch/passes/04-preflop-interactive-20260911/raw/suite-h-solve_cli-0628900e7cddc0f7.log
 create mode 100644 research/autoresearch/passes/04-preflop-interactive-20260911/raw/suite-h-solver-361fd64e0c11ad35-protocol.json
 create mode 100644 research/autoresearch/passes/04-preflop-interactive-20260911/raw/suite-h-solver-361fd64e0c11ad35-result.json
 create mode 100644 research/autoresearch/passes/04-preflop-interactive-20260911/raw/suite-h-solver-361fd64e0c11ad35.log
 create mode 100644 research/autoresearch/passes/04-preflop-interactive-20260911/raw/suite-i-driver.log
 create mode 100644 research/autoresearch/passes/04-preflop-interactive-20260911/raw/suite-i-gpu-eab8bc6c2cd6ab44-protocol.json
 create mode 100644 research/autoresearch/passes/04-preflop-interactive-20260911/raw/suite-i-gpu-eab8bc6c2cd6ab44-result.json
 create mode 100644 research/autoresearch/passes/04-preflop-interactive-20260911/raw/suite-i-gpu-eab8bc6c2cd6ab44.log
 create mode 100644 research/autoresearch/passes/04-preflop-interactive-20260911/raw/suite-i-gto_server-8dfbe2b628cb9844-protocol.json
 create mode 100644 research/autoresearch/passes/04-preflop-interactive-20260911/raw/suite-i-gto_server-8dfbe2b628cb9844-result.json
 create mode 100644 research/autoresearch/passes/04-preflop-interactive-20260911/raw/suite-i-gto_server-8dfbe2b628cb9844.log
 create mode 100644 research/autoresearch/passes/04-preflop-interactive-20260911/raw/suite-i-preflop_gpu-bce7c06cc8c83a94-protocol.json
 create mode 100644 research/autoresearch/passes/04-preflop-interactive-20260911/raw/suite-i-preflop_gpu-bce7c06cc8c83a94-result.json
 create mode 100644 research/autoresearch/passes/04-preflop-interactive-20260911/raw/suite-i-preflop_gpu-bce7c06cc8c83a94.log
 create mode 100644 research/autoresearch/passes/04-preflop-interactive-20260911/raw/suite-i-solver-361fd64e0c11ad35-protocol.json
 create mode 100644 research/autoresearch/passes/04-preflop-interactive-20260911/raw/suite-i-solver-361fd64e0c11ad35-result.json
 create mode 100644 research/autoresearch/passes/04-preflop-interactive-20260911/raw/suite-i-solver-361fd64e0c11ad35.log
 create mode 100644 research/autoresearch/passes/04-preflop-interactive-20260911/suite-h-summary.json
 create mode 100644 research/autoresearch/passes/04-preflop-interactive-20260911/suite-i-summary.json
 create mode 100644 research/autoresearch/passes/04-preflop-interactive-20260911/test-h-binaries.json
