preflop gpu: coupled multiway, 1024 particles, 760578 reach CDFs, 32-particle batches, 8445 MB CDF scratch
preflop gpu: compact CDF slots 388082 of 760578, 24.3 MB immutable map
preflop gpu: deployed_prepass reference, 32-particle grouping and HU-cache=true with accurately budgeted storage
preflop gpu: 1567754 nodes, 23 levels, 805640 terminals (119099 calibrated), 0 forced + 0 frozen nodes, ~13075 MB VRAM
preflop gpu: coupled multiway, 1024 particles, 760578 reach CDFs, 32-particle batches, 8445 MB CDF scratch
preflop gpu: compact CDF slots 388082 of 760578, 24.3 MB immutable map
preflop gpu: deployed_prepass reference, 32-particle grouping and HU-cache=true with accurately budgeted storage
preflop gpu: 1567754 nodes, 23 levels, 805640 terminals (119099 calibrated), 0 forced + 0 frozen nodes, ~13075 MB VRAM
preflop gpu: coupled multiway, 1024 particles, 760578 reach CDFs, 32-particle batches, 8445 MB CDF scratch
preflop gpu: compact CDF slots 388082 of 760578, 24.3 MB immutable map
preflop gpu: deployed_prepass reference, 32-particle grouping and HU-cache=true with accurately budgeted storage
preflop gpu: 1567754 nodes, 23 levels, 805640 terminals (119099 calibrated), 0 forced + 0 frozen nodes, ~13075 MB VRAM
preflop gpu: coupled multiway, 1024 particles, 760578 reach CDFs, 32-particle batches, 8445 MB CDF scratch
preflop gpu: compact CDF slots 388082 of 760578, 24.3 MB immutable map
preflop gpu: deployed_prepass reference, 32-particle grouping and HU-cache=true with accurately budgeted storage
preflop gpu: 1567754 nodes, 23 levels, 805640 terminals (119099 calibrated), 0 forced + 0 frozen nodes, ~13075 MB VRAM
preflop gpu: coupled multiway, 1024 particles, 760578 reach CDFs, 32-particle batches, 8445 MB CDF scratch
preflop gpu: compact CDF slots 388082 of 760578, 24.3 MB immutable map
preflop gpu: deployed_prepass reference, 32-particle grouping and HU-cache=true with accurately budgeted storage
preflop gpu: 1567754 nodes, 23 levels, 805640 terminals (119099 calibrated), 0 forced + 0 frozen nodes, ~13075 MB VRAM
preflop gpu: coupled multiway, 1024 particles, 760578 reach CDFs, 32-particle batches, 8445 MB CDF scratch
preflop gpu: compact CDF slots 388082 of 760578, 24.3 MB immutable map
preflop gpu: deployed_prepass reference, 32-particle grouping and HU-cache=true with accurately budgeted storage
preflop gpu: 1567754 nodes, 23 levels, 805640 terminals (119099 calibrated), 0 forced + 0 frozen nodes, ~13075 MB VRAM
preflop gpu: coupled multiway, 1024 particles, 760578 reach CDFs, 32-particle batches, 8445 MB CDF scratch
preflop gpu: compact CDF slots 388082 of 760578, 24.3 MB immutable map
preflop gpu: deployed_prepass reference, 32-particle grouping and HU-cache=true with accurately budgeted storage
preflop gpu: 1567754 nodes, 23 levels, 805640 terminals (119099 calibrated), 0 forced + 0 frozen nodes, ~13075 MB VRAM
preflop gpu: coupled multiway, 1024 particles, 760578 reach CDFs, 32-particle batches, 8445 MB CDF scratch
preflop gpu: compact CDF slots 388082 of 760578, 24.3 MB immutable map
preflop gpu: deployed_prepass reference, 32-particle grouping and HU-cache=true with accurately budgeted storage
preflop gpu: 1567754 nodes, 23 levels, 805640 terminals (119099 calibrated), 0 forced + 0 frozen nodes, ~13075 MB VRAM
preflop gpu: coupled multiway, 1024 particles, 760578 reach CDFs, 32-particle batches, 8445 MB CDF scratch
preflop gpu: compact CDF slots 388082 of 760578, 24.3 MB immutable map
preflop gpu: deployed_prepass reference, 32-particle grouping and HU-cache=true with accurately budgeted storage
preflop gpu: 1567754 nodes, 23 levels, 805640 terminals (119099 calibrated), 0 forced + 0 frozen nodes, ~13075 MB VRAM
preflop gpu: coupled multiway, 1024 particles, 760578 reach CDFs, 32-particle batches, 8445 MB CDF scratch
preflop gpu: compact CDF slots 388082 of 760578, 24.3 MB immutable map
preflop gpu: deployed_prepass reference, 32-particle grouping and HU-cache=true with accurately budgeted storage
preflop gpu: 1567754 nodes, 23 levels, 805640 terminals (119099 calibrated), 0 forced + 0 frozen nodes, ~13075 MB VRAM
{
  "arena_bytes_per_input": 2119602056,
  "budget_mb": 23000,
  "candidate_full_reference_evs_bb": [
    0.07055772099043806,
    0.07836105359601084,
    0.09079443266498965,
    0.10595353746075925,
    0.12793112862298198,
    0.1566641690310286,
    -0.5834003988897216,
    -0.4824711175142521
  ],
  "candidate_full_reference_gaps_bb": [
    0.000571413668881221,
    0.0006291839026984491,
    0.0006848545847595588,
    0.0008614663242137444,
    0.0008054873823102604,
    0.0010976355217977574,
    0.0011560365652143467,
    0.0016226682850500884
  ],
  "candidate_iteration": 1000,
  "candidate_learning_gap_bb": 0.007428746234925426,
  "candidate_model": "coupled_preview128_v1",
  "elapsed_seconds": 91.7127085,
  "evaluations": [
    {
      "evaluation": "reference",
      "gpu_initialization_seconds": 1.2474512,
      "learning_performed": false,
      "model": "coupled_deck_v1",
      "source_iteration_label": 1024,
      "total_seconds": 8.8781114
    },
    {
      "evaluation": "candidate_full_reference",
      "gpu_initialization_seconds": 1.1563454,
      "learning_performed": false,
      "model": "coupled_deck_v1",
      "source_iteration_label": 1000,
      "total_seconds": 8.775905
    },
    {
      "evaluation": "unilateral_seat_0",
      "gpu_initialization_seconds": 1.1018173,
      "learning_performed": false,
      "model": "coupled_deck_v1",
      "source_iteration_label": 1000,
      "total_seconds": 8.7361632
    },
    {
      "evaluation": "unilateral_seat_1",
      "gpu_initialization_seconds": 1.0331099,
      "learning_performed": false,
      "model": "coupled_deck_v1",
      "source_iteration_label": 1000,
      "total_seconds": 8.6518867
    },
    {
      "evaluation": "unilateral_seat_2",
      "gpu_initialization_seconds": 1.0088746,
      "learning_performed": false,
      "model": "coupled_deck_v1",
      "source_iteration_label": 1000,
      "total_seconds": 8.623483
    },
    {
      "evaluation": "unilateral_seat_3",
      "gpu_initialization_seconds": 1.0501563,
      "learning_performed": false,
      "model": "coupled_deck_v1",
      "source_iteration_label": 1000,
      "total_seconds": 8.679291899999999
    },
    {
      "evaluation": "unilateral_seat_4",
      "gpu_initialization_seconds": 1.099056,
      "learning_performed": false,
      "model": "coupled_deck_v1",
      "source_iteration_label": 1000,
      "total_seconds": 8.7460135
    },
    {
      "evaluation": "unilateral_seat_5",
      "gpu_initialization_seconds": 1.0846555,
      "learning_performed": false,
      "model": "coupled_deck_v1",
      "source_iteration_label": 1000,
      "total_seconds": 8.706157900000001
    },
    {
      "evaluation": "unilateral_seat_6",
      "gpu_initialization_seconds": 1.0127648,
      "learning_performed": false,
      "model": "coupled_deck_v1",
      "source_iteration_label": 1000,
      "total_seconds": 8.6420413
    },
    {
      "evaluation": "unilateral_seat_7",
      "gpu_initialization_seconds": 1.025594,
      "learning_performed": false,
      "model": "coupled_deck_v1",
      "source_iteration_label": 1000,
      "total_seconds": 8.6557747
    }
  ],
  "evaluator": "sequential_fresh_gpu_full_reference",
  "excess_learning_gap_bb": 0.0026449915887343523,
  "input_mutation": false,
  "inputs": {
    "candidate": "T:\\Dev\\GTOpen\\target\\autoresearch\\preflop-interactive-20260911\\target\\research-preview\\preview128-eight-1000-a.gtop",
    "candidate_bytes": 2119602756,
    "equity_cache": "T:\\Dev\\GTOpen\\target\\autoresearch\\preflop-interactive-20260911\\cache\\preflop_eq169.bin",
    "equity_cache_bytes_unchanged": true,
    "native_hashes": "must be pinned externally; this harness does not rehash multi-gigabyte native files",
    "native_size_and_mtime_unchanged": true,
    "reference": "T:\\Dev\\GTOpen\\target\\autoresearch\\preflop-20260910\\target\\research-convergence\\extended-convergence-eight-compatible-a.gtop",
    "reference_bytes": 2119602750
  },
  "learning_performed": false,
  "live_seats": [
    true,
    true,
    true,
    true,
    true,
    true,
    true,
    true
  ],
  "native_save_performed": false,
  "nodes": 1567754,
  "not_evaluated": [
    "physical equity",
    "local strong-action tails",
    "speedup",
    "preview workflow"
  ],
  "passes_global_policy_gates_with_converged_reference": true,
  "passes_relative_policy_gates": true,
  "reference_converged": true,
  "reference_evs_bb": [
    0.07038931045924209,
    0.0789077620286864,
    0.09094306371724994,
    0.10576317657474514,
    0.12824612747672431,
    0.15675569810642062,
    -0.5840136451219393,
    -0.48267003591875224
  ],
  "reference_gaps_bb": [
    0.00042691695788699136,
    0.00031787989547604756,
    0.0005531200206456005,
    0.0003773022429995193,
    0.0005187001604023966,
    0.0007402829040965286,
    0.0009479462246677617,
    0.0009016062400162284
  ],
  "reference_iteration": 1024,
  "reference_learning_gap_bb": 0.004783754646191074,
  "reference_model": "coupled_deck_v1",
  "schema": 1,
  "scope": "Global frozen-policy quality under the full latent coupled model, not physical poker or local-action validation",
  "thresholds": {
    "excess_gap_bb": 0.02,
    "max_loss_bb": 0.03,
    "mean_loss_bb": 0.01,
    "reference_gap_bb": 0.005
  },
  "unilateral_max_positive_loss_bb": 0.0011794186795405226,
  "unilateral_mean_positive_loss_bb": 0.0002612672335673711,
  "unilateral_replacements": [
    {
      "candidate_vs_reference_opponents_ev_bb": 0.07040159119925235,
      "position": "UTG",
      "reference_ev_bb": 0.07038931045924209,
      "seat": 0,
      "signed_loss_bb": -0.000012280740010264801
    },
    {
      "candidate_vs_reference_opponents_ev_bb": 0.0788235875402045,
      "position": "UTG1",
      "reference_ev_bb": 0.0789077620286864,
      "seat": 1,
      "signed_loss_bb": 0.00008417448848190012
    },
    {
      "candidate_vs_reference_opponents_ev_bb": 0.09088195313123577,
      "position": "MP",
      "reference_ev_bb": 0.09094306371724994,
      "seat": 2,
      "signed_loss_bb": 0.00006111058601417085
    },
    {
      "candidate_vs_reference_opponents_ev_bb": 0.1055107148434182,
      "position": "HJ",
      "reference_ev_bb": 0.10576317657474514,
      "seat": 3,
      "signed_loss_bb": 0.00025246173132693894
    },
    {
      "candidate_vs_reference_opponents_ev_bb": 0.12816423046903677,
      "position": "CO",
      "reference_ev_bb": 0.12824612747672431,
      "seat": 4,
      "signed_loss_bb": 0.00008189700768754249
    },
    {
      "candidate_vs_reference_opponents_ev_bb": 0.1565810076235934,
      "position": "BTN",
      "reference_ev_bb": 0.15675569810642062,
      "seat": 5,
      "signed_loss_bb": 0.00017469048282722777
    },
    {
      "candidate_vs_reference_opponents_ev_bb": -0.5842700300146,
      "position": "SB",
      "reference_ev_bb": -0.5840136451219393,
      "seat": 6,
      "signed_loss_bb": 0.000256384892660666
    },
    {
      "candidate_vs_reference_opponents_ev_bb": -0.48384945459829276,
      "position": "BB",
      "reference_ev_bb": -0.48267003591875224,
      "seat": 7,
      "signed_loss_bb": 0.0011794186795405226
    }
  ],
  "validation_seconds": 2.5955394
}
