preflop gpu: coupled multiway, 1024 particles, 10728 reach CDFs, 32-particle batches, 128 MB CDF scratch
preflop gpu: compact CDF slots 5890 of 10728, 0.3 MB immutable map
preflop gpu: deployed_prepass reference, 32-particle grouping and HU-cache=true with accurately budgeted storage
preflop gpu: 23038 nodes, 17 levels, 12168 terminals (1873 calibrated), 0 forced + 0 frozen nodes, ~263 MB VRAM
AVERAGE_OPPONENT_SCREEN {"gap":25.194889260978346,"iteration":25,"normalized":true,"pair":true,"passed":0,"qualified":false,"samples":64,"seed":42}
AVERAGE_OPPONENT_SCREEN {"gap":4.700695096782485,"iteration":50,"normalized":true,"pair":true,"passed":0,"qualified":false,"samples":64,"seed":42}
AVERAGE_OPPONENT_SCREEN {"gap":6.145003443751743,"iteration":75,"normalized":true,"pair":true,"passed":0,"qualified":false,"samples":64,"seed":42}
AVERAGE_OPPONENT_SCREEN {"gap":5.933131759280398,"iteration":100,"normalized":true,"pair":true,"passed":0,"qualified":false,"samples":64,"seed":42}
AVERAGE_OPPONENT_SCREEN {"gap":3.418074660795995,"iteration":125,"normalized":true,"pair":true,"passed":0,"qualified":false,"samples":64,"seed":42}
AVERAGE_OPPONENT_SCREEN {"gap":1.655019285721449,"iteration":150,"normalized":true,"pair":true,"passed":0,"qualified":false,"samples":64,"seed":42}
AVERAGE_OPPONENT_SCREEN {"gap":3.162338906985302,"iteration":175,"normalized":true,"pair":true,"passed":0,"qualified":false,"samples":64,"seed":42}
AVERAGE_OPPONENT_SCREEN {"gap":4.79447024965311,"iteration":200,"normalized":true,"pair":true,"passed":0,"qualified":false,"samples":64,"seed":42}
AVERAGE_OPPONENT_SCREEN {"gap":3.2747787633541976,"iteration":225,"normalized":true,"pair":true,"passed":0,"qualified":false,"samples":64,"seed":42}
AVERAGE_OPPONENT_SCREEN {"gap":2.6462459038360873,"iteration":250,"normalized":true,"pair":true,"passed":0,"qualified":false,"samples":64,"seed":42}
AVERAGE_OPPONENT_SCREEN {"gap":2.6870186032469574,"iteration":275,"normalized":true,"pair":true,"passed":0,"qualified":false,"samples":64,"seed":42}
AVERAGE_OPPONENT_SCREEN {"gap":1.574737359220778,"iteration":300,"normalized":true,"pair":true,"passed":0,"qualified":false,"samples":64,"seed":42}
AVERAGE_OPPONENT_SCREEN {"gap":1.2825527618971229,"iteration":325,"normalized":true,"pair":true,"passed":0,"qualified":false,"samples":64,"seed":42}
AVERAGE_OPPONENT_SCREEN {"gap":2.1341536614465526,"iteration":350,"normalized":true,"pair":true,"passed":0,"qualified":false,"samples":64,"seed":42}
AVERAGE_OPPONENT_SCREEN {"gap":2.5260088533389546,"iteration":375,"normalized":true,"pair":true,"passed":0,"qualified":false,"samples":64,"seed":42}
AVERAGE_OPPONENT_SCREEN {"gap":3.4380493478039877,"iteration":400,"normalized":true,"pair":true,"passed":0,"qualified":false,"samples":64,"seed":42}
AVERAGE_OPPONENT_SCREEN {"gap":3.487606810186773,"iteration":425,"normalized":true,"pair":true,"passed":0,"qualified":false,"samples":64,"seed":42}
AVERAGE_OPPONENT_SCREEN {"gap":2.630621830718125,"iteration":450,"normalized":true,"pair":true,"passed":0,"qualified":false,"samples":64,"seed":42}
AVERAGE_OPPONENT_SCREEN {"gap":1.9077082342977572,"iteration":475,"normalized":true,"pair":true,"passed":0,"qualified":false,"samples":64,"seed":42}
AVERAGE_OPPONENT_SCREEN {"gap":2.205992019831841,"iteration":500,"normalized":true,"pair":true,"passed":0,"qualified":false,"samples":64,"seed":42}
AVERAGE_OPPONENT_SCREEN {"gap":1.8596278212940265,"iteration":525,"normalized":true,"pair":true,"passed":0,"qualified":false,"samples":64,"seed":42}
AVERAGE_OPPONENT_SCREEN {"gap":1.5504016056836498,"iteration":550,"normalized":true,"pair":true,"passed":0,"qualified":false,"samples":64,"seed":42}
AVERAGE_OPPONENT_SCREEN {"gap":1.6215128809605437,"iteration":575,"normalized":true,"pair":true,"passed":0,"qualified":false,"samples":64,"seed":42}
AVERAGE_OPPONENT_SCREEN {"gap":1.882540625511973,"iteration":600,"normalized":true,"pair":true,"passed":0,"qualified":false,"samples":64,"seed":42}
AVERAGE_OPPONENT_SCREEN {"gap":1.8785817066685113,"iteration":625,"normalized":true,"pair":true,"passed":0,"qualified":false,"samples":64,"seed":42}
AVERAGE_OPPONENT_SCREEN {"gap":1.4666468669515054,"iteration":650,"normalized":true,"pair":true,"passed":0,"qualified":false,"samples":64,"seed":42}
AVERAGE_OPPONENT_SCREEN {"gap":1.514039744433866,"iteration":675,"normalized":true,"pair":true,"passed":0,"qualified":false,"samples":64,"seed":42}
AVERAGE_OPPONENT_SCREEN {"gap":1.9248030353532117,"iteration":700,"normalized":true,"pair":true,"passed":0,"qualified":false,"samples":64,"seed":42}
AVERAGE_OPPONENT_SCREEN {"gap":2.351768503628909,"iteration":725,"normalized":true,"pair":true,"passed":0,"qualified":false,"samples":64,"seed":42}
AVERAGE_OPPONENT_SCREEN {"gap":2.9876799565630465,"iteration":750,"normalized":true,"pair":true,"passed":0,"qualified":false,"samples":64,"seed":42}
AVERAGE_OPPONENT_SCREEN {"gap":2.224203366039118,"iteration":775,"normalized":true,"pair":true,"passed":0,"qualified":false,"samples":64,"seed":42}
AVERAGE_OPPONENT_SCREEN {"gap":1.7833007202648867,"iteration":800,"normalized":true,"pair":true,"passed":0,"qualified":false,"samples":64,"seed":42}
AVERAGE_OPPONENT_SCREEN {"gap":2.1338501215892762,"iteration":825,"normalized":true,"pair":true,"passed":0,"qualified":false,"samples":64,"seed":42}
AVERAGE_OPPONENT_SCREEN {"gap":2.980856081307885,"iteration":850,"normalized":true,"pair":true,"passed":0,"qualified":false,"samples":64,"seed":42}
AVERAGE_OPPONENT_SCREEN {"gap":2.3639244158188055,"iteration":875,"normalized":true,"pair":true,"passed":0,"qualified":false,"samples":64,"seed":42}
AVERAGE_OPPONENT_SCREEN {"gap":1.7701262564487854,"iteration":900,"normalized":true,"pair":true,"passed":0,"qualified":false,"samples":64,"seed":42}
AVERAGE_OPPONENT_SCREEN {"gap":1.4697160679224288,"iteration":925,"normalized":true,"pair":true,"passed":0,"qualified":false,"samples":64,"seed":42}
AVERAGE_OPPONENT_SCREEN {"gap":1.3190998465543486,"iteration":950,"normalized":true,"pair":true,"passed":0,"qualified":false,"samples":64,"seed":42}
AVERAGE_OPPONENT_SCREEN {"gap":1.3721632102506782,"iteration":975,"normalized":true,"pair":true,"passed":0,"qualified":false,"samples":64,"seed":42}
AVERAGE_OPPONENT_SCREEN {"gap":1.335337025828344,"iteration":1000,"normalized":true,"pair":true,"passed":0,"qualified":false,"samples":64,"seed":42}
AVERAGE_OPPONENT_SCREEN {"gap":1.4612961811614023,"iteration":1025,"normalized":true,"pair":true,"passed":0,"qualified":false,"samples":64,"seed":42}
AVERAGE_OPPONENT_SCREEN {"gap":1.2518601393150037,"iteration":1050,"normalized":true,"pair":true,"passed":0,"qualified":false,"samples":64,"seed":42}
AVERAGE_OPPONENT_SCREEN {"gap":1.2984847655526937,"iteration":1075,"normalized":true,"pair":true,"passed":0,"qualified":false,"samples":64,"seed":42}
AVERAGE_OPPONENT_SCREEN {"gap":1.360635102622328,"iteration":1100,"normalized":true,"pair":true,"passed":0,"qualified":false,"samples":64,"seed":42}
AVERAGE_OPPONENT_SCREEN {"gap":1.3092759520728552,"iteration":1125,"normalized":true,"pair":true,"passed":0,"qualified":false,"samples":64,"seed":42}
AVERAGE_OPPONENT_SCREEN {"gap":1.5180547151712176,"iteration":1150,"normalized":true,"pair":true,"passed":0,"qualified":false,"samples":64,"seed":42}
AVERAGE_OPPONENT_SCREEN {"gap":1.8339304920680404,"iteration":1175,"normalized":true,"pair":true,"passed":0,"qualified":false,"samples":64,"seed":42}
AVERAGE_OPPONENT_SCREEN {"gap":2.044224182829381,"iteration":1200,"normalized":true,"pair":true,"passed":0,"qualified":false,"samples":64,"seed":42}
AVERAGE_OPPONENT_SCREEN {"gap":1.8771285399222666,"iteration":1225,"normalized":true,"pair":true,"passed":0,"qualified":false,"samples":64,"seed":42}
AVERAGE_OPPONENT_SCREEN {"gap":1.6536699706428317,"iteration":1250,"normalized":true,"pair":true,"passed":0,"qualified":false,"samples":64,"seed":42}
AVERAGE_OPPONENT_SCREEN {"gap":1.6125727486992307,"iteration":1275,"normalized":true,"pair":true,"passed":0,"qualified":false,"samples":64,"seed":42}
AVERAGE_OPPONENT_SCREEN {"gap":1.5997160228847735,"iteration":1300,"normalized":true,"pair":true,"passed":0,"qualified":false,"samples":64,"seed":42}
AVERAGE_OPPONENT_SCREEN {"gap":1.547261837714507,"iteration":1325,"normalized":true,"pair":true,"passed":0,"qualified":false,"samples":64,"seed":42}
AVERAGE_OPPONENT_SCREEN {"gap":2.123769137440694,"iteration":1350,"normalized":true,"pair":true,"passed":0,"qualified":false,"samples":64,"seed":42}
AVERAGE_OPPONENT_SCREEN {"gap":2.1526022792944604,"iteration":1375,"normalized":true,"pair":true,"passed":0,"qualified":false,"samples":64,"seed":42}
AVERAGE_OPPONENT_SCREEN {"gap":2.038666750186061,"iteration":1400,"normalized":true,"pair":true,"passed":0,"qualified":false,"samples":64,"seed":42}
AVERAGE_OPPONENT_SCREEN {"gap":1.7549252692950128,"iteration":1425,"normalized":true,"pair":true,"passed":0,"qualified":false,"samples":64,"seed":42}
AVERAGE_OPPONENT_SCREEN {"gap":1.5737708732031797,"iteration":1450,"normalized":true,"pair":true,"passed":0,"qualified":false,"samples":64,"seed":42}
AVERAGE_OPPONENT_SCREEN {"gap":1.628060570206685,"iteration":1475,"normalized":true,"pair":true,"passed":0,"qualified":false,"samples":64,"seed":42}
AVERAGE_OPPONENT_SCREEN {"gap":1.486229487080517,"iteration":1500,"normalized":true,"pair":true,"passed":0,"qualified":false,"samples":64,"seed":42}
AVERAGE_OPPONENT_SCREEN {"gap":1.3422195227308782,"iteration":1525,"normalized":true,"pair":true,"passed":0,"qualified":false,"samples":64,"seed":42}
AVERAGE_OPPONENT_SCREEN {"gap":1.4488836857808844,"iteration":1550,"normalized":true,"pair":true,"passed":0,"qualified":false,"samples":64,"seed":42}
AVERAGE_OPPONENT_SCREEN {"gap":1.756434047561522,"iteration":1575,"normalized":true,"pair":true,"passed":0,"qualified":false,"samples":64,"seed":42}
AVERAGE_OPPONENT_SCREEN {"gap":2.0922220635134567,"iteration":1600,"normalized":true,"pair":true,"passed":0,"qualified":false,"samples":64,"seed":42}
AVERAGE_OPPONENT_SCREEN {"gap":2.045969439038484,"iteration":1625,"normalized":true,"pair":true,"passed":0,"qualified":false,"samples":64,"seed":42}
AVERAGE_OPPONENT_SCREEN {"gap":1.8345852283602373,"iteration":1650,"normalized":true,"pair":true,"passed":0,"qualified":false,"samples":64,"seed":42}
AVERAGE_OPPONENT_SCREEN {"gap":1.695559848565777,"iteration":1675,"normalized":true,"pair":true,"passed":0,"qualified":false,"samples":64,"seed":42}
AVERAGE_OPPONENT_SCREEN {"gap":1.5856452019880596,"iteration":1700,"normalized":true,"pair":true,"passed":0,"qualified":false,"samples":64,"seed":42}
AVERAGE_OPPONENT_SCREEN {"gap":1.527039395200823,"iteration":1725,"normalized":true,"pair":true,"passed":0,"qualified":false,"samples":64,"seed":42}
AVERAGE_OPPONENT_SCREEN {"gap":1.4838824250444183,"iteration":1750,"normalized":true,"pair":true,"passed":0,"qualified":false,"samples":64,"seed":42}
AVERAGE_OPPONENT_SCREEN {"gap":1.5620047162851356,"iteration":1775,"normalized":true,"pair":true,"passed":0,"qualified":false,"samples":64,"seed":42}
AVERAGE_OPPONENT_SCREEN {"gap":1.5890768207443857,"iteration":1800,"normalized":true,"pair":true,"passed":0,"qualified":false,"samples":64,"seed":42}
AVERAGE_OPPONENT_SCREEN {"gap":1.4617501482482602,"iteration":1825,"normalized":true,"pair":true,"passed":0,"qualified":false,"samples":64,"seed":42}
AVERAGE_OPPONENT_SCREEN {"gap":1.347074541131811,"iteration":1850,"normalized":true,"pair":true,"passed":0,"qualified":false,"samples":64,"seed":42}
AVERAGE_OPPONENT_SCREEN {"gap":1.260551515240953,"iteration":1875,"normalized":true,"pair":true,"passed":0,"qualified":false,"samples":64,"seed":42}
AVERAGE_OPPONENT_SCREEN {"gap":1.3137155232118407,"iteration":1900,"normalized":true,"pair":true,"passed":0,"qualified":false,"samples":64,"seed":42}
AVERAGE_OPPONENT_SCREEN {"gap":1.3938972274629713,"iteration":1925,"normalized":true,"pair":true,"passed":0,"qualified":false,"samples":64,"seed":42}
AVERAGE_OPPONENT_SCREEN {"gap":1.2502990791823336,"iteration":1950,"normalized":true,"pair":true,"passed":0,"qualified":false,"samples":64,"seed":42}
AVERAGE_OPPONENT_SCREEN {"gap":1.1398083475418468,"iteration":1975,"normalized":true,"pair":true,"passed":0,"qualified":false,"samples":64,"seed":42}
AVERAGE_OPPONENT_SCREEN {"gap":1.0667299807668078,"iteration":2000,"normalized":true,"pair":true,"passed":0,"qualified":false,"samples":64,"seed":42}
AVERAGE_OPPONENT_SCREEN {"gap":0.9723598568527767,"iteration":2025,"normalized":true,"pair":true,"passed":0,"qualified":false,"samples":64,"seed":42}
AVERAGE_OPPONENT_SCREEN {"gap":0.9015274546157744,"iteration":2050,"normalized":true,"pair":true,"passed":0,"qualified":false,"samples":64,"seed":42}
AVERAGE_OPPONENT_SCREEN {"gap":0.8576079134865929,"iteration":2075,"normalized":true,"pair":true,"passed":0,"qualified":false,"samples":64,"seed":42}
AVERAGE_OPPONENT_SCREEN {"gap":0.9554576908374438,"iteration":2100,"normalized":true,"pair":true,"passed":0,"qualified":false,"samples":64,"seed":42}
AVERAGE_OPPONENT_SCREEN {"gap":1.2370463054913299,"iteration":2125,"normalized":true,"pair":true,"passed":0,"qualified":false,"samples":64,"seed":42}
AVERAGE_OPPONENT_SCREEN {"gap":1.4783159247669793,"iteration":2150,"normalized":true,"pair":true,"passed":0,"qualified":false,"samples":64,"seed":42}
AVERAGE_OPPONENT_SCREEN {"gap":2.0238182991464058,"iteration":2175,"normalized":true,"pair":true,"passed":0,"qualified":false,"samples":64,"seed":42}
AVERAGE_OPPONENT_SCREEN {"gap":2.3696647884505273,"iteration":2200,"normalized":true,"pair":true,"passed":0,"qualified":false,"samples":64,"seed":42}
AVERAGE_OPPONENT_SCREEN {"gap":2.2577638740994024,"iteration":2225,"normalized":true,"pair":true,"passed":0,"qualified":false,"samples":64,"seed":42}
AVERAGE_OPPONENT_SCREEN {"gap":2.074877176280594,"iteration":2250,"normalized":true,"pair":true,"passed":0,"qualified":false,"samples":64,"seed":42}
AVERAGE_OPPONENT_SCREEN {"gap":1.907445731658362,"iteration":2275,"normalized":true,"pair":true,"passed":0,"qualified":false,"samples":64,"seed":42}
AVERAGE_OPPONENT_SCREEN {"gap":1.7602809802752288,"iteration":2300,"normalized":true,"pair":true,"passed":0,"qualified":false,"samples":64,"seed":42}
AVERAGE_OPPONENT_SCREEN {"gap":1.6755371534926797,"iteration":2325,"normalized":true,"pair":true,"passed":0,"qualified":false,"samples":64,"seed":42}
AVERAGE_OPPONENT_SCREEN {"gap":1.592428047916381,"iteration":2350,"normalized":true,"pair":true,"passed":0,"qualified":false,"samples":64,"seed":42}
AVERAGE_OPPONENT_SCREEN {"gap":1.5222711241881193,"iteration":2375,"normalized":true,"pair":true,"passed":0,"qualified":false,"samples":64,"seed":42}
AVERAGE_OPPONENT_SCREEN {"gap":1.5247730018683903,"iteration":2400,"normalized":true,"pair":true,"passed":0,"qualified":false,"samples":64,"seed":42}
AVERAGE_OPPONENT_SCREEN {"gap":1.475219249531931,"iteration":2425,"normalized":true,"pair":true,"passed":0,"qualified":false,"samples":64,"seed":42}
AVERAGE_OPPONENT_SCREEN {"gap":1.4712800440684122,"iteration":2450,"normalized":true,"pair":true,"passed":0,"qualified":false,"samples":64,"seed":42}
AVERAGE_OPPONENT_SCREEN {"gap":1.447799853530263,"iteration":2475,"normalized":true,"pair":true,"passed":0,"qualified":false,"samples":64,"seed":42}
AVERAGE_OPPONENT_SCREEN {"gap":1.4200222029952188,"iteration":2500,"normalized":true,"pair":true,"passed":0,"qualified":false,"samples":64,"seed":42}
AVERAGE_OPPONENT_SCREEN {"gap":1.3846015442075974,"iteration":2525,"normalized":true,"pair":true,"passed":0,"qualified":false,"samples":64,"seed":42}
AVERAGE_OPPONENT_SCREEN {"gap":1.3220362656271842,"iteration":2550,"normalized":true,"pair":true,"passed":0,"qualified":false,"samples":64,"seed":42}
AVERAGE_OPPONENT_SCREEN {"gap":1.2844932888452774,"iteration":2575,"normalized":true,"pair":true,"passed":0,"qualified":false,"samples":64,"seed":42}
AVERAGE_OPPONENT_SCREEN {"gap":1.3658178165602186,"iteration":2600,"normalized":true,"pair":true,"passed":0,"qualified":false,"samples":64,"seed":42}
AVERAGE_OPPONENT_SCREEN {"gap":1.3627914630162217,"iteration":2625,"normalized":true,"pair":true,"passed":0,"qualified":false,"samples":64,"seed":42}
AVERAGE_OPPONENT_SCREEN {"gap":1.2846283915348555,"iteration":2650,"normalized":true,"pair":true,"passed":0,"qualified":false,"samples":64,"seed":42}
AVERAGE_OPPONENT_SCREEN {"gap":1.4064342152574554,"iteration":2675,"normalized":true,"pair":true,"passed":0,"qualified":false,"samples":64,"seed":42}
AVERAGE_OPPONENT_SCREEN {"gap":1.8631308706144127,"iteration":2700,"normalized":true,"pair":true,"passed":0,"qualified":false,"samples":64,"seed":42}
AVERAGE_OPPONENT_SCREEN {"gap":1.804706208551997,"iteration":2725,"normalized":true,"pair":true,"passed":0,"qualified":false,"samples":64,"seed":42}
AVERAGE_OPPONENT_SCREEN {"gap":1.686254411713569,"iteration":2750,"normalized":true,"pair":true,"passed":0,"qualified":false,"samples":64,"seed":42}
AVERAGE_OPPONENT_SCREEN {"gap":1.6472748197449896,"iteration":2775,"normalized":true,"pair":true,"passed":0,"qualified":false,"samples":64,"seed":42}
AVERAGE_OPPONENT_SCREEN {"gap":1.7404564648159897,"iteration":2800,"normalized":true,"pair":true,"passed":0,"qualified":false,"samples":64,"seed":42}
AVERAGE_OPPONENT_SCREEN {"gap":1.865738150392919,"iteration":2825,"normalized":true,"pair":true,"passed":0,"qualified":false,"samples":64,"seed":42}
AVERAGE_OPPONENT_SCREEN {"gap":2.035783844456499,"iteration":2850,"normalized":true,"pair":true,"passed":0,"qualified":false,"samples":64,"seed":42}
AVERAGE_OPPONENT_SCREEN {"gap":2.1855476858002585,"iteration":2875,"normalized":true,"pair":true,"passed":0,"qualified":false,"samples":64,"seed":42}
AVERAGE_OPPONENT_SCREEN {"gap":2.241813504731246,"iteration":2900,"normalized":true,"pair":true,"passed":0,"qualified":false,"samples":64,"seed":42}
AVERAGE_OPPONENT_SCREEN {"gap":2.1605748213460823,"iteration":2925,"normalized":true,"pair":true,"passed":0,"qualified":false,"samples":64,"seed":42}
AVERAGE_OPPONENT_SCREEN {"gap":2.0698781347528854,"iteration":2950,"normalized":true,"pair":true,"passed":0,"qualified":false,"samples":64,"seed":42}
AVERAGE_OPPONENT_SCREEN {"gap":1.9221297371442172,"iteration":2975,"normalized":true,"pair":true,"passed":0,"qualified":false,"samples":64,"seed":42}
AVERAGE_OPPONENT_SCREEN {"gap":1.7781347455519578,"iteration":3000,"normalized":true,"pair":true,"passed":0,"qualified":false,"samples":64,"seed":42}
