preflop gpu: coupled multiway, 1024 particles, 10728 reach CDFs, 32-particle batches, 128 MB CDF scratch
preflop gpu: compact CDF slots 5890 of 10728, 0.3 MB immutable map
preflop gpu: deployed_prepass reference, 32-particle grouping and HU-cache=true with accurately budgeted storage
preflop gpu: 23038 nodes, 17 levels, 12168 terminals (1873 calibrated), 0 forced + 0 frozen nodes, ~263 MB VRAM
AVERAGE_OPPONENT_SCREEN {"gap":25.659362438158304,"iteration":25,"normalized":true,"pair":true,"passed":0,"qualified":false,"samples":64,"seed":314159}
AVERAGE_OPPONENT_SCREEN {"gap":4.895919781409272,"iteration":50,"normalized":true,"pair":true,"passed":0,"qualified":false,"samples":64,"seed":314159}
AVERAGE_OPPONENT_SCREEN {"gap":4.914881606016186,"iteration":75,"normalized":true,"pair":true,"passed":0,"qualified":false,"samples":64,"seed":314159}
AVERAGE_OPPONENT_SCREEN {"gap":5.236060561402943,"iteration":100,"normalized":true,"pair":true,"passed":0,"qualified":false,"samples":64,"seed":314159}
AVERAGE_OPPONENT_SCREEN {"gap":2.9938784591747267,"iteration":125,"normalized":true,"pair":true,"passed":0,"qualified":false,"samples":64,"seed":314159}
AVERAGE_OPPONENT_SCREEN {"gap":2.526575294634438,"iteration":150,"normalized":true,"pair":true,"passed":0,"qualified":false,"samples":64,"seed":314159}
AVERAGE_OPPONENT_SCREEN {"gap":2.723523719492262,"iteration":175,"normalized":true,"pair":true,"passed":0,"qualified":false,"samples":64,"seed":314159}
AVERAGE_OPPONENT_SCREEN {"gap":3.483098685008451,"iteration":200,"normalized":true,"pair":true,"passed":0,"qualified":false,"samples":64,"seed":314159}
AVERAGE_OPPONENT_SCREEN {"gap":3.976079961837063,"iteration":225,"normalized":true,"pair":true,"passed":0,"qualified":false,"samples":64,"seed":314159}
AVERAGE_OPPONENT_SCREEN {"gap":3.7974768694711507,"iteration":250,"normalized":true,"pair":true,"passed":0,"qualified":false,"samples":64,"seed":314159}
AVERAGE_OPPONENT_SCREEN {"gap":4.400381557662339,"iteration":275,"normalized":true,"pair":true,"passed":0,"qualified":false,"samples":64,"seed":314159}
AVERAGE_OPPONENT_SCREEN {"gap":2.115421628063293,"iteration":300,"normalized":true,"pair":true,"passed":0,"qualified":false,"samples":64,"seed":314159}
AVERAGE_OPPONENT_SCREEN {"gap":2.3085279147060085,"iteration":325,"normalized":true,"pair":true,"passed":0,"qualified":false,"samples":64,"seed":314159}
AVERAGE_OPPONENT_SCREEN {"gap":3.1011005291615446,"iteration":350,"normalized":true,"pair":true,"passed":0,"qualified":false,"samples":64,"seed":314159}
AVERAGE_OPPONENT_SCREEN {"gap":4.0377133497394855,"iteration":375,"normalized":true,"pair":true,"passed":0,"qualified":false,"samples":64,"seed":314159}
AVERAGE_OPPONENT_SCREEN {"gap":3.3326083706237695,"iteration":400,"normalized":true,"pair":true,"passed":0,"qualified":false,"samples":64,"seed":314159}
AVERAGE_OPPONENT_SCREEN {"gap":3.55680004153983,"iteration":425,"normalized":true,"pair":true,"passed":0,"qualified":false,"samples":64,"seed":314159}
AVERAGE_OPPONENT_SCREEN {"gap":2.6788555115585435,"iteration":450,"normalized":true,"pair":true,"passed":0,"qualified":false,"samples":64,"seed":314159}
AVERAGE_OPPONENT_SCREEN {"gap":3.026993673255928,"iteration":475,"normalized":true,"pair":true,"passed":0,"qualified":false,"samples":64,"seed":314159}
AVERAGE_OPPONENT_SCREEN {"gap":2.5712143611636713,"iteration":500,"normalized":true,"pair":true,"passed":0,"qualified":false,"samples":64,"seed":314159}
AVERAGE_OPPONENT_SCREEN {"gap":1.8934836870246423,"iteration":525,"normalized":true,"pair":true,"passed":0,"qualified":false,"samples":64,"seed":314159}
AVERAGE_OPPONENT_SCREEN {"gap":1.7363523874998064,"iteration":550,"normalized":true,"pair":true,"passed":0,"qualified":false,"samples":64,"seed":314159}
AVERAGE_OPPONENT_SCREEN {"gap":1.8926709888464621,"iteration":575,"normalized":true,"pair":true,"passed":0,"qualified":false,"samples":64,"seed":314159}
AVERAGE_OPPONENT_SCREEN {"gap":2.1140369097813725,"iteration":600,"normalized":true,"pair":true,"passed":0,"qualified":false,"samples":64,"seed":314159}
AVERAGE_OPPONENT_SCREEN {"gap":2.590191324523073,"iteration":625,"normalized":true,"pair":true,"passed":0,"qualified":false,"samples":64,"seed":314159}
AVERAGE_OPPONENT_SCREEN {"gap":3.1423180863571485,"iteration":650,"normalized":true,"pair":true,"passed":0,"qualified":false,"samples":64,"seed":314159}
AVERAGE_OPPONENT_SCREEN {"gap":3.332602067440556,"iteration":675,"normalized":true,"pair":true,"passed":0,"qualified":false,"samples":64,"seed":314159}
AVERAGE_OPPONENT_SCREEN {"gap":3.0923172896434963,"iteration":700,"normalized":true,"pair":true,"passed":0,"qualified":false,"samples":64,"seed":314159}
AVERAGE_OPPONENT_SCREEN {"gap":2.60951537559599,"iteration":725,"normalized":true,"pair":true,"passed":0,"qualified":false,"samples":64,"seed":314159}
AVERAGE_OPPONENT_SCREEN {"gap":2.3216379858486205,"iteration":750,"normalized":true,"pair":true,"passed":0,"qualified":false,"samples":64,"seed":314159}
AVERAGE_OPPONENT_SCREEN {"gap":1.8893499444639477,"iteration":775,"normalized":true,"pair":true,"passed":0,"qualified":false,"samples":64,"seed":314159}
AVERAGE_OPPONENT_SCREEN {"gap":2.1947179488472357,"iteration":800,"normalized":true,"pair":true,"passed":0,"qualified":false,"samples":64,"seed":314159}
AVERAGE_OPPONENT_SCREEN {"gap":1.9701909226600671,"iteration":825,"normalized":true,"pair":true,"passed":0,"qualified":false,"samples":64,"seed":314159}
AVERAGE_OPPONENT_SCREEN {"gap":1.740753581511476,"iteration":850,"normalized":true,"pair":true,"passed":0,"qualified":false,"samples":64,"seed":314159}
AVERAGE_OPPONENT_SCREEN {"gap":1.7032037803502655,"iteration":875,"normalized":true,"pair":true,"passed":0,"qualified":false,"samples":64,"seed":314159}
AVERAGE_OPPONENT_SCREEN {"gap":2.382770973173662,"iteration":900,"normalized":true,"pair":true,"passed":0,"qualified":false,"samples":64,"seed":314159}
AVERAGE_OPPONENT_SCREEN {"gap":2.8604438948187676,"iteration":925,"normalized":true,"pair":true,"passed":0,"qualified":false,"samples":64,"seed":314159}
AVERAGE_OPPONENT_SCREEN {"gap":3.139751922987222,"iteration":950,"normalized":true,"pair":true,"passed":0,"qualified":false,"samples":64,"seed":314159}
AVERAGE_OPPONENT_SCREEN {"gap":3.047742708002755,"iteration":975,"normalized":true,"pair":true,"passed":0,"qualified":false,"samples":64,"seed":314159}
AVERAGE_OPPONENT_SCREEN {"gap":2.383943668432658,"iteration":1000,"normalized":true,"pair":true,"passed":0,"qualified":false,"samples":64,"seed":314159}
AVERAGE_OPPONENT_SCREEN {"gap":2.0773090283583375,"iteration":1025,"normalized":true,"pair":true,"passed":0,"qualified":false,"samples":64,"seed":314159}
AVERAGE_OPPONENT_SCREEN {"gap":2.0532240624496807,"iteration":1050,"normalized":true,"pair":true,"passed":0,"qualified":false,"samples":64,"seed":314159}
AVERAGE_OPPONENT_SCREEN {"gap":1.9727173141771668,"iteration":1075,"normalized":true,"pair":true,"passed":0,"qualified":false,"samples":64,"seed":314159}
AVERAGE_OPPONENT_SCREEN {"gap":2.1872759064418545,"iteration":1100,"normalized":true,"pair":true,"passed":0,"qualified":false,"samples":64,"seed":314159}
AVERAGE_OPPONENT_SCREEN {"gap":2.030872868286628,"iteration":1125,"normalized":true,"pair":true,"passed":0,"qualified":false,"samples":64,"seed":314159}
AVERAGE_OPPONENT_SCREEN {"gap":1.8386407987582185,"iteration":1150,"normalized":true,"pair":true,"passed":0,"qualified":false,"samples":64,"seed":314159}
AVERAGE_OPPONENT_SCREEN {"gap":1.7061378754615981,"iteration":1175,"normalized":true,"pair":true,"passed":0,"qualified":false,"samples":64,"seed":314159}
AVERAGE_OPPONENT_SCREEN {"gap":1.7819198492152188,"iteration":1200,"normalized":true,"pair":true,"passed":0,"qualified":false,"samples":64,"seed":314159}
AVERAGE_OPPONENT_SCREEN {"gap":1.6677574116811869,"iteration":1225,"normalized":true,"pair":true,"passed":0,"qualified":false,"samples":64,"seed":314159}
AVERAGE_OPPONENT_SCREEN {"gap":1.922157192042583,"iteration":1250,"normalized":true,"pair":true,"passed":0,"qualified":false,"samples":64,"seed":314159}
AVERAGE_OPPONENT_SCREEN {"gap":2.2292239573055044,"iteration":1275,"normalized":true,"pair":true,"passed":0,"qualified":false,"samples":64,"seed":314159}
AVERAGE_OPPONENT_SCREEN {"gap":2.3145953839266555,"iteration":1300,"normalized":true,"pair":true,"passed":0,"qualified":false,"samples":64,"seed":314159}
AVERAGE_OPPONENT_SCREEN {"gap":2.4396708938145677,"iteration":1325,"normalized":true,"pair":true,"passed":0,"qualified":false,"samples":64,"seed":314159}
AVERAGE_OPPONENT_SCREEN {"gap":2.800929061981696,"iteration":1350,"normalized":true,"pair":true,"passed":0,"qualified":false,"samples":64,"seed":314159}
AVERAGE_OPPONENT_SCREEN {"gap":2.713197413907279,"iteration":1375,"normalized":true,"pair":true,"passed":0,"qualified":false,"samples":64,"seed":314159}
AVERAGE_OPPONENT_SCREEN {"gap":2.409425105502801,"iteration":1400,"normalized":true,"pair":true,"passed":0,"qualified":false,"samples":64,"seed":314159}
AVERAGE_OPPONENT_SCREEN {"gap":2.0762430886418484,"iteration":1425,"normalized":true,"pair":true,"passed":0,"qualified":false,"samples":64,"seed":314159}
AVERAGE_OPPONENT_SCREEN {"gap":1.779375954187211,"iteration":1450,"normalized":true,"pair":true,"passed":0,"qualified":false,"samples":64,"seed":314159}
AVERAGE_OPPONENT_SCREEN {"gap":1.5196273654729047,"iteration":1475,"normalized":true,"pair":true,"passed":0,"qualified":false,"samples":64,"seed":314159}
AVERAGE_OPPONENT_SCREEN {"gap":1.3088937953659912,"iteration":1500,"normalized":true,"pair":true,"passed":0,"qualified":false,"samples":64,"seed":314159}
AVERAGE_OPPONENT_SCREEN {"gap":1.1581992642989047,"iteration":1525,"normalized":true,"pair":true,"passed":0,"qualified":false,"samples":64,"seed":314159}
AVERAGE_OPPONENT_SCREEN {"gap":1.0273393801656807,"iteration":1550,"normalized":true,"pair":true,"passed":0,"qualified":false,"samples":64,"seed":314159}
AVERAGE_OPPONENT_SCREEN {"gap":1.1099022045323017,"iteration":1575,"normalized":true,"pair":true,"passed":0,"qualified":false,"samples":64,"seed":314159}
AVERAGE_OPPONENT_SCREEN {"gap":1.1323936895962077,"iteration":1600,"normalized":true,"pair":true,"passed":0,"qualified":false,"samples":64,"seed":314159}
AVERAGE_OPPONENT_SCREEN {"gap":1.1171316037422985,"iteration":1625,"normalized":true,"pair":true,"passed":0,"qualified":false,"samples":64,"seed":314159}
AVERAGE_OPPONENT_SCREEN {"gap":1.2972414328009796,"iteration":1650,"normalized":true,"pair":true,"passed":0,"qualified":false,"samples":64,"seed":314159}
AVERAGE_OPPONENT_SCREEN {"gap":1.7679943821347717,"iteration":1675,"normalized":true,"pair":true,"passed":0,"qualified":false,"samples":64,"seed":314159}
AVERAGE_OPPONENT_SCREEN {"gap":2.3450892570088735,"iteration":1700,"normalized":true,"pair":true,"passed":0,"qualified":false,"samples":64,"seed":314159}
AVERAGE_OPPONENT_SCREEN {"gap":2.5109456732097817,"iteration":1725,"normalized":true,"pair":true,"passed":0,"qualified":false,"samples":64,"seed":314159}
AVERAGE_OPPONENT_SCREEN {"gap":2.4660663533534466,"iteration":1750,"normalized":true,"pair":true,"passed":0,"qualified":false,"samples":64,"seed":314159}
AVERAGE_OPPONENT_SCREEN {"gap":2.4032077068455053,"iteration":1775,"normalized":true,"pair":true,"passed":0,"qualified":false,"samples":64,"seed":314159}
AVERAGE_OPPONENT_SCREEN {"gap":2.182912875424584,"iteration":1800,"normalized":true,"pair":true,"passed":0,"qualified":false,"samples":64,"seed":314159}
AVERAGE_OPPONENT_SCREEN {"gap":2.122673004967279,"iteration":1825,"normalized":true,"pair":true,"passed":0,"qualified":false,"samples":64,"seed":314159}
AVERAGE_OPPONENT_SCREEN {"gap":2.262939046759293,"iteration":1850,"normalized":true,"pair":true,"passed":0,"qualified":false,"samples":64,"seed":314159}
AVERAGE_OPPONENT_SCREEN {"gap":2.453884417260914,"iteration":1875,"normalized":true,"pair":true,"passed":0,"qualified":false,"samples":64,"seed":314159}
AVERAGE_OPPONENT_SCREEN {"gap":2.4477693506304723,"iteration":1900,"normalized":true,"pair":true,"passed":0,"qualified":false,"samples":64,"seed":314159}
AVERAGE_OPPONENT_SCREEN {"gap":2.2917294609411565,"iteration":1925,"normalized":true,"pair":true,"passed":0,"qualified":false,"samples":64,"seed":314159}
AVERAGE_OPPONENT_SCREEN {"gap":2.2200508041469846,"iteration":1950,"normalized":true,"pair":true,"passed":0,"qualified":false,"samples":64,"seed":314159}
AVERAGE_OPPONENT_SCREEN {"gap":2.0509999857349137,"iteration":1975,"normalized":true,"pair":true,"passed":0,"qualified":false,"samples":64,"seed":314159}
AVERAGE_OPPONENT_SCREEN {"gap":1.837594855419344,"iteration":2000,"normalized":true,"pair":true,"passed":0,"qualified":false,"samples":64,"seed":314159}
AVERAGE_OPPONENT_SCREEN {"gap":1.6523339485843809,"iteration":2025,"normalized":true,"pair":true,"passed":0,"qualified":false,"samples":64,"seed":314159}
AVERAGE_OPPONENT_SCREEN {"gap":1.4676354527731248,"iteration":2050,"normalized":true,"pair":true,"passed":0,"qualified":false,"samples":64,"seed":314159}
AVERAGE_OPPONENT_SCREEN {"gap":1.34187723862533,"iteration":2075,"normalized":true,"pair":true,"passed":0,"qualified":false,"samples":64,"seed":314159}
AVERAGE_OPPONENT_SCREEN {"gap":1.2670313916509517,"iteration":2100,"normalized":true,"pair":true,"passed":0,"qualified":false,"samples":64,"seed":314159}
AVERAGE_OPPONENT_SCREEN {"gap":1.1481437778414776,"iteration":2125,"normalized":true,"pair":true,"passed":0,"qualified":false,"samples":64,"seed":314159}
AVERAGE_OPPONENT_SCREEN {"gap":1.054101236154373,"iteration":2150,"normalized":true,"pair":true,"passed":0,"qualified":false,"samples":64,"seed":314159}
AVERAGE_OPPONENT_SCREEN {"gap":0.9638325677291961,"iteration":2175,"normalized":true,"pair":true,"passed":0,"qualified":false,"samples":64,"seed":314159}
AVERAGE_OPPONENT_SCREEN {"gap":0.9609033383819143,"iteration":2200,"normalized":true,"pair":true,"passed":0,"qualified":false,"samples":64,"seed":314159}
AVERAGE_OPPONENT_SCREEN {"gap":0.9198952013035253,"iteration":2225,"normalized":true,"pair":true,"passed":0,"qualified":false,"samples":64,"seed":314159}
AVERAGE_OPPONENT_SCREEN {"gap":1.0390542553759965,"iteration":2250,"normalized":true,"pair":true,"passed":0,"qualified":false,"samples":64,"seed":314159}
AVERAGE_OPPONENT_SCREEN {"gap":1.357223357748808,"iteration":2275,"normalized":true,"pair":true,"passed":0,"qualified":false,"samples":64,"seed":314159}
AVERAGE_OPPONENT_SCREEN {"gap":1.7430323186564767,"iteration":2300,"normalized":true,"pair":true,"passed":0,"qualified":false,"samples":64,"seed":314159}
AVERAGE_OPPONENT_SCREEN {"gap":1.7810579668670845,"iteration":2325,"normalized":true,"pair":true,"passed":0,"qualified":false,"samples":64,"seed":314159}
AVERAGE_OPPONENT_SCREEN {"gap":1.7276256694137087,"iteration":2350,"normalized":true,"pair":true,"passed":0,"qualified":false,"samples":64,"seed":314159}
AVERAGE_OPPONENT_SCREEN {"gap":1.745460017807646,"iteration":2375,"normalized":true,"pair":true,"passed":0,"qualified":false,"samples":64,"seed":314159}
AVERAGE_OPPONENT_SCREEN {"gap":1.6141010942852643,"iteration":2400,"normalized":true,"pair":true,"passed":0,"qualified":false,"samples":64,"seed":314159}
AVERAGE_OPPONENT_SCREEN {"gap":1.5160237652358286,"iteration":2425,"normalized":true,"pair":true,"passed":0,"qualified":false,"samples":64,"seed":314159}
AVERAGE_OPPONENT_SCREEN {"gap":1.5581755650512472,"iteration":2450,"normalized":true,"pair":true,"passed":0,"qualified":false,"samples":64,"seed":314159}
AVERAGE_OPPONENT_SCREEN {"gap":1.6866405314889157,"iteration":2475,"normalized":true,"pair":true,"passed":0,"qualified":false,"samples":64,"seed":314159}
AVERAGE_OPPONENT_SCREEN {"gap":1.8922060839125523,"iteration":2500,"normalized":true,"pair":true,"passed":0,"qualified":false,"samples":64,"seed":314159}
AVERAGE_OPPONENT_SCREEN {"gap":2.217790940917463,"iteration":2525,"normalized":true,"pair":true,"passed":0,"qualified":false,"samples":64,"seed":314159}
AVERAGE_OPPONENT_SCREEN {"gap":2.461215814424035,"iteration":2550,"normalized":true,"pair":true,"passed":0,"qualified":false,"samples":64,"seed":314159}
AVERAGE_OPPONENT_SCREEN {"gap":2.3028261681521585,"iteration":2575,"normalized":true,"pair":true,"passed":0,"qualified":false,"samples":64,"seed":314159}
AVERAGE_OPPONENT_SCREEN {"gap":2.2114951673915724,"iteration":2600,"normalized":true,"pair":true,"passed":0,"qualified":false,"samples":64,"seed":314159}
AVERAGE_OPPONENT_SCREEN {"gap":2.104020637030461,"iteration":2625,"normalized":true,"pair":true,"passed":0,"qualified":false,"samples":64,"seed":314159}
AVERAGE_OPPONENT_SCREEN {"gap":2.0270902929931265,"iteration":2650,"normalized":true,"pair":true,"passed":0,"qualified":false,"samples":64,"seed":314159}
AVERAGE_OPPONENT_SCREEN {"gap":1.9351994502362257,"iteration":2675,"normalized":true,"pair":true,"passed":0,"qualified":false,"samples":64,"seed":314159}
AVERAGE_OPPONENT_SCREEN {"gap":1.8036089477888255,"iteration":2700,"normalized":true,"pair":true,"passed":0,"qualified":false,"samples":64,"seed":314159}
AVERAGE_OPPONENT_SCREEN {"gap":1.6571918571314734,"iteration":2725,"normalized":true,"pair":true,"passed":0,"qualified":false,"samples":64,"seed":314159}
AVERAGE_OPPONENT_SCREEN {"gap":1.514074810186359,"iteration":2750,"normalized":true,"pair":true,"passed":0,"qualified":false,"samples":64,"seed":314159}
AVERAGE_OPPONENT_SCREEN {"gap":1.3841486692636222,"iteration":2775,"normalized":true,"pair":true,"passed":0,"qualified":false,"samples":64,"seed":314159}
AVERAGE_OPPONENT_SCREEN {"gap":1.2725800027861562,"iteration":2800,"normalized":true,"pair":true,"passed":0,"qualified":false,"samples":64,"seed":314159}
AVERAGE_OPPONENT_SCREEN {"gap":1.1895795008879153,"iteration":2825,"normalized":true,"pair":true,"passed":0,"qualified":false,"samples":64,"seed":314159}
AVERAGE_OPPONENT_SCREEN {"gap":1.1530450485029426,"iteration":2850,"normalized":true,"pair":true,"passed":0,"qualified":false,"samples":64,"seed":314159}
AVERAGE_OPPONENT_SCREEN {"gap":1.1304902101988454,"iteration":2875,"normalized":true,"pair":true,"passed":0,"qualified":false,"samples":64,"seed":314159}
AVERAGE_OPPONENT_SCREEN {"gap":1.2425823705120778,"iteration":2900,"normalized":true,"pair":true,"passed":0,"qualified":false,"samples":64,"seed":314159}
AVERAGE_OPPONENT_SCREEN {"gap":1.5151173940232732,"iteration":2925,"normalized":true,"pair":true,"passed":0,"qualified":false,"samples":64,"seed":314159}
AVERAGE_OPPONENT_SCREEN {"gap":1.5113949255024959,"iteration":2950,"normalized":true,"pair":true,"passed":0,"qualified":false,"samples":64,"seed":314159}
AVERAGE_OPPONENT_SCREEN {"gap":1.437470451615832,"iteration":2975,"normalized":true,"pair":true,"passed":0,"qualified":false,"samples":64,"seed":314159}
AVERAGE_OPPONENT_SCREEN {"gap":1.4045987607250945,"iteration":3000,"normalized":true,"pair":true,"passed":0,"qualified":false,"samples":64,"seed":314159}
