preflop gpu: coupled multiway, 1024 particles, 10728 reach CDFs, 32-particle batches, 128 MB CDF scratch
preflop gpu: compact CDF slots 5890 of 10728, 0.3 MB immutable map
preflop gpu: deployed_prepass reference, 32-particle grouping and HU-cache=true with accurately budgeted storage
preflop gpu: 23038 nodes, 17 levels, 12168 terminals (1873 calibrated), 0 forced + 0 frozen nodes, ~263 MB VRAM
AVERAGE_OPPONENT_SCREEN {"gap":0.6833904725793598,"iteration":25,"normalized":true,"pair":true,"passed":0,"qualified":false,"samples":64,"seed":314159}
AVERAGE_OPPONENT_SCREEN {"gap":1.5039870601988379,"iteration":50,"normalized":true,"pair":true,"passed":0,"qualified":false,"samples":64,"seed":314159}
AVERAGE_OPPONENT_SCREEN {"gap":0.22228283379737265,"iteration":75,"normalized":true,"pair":true,"passed":0,"qualified":false,"samples":64,"seed":314159}
AVERAGE_OPPONENT_SCREEN {"gap":0.06841109543999309,"iteration":100,"normalized":true,"pair":true,"passed":0,"qualified":false,"samples":64,"seed":314159}
AVERAGE_OPPONENT_SCREEN {"gap":0.04424513551673501,"iteration":125,"normalized":true,"pair":true,"passed":0,"qualified":false,"samples":64,"seed":314159}
AVERAGE_OPPONENT_SCREEN {"gap":0.08832353762492005,"iteration":150,"normalized":true,"pair":true,"passed":0,"qualified":false,"samples":64,"seed":314159}
AVERAGE_OPPONENT_SCREEN {"gap":0.06561722924659256,"iteration":175,"normalized":true,"pair":true,"passed":2,"qualified":false,"samples":64,"seed":314159}
AVERAGE_OPPONENT_SCREEN {"gap":0.10324241409031515,"iteration":200,"normalized":true,"pair":true,"passed":2,"qualified":false,"samples":64,"seed":314159}
AVERAGE_OPPONENT_SCREEN {"gap":0.18894646319738642,"iteration":225,"normalized":true,"pair":true,"passed":2,"qualified":false,"samples":64,"seed":314159}
AVERAGE_OPPONENT_SCREEN {"gap":0.15404806946433214,"iteration":250,"normalized":true,"pair":true,"passed":2,"qualified":false,"samples":64,"seed":314159}
AVERAGE_OPPONENT_SCREEN {"gap":0.09256929478054844,"iteration":275,"normalized":true,"pair":true,"passed":2,"qualified":false,"samples":64,"seed":314159}
AVERAGE_OPPONENT_SCREEN {"gap":0.08218571955961085,"iteration":300,"normalized":true,"pair":true,"passed":1,"qualified":false,"samples":64,"seed":314159}
AVERAGE_OPPONENT_SCREEN {"gap":0.11238153965464193,"iteration":325,"normalized":true,"pair":true,"passed":2,"qualified":false,"samples":64,"seed":314159}
AVERAGE_OPPONENT_SCREEN {"gap":0.17372296208833587,"iteration":350,"normalized":true,"pair":true,"passed":2,"qualified":false,"samples":64,"seed":314159}
AVERAGE_OPPONENT_SCREEN {"gap":0.12665093936940108,"iteration":375,"normalized":true,"pair":true,"passed":4,"qualified":false,"samples":64,"seed":314159}
AVERAGE_OPPONENT_SCREEN {"gap":0.10257138250710891,"iteration":400,"normalized":true,"pair":true,"passed":3,"qualified":false,"samples":64,"seed":314159}
AVERAGE_OPPONENT_SCREEN {"gap":0.07863701030168696,"iteration":425,"normalized":true,"pair":true,"passed":3,"qualified":false,"samples":64,"seed":314159}
AVERAGE_OPPONENT_SCREEN {"gap":0.09461974959222003,"iteration":450,"normalized":true,"pair":true,"passed":2,"qualified":false,"samples":64,"seed":314159}
AVERAGE_OPPONENT_SCREEN {"gap":0.06038983716600013,"iteration":475,"normalized":true,"pair":true,"passed":3,"qualified":false,"samples":64,"seed":314159}
AVERAGE_OPPONENT_SCREEN {"gap":0.06814753612633236,"iteration":500,"normalized":true,"pair":true,"passed":2,"qualified":false,"samples":64,"seed":314159}
AVERAGE_OPPONENT_SCREEN {"gap":0.05591821467570933,"iteration":525,"normalized":true,"pair":true,"passed":2,"qualified":false,"samples":64,"seed":314159}
AVERAGE_OPPONENT_SCREEN {"gap":0.05691683488697742,"iteration":550,"normalized":true,"pair":true,"passed":2,"qualified":false,"samples":64,"seed":314159}
AVERAGE_OPPONENT_SCREEN {"gap":0.043560865130315055,"iteration":575,"normalized":true,"pair":true,"passed":5,"qualified":false,"samples":64,"seed":314159}
AVERAGE_OPPONENT_SCREEN {"gap":0.04612684801065449,"iteration":600,"normalized":true,"pair":true,"passed":5,"qualified":false,"samples":64,"seed":314159}
AVERAGE_OPPONENT_SCREEN {"gap":0.06251397432543153,"iteration":625,"normalized":true,"pair":true,"passed":6,"qualified":false,"samples":64,"seed":314159}
AVERAGE_OPPONENT_SCREEN {"gap":0.06334119723952739,"iteration":650,"normalized":true,"pair":true,"passed":6,"qualified":false,"samples":64,"seed":314159}
AVERAGE_OPPONENT_SCREEN {"gap":0.06273878593976168,"iteration":675,"normalized":true,"pair":true,"passed":5,"qualified":false,"samples":64,"seed":314159}
AVERAGE_OPPONENT_SCREEN {"gap":0.06859265000678186,"iteration":700,"normalized":true,"pair":true,"passed":5,"qualified":false,"samples":64,"seed":314159}
AVERAGE_OPPONENT_SCREEN {"gap":0.030374960414700544,"iteration":725,"normalized":true,"pair":true,"passed":6,"qualified":false,"samples":64,"seed":314159}
AVERAGE_OPPONENT_SCREEN {"gap":0.014497186127065145,"iteration":750,"normalized":true,"pair":true,"passed":6,"qualified":false,"samples":64,"seed":314159}
AVERAGE_OPPONENT_SCREEN {"gap":0.0071723172529079005,"iteration":775,"normalized":true,"pair":true,"passed":6,"qualified":false,"samples":64,"seed":314159}
AVERAGE_OPPONENT_SCREEN {"gap":0.004764406013237993,"iteration":800,"normalized":true,"pair":true,"passed":6,"qualified":false,"samples":64,"seed":314159}
AVERAGE_OPPONENT_SCREEN {"gap":0.0036717881636548905,"iteration":825,"normalized":true,"pair":true,"passed":6,"qualified":true,"samples":64,"seed":314159}
