preflop gpu: coupled multiway, 1024 particles, 10728 reach CDFs, 32-particle batches, 128 MB CDF scratch
preflop gpu: compact CDF slots 5890 of 10728, 0.3 MB immutable map
preflop gpu: deployed_prepass reference, 32-particle grouping and HU-cache=true with accurately budgeted storage
preflop gpu: 23038 nodes, 17 levels, 12168 terminals (1873 calibrated), 0 forced + 0 frozen nodes, ~263 MB VRAM
AVERAGE_OPPONENT_SCREEN {"gap":0.6971814639744955,"iteration":25,"normalized":true,"pair":true,"passed":0,"qualified":false,"samples":64,"seed":42}
AVERAGE_OPPONENT_SCREEN {"gap":2.288704168621821,"iteration":50,"normalized":true,"pair":true,"passed":0,"qualified":false,"samples":64,"seed":42}
AVERAGE_OPPONENT_SCREEN {"gap":0.9199583706203555,"iteration":75,"normalized":true,"pair":true,"passed":0,"qualified":false,"samples":64,"seed":42}
AVERAGE_OPPONENT_SCREEN {"gap":0.11223943641324075,"iteration":100,"normalized":true,"pair":true,"passed":0,"qualified":false,"samples":64,"seed":42}
AVERAGE_OPPONENT_SCREEN {"gap":0.09496191227014886,"iteration":125,"normalized":true,"pair":true,"passed":0,"qualified":false,"samples":64,"seed":42}
AVERAGE_OPPONENT_SCREEN {"gap":0.20069350352488063,"iteration":150,"normalized":true,"pair":true,"passed":0,"qualified":false,"samples":64,"seed":42}
AVERAGE_OPPONENT_SCREEN {"gap":0.362552823721092,"iteration":175,"normalized":true,"pair":true,"passed":0,"qualified":false,"samples":64,"seed":42}
AVERAGE_OPPONENT_SCREEN {"gap":0.0816591222226222,"iteration":200,"normalized":true,"pair":true,"passed":0,"qualified":false,"samples":64,"seed":42}
AVERAGE_OPPONENT_SCREEN {"gap":0.03271422994563922,"iteration":225,"normalized":true,"pair":true,"passed":2,"qualified":false,"samples":64,"seed":42}
AVERAGE_OPPONENT_SCREEN {"gap":0.02818150472880991,"iteration":250,"normalized":true,"pair":true,"passed":1,"qualified":false,"samples":64,"seed":42}
AVERAGE_OPPONENT_SCREEN {"gap":0.018425331321145474,"iteration":275,"normalized":true,"pair":true,"passed":2,"qualified":false,"samples":64,"seed":42}
AVERAGE_OPPONENT_SCREEN {"gap":0.022658641072971206,"iteration":300,"normalized":true,"pair":true,"passed":2,"qualified":false,"samples":64,"seed":42}
AVERAGE_OPPONENT_SCREEN {"gap":0.012293158197834095,"iteration":325,"normalized":true,"pair":true,"passed":2,"qualified":false,"samples":64,"seed":42}
AVERAGE_OPPONENT_SCREEN {"gap":0.01264256987829497,"iteration":350,"normalized":true,"pair":true,"passed":2,"qualified":false,"samples":64,"seed":42}
AVERAGE_OPPONENT_SCREEN {"gap":0.012641833397594629,"iteration":375,"normalized":true,"pair":true,"passed":2,"qualified":false,"samples":64,"seed":42}
AVERAGE_OPPONENT_SCREEN {"gap":0.012114285698010999,"iteration":400,"normalized":true,"pair":true,"passed":3,"qualified":false,"samples":64,"seed":42}
AVERAGE_OPPONENT_SCREEN {"gap":0.01817018181847241,"iteration":425,"normalized":true,"pair":true,"passed":2,"qualified":false,"samples":64,"seed":42}
AVERAGE_OPPONENT_SCREEN {"gap":0.00863142832392709,"iteration":450,"normalized":true,"pair":true,"passed":4,"qualified":false,"samples":64,"seed":42}
AVERAGE_OPPONENT_SCREEN {"gap":0.010621043250182857,"iteration":475,"normalized":true,"pair":true,"passed":4,"qualified":false,"samples":64,"seed":42}
AVERAGE_OPPONENT_SCREEN {"gap":0.01095044168172972,"iteration":500,"normalized":true,"pair":true,"passed":4,"qualified":false,"samples":64,"seed":42}
AVERAGE_OPPONENT_SCREEN {"gap":0.012433208506329979,"iteration":525,"normalized":true,"pair":true,"passed":4,"qualified":false,"samples":64,"seed":42}
AVERAGE_OPPONENT_SCREEN {"gap":0.011658158398164559,"iteration":550,"normalized":true,"pair":true,"passed":3,"qualified":false,"samples":64,"seed":42}
AVERAGE_OPPONENT_SCREEN {"gap":0.021542426995519184,"iteration":575,"normalized":true,"pair":true,"passed":5,"qualified":false,"samples":64,"seed":42}
AVERAGE_OPPONENT_SCREEN {"gap":0.01928842704193663,"iteration":600,"normalized":true,"pair":true,"passed":6,"qualified":false,"samples":64,"seed":42}
AVERAGE_OPPONENT_SCREEN {"gap":0.015371019100926864,"iteration":625,"normalized":true,"pair":true,"passed":5,"qualified":false,"samples":64,"seed":42}
AVERAGE_OPPONENT_SCREEN {"gap":0.021804367174913353,"iteration":650,"normalized":true,"pair":true,"passed":6,"qualified":false,"samples":64,"seed":42}
AVERAGE_OPPONENT_SCREEN {"gap":0.020233940635961956,"iteration":675,"normalized":true,"pair":true,"passed":5,"qualified":false,"samples":64,"seed":42}
AVERAGE_OPPONENT_SCREEN {"gap":0.025619888627660667,"iteration":700,"normalized":true,"pair":true,"passed":5,"qualified":false,"samples":64,"seed":42}
AVERAGE_OPPONENT_SCREEN {"gap":0.03202584866457789,"iteration":725,"normalized":true,"pair":true,"passed":6,"qualified":false,"samples":64,"seed":42}
AVERAGE_OPPONENT_SCREEN {"gap":0.03596927270783977,"iteration":750,"normalized":true,"pair":true,"passed":5,"qualified":false,"samples":64,"seed":42}
AVERAGE_OPPONENT_SCREEN {"gap":0.03478085247888896,"iteration":775,"normalized":true,"pair":true,"passed":4,"qualified":false,"samples":64,"seed":42}
AVERAGE_OPPONENT_SCREEN {"gap":0.037644538256760104,"iteration":800,"normalized":true,"pair":true,"passed":4,"qualified":false,"samples":64,"seed":42}
AVERAGE_OPPONENT_SCREEN {"gap":0.044607352509284645,"iteration":825,"normalized":true,"pair":true,"passed":5,"qualified":false,"samples":64,"seed":42}
AVERAGE_OPPONENT_SCREEN {"gap":0.035354417017969,"iteration":850,"normalized":true,"pair":true,"passed":5,"qualified":false,"samples":64,"seed":42}
AVERAGE_OPPONENT_SCREEN {"gap":0.0368404337596767,"iteration":875,"normalized":true,"pair":true,"passed":5,"qualified":false,"samples":64,"seed":42}
AVERAGE_OPPONENT_SCREEN {"gap":0.03826288004903218,"iteration":900,"normalized":true,"pair":true,"passed":4,"qualified":false,"samples":64,"seed":42}
AVERAGE_OPPONENT_SCREEN {"gap":0.046733360890208825,"iteration":925,"normalized":true,"pair":true,"passed":6,"qualified":false,"samples":64,"seed":42}
AVERAGE_OPPONENT_SCREEN {"gap":0.03215983781236317,"iteration":950,"normalized":true,"pair":true,"passed":6,"qualified":false,"samples":64,"seed":42}
AVERAGE_OPPONENT_SCREEN {"gap":0.016665635436890022,"iteration":975,"normalized":true,"pair":true,"passed":6,"qualified":false,"samples":64,"seed":42}
AVERAGE_OPPONENT_SCREEN {"gap":0.009489988604122673,"iteration":1000,"normalized":true,"pair":true,"passed":6,"qualified":false,"samples":64,"seed":42}
AVERAGE_OPPONENT_SCREEN {"gap":0.006380409688989619,"iteration":1025,"normalized":true,"pair":true,"passed":6,"qualified":false,"samples":64,"seed":42}
AVERAGE_OPPONENT_SCREEN {"gap":0.0052250837583010384,"iteration":1050,"normalized":true,"pair":true,"passed":6,"qualified":false,"samples":64,"seed":42}
AVERAGE_OPPONENT_SCREEN {"gap":0.013301513590490893,"iteration":1075,"normalized":true,"pair":true,"passed":6,"qualified":false,"samples":64,"seed":42}
AVERAGE_OPPONENT_SCREEN {"gap":0.02158323051058246,"iteration":1100,"normalized":true,"pair":true,"passed":6,"qualified":false,"samples":64,"seed":42}
AVERAGE_OPPONENT_SCREEN {"gap":0.025937044426032077,"iteration":1125,"normalized":true,"pair":true,"passed":6,"qualified":false,"samples":64,"seed":42}
AVERAGE_OPPONENT_SCREEN {"gap":0.02730033736049163,"iteration":1150,"normalized":true,"pair":true,"passed":6,"qualified":false,"samples":64,"seed":42}
AVERAGE_OPPONENT_SCREEN {"gap":0.027496553085661304,"iteration":1175,"normalized":true,"pair":true,"passed":6,"qualified":false,"samples":64,"seed":42}
AVERAGE_OPPONENT_SCREEN {"gap":0.016790245343808796,"iteration":1200,"normalized":true,"pair":true,"passed":6,"qualified":false,"samples":64,"seed":42}
AVERAGE_OPPONENT_SCREEN {"gap":0.010577459155655236,"iteration":1225,"normalized":true,"pair":true,"passed":5,"qualified":false,"samples":64,"seed":42}
AVERAGE_OPPONENT_SCREEN {"gap":0.006690755958430425,"iteration":1250,"normalized":true,"pair":true,"passed":5,"qualified":false,"samples":64,"seed":42}
AVERAGE_OPPONENT_SCREEN {"gap":0.004621833586760243,"iteration":1275,"normalized":true,"pair":true,"passed":6,"qualified":false,"samples":64,"seed":42}
AVERAGE_OPPONENT_SCREEN {"gap":0.003363616689480556,"iteration":1300,"normalized":true,"pair":true,"passed":6,"qualified":true,"samples":64,"seed":42}
