preflop gpu: coupled multiway, 1024 particles, 10728 reach CDFs, 32-particle batches, 128 MB CDF scratch
preflop gpu: compact CDF slots 5890 of 10728, 0.3 MB immutable map
preflop gpu: deployed_prepass reference, 32-particle grouping and HU-cache=true with accurately budgeted storage
preflop gpu: 23038 nodes, 17 levels, 12168 terminals (1873 calibrated), 0 forced + 0 frozen nodes, ~263 MB VRAM
BEHAVIORAL_FINISH {"epsilon":"0","finishing_iteration":25,"gap":0.0013719897136478115,"iteration":1025,"passed":2,"qualified":false,"reset":true}
BEHAVIORAL_FINISH {"epsilon":"0","finishing_iteration":50,"gap":0.0010369997068475217,"iteration":1050,"passed":2,"qualified":false,"reset":true}
BEHAVIORAL_FINISH {"epsilon":"0","finishing_iteration":75,"gap":0.0010080839389716434,"iteration":1075,"passed":2,"qualified":false,"reset":true}
BEHAVIORAL_FINISH {"epsilon":"0","finishing_iteration":100,"gap":0.001010452331734607,"iteration":1100,"passed":2,"qualified":false,"reset":true}
BEHAVIORAL_FINISH {"epsilon":"0","finishing_iteration":125,"gap":0.0009131178321127448,"iteration":1125,"passed":2,"qualified":false,"reset":true}
BEHAVIORAL_FINISH {"epsilon":"0","finishing_iteration":150,"gap":0.0008516932086916756,"iteration":1150,"passed":2,"qualified":false,"reset":true}
BEHAVIORAL_FINISH {"epsilon":"0","finishing_iteration":175,"gap":0.0008675003938118514,"iteration":1175,"passed":3,"qualified":false,"reset":true}
BEHAVIORAL_FINISH {"epsilon":"0","finishing_iteration":200,"gap":0.0009129770066839266,"iteration":1200,"passed":3,"qualified":false,"reset":true}
BEHAVIORAL_FINISH {"epsilon":"0","finishing_iteration":225,"gap":0.0008365289171969603,"iteration":1225,"passed":3,"qualified":false,"reset":true}
BEHAVIORAL_FINISH {"epsilon":"0","finishing_iteration":250,"gap":0.0008072785266924898,"iteration":1250,"passed":3,"qualified":false,"reset":true}
BEHAVIORAL_FINISH {"epsilon":"0","finishing_iteration":275,"gap":0.0007344274102523557,"iteration":1275,"passed":3,"qualified":false,"reset":true}
BEHAVIORAL_FINISH {"epsilon":"0","finishing_iteration":300,"gap":0.0006992266886997889,"iteration":1300,"passed":3,"qualified":false,"reset":true}
BEHAVIORAL_FINISH {"epsilon":"0","finishing_iteration":325,"gap":0.0007497377243698838,"iteration":1325,"passed":3,"qualified":false,"reset":true}
BEHAVIORAL_FINISH {"epsilon":"0","finishing_iteration":350,"gap":0.0007303354337848955,"iteration":1350,"passed":3,"qualified":false,"reset":true}
BEHAVIORAL_FINISH {"epsilon":"0","finishing_iteration":375,"gap":0.0006677292741899266,"iteration":1375,"passed":3,"qualified":false,"reset":true}
BEHAVIORAL_FINISH {"epsilon":"0","finishing_iteration":400,"gap":0.0006673919407569062,"iteration":1400,"passed":3,"qualified":false,"reset":true}
BEHAVIORAL_FINISH {"epsilon":"0","finishing_iteration":425,"gap":0.0006432978927373434,"iteration":1425,"passed":3,"qualified":false,"reset":true}
BEHAVIORAL_FINISH {"epsilon":"0","finishing_iteration":450,"gap":0.0005738602127147718,"iteration":1450,"passed":3,"qualified":false,"reset":true}
BEHAVIORAL_FINISH {"epsilon":"0","finishing_iteration":475,"gap":0.0005754650624826552,"iteration":1475,"passed":3,"qualified":false,"reset":true}
BEHAVIORAL_FINISH {"epsilon":"0","finishing_iteration":500,"gap":0.0005589300978271622,"iteration":1500,"passed":3,"qualified":false,"reset":true}
BEHAVIORAL_FINISH {"epsilon":"0","finishing_iteration":525,"gap":0.0005603405912676385,"iteration":1525,"passed":3,"qualified":false,"reset":true}
BEHAVIORAL_FINISH {"epsilon":"0","finishing_iteration":550,"gap":0.0005720242410299642,"iteration":1550,"passed":3,"qualified":false,"reset":true}
BEHAVIORAL_FINISH {"epsilon":"0","finishing_iteration":575,"gap":0.0005703509201515217,"iteration":1575,"passed":3,"qualified":false,"reset":true}
BEHAVIORAL_FINISH {"epsilon":"0","finishing_iteration":600,"gap":0.0005285061876299374,"iteration":1600,"passed":3,"qualified":false,"reset":true}
BEHAVIORAL_FINISH {"epsilon":"0","finishing_iteration":625,"gap":0.0005370980684356874,"iteration":1625,"passed":3,"qualified":false,"reset":true}
BEHAVIORAL_FINISH {"epsilon":"0","finishing_iteration":650,"gap":0.000511456923623449,"iteration":1650,"passed":3,"qualified":false,"reset":true}
BEHAVIORAL_FINISH {"epsilon":"0","finishing_iteration":675,"gap":0.0004801623561421636,"iteration":1675,"passed":4,"qualified":false,"reset":true}
BEHAVIORAL_FINISH {"epsilon":"0","finishing_iteration":700,"gap":0.00047860664335616643,"iteration":1700,"passed":4,"qualified":false,"reset":true}
BEHAVIORAL_FINISH {"epsilon":"0","finishing_iteration":725,"gap":0.000485627964538507,"iteration":1725,"passed":4,"qualified":false,"reset":true}
BEHAVIORAL_FINISH {"epsilon":"0","finishing_iteration":750,"gap":0.0004520506652137962,"iteration":1750,"passed":4,"qualified":false,"reset":true}
BEHAVIORAL_FINISH {"epsilon":"0","finishing_iteration":775,"gap":0.00047007075911256746,"iteration":1775,"passed":4,"qualified":false,"reset":true}
BEHAVIORAL_FINISH {"epsilon":"0","finishing_iteration":800,"gap":0.0004556155393110606,"iteration":1800,"passed":4,"qualified":false,"reset":true}
BEHAVIORAL_FINISH {"epsilon":"0","finishing_iteration":825,"gap":0.00043954224046642565,"iteration":1825,"passed":4,"qualified":false,"reset":true}
BEHAVIORAL_FINISH {"epsilon":"0","finishing_iteration":850,"gap":0.0004298514729598746,"iteration":1850,"passed":4,"qualified":false,"reset":true}
BEHAVIORAL_FINISH {"epsilon":"0","finishing_iteration":875,"gap":0.00044467001339225376,"iteration":1875,"passed":4,"qualified":false,"reset":true}
BEHAVIORAL_FINISH {"epsilon":"0","finishing_iteration":900,"gap":0.00041905613351321536,"iteration":1900,"passed":4,"qualified":false,"reset":true}
BEHAVIORAL_FINISH {"epsilon":"0","finishing_iteration":925,"gap":0.000425453485520505,"iteration":1925,"passed":4,"qualified":false,"reset":true}
BEHAVIORAL_FINISH {"epsilon":"0","finishing_iteration":950,"gap":0.00041191673882350066,"iteration":1950,"passed":4,"qualified":false,"reset":true}
BEHAVIORAL_FINISH {"epsilon":"0","finishing_iteration":975,"gap":0.0003910748508909462,"iteration":1975,"passed":4,"qualified":false,"reset":true}
BEHAVIORAL_FINISH {"epsilon":"0","finishing_iteration":1000,"gap":0.0003883119837635035,"iteration":2000,"passed":4,"qualified":false,"reset":true}
preflop gpu: coupled multiway, 1024 particles, 10728 reach CDFs, 32-particle batches, 128 MB CDF scratch
preflop gpu: compact CDF slots 5890 of 10728, 0.3 MB immutable map
preflop gpu: deployed_prepass reference, 32-particle grouping and HU-cache=true with accurately budgeted storage
preflop gpu: 23038 nodes, 17 levels, 12168 terminals (1873 calibrated), 0 forced + 0 frozen nodes, ~263 MB VRAM
