   Compiling solver v0.1.0 (T:\Dev\GTOpen\target\autoresearch\preflop-convergence-20260911\crates\solver)
    Finished `release` profile [optimized] target(s) in 1m 30s
     Running unittests src\lib.rs (target\release\deps\solver-93fc82d31ffca743.exe)

running 3 tests
test preflop::gpu::behavioral::tests::behavioral_admission_and_cancellation_are_bounded ... preflop gpu: coupled multiway, 1024 particles, 212 reach CDFs, 32-particle batches, 3 MB CDF scratch
preflop gpu: compact CDF slots 132 of 212, 0.0 MB immutable map
preflop gpu: deployed_prepass reference, 32-particle grouping and HU-cache=true with accurately budgeted storage
preflop gpu: 526 nodes, 11 levels, 292 terminals (0 calibrated), 1 forced + 61 frozen nodes, ~71 MB VRAM
preflop gpu: coupled multiway, 1024 particles, 212 reach CDFs, 32-particle batches, 3 MB CDF scratch
preflop gpu: compact CDF slots 132 of 212, 0.0 MB immutable map
preflop gpu: deployed_prepass reference, 32-particle grouping and HU-cache=true with accurately budgeted storage
preflop gpu: 526 nodes, 11 levels, 292 terminals (0 calibrated), 1 forced + 61 frozen nodes, ~71 MB VRAM
preflop gpu: coupled multiway, 1024 particles, 212 reach CDFs, 32-particle batches, 3 MB CDF scratch
preflop gpu: compact CDF slots 132 of 212, 0.0 MB immutable map
preflop gpu: deployed_prepass reference, 32-particle grouping and HU-cache=true with accurately budgeted storage
preflop gpu: 526 nodes, 11 levels, 292 terminals (0 calibrated), 1 forced + 61 frozen nodes, ~71 MB VRAM
preflop gpu: coupled multiway, 1024 particles, 212 reach CDFs, 32-particle batches, 3 MB CDF scratch
preflop gpu: compact CDF slots 132 of 212, 0.0 MB immutable map
preflop gpu: deployed_prepass reference, 32-particle grouping and HU-cache=true with accurately budgeted storage
preflop gpu: 526 nodes, 11 levels, 292 terminals (0 calibrated), 1 forced + 61 frozen nodes, ~71 MB VRAM
ok
test preflop::gpu::behavioral::tests::behavioral_capture_native_zero_and_evaluation_are_exact ... preflop gpu: coupled multiway, 1024 particles, 212 reach CDFs, 32-particle batches, 3 MB CDF scratch
preflop gpu: compact CDF slots 132 of 212, 0.0 MB immutable map
preflop gpu: deployed_prepass reference, 32-particle grouping and HU-cache=true with accurately budgeted storage
preflop gpu: 526 nodes, 11 levels, 292 terminals (0 calibrated), 1 forced + 61 frozen nodes, ~71 MB VRAM
preflop gpu: coupled multiway, 1024 particles, 212 reach CDFs, 32-particle batches, 3 MB CDF scratch
preflop gpu: compact CDF slots 132 of 212, 0.0 MB immutable map
preflop gpu: deployed_prepass reference, 32-particle grouping and HU-cache=true with accurately budgeted storage
preflop gpu: 526 nodes, 11 levels, 292 terminals (0 calibrated), 1 forced + 61 frozen nodes, ~71 MB VRAM
preflop gpu: coupled multiway, 1024 particles, 212 reach CDFs, 32-particle batches, 3 MB CDF scratch
preflop gpu: compact CDF slots 132 of 212, 0.0 MB immutable map
preflop gpu: deployed_prepass reference, 32-particle grouping and HU-cache=true with accurately budgeted storage
preflop gpu: 526 nodes, 11 levels, 292 terminals (0 calibrated), 1 forced + 61 frozen nodes, ~71 MB VRAM
preflop gpu: coupled multiway, 1024 particles, 212 reach CDFs, 32-particle batches, 3 MB CDF scratch
preflop gpu: compact CDF slots 132 of 212, 0.0 MB immutable map
preflop gpu: deployed_prepass reference, 32-particle grouping and HU-cache=true with accurately budgeted storage
preflop gpu: 526 nodes, 11 levels, 292 terminals (0 calibrated), 1 forced + 61 frozen nodes, ~71 MB VRAM
preflop gpu: coupled multiway, 1024 particles, 212 reach CDFs, 32-particle batches, 3 MB CDF scratch
preflop gpu: compact CDF slots 132 of 212, 0.0 MB immutable map
preflop gpu: deployed_prepass reference, 32-particle grouping and HU-cache=true with accurately budgeted storage
preflop gpu: 526 nodes, 11 levels, 292 terminals (0 calibrated), 1 forced + 61 frozen nodes, ~71 MB VRAM
preflop gpu: coupled multiway, 1024 particles, 212 reach CDFs, 32-particle batches, 3 MB CDF scratch
preflop gpu: compact CDF slots 132 of 212, 0.0 MB immutable map
preflop gpu: deployed_prepass reference, 32-particle grouping and HU-cache=true with accurately budgeted storage
preflop gpu: 526 nodes, 11 levels, 292 terminals (0 calibrated), 1 forced + 61 frozen nodes, ~71 MB VRAM
preflop gpu: coupled multiway, 1024 particles, 212 reach CDFs, 32-particle batches, 3 MB CDF scratch
preflop gpu: compact CDF slots 132 of 212, 0.0 MB immutable map
preflop gpu: deployed_prepass reference, 32-particle grouping and HU-cache=true with accurately budgeted storage
preflop gpu: 526 nodes, 11 levels, 292 terminals (0 calibrated), 1 forced + 61 frozen nodes, ~71 MB VRAM
preflop gpu: coupled multiway, 1024 particles, 212 reach CDFs, 32-particle batches, 3 MB CDF scratch
preflop gpu: compact CDF slots 132 of 212, 0.0 MB immutable map
preflop gpu: deployed_prepass reference, 32-particle grouping and HU-cache=true with accurately budgeted storage
preflop gpu: 526 nodes, 11 levels, 292 terminals (0 calibrated), 1 forced + 61 frozen nodes, ~71 MB VRAM
preflop gpu: coupled multiway, 1024 particles, 212 reach CDFs, 32-particle batches, 3 MB CDF scratch
preflop gpu: compact CDF slots 132 of 212, 0.0 MB immutable map
preflop gpu: deployed_prepass reference, 32-particle grouping and HU-cache=true with accurately budgeted storage
preflop gpu: 526 nodes, 11 levels, 292 terminals (0 calibrated), 1 forced + 61 frozen nodes, ~71 MB VRAM
preflop gpu: coupled multiway, 1024 particles, 212 reach CDFs, 32-particle batches, 3 MB CDF scratch
preflop gpu: compact CDF slots 132 of 212, 0.0 MB immutable map
preflop gpu: deployed_prepass reference, 32-particle grouping and HU-cache=true with accurately budgeted storage
preflop gpu: 526 nodes, 11 levels, 292 terminals (129 calibrated), 1 forced + 61 frozen nodes, ~71 MB VRAM
preflop gpu: coupled multiway, 1024 particles, 212 reach CDFs, 32-particle batches, 3 MB CDF scratch
preflop gpu: compact CDF slots 132 of 212, 0.0 MB immutable map
preflop gpu: deployed_prepass reference, 32-particle grouping and HU-cache=true with accurately budgeted storage
preflop gpu: 526 nodes, 11 levels, 292 terminals (129 calibrated), 1 forced + 61 frozen nodes, ~71 MB VRAM
preflop gpu: coupled multiway, 1024 particles, 212 reach CDFs, 32-particle batches, 3 MB CDF scratch
preflop gpu: compact CDF slots 132 of 212, 0.0 MB immutable map
preflop gpu: deployed_prepass reference, 32-particle grouping and HU-cache=true with accurately budgeted storage
preflop gpu: 526 nodes, 11 levels, 292 terminals (129 calibrated), 1 forced + 61 frozen nodes, ~71 MB VRAM
preflop gpu: coupled multiway, 1024 particles, 212 reach CDFs, 32-particle batches, 3 MB CDF scratch
preflop gpu: compact CDF slots 132 of 212, 0.0 MB immutable map
preflop gpu: deployed_prepass reference, 32-particle grouping and HU-cache=true with accurately budgeted storage
preflop gpu: 526 nodes, 11 levels, 292 terminals (129 calibrated), 1 forced + 61 frozen nodes, ~71 MB VRAM
preflop gpu: coupled multiway, 1024 particles, 212 reach CDFs, 32-particle batches, 3 MB CDF scratch
preflop gpu: compact CDF slots 132 of 212, 0.0 MB immutable map
preflop gpu: deployed_prepass reference, 32-particle grouping and HU-cache=true with accurately budgeted storage
preflop gpu: 526 nodes, 11 levels, 292 terminals (129 calibrated), 1 forced + 61 frozen nodes, ~71 MB VRAM
preflop gpu: coupled multiway, 1024 particles, 212 reach CDFs, 32-particle batches, 3 MB CDF scratch
preflop gpu: compact CDF slots 132 of 212, 0.0 MB immutable map
preflop gpu: deployed_prepass reference, 32-particle grouping and HU-cache=true with accurately budgeted storage
preflop gpu: 526 nodes, 11 levels, 292 terminals (129 calibrated), 1 forced + 61 frozen nodes, ~71 MB VRAM
preflop gpu: coupled multiway, 1024 particles, 212 reach CDFs, 32-particle batches, 3 MB CDF scratch
preflop gpu: compact CDF slots 132 of 212, 0.0 MB immutable map
preflop gpu: deployed_prepass reference, 32-particle grouping and HU-cache=true with accurately budgeted storage
preflop gpu: 526 nodes, 11 levels, 292 terminals (129 calibrated), 1 forced + 61 frozen nodes, ~71 MB VRAM
preflop gpu: coupled multiway, 1024 particles, 212 reach CDFs, 32-particle batches, 3 MB CDF scratch
preflop gpu: compact CDF slots 132 of 212, 0.0 MB immutable map
preflop gpu: deployed_prepass reference, 32-particle grouping and HU-cache=true with accurately budgeted storage
preflop gpu: 526 nodes, 11 levels, 292 terminals (129 calibrated), 1 forced + 61 frozen nodes, ~71 MB VRAM
preflop gpu: coupled multiway, 1024 particles, 212 reach CDFs, 32-particle batches, 3 MB CDF scratch
preflop gpu: compact CDF slots 132 of 212, 0.0 MB immutable map
preflop gpu: deployed_prepass reference, 32-particle grouping and HU-cache=true with accurately budgeted storage
preflop gpu: 526 nodes, 11 levels, 292 terminals (129 calibrated), 1 forced + 61 frozen nodes, ~71 MB VRAM
ok
test preflop::gpu::behavioral::tests::behavioral_virtual_action_recursion_matches_all_hands_and_fixed_nodes ... preflop gpu: coupled multiway, 1024 particles, 212 reach CDFs, 32-particle batches, 3 MB CDF scratch
preflop gpu: compact CDF slots 132 of 212, 0.0 MB immutable map
preflop gpu: deployed_prepass reference, 32-particle grouping and HU-cache=true with accurately budgeted storage
preflop gpu: 526 nodes, 11 levels, 292 terminals (0 calibrated), 1 forced + 61 frozen nodes, ~71 MB VRAM
preflop gpu: coupled multiway, 1024 particles, 212 reach CDFs, 32-particle batches, 3 MB CDF scratch
preflop gpu: compact CDF slots 132 of 212, 0.0 MB immutable map
preflop gpu: deployed_prepass reference, 32-particle grouping and HU-cache=true with accurately budgeted storage
preflop gpu: 526 nodes, 11 levels, 292 terminals (0 calibrated), 1 forced + 61 frozen nodes, ~71 MB VRAM
preflop gpu: coupled multiway, 1024 particles, 212 reach CDFs, 32-particle batches, 3 MB CDF scratch
preflop gpu: compact CDF slots 132 of 212, 0.0 MB immutable map
preflop gpu: deployed_prepass reference, 32-particle grouping and HU-cache=true with accurately budgeted storage
preflop gpu: 526 nodes, 11 levels, 292 terminals (0 calibrated), 1 forced + 61 frozen nodes, ~71 MB VRAM
preflop gpu: coupled multiway, 1024 particles, 212 reach CDFs, 32-particle batches, 3 MB CDF scratch
preflop gpu: compact CDF slots 132 of 212, 0.0 MB immutable map
preflop gpu: deployed_prepass reference, 32-particle grouping and HU-cache=true with accurately budgeted storage
preflop gpu: 526 nodes, 11 levels, 292 terminals (0 calibrated), 1 forced + 61 frozen nodes, ~71 MB VRAM
preflop gpu: coupled multiway, 1024 particles, 212 reach CDFs, 32-particle batches, 3 MB CDF scratch
preflop gpu: compact CDF slots 132 of 212, 0.0 MB immutable map
preflop gpu: deployed_prepass reference, 32-particle grouping and HU-cache=true with accurately budgeted storage
preflop gpu: 526 nodes, 11 levels, 292 terminals (0 calibrated), 1 forced + 61 frozen nodes, ~71 MB VRAM
preflop gpu: coupled multiway, 1024 particles, 212 reach CDFs, 32-particle batches, 3 MB CDF scratch
preflop gpu: compact CDF slots 132 of 212, 0.0 MB immutable map
preflop gpu: deployed_prepass reference, 32-particle grouping and HU-cache=true with accurately budgeted storage
preflop gpu: 526 nodes, 11 levels, 292 terminals (0 calibrated), 1 forced + 61 frozen nodes, ~71 MB VRAM
preflop gpu: coupled multiway, 1024 particles, 212 reach CDFs, 32-particle batches, 3 MB CDF scratch
preflop gpu: compact CDF slots 132 of 212, 0.0 MB immutable map
preflop gpu: deployed_prepass reference, 32-particle grouping and HU-cache=true with accurately budgeted storage
preflop gpu: 526 nodes, 11 levels, 292 terminals (0 calibrated), 1 forced + 61 frozen nodes, ~71 MB VRAM
preflop gpu: coupled multiway, 1024 particles, 212 reach CDFs, 32-particle batches, 3 MB CDF scratch
preflop gpu: compact CDF slots 132 of 212, 0.0 MB immutable map
preflop gpu: deployed_prepass reference, 32-particle grouping and HU-cache=true with accurately budgeted storage
preflop gpu: 526 nodes, 11 levels, 292 terminals (0 calibrated), 1 forced + 61 frozen nodes, ~71 MB VRAM
preflop gpu: coupled multiway, 1024 particles, 212 reach CDFs, 32-particle batches, 3 MB CDF scratch
preflop gpu: compact CDF slots 132 of 212, 0.0 MB immutable map
preflop gpu: deployed_prepass reference, 32-particle grouping and HU-cache=true with accurately budgeted storage
preflop gpu: 526 nodes, 11 levels, 292 terminals (0 calibrated), 1 forced + 61 frozen nodes, ~71 MB VRAM
behavioral independent recursion: 798525 regret entries, all 169 hands; eps 0.01/0.05/0.2, repeated own actions, constrained BR, fixed nodes
ok

test result: ok. 3 passed; 0 failed; 0 ignored; 0 measured; 135 filtered out; finished in 4.88s
