preflop gpu: coupled multiway, 1024 particles, 10728 reach CDFs, 32-particle batches, 128 MB CDF scratch
preflop gpu: compact CDF slots 5890 of 10728, 0.3 MB immutable map
preflop gpu: deployed_prepass reference, 32-particle grouping and HU-cache=true with accurately budgeted storage
preflop gpu: 23038 nodes, 17 levels, 12168 terminals (1873 calibrated), 0 forced + 0 frozen nodes, ~263 MB VRAM
BEHAVIORAL_FINISH {"epsilon":"0.01","finishing_iteration":25,"gap":0.032891289183479444,"iteration":1025,"passed":0,"qualified":false,"reset":true}
BEHAVIORAL_FINISH {"epsilon":"0.01","finishing_iteration":50,"gap":0.01836502594233956,"iteration":1050,"passed":0,"qualified":false,"reset":true}
BEHAVIORAL_FINISH {"epsilon":"0.01","finishing_iteration":75,"gap":0.011296781371329237,"iteration":1075,"passed":0,"qualified":false,"reset":true}
BEHAVIORAL_FINISH {"epsilon":"0.01","finishing_iteration":100,"gap":0.007894457023662968,"iteration":1100,"passed":2,"qualified":false,"reset":true}
BEHAVIORAL_FINISH {"epsilon":"0.01","finishing_iteration":125,"gap":0.006295396017354876,"iteration":1125,"passed":2,"qualified":false,"reset":true}
BEHAVIORAL_FINISH {"epsilon":"0.01","finishing_iteration":150,"gap":0.005347218518146735,"iteration":1150,"passed":2,"qualified":false,"reset":true}
BEHAVIORAL_FINISH {"epsilon":"0.01","finishing_iteration":175,"gap":0.004611089752256992,"iteration":1175,"passed":2,"qualified":false,"reset":true}
BEHAVIORAL_FINISH {"epsilon":"0.01","finishing_iteration":200,"gap":0.004139111168969117,"iteration":1200,"passed":3,"qualified":false,"reset":true}
BEHAVIORAL_FINISH {"epsilon":"0.01","finishing_iteration":225,"gap":0.0036708913931122605,"iteration":1225,"passed":3,"qualified":false,"reset":true}
BEHAVIORAL_FINISH {"epsilon":"0.01","finishing_iteration":250,"gap":0.0033350434966752662,"iteration":1250,"passed":3,"qualified":false,"reset":true}
BEHAVIORAL_FINISH {"epsilon":"0.01","finishing_iteration":275,"gap":0.0031073130296969814,"iteration":1275,"passed":3,"qualified":false,"reset":true}
BEHAVIORAL_FINISH {"epsilon":"0.01","finishing_iteration":300,"gap":0.0029904839394540306,"iteration":1300,"passed":3,"qualified":false,"reset":true}
BEHAVIORAL_FINISH {"epsilon":"0.01","finishing_iteration":325,"gap":0.002758225525498259,"iteration":1325,"passed":3,"qualified":false,"reset":true}
BEHAVIORAL_FINISH {"epsilon":"0.01","finishing_iteration":350,"gap":0.0025881001888882482,"iteration":1350,"passed":3,"qualified":false,"reset":true}
BEHAVIORAL_FINISH {"epsilon":"0.01","finishing_iteration":375,"gap":0.00256915776920906,"iteration":1375,"passed":3,"qualified":false,"reset":true}
BEHAVIORAL_FINISH {"epsilon":"0.01","finishing_iteration":400,"gap":0.0024801631031401705,"iteration":1400,"passed":3,"qualified":false,"reset":true}
BEHAVIORAL_FINISH {"epsilon":"0.01","finishing_iteration":425,"gap":0.0024559191955535603,"iteration":1425,"passed":3,"qualified":false,"reset":true}
BEHAVIORAL_FINISH {"epsilon":"0.01","finishing_iteration":450,"gap":0.0021272200063961744,"iteration":1450,"passed":3,"qualified":false,"reset":true}
BEHAVIORAL_FINISH {"epsilon":"0.01","finishing_iteration":475,"gap":0.001854905405279883,"iteration":1475,"passed":4,"qualified":false,"reset":true}
BEHAVIORAL_FINISH {"epsilon":"0.01","finishing_iteration":500,"gap":0.001803757795817082,"iteration":1500,"passed":3,"qualified":false,"reset":true}
BEHAVIORAL_FINISH {"epsilon":"0.01","finishing_iteration":525,"gap":0.001689062455573792,"iteration":1525,"passed":3,"qualified":false,"reset":true}
BEHAVIORAL_FINISH {"epsilon":"0.01","finishing_iteration":550,"gap":0.0015453906312343224,"iteration":1550,"passed":3,"qualified":false,"reset":true}
BEHAVIORAL_FINISH {"epsilon":"0.01","finishing_iteration":575,"gap":0.001432531554787897,"iteration":1575,"passed":4,"qualified":false,"reset":true}
BEHAVIORAL_FINISH {"epsilon":"0.01","finishing_iteration":600,"gap":0.0013150701346518467,"iteration":1600,"passed":4,"qualified":false,"reset":true}
BEHAVIORAL_FINISH {"epsilon":"0.01","finishing_iteration":625,"gap":0.0011965948156821837,"iteration":1625,"passed":4,"qualified":false,"reset":true}
BEHAVIORAL_FINISH {"epsilon":"0.01","finishing_iteration":650,"gap":0.0010966718426397987,"iteration":1650,"passed":4,"qualified":false,"reset":true}
BEHAVIORAL_FINISH {"epsilon":"0.01","finishing_iteration":675,"gap":0.001027045999157275,"iteration":1675,"passed":3,"qualified":false,"reset":true}
BEHAVIORAL_FINISH {"epsilon":"0.01","finishing_iteration":700,"gap":0.0009973221783467073,"iteration":1700,"passed":3,"qualified":false,"reset":true}
BEHAVIORAL_FINISH {"epsilon":"0.01","finishing_iteration":725,"gap":0.0008841541646471412,"iteration":1725,"passed":2,"qualified":false,"reset":true}
BEHAVIORAL_FINISH {"epsilon":"0.01","finishing_iteration":750,"gap":0.0008264924534467505,"iteration":1750,"passed":2,"qualified":false,"reset":true}
BEHAVIORAL_FINISH {"epsilon":"0.01","finishing_iteration":775,"gap":0.0007835424720229606,"iteration":1775,"passed":2,"qualified":false,"reset":true}
BEHAVIORAL_FINISH {"epsilon":"0.01","finishing_iteration":800,"gap":0.0007219339061003,"iteration":1800,"passed":3,"qualified":false,"reset":true}
BEHAVIORAL_FINISH {"epsilon":"0.01","finishing_iteration":825,"gap":0.000719320044990035,"iteration":1825,"passed":3,"qualified":false,"reset":true}
BEHAVIORAL_FINISH {"epsilon":"0.01","finishing_iteration":850,"gap":0.0006898717161482604,"iteration":1850,"passed":3,"qualified":false,"reset":true}
BEHAVIORAL_FINISH {"epsilon":"0.01","finishing_iteration":875,"gap":0.0006498276354125615,"iteration":1875,"passed":3,"qualified":false,"reset":true}
BEHAVIORAL_FINISH {"epsilon":"0.01","finishing_iteration":900,"gap":0.0005929430121975471,"iteration":1900,"passed":3,"qualified":false,"reset":true}
BEHAVIORAL_FINISH {"epsilon":"0.01","finishing_iteration":925,"gap":0.0005492681036713132,"iteration":1925,"passed":3,"qualified":false,"reset":true}
BEHAVIORAL_FINISH {"epsilon":"0.01","finishing_iteration":950,"gap":0.0005530996251855852,"iteration":1950,"passed":3,"qualified":false,"reset":true}
BEHAVIORAL_FINISH {"epsilon":"0.01","finishing_iteration":975,"gap":0.0005490526435119186,"iteration":1975,"passed":3,"qualified":false,"reset":true}
BEHAVIORAL_FINISH {"epsilon":"0.01","finishing_iteration":1000,"gap":0.000514656899756008,"iteration":2000,"passed":3,"qualified":false,"reset":true}
preflop gpu: coupled multiway, 1024 particles, 10728 reach CDFs, 32-particle batches, 128 MB CDF scratch
preflop gpu: compact CDF slots 5890 of 10728, 0.3 MB immutable map
preflop gpu: deployed_prepass reference, 32-particle grouping and HU-cache=true with accurately budgeted storage
preflop gpu: 23038 nodes, 17 levels, 12168 terminals (1873 calibrated), 0 forced + 0 frozen nodes, ~263 MB VRAM
