preflop gpu: coupled multiway, 1024 particles, 10728 reach CDFs, 32-particle batches, 128 MB CDF scratch
preflop gpu: compact CDF slots 5890 of 10728, 0.3 MB immutable map
preflop gpu: deployed_prepass reference, 32-particle grouping and HU-cache=true with accurately budgeted storage
preflop gpu: 23038 nodes, 17 levels, 12168 terminals (1873 calibrated), 0 forced + 0 frozen nodes, ~263 MB VRAM
BEHAVIORAL_FIXED {"constrained_gap":0.017281466113802796,"epsilon":0.05000000074505806,"gap":1.0413870710211741,"iteration":50,"passed":0}
BEHAVIORAL_FIXED {"constrained_gap":0.004334516653862945,"epsilon":0.05000000074505806,"gap":1.028610935284433,"iteration":100,"passed":1}
BEHAVIORAL_FIXED {"constrained_gap":0.002487657645663224,"epsilon":0.05000000074505806,"gap":1.027703958459689,"iteration":150,"passed":0}
BEHAVIORAL_FIXED {"constrained_gap":0.001522191644254595,"epsilon":0.05000000074505806,"gap":1.0273734244700898,"iteration":200,"passed":1}
BEHAVIORAL_FIXED {"constrained_gap":0.0009812430025857297,"epsilon":0.05000000074505806,"gap":1.0253112657489203,"iteration":250,"passed":2}
BEHAVIORAL_FIXED {"constrained_gap":0.0009265680049782866,"epsilon":0.05000000074505806,"gap":1.025274995061598,"iteration":300,"passed":3}
BEHAVIORAL_FIXED {"constrained_gap":0.0015660213425667286,"epsilon":0.05000000074505806,"gap":1.0233585658689202,"iteration":350,"passed":3}
BEHAVIORAL_FIXED {"constrained_gap":0.0012213240968634877,"epsilon":0.05000000074505806,"gap":1.0181824324601199,"iteration":400,"passed":3}
BEHAVIORAL_FIXED {"constrained_gap":0.0007991353191245811,"epsilon":0.05000000074505806,"gap":1.013111422054842,"iteration":450,"passed":4}
BEHAVIORAL_FIXED {"constrained_gap":0.0005404552890540639,"epsilon":0.05000000074505806,"gap":1.0118074459083197,"iteration":500,"passed":4}
BEHAVIORAL_FIXED {"constrained_gap":0.0004544741966362129,"epsilon":0.05000000074505806,"gap":1.0114010708840322,"iteration":550,"passed":5}
BEHAVIORAL_FIXED {"constrained_gap":0.00042125651372653685,"epsilon":0.05000000074505806,"gap":1.011883258409523,"iteration":600,"passed":6}
BEHAVIORAL_FIXED {"constrained_gap":0.00036211882895361043,"epsilon":0.05000000074505806,"gap":1.0128610658149946,"iteration":650,"passed":5}
BEHAVIORAL_FIXED {"constrained_gap":0.0017241887205194503,"epsilon":0.05000000074505806,"gap":1.013628799601174,"iteration":700,"passed":5}
BEHAVIORAL_FIXED {"constrained_gap":0.0029880481922361225,"epsilon":0.05000000074505806,"gap":1.0154993180524492,"iteration":750,"passed":5}
BEHAVIORAL_FIXED {"constrained_gap":0.001484481781813139,"epsilon":0.05000000074505806,"gap":1.0136437468524389,"iteration":800,"passed":5}
BEHAVIORAL_FIXED {"constrained_gap":0.0008091381624900443,"epsilon":0.05000000074505806,"gap":1.012507322273881,"iteration":850,"passed":5}
BEHAVIORAL_FIXED {"constrained_gap":0.0005087139933301897,"epsilon":0.05000000074505806,"gap":1.0127205446582113,"iteration":900,"passed":5}
BEHAVIORAL_FIXED {"constrained_gap":0.00036668991709364366,"epsilon":0.05000000074505806,"gap":1.0131439251933163,"iteration":950,"passed":6}
BEHAVIORAL_FIXED {"constrained_gap":0.00029900230019710213,"epsilon":0.05000000074505806,"gap":1.0137594683048565,"iteration":1000,"passed":6}
preflop gpu: coupled multiway, 1024 particles, 10728 reach CDFs, 32-particle batches, 128 MB CDF scratch
preflop gpu: compact CDF slots 5890 of 10728, 0.3 MB immutable map
preflop gpu: deployed_prepass reference, 32-particle grouping and HU-cache=true with accurately budgeted storage
preflop gpu: 23038 nodes, 17 levels, 12168 terminals (1873 calibrated), 0 forced + 0 frozen nodes, ~263 MB VRAM
