preflop gpu: coupled multiway, 1024 particles, 10728 reach CDFs, 32-particle batches, 128 MB CDF scratch
preflop gpu: compact CDF slots 5890 of 10728, 0.3 MB immutable map
preflop gpu: deployed_prepass reference, 32-particle grouping and HU-cache=true with accurately budgeted storage
preflop gpu: 23038 nodes, 17 levels, 12168 terminals (1873 calibrated), 0 forced + 0 frozen nodes, ~263 MB VRAM
BEHAVIORAL_FINISH {"epsilon":"0.05","finishing_iteration":25,"gap":0.6106121717141875,"iteration":1025,"passed":0,"qualified":false,"reset":true}
BEHAVIORAL_FINISH {"epsilon":"0.05","finishing_iteration":50,"gap":0.3191488675096724,"iteration":1050,"passed":0,"qualified":false,"reset":true}
BEHAVIORAL_FINISH {"epsilon":"0.05","finishing_iteration":75,"gap":0.19550737085353198,"iteration":1075,"passed":0,"qualified":false,"reset":true}
BEHAVIORAL_FINISH {"epsilon":"0.05","finishing_iteration":100,"gap":0.12361732038451739,"iteration":1100,"passed":0,"qualified":false,"reset":true}
BEHAVIORAL_FINISH {"epsilon":"0.05","finishing_iteration":125,"gap":0.07999104824299431,"iteration":1125,"passed":0,"qualified":false,"reset":true}
BEHAVIORAL_FINISH {"epsilon":"0.05","finishing_iteration":150,"gap":0.053970356700874786,"iteration":1150,"passed":0,"qualified":false,"reset":true}
BEHAVIORAL_FINISH {"epsilon":"0.05","finishing_iteration":175,"gap":0.03802725857162112,"iteration":1175,"passed":0,"qualified":false,"reset":true}
BEHAVIORAL_FINISH {"epsilon":"0.05","finishing_iteration":200,"gap":0.027912947171857952,"iteration":1200,"passed":1,"qualified":false,"reset":true}
BEHAVIORAL_FINISH {"epsilon":"0.05","finishing_iteration":225,"gap":0.02092549233774897,"iteration":1225,"passed":1,"qualified":false,"reset":true}
BEHAVIORAL_FINISH {"epsilon":"0.05","finishing_iteration":250,"gap":0.015994668793539835,"iteration":1250,"passed":1,"qualified":false,"reset":true}
BEHAVIORAL_FINISH {"epsilon":"0.05","finishing_iteration":275,"gap":0.012427357210436321,"iteration":1275,"passed":2,"qualified":false,"reset":true}
BEHAVIORAL_FINISH {"epsilon":"0.05","finishing_iteration":300,"gap":0.009780374423857444,"iteration":1300,"passed":2,"qualified":false,"reset":true}
BEHAVIORAL_FINISH {"epsilon":"0.05","finishing_iteration":325,"gap":0.0077443572107924324,"iteration":1325,"passed":2,"qualified":false,"reset":true}
BEHAVIORAL_FINISH {"epsilon":"0.05","finishing_iteration":350,"gap":0.006329776542374904,"iteration":1350,"passed":2,"qualified":false,"reset":true}
BEHAVIORAL_FINISH {"epsilon":"0.05","finishing_iteration":375,"gap":0.005270995045051033,"iteration":1375,"passed":2,"qualified":false,"reset":true}
BEHAVIORAL_FINISH {"epsilon":"0.05","finishing_iteration":400,"gap":0.004427365987549198,"iteration":1400,"passed":2,"qualified":false,"reset":true}
BEHAVIORAL_FINISH {"epsilon":"0.05","finishing_iteration":425,"gap":0.0037261793817349037,"iteration":1425,"passed":2,"qualified":false,"reset":true}
BEHAVIORAL_FINISH {"epsilon":"0.05","finishing_iteration":450,"gap":0.0032673896326882584,"iteration":1450,"passed":2,"qualified":false,"reset":true}
BEHAVIORAL_FINISH {"epsilon":"0.05","finishing_iteration":475,"gap":0.002921160811088286,"iteration":1475,"passed":2,"qualified":false,"reset":true}
BEHAVIORAL_FINISH {"epsilon":"0.05","finishing_iteration":500,"gap":0.002607218087414681,"iteration":1500,"passed":2,"qualified":false,"reset":true}
BEHAVIORAL_FINISH {"epsilon":"0.05","finishing_iteration":525,"gap":0.002399560775010273,"iteration":1525,"passed":2,"qualified":false,"reset":true}
BEHAVIORAL_FINISH {"epsilon":"0.05","finishing_iteration":550,"gap":0.0022103705884322367,"iteration":1550,"passed":2,"qualified":false,"reset":true}
BEHAVIORAL_FINISH {"epsilon":"0.05","finishing_iteration":575,"gap":0.0020274880254501915,"iteration":1575,"passed":2,"qualified":false,"reset":true}
BEHAVIORAL_FINISH {"epsilon":"0.05","finishing_iteration":600,"gap":0.0019245502060091235,"iteration":1600,"passed":2,"qualified":false,"reset":true}
BEHAVIORAL_FINISH {"epsilon":"0.05","finishing_iteration":625,"gap":0.0017931283578526414,"iteration":1625,"passed":2,"qualified":false,"reset":true}
BEHAVIORAL_FINISH {"epsilon":"0.05","finishing_iteration":650,"gap":0.0016710196329726146,"iteration":1650,"passed":2,"qualified":false,"reset":true}
BEHAVIORAL_FINISH {"epsilon":"0.05","finishing_iteration":675,"gap":0.001577387883708703,"iteration":1675,"passed":2,"qualified":false,"reset":true}
BEHAVIORAL_FINISH {"epsilon":"0.05","finishing_iteration":700,"gap":0.0014987096580196396,"iteration":1700,"passed":2,"qualified":false,"reset":true}
BEHAVIORAL_FINISH {"epsilon":"0.05","finishing_iteration":725,"gap":0.0014238365883741805,"iteration":1725,"passed":3,"qualified":false,"reset":true}
BEHAVIORAL_FINISH {"epsilon":"0.05","finishing_iteration":750,"gap":0.0013506351233994324,"iteration":1750,"passed":3,"qualified":false,"reset":true}
BEHAVIORAL_FINISH {"epsilon":"0.05","finishing_iteration":775,"gap":0.001271497661513965,"iteration":1775,"passed":3,"qualified":false,"reset":true}
BEHAVIORAL_FINISH {"epsilon":"0.05","finishing_iteration":800,"gap":0.0012058234799624812,"iteration":1800,"passed":3,"qualified":false,"reset":true}
BEHAVIORAL_FINISH {"epsilon":"0.05","finishing_iteration":825,"gap":0.0011611185390856121,"iteration":1825,"passed":3,"qualified":false,"reset":true}
BEHAVIORAL_FINISH {"epsilon":"0.05","finishing_iteration":850,"gap":0.0011104125339974485,"iteration":1850,"passed":3,"qualified":false,"reset":true}
BEHAVIORAL_FINISH {"epsilon":"0.05","finishing_iteration":875,"gap":0.0010375470810167625,"iteration":1875,"passed":3,"qualified":false,"reset":true}
BEHAVIORAL_FINISH {"epsilon":"0.05","finishing_iteration":900,"gap":0.0009815331853544607,"iteration":1900,"passed":3,"qualified":false,"reset":true}
BEHAVIORAL_FINISH {"epsilon":"0.05","finishing_iteration":925,"gap":0.000915284434008401,"iteration":1925,"passed":3,"qualified":false,"reset":true}
BEHAVIORAL_FINISH {"epsilon":"0.05","finishing_iteration":950,"gap":0.0008957615307415151,"iteration":1950,"passed":3,"qualified":false,"reset":true}
BEHAVIORAL_FINISH {"epsilon":"0.05","finishing_iteration":975,"gap":0.0008883915025435091,"iteration":1975,"passed":3,"qualified":false,"reset":true}
BEHAVIORAL_FINISH {"epsilon":"0.05","finishing_iteration":1000,"gap":0.0008875723437333088,"iteration":2000,"passed":3,"qualified":false,"reset":true}
preflop gpu: coupled multiway, 1024 particles, 10728 reach CDFs, 32-particle batches, 128 MB CDF scratch
preflop gpu: compact CDF slots 5890 of 10728, 0.3 MB immutable map
preflop gpu: deployed_prepass reference, 32-particle grouping and HU-cache=true with accurately budgeted storage
preflop gpu: 23038 nodes, 17 levels, 12168 terminals (1873 calibrated), 0 forced + 0 frozen nodes, ~263 MB VRAM
