preflop gpu: coupled multiway, 1024 particles, 10728 reach CDFs, 32-particle batches, 128 MB CDF scratch
preflop gpu: compact CDF slots 5890 of 10728, 0.3 MB immutable map
preflop gpu: deployed_prepass reference, 32-particle grouping and HU-cache=true with accurately budgeted storage
preflop gpu: 23038 nodes, 17 levels, 12168 terminals (1873 calibrated), 0 forced + 0 frozen nodes, ~263 MB VRAM
BEHAVIORAL_FINISH {"epsilon":"0","finishing_iteration":25,"gap":0.0009244585234094854,"iteration":1025,"passed":3,"qualified":false,"reset":false}
BEHAVIORAL_FINISH {"epsilon":"0","finishing_iteration":50,"gap":0.0008523225187345579,"iteration":1050,"passed":2,"qualified":false,"reset":false}
BEHAVIORAL_FINISH {"epsilon":"0","finishing_iteration":75,"gap":0.0008805588163713213,"iteration":1075,"passed":2,"qualified":false,"reset":false}
BEHAVIORAL_FINISH {"epsilon":"0","finishing_iteration":100,"gap":0.0009178557737307552,"iteration":1100,"passed":2,"qualified":false,"reset":false}
BEHAVIORAL_FINISH {"epsilon":"0","finishing_iteration":125,"gap":0.0008528106223795462,"iteration":1125,"passed":2,"qualified":false,"reset":false}
BEHAVIORAL_FINISH {"epsilon":"0","finishing_iteration":150,"gap":0.0008221429360015797,"iteration":1150,"passed":2,"qualified":false,"reset":false}
BEHAVIORAL_FINISH {"epsilon":"0","finishing_iteration":175,"gap":0.0008473907586219465,"iteration":1175,"passed":3,"qualified":false,"reset":false}
BEHAVIORAL_FINISH {"epsilon":"0","finishing_iteration":200,"gap":0.0008921894051486245,"iteration":1200,"passed":3,"qualified":false,"reset":false}
BEHAVIORAL_FINISH {"epsilon":"0","finishing_iteration":225,"gap":0.0008241904153091506,"iteration":1225,"passed":3,"qualified":false,"reset":false}
BEHAVIORAL_FINISH {"epsilon":"0","finishing_iteration":250,"gap":0.000798405805340574,"iteration":1250,"passed":3,"qualified":false,"reset":false}
BEHAVIORAL_FINISH {"epsilon":"0","finishing_iteration":275,"gap":0.0007296758737832254,"iteration":1275,"passed":3,"qualified":false,"reset":false}
BEHAVIORAL_FINISH {"epsilon":"0","finishing_iteration":300,"gap":0.000697505413554414,"iteration":1300,"passed":3,"qualified":false,"reset":false}
BEHAVIORAL_FINISH {"epsilon":"0","finishing_iteration":325,"gap":0.0007479787412027067,"iteration":1325,"passed":3,"qualified":false,"reset":false}
BEHAVIORAL_FINISH {"epsilon":"0","finishing_iteration":350,"gap":0.000728106409269888,"iteration":1350,"passed":3,"qualified":false,"reset":false}
BEHAVIORAL_FINISH {"epsilon":"0","finishing_iteration":375,"gap":0.0006664606109026278,"iteration":1375,"passed":3,"qualified":false,"reset":false}
BEHAVIORAL_FINISH {"epsilon":"0","finishing_iteration":400,"gap":0.0006664364365178976,"iteration":1400,"passed":3,"qualified":false,"reset":false}
BEHAVIORAL_FINISH {"epsilon":"0","finishing_iteration":425,"gap":0.0006426240370739217,"iteration":1425,"passed":3,"qualified":false,"reset":false}
BEHAVIORAL_FINISH {"epsilon":"0","finishing_iteration":450,"gap":0.0005736487509137994,"iteration":1450,"passed":3,"qualified":false,"reset":false}
BEHAVIORAL_FINISH {"epsilon":"0","finishing_iteration":475,"gap":0.0005753343473406669,"iteration":1475,"passed":3,"qualified":false,"reset":false}
BEHAVIORAL_FINISH {"epsilon":"0","finishing_iteration":500,"gap":0.0005586149284877856,"iteration":1500,"passed":3,"qualified":false,"reset":false}
BEHAVIORAL_FINISH {"epsilon":"0","finishing_iteration":525,"gap":0.000560102534125223,"iteration":1525,"passed":3,"qualified":false,"reset":false}
BEHAVIORAL_FINISH {"epsilon":"0","finishing_iteration":550,"gap":0.0005718246187772502,"iteration":1550,"passed":3,"qualified":false,"reset":false}
BEHAVIORAL_FINISH {"epsilon":"0","finishing_iteration":575,"gap":0.000569907542554815,"iteration":1575,"passed":3,"qualified":false,"reset":false}
BEHAVIORAL_FINISH {"epsilon":"0","finishing_iteration":600,"gap":0.0005279111021805755,"iteration":1600,"passed":3,"qualified":false,"reset":false}
BEHAVIORAL_FINISH {"epsilon":"0","finishing_iteration":625,"gap":0.0005366778932779093,"iteration":1625,"passed":3,"qualified":false,"reset":false}
BEHAVIORAL_FINISH {"epsilon":"0","finishing_iteration":650,"gap":0.000511032951791085,"iteration":1650,"passed":3,"qualified":false,"reset":false}
BEHAVIORAL_FINISH {"epsilon":"0","finishing_iteration":675,"gap":0.0004797578998402552,"iteration":1675,"passed":4,"qualified":false,"reset":false}
BEHAVIORAL_FINISH {"epsilon":"0","finishing_iteration":700,"gap":0.0004783190346365068,"iteration":1700,"passed":4,"qualified":false,"reset":false}
BEHAVIORAL_FINISH {"epsilon":"0","finishing_iteration":725,"gap":0.0004853501190416193,"iteration":1725,"passed":4,"qualified":false,"reset":false}
BEHAVIORAL_FINISH {"epsilon":"0","finishing_iteration":750,"gap":0.0004518869836343392,"iteration":1750,"passed":4,"qualified":false,"reset":false}
BEHAVIORAL_FINISH {"epsilon":"0","finishing_iteration":775,"gap":0.00046992144339810804,"iteration":1775,"passed":4,"qualified":false,"reset":false}
BEHAVIORAL_FINISH {"epsilon":"0","finishing_iteration":800,"gap":0.00045548304863231304,"iteration":1800,"passed":4,"qualified":false,"reset":false}
BEHAVIORAL_FINISH {"epsilon":"0","finishing_iteration":825,"gap":0.00043946695562076254,"iteration":1825,"passed":4,"qualified":false,"reset":false}
BEHAVIORAL_FINISH {"epsilon":"0","finishing_iteration":850,"gap":0.0004297291978995754,"iteration":1850,"passed":4,"qualified":false,"reset":false}
BEHAVIORAL_FINISH {"epsilon":"0","finishing_iteration":875,"gap":0.0004446195402330183,"iteration":1875,"passed":4,"qualified":false,"reset":false}
BEHAVIORAL_FINISH {"epsilon":"0","finishing_iteration":900,"gap":0.00041900469431384313,"iteration":1900,"passed":4,"qualified":false,"reset":false}
BEHAVIORAL_FINISH {"epsilon":"0","finishing_iteration":925,"gap":0.0004254122638507607,"iteration":1925,"passed":4,"qualified":false,"reset":false}
BEHAVIORAL_FINISH {"epsilon":"0","finishing_iteration":950,"gap":0.0004118544895841403,"iteration":1950,"passed":4,"qualified":false,"reset":false}
BEHAVIORAL_FINISH {"epsilon":"0","finishing_iteration":975,"gap":0.0003910292463851217,"iteration":1975,"passed":4,"qualified":false,"reset":false}
BEHAVIORAL_FINISH {"epsilon":"0","finishing_iteration":1000,"gap":0.0003882816190421967,"iteration":2000,"passed":4,"qualified":false,"reset":false}
preflop gpu: coupled multiway, 1024 particles, 10728 reach CDFs, 32-particle batches, 128 MB CDF scratch
preflop gpu: compact CDF slots 5890 of 10728, 0.3 MB immutable map
preflop gpu: deployed_prepass reference, 32-particle grouping and HU-cache=true with accurately budgeted storage
preflop gpu: 23038 nodes, 17 levels, 12168 terminals (1873 calibrated), 0 forced + 0 frozen nodes, ~263 MB VRAM
