preflop gpu: coupled multiway, 1024 particles, 10728 reach CDFs, 32-particle batches, 128 MB CDF scratch
preflop gpu: compact CDF slots 5890 of 10728, 0.3 MB immutable map
preflop gpu: deployed_prepass reference, 32-particle grouping and HU-cache=true with accurately budgeted storage
preflop gpu: 23038 nodes, 17 levels, 12168 terminals (1873 calibrated), 0 forced + 0 frozen nodes, ~263 MB VRAM
BEHAVIORAL_FIXED {"constrained_gap":0.10866660838454632,"epsilon":0.009999999776482582,"gap":0.1853156597811514,"iteration":50,"passed":1}
BEHAVIORAL_FIXED {"constrained_gap":0.06742984060945525,"epsilon":0.009999999776482582,"gap":0.14181005359050997,"iteration":100,"passed":0}
BEHAVIORAL_FIXED {"constrained_gap":0.016432013766767357,"epsilon":0.009999999776482582,"gap":0.08612961674386,"iteration":150,"passed":2}
BEHAVIORAL_FIXED {"constrained_gap":0.0055506329644025515,"epsilon":0.009999999776482582,"gap":0.07467591171671376,"iteration":200,"passed":4}
BEHAVIORAL_FIXED {"constrained_gap":0.0038837243523787523,"epsilon":0.009999999776482582,"gap":0.0732177241649791,"iteration":250,"passed":4}
BEHAVIORAL_FIXED {"constrained_gap":0.002813491436646961,"epsilon":0.009999999776482582,"gap":0.07213489624293344,"iteration":300,"passed":4}
BEHAVIORAL_FIXED {"constrained_gap":0.0023030330617663363,"epsilon":0.009999999776482582,"gap":0.07209108089441943,"iteration":350,"passed":4}
BEHAVIORAL_FIXED {"constrained_gap":0.0020797754053262117,"epsilon":0.009999999776482582,"gap":0.07196779334252176,"iteration":400,"passed":4}
BEHAVIORAL_FIXED {"constrained_gap":0.0016791124686171498,"epsilon":0.009999999776482582,"gap":0.07156773810048042,"iteration":450,"passed":4}
BEHAVIORAL_FIXED {"constrained_gap":0.001513803989055145,"epsilon":0.009999999776482582,"gap":0.07153951476925534,"iteration":500,"passed":4}
BEHAVIORAL_FIXED {"constrained_gap":0.0013381103522402916,"epsilon":0.009999999776482582,"gap":0.07148706091664137,"iteration":550,"passed":4}
BEHAVIORAL_FIXED {"constrained_gap":0.0013533204373082103,"epsilon":0.009999999776482582,"gap":0.07135229745425802,"iteration":600,"passed":4}
BEHAVIORAL_FIXED {"constrained_gap":0.0010791332344434303,"epsilon":0.009999999776482582,"gap":0.07136009362066001,"iteration":650,"passed":4}
BEHAVIORAL_FIXED {"constrained_gap":0.0009827997555031847,"epsilon":0.009999999776482582,"gap":0.0711524444261754,"iteration":700,"passed":4}
BEHAVIORAL_FIXED {"constrained_gap":0.0008921030683347684,"epsilon":0.009999999776482582,"gap":0.07102081709515867,"iteration":750,"passed":4}
BEHAVIORAL_FIXED {"constrained_gap":0.0007984096611329554,"epsilon":0.009999999776482582,"gap":0.07111340916163732,"iteration":800,"passed":4}
BEHAVIORAL_FIXED {"constrained_gap":0.0007624667153882381,"epsilon":0.009999999776482582,"gap":0.07096482032814784,"iteration":850,"passed":4}
BEHAVIORAL_FIXED {"constrained_gap":0.0007321450432828951,"epsilon":0.009999999776482582,"gap":0.07091450566469656,"iteration":900,"passed":4}
BEHAVIORAL_FIXED {"constrained_gap":0.0007713229155197917,"epsilon":0.009999999776482582,"gap":0.07095781800423169,"iteration":950,"passed":4}
BEHAVIORAL_FIXED {"constrained_gap":0.0007124827199542099,"epsilon":0.009999999776482582,"gap":0.07096131705952077,"iteration":1000,"passed":4}
preflop gpu: coupled multiway, 1024 particles, 10728 reach CDFs, 32-particle batches, 128 MB CDF scratch
preflop gpu: compact CDF slots 5890 of 10728, 0.3 MB immutable map
preflop gpu: deployed_prepass reference, 32-particle grouping and HU-cache=true with accurately budgeted storage
preflop gpu: 23038 nodes, 17 levels, 12168 terminals (1873 calibrated), 0 forced + 0 frozen nodes, ~263 MB VRAM
