   Compiling solver v0.1.0 (T:\Dev\GTOpen\target\autoresearch\preflop-convergence-20260911\crates\solver)
    Finished `release` profile [optimized] target(s) in 1m 36s
     Running unittests src\lib.rs (target\release\deps\solver-93fc82d31ffca743.exe)

running 2 tests
test preflop::gpu::behavioral::tests::behavioral_transition_preserves_initializer_and_replays_native_exactly ... preflop gpu: coupled multiway, 1024 particles, 212 reach CDFs, 32-particle batches, 3 MB CDF scratch
preflop gpu: compact CDF slots 132 of 212, 0.0 MB immutable map
preflop gpu: deployed_prepass reference, 32-particle grouping and HU-cache=true with accurately budgeted storage
preflop gpu: 526 nodes, 11 levels, 292 terminals (0 calibrated), 1 forced + 61 frozen nodes, ~71 MB VRAM
preflop gpu: coupled multiway, 1024 particles, 212 reach CDFs, 32-particle batches, 3 MB CDF scratch
preflop gpu: compact CDF slots 132 of 212, 0.0 MB immutable map
preflop gpu: deployed_prepass reference, 32-particle grouping and HU-cache=true with accurately budgeted storage
preflop gpu: 526 nodes, 11 levels, 292 terminals (0 calibrated), 1 forced + 61 frozen nodes, ~71 MB VRAM
preflop gpu: coupled multiway, 1024 particles, 212 reach CDFs, 32-particle batches, 3 MB CDF scratch
preflop gpu: compact CDF slots 132 of 212, 0.0 MB immutable map
preflop gpu: deployed_prepass reference, 32-particle grouping and HU-cache=true with accurately budgeted storage
preflop gpu: 526 nodes, 11 levels, 292 terminals (0 calibrated), 1 forced + 61 frozen nodes, ~71 MB VRAM
preflop gpu: coupled multiway, 1024 particles, 212 reach CDFs, 32-particle batches, 3 MB CDF scratch
preflop gpu: compact CDF slots 132 of 212, 0.0 MB immutable map
preflop gpu: deployed_prepass reference, 32-particle grouping and HU-cache=true with accurately budgeted storage
preflop gpu: 526 nodes, 11 levels, 292 terminals (0 calibrated), 1 forced + 61 frozen nodes, ~71 MB VRAM
preflop gpu: coupled multiway, 1024 particles, 212 reach CDFs, 32-particle batches, 3 MB CDF scratch
preflop gpu: compact CDF slots 132 of 212, 0.0 MB immutable map
preflop gpu: deployed_prepass reference, 32-particle grouping and HU-cache=true with accurately budgeted storage
preflop gpu: 526 nodes, 11 levels, 292 terminals (0 calibrated), 1 forced + 61 frozen nodes, ~71 MB VRAM
preflop gpu: coupled multiway, 1024 particles, 212 reach CDFs, 32-particle batches, 3 MB CDF scratch
preflop gpu: compact CDF slots 132 of 212, 0.0 MB immutable map
preflop gpu: deployed_prepass reference, 32-particle grouping and HU-cache=true with accurately budgeted storage
preflop gpu: 526 nodes, 11 levels, 292 terminals (0 calibrated), 1 forced + 61 frozen nodes, ~71 MB VRAM
preflop gpu: coupled multiway, 1024 particles, 212 reach CDFs, 32-particle batches, 3 MB CDF scratch
preflop gpu: compact CDF slots 132 of 212, 0.0 MB immutable map
preflop gpu: deployed_prepass reference, 32-particle grouping and HU-cache=true with accurately budgeted storage
preflop gpu: 526 nodes, 11 levels, 292 terminals (129 calibrated), 1 forced + 61 frozen nodes, ~71 MB VRAM
preflop gpu: coupled multiway, 1024 particles, 212 reach CDFs, 32-particle batches, 3 MB CDF scratch
preflop gpu: compact CDF slots 132 of 212, 0.0 MB immutable map
preflop gpu: deployed_prepass reference, 32-particle grouping and HU-cache=true with accurately budgeted storage
preflop gpu: 526 nodes, 11 levels, 292 terminals (129 calibrated), 1 forced + 61 frozen nodes, ~71 MB VRAM
preflop gpu: coupled multiway, 1024 particles, 212 reach CDFs, 32-particle batches, 3 MB CDF scratch
preflop gpu: compact CDF slots 132 of 212, 0.0 MB immutable map
preflop gpu: deployed_prepass reference, 32-particle grouping and HU-cache=true with accurately budgeted storage
preflop gpu: 526 nodes, 11 levels, 292 terminals (129 calibrated), 1 forced + 61 frozen nodes, ~71 MB VRAM
preflop gpu: coupled multiway, 1024 particles, 212 reach CDFs, 32-particle batches, 3 MB CDF scratch
preflop gpu: compact CDF slots 132 of 212, 0.0 MB immutable map
preflop gpu: deployed_prepass reference, 32-particle grouping and HU-cache=true with accurately budgeted storage
preflop gpu: 526 nodes, 11 levels, 292 terminals (129 calibrated), 1 forced + 61 frozen nodes, ~71 MB VRAM
preflop gpu: coupled multiway, 1024 particles, 212 reach CDFs, 32-particle batches, 3 MB CDF scratch
preflop gpu: compact CDF slots 132 of 212, 0.0 MB immutable map
preflop gpu: deployed_prepass reference, 32-particle grouping and HU-cache=true with accurately budgeted storage
preflop gpu: 526 nodes, 11 levels, 292 terminals (129 calibrated), 1 forced + 61 frozen nodes, ~71 MB VRAM
preflop gpu: coupled multiway, 1024 particles, 212 reach CDFs, 32-particle batches, 3 MB CDF scratch
preflop gpu: compact CDF slots 132 of 212, 0.0 MB immutable map
preflop gpu: deployed_prepass reference, 32-particle grouping and HU-cache=true with accurately budgeted storage
preflop gpu: 526 nodes, 11 levels, 292 terminals (129 calibrated), 1 forced + 61 frozen nodes, ~71 MB VRAM
ok
test preflop::gpu::behavioral::tests::behavioral_transition_rejects_invalid_or_stopped_before_mutation ... ok

test result: ok. 2 passed; 0 failed; 0 ignored; 0 measured; 138 filtered out; finished in 1.67s
