preflop gpu: coupled multiway, 1024 particles, 10728 reach CDFs, 32-particle batches, 128 MB CDF scratch
preflop gpu: compact CDF slots 5890 of 10728, 0.3 MB immutable map
preflop gpu: deployed_prepass reference, 32-particle grouping and HU-cache=true with accurately budgeted storage
preflop gpu: 23038 nodes, 17 levels, 12168 terminals (1873 calibrated), 0 forced + 0 frozen nodes, ~263 MB VRAM
BEHAVIORAL_FIXED {"constrained_gap":0.15144781196350637,"epsilon":0.0,"gap":0.15144781196350698,"iteration":50,"passed":0}
BEHAVIORAL_FIXED {"constrained_gap":0.04109996777407836,"epsilon":0.0,"gap":0.0410999677740785,"iteration":100,"passed":1}
BEHAVIORAL_FIXED {"constrained_gap":0.010082994122946824,"epsilon":0.0,"gap":0.010082994122947123,"iteration":150,"passed":1}
BEHAVIORAL_FIXED {"constrained_gap":0.006229966356362112,"epsilon":0.0,"gap":0.006229966356361763,"iteration":200,"passed":2}
BEHAVIORAL_FIXED {"constrained_gap":0.004242726006575688,"epsilon":0.0,"gap":0.004242726006576242,"iteration":250,"passed":2}
BEHAVIORAL_FIXED {"constrained_gap":0.0034135839962261567,"epsilon":0.0,"gap":0.0034135839962264186,"iteration":300,"passed":2}
BEHAVIORAL_FIXED {"constrained_gap":0.0026553451537229588,"epsilon":0.0,"gap":0.0026553451537223577,"iteration":350,"passed":2}
BEHAVIORAL_FIXED {"constrained_gap":0.0020785225328024135,"epsilon":0.0,"gap":0.0020785225328020934,"iteration":400,"passed":2}
BEHAVIORAL_FIXED {"constrained_gap":0.001888298900203666,"epsilon":0.0,"gap":0.001888298900203672,"iteration":450,"passed":2}
BEHAVIORAL_FIXED {"constrained_gap":0.0019064800480875408,"epsilon":0.0,"gap":0.0019064800480874389,"iteration":500,"passed":2}
BEHAVIORAL_FIXED {"constrained_gap":0.0019837895239790213,"epsilon":0.0,"gap":0.0019837895239791653,"iteration":550,"passed":2}
BEHAVIORAL_FIXED {"constrained_gap":0.0015383635560031286,"epsilon":0.0,"gap":0.00153836355600373,"iteration":600,"passed":2}
BEHAVIORAL_FIXED {"constrained_gap":0.0017020093925005867,"epsilon":0.0,"gap":0.0017020093925004254,"iteration":650,"passed":2}
BEHAVIORAL_FIXED {"constrained_gap":0.0013965515651857294,"epsilon":0.0,"gap":0.001396551565186352,"iteration":700,"passed":3}
BEHAVIORAL_FIXED {"constrained_gap":0.0014831299236981537,"epsilon":0.0,"gap":0.0014831299236983675,"iteration":750,"passed":3}
BEHAVIORAL_FIXED {"constrained_gap":0.0012374569312992782,"epsilon":0.0,"gap":0.0012374569312992856,"iteration":800,"passed":3}
BEHAVIORAL_FIXED {"constrained_gap":0.0011764648700107237,"epsilon":0.0,"gap":0.001176464870010857,"iteration":850,"passed":3}
BEHAVIORAL_FIXED {"constrained_gap":0.0010573827543461276,"epsilon":0.0,"gap":0.0010573827543471082,"iteration":900,"passed":2}
BEHAVIORAL_FIXED {"constrained_gap":0.0010082355319173556,"epsilon":0.0,"gap":0.0010082355319172565,"iteration":950,"passed":2}
BEHAVIORAL_FIXED {"constrained_gap":0.0009402056681392987,"epsilon":0.0,"gap":0.0009402056681394877,"iteration":1000,"passed":2}
preflop gpu: coupled multiway, 1024 particles, 10728 reach CDFs, 32-particle batches, 128 MB CDF scratch
preflop gpu: compact CDF slots 5890 of 10728, 0.3 MB immutable map
preflop gpu: deployed_prepass reference, 32-particle grouping and HU-cache=true with accurately budgeted storage
preflop gpu: 23038 nodes, 17 levels, 12168 terminals (1873 calibrated), 0 forced + 0 frozen nodes, ~263 MB VRAM
