   Compiling solver v0.1.0 (T:\Dev\GTOpen\target\autoresearch\preflop-convergence-20260911\crates\solver)
    Finished `release` profile [optimized] target(s) in 44.21s
     Running tests\gpu.rs (target\release\deps\gpu-eab8bc6c2cd6ab44.exe)

running 6 tests
test gpu_clairvoyance_closed_form ... ok
test gpu_converges_and_matches_cpu ... ok
test gpu_exploitability_matches_cpu ... ok
test gpu_locked_always_call_kills_bluffs ... ok
test gpu_suit_isomorphism_equivalence ... ok
test gpu_with_compressed_cpu_storage ... ok

test result: ok. 6 passed; 0 failed; 0 ignored; 0 measured; 0 filtered out; finished in 5.74s

     Running tests\preflop_gpu.rs (target\release\deps\preflop_gpu-bce7c06cc8c83a94.exe)

running 13 tests
test gpu_matches_cpu ... ok
test gpu_matches_cpu_calibrated ... ok
test gpu_matches_cpu_coupled_three_way ... ok
test gpu_matches_cpu_equal_blinds ... ok
test gpu_matches_cpu_frozen_hero ... ok
test gpu_matches_cpu_with_adaptive_large_bet_responses ... ok
test gpu_matches_cpu_with_contextual_reraise_profiles ... ok
test gpu_matches_cpu_with_distinct_cold_reraise_policy ... ok
test gpu_matches_cpu_with_limper_count_policies ... ok
test gpu_matches_cpu_with_observed_iso_3bet_and_squeeze_sizes ... ok
test gpu_matches_cpu_with_observed_open_size_distribution ... ok
test gpu_matches_cpu_with_profile_and_lock ... ok
test gpu_push_fold_anchors ... ok

test result: ok. 13 passed; 0 failed; 0 ignored; 0 measured; 0 filtered out; finished in 6.17s
