   Compiling solver v0.1.0 (T:\Dev\GTOpen\target\autoresearch\preflop-convergence-20260911\crates\solver)
    Finished `release` profile [optimized] target(s) in 1m 11s
     Running unittests src\lib.rs (target\release\deps\solver-93fc82d31ffca743.exe)

running 2 tests
test preflop::gpu::cv_research::tests::cv_full_particle_correction_cancels_exactly ... preflop gpu: coupled multiway, 1024 particles, 56 reach CDFs, 32-particle batches, 1 MB CDF scratch
preflop gpu: compact CDF slots 36 of 56, 0.0 MB immutable map
preflop gpu: deployed_prepass reference, 32-particle grouping and HU-cache=true with accurately budgeted storage
preflop gpu: 136 nodes, 8 levels, 72 terminals (0 calibrated), 0 forced + 0 frozen nodes, ~67 MB VRAM
preflop gpu: coupled multiway, 1024 particles, 56 reach CDFs, 32-particle batches, 1 MB CDF scratch
preflop gpu: compact CDF slots 36 of 56, 0.0 MB immutable map
preflop gpu: deployed_prepass reference, 32-particle grouping and HU-cache=true with accurately budgeted storage
preflop gpu: 136 nodes, 8 levels, 72 terminals (0 calibrated), 0 forced + 0 frozen nodes, ~67 MB VRAM
ok
test preflop::gpu::cv_research::tests::cv_refresh_every_iteration_tracks_full_gradient ... preflop gpu: coupled multiway, 1024 particles, 56 reach CDFs, 32-particle batches, 1 MB CDF scratch
preflop gpu: compact CDF slots 36 of 56, 0.0 MB immutable map
preflop gpu: deployed_prepass reference, 32-particle grouping and HU-cache=true with accurately budgeted storage
preflop gpu: 136 nodes, 8 levels, 72 terminals (0 calibrated), 0 forced + 0 frozen nodes, ~67 MB VRAM
preflop gpu: coupled multiway, 1024 particles, 56 reach CDFs, 32-particle batches, 1 MB CDF scratch
preflop gpu: compact CDF slots 36 of 56, 0.0 MB immutable map
preflop gpu: deployed_prepass reference, 32-particle grouping and HU-cache=true with accurately budgeted storage
preflop gpu: 136 nodes, 8 levels, 72 terminals (0 calibrated), 0 forced + 0 frozen nodes, ~67 MB VRAM
CV refresh-one normalized arena error: 0.0000002865469
ok

test result: ok. 2 passed; 0 failed; 0 ignored; 0 measured; 87 filtered out; finished in 1.37s
