preflop gpu: coupled multiway, 1024 particles, 760578 reach CDFs, 30-particle batches, 7917 MB CDF scratch
preflop gpu: compact CDF slots 388082 of 760578, 24.3 MB immutable map
preflop gpu: deployed_prepass reference, 30-particle grouping and HU-cache=true with accurately budgeted storage
preflop gpu: 1567754 nodes, 23 levels, 805640 terminals (119099 calibrated), 0 forced + 0 frozen nodes, ~12547 MB VRAM
LARGE_AVERAGING_DIAGNOSTIC {"elapsed_seconds":46.1171754,"gap":4.748591461311417,"iteration":50,"normalized":true,"passed":1,"qualified":false,"samples":64,"seed":42,"serialization_seconds":0.0058225}
LARGE_AVERAGING_DIAGNOSTIC {"elapsed_seconds":82.4659479,"gap":3.215419378224285,"iteration":100,"normalized":true,"passed":2,"qualified":false,"samples":64,"seed":42,"serialization_seconds":0.0070611}
LARGE_AVERAGING_DIAGNOSTIC {"elapsed_seconds":112.3539076,"gap":1.0548209279164897,"iteration":150,"normalized":true,"passed":6,"qualified":false,"samples":64,"seed":42,"serialization_seconds":0.0054306}
LARGE_AVERAGING_DIAGNOSTIC {"elapsed_seconds":142.5254497,"gap":0.266556612756672,"iteration":200,"normalized":true,"passed":6,"qualified":false,"samples":64,"seed":42,"serialization_seconds":0.0053627}
LARGE_AVERAGING_DIAGNOSTIC {"elapsed_seconds":171.6872021,"gap":0.25435977006526256,"iteration":250,"normalized":true,"passed":4,"qualified":false,"samples":64,"seed":42,"serialization_seconds":0.005846}
LARGE_AVERAGING_DIAGNOSTIC {"elapsed_seconds":201.7400774,"gap":0.8415827119942058,"iteration":300,"normalized":true,"passed":4,"qualified":false,"samples":64,"seed":42,"serialization_seconds":0.0165276}
LARGE_AVERAGING_DIAGNOSTIC {"elapsed_seconds":233.9816456,"gap":0.9759616835996606,"iteration":350,"normalized":true,"passed":4,"qualified":false,"samples":64,"seed":42,"serialization_seconds":0.0063961}
LARGE_AVERAGING_DIAGNOSTIC {"elapsed_seconds":264.8686848,"gap":0.7012869385021469,"iteration":400,"normalized":true,"passed":4,"qualified":false,"samples":64,"seed":42,"serialization_seconds":0.0056508}
LARGE_AVERAGING_DIAGNOSTIC {"elapsed_seconds":293.1012387,"gap":0.45205932053597375,"iteration":450,"normalized":true,"passed":6,"qualified":false,"samples":64,"seed":42,"serialization_seconds":0.0053767}
LARGE_AVERAGING_DIAGNOSTIC {"elapsed_seconds":320.8044644,"gap":0.3749480881028804,"iteration":500,"normalized":true,"passed":6,"qualified":false,"samples":64,"seed":42,"serialization_seconds":0.0059279}
LARGE_AVERAGING_DIAGNOSTIC {"elapsed_seconds":346.8351501,"gap":0.35983783626842375,"iteration":550,"normalized":true,"passed":7,"qualified":false,"samples":64,"seed":42,"serialization_seconds":0.0059209}
LARGE_AVERAGING_DIAGNOSTIC {"elapsed_seconds":373.4267734,"gap":0.3728438599027681,"iteration":600,"normalized":true,"passed":7,"qualified":false,"samples":64,"seed":42,"serialization_seconds":0.005681}
LARGE_AVERAGING_DIAGNOSTIC {"elapsed_seconds":401.1518618,"gap":0.4169314674474954,"iteration":650,"normalized":true,"passed":7,"qualified":false,"samples":64,"seed":42,"serialization_seconds":0.0055997}
LARGE_AVERAGING_DIAGNOSTIC {"elapsed_seconds":431.128717,"gap":0.41814636798313515,"iteration":700,"normalized":true,"passed":10,"qualified":false,"samples":64,"seed":42,"serialization_seconds":0.0057379}
LARGE_AVERAGING_DIAGNOSTIC {"elapsed_seconds":459.2083886,"gap":0.35173548438461216,"iteration":750,"normalized":true,"passed":7,"qualified":false,"samples":64,"seed":42,"serialization_seconds":0.0058312}
LARGE_AVERAGING_DIAGNOSTIC {"elapsed_seconds":489.6918308,"gap":0.3529308866074398,"iteration":800,"normalized":true,"passed":8,"qualified":false,"samples":64,"seed":42,"serialization_seconds":0.0056073}
LARGE_AVERAGING_DIAGNOSTIC {"elapsed_seconds":515.7203475,"gap":0.400255044606376,"iteration":850,"normalized":true,"passed":10,"qualified":false,"samples":64,"seed":42,"serialization_seconds":0.005969}
LARGE_AVERAGING_DIAGNOSTIC {"elapsed_seconds":545.6139916,"gap":0.4253240206138899,"iteration":900,"normalized":true,"passed":10,"qualified":false,"samples":64,"seed":42,"serialization_seconds":0.0067854}
LARGE_AVERAGING_DIAGNOSTIC {"elapsed_seconds":576.1088403,"gap":0.40160456505048225,"iteration":950,"normalized":true,"passed":11,"qualified":false,"samples":64,"seed":42,"serialization_seconds":0.0060185}
LARGE_AVERAGING_DIAGNOSTIC {"elapsed_seconds":605.9615766,"gap":0.38109368007220396,"iteration":1000,"normalized":true,"passed":10,"qualified":false,"samples":64,"seed":42,"serialization_seconds":0.0059134}
LARGE_AVERAGING_DIAGNOSTIC {"elapsed_seconds":631.7710989,"gap":0.457582489894827,"iteration":1050,"normalized":true,"passed":12,"qualified":false,"samples":64,"seed":42,"serialization_seconds":0.0054254}
LARGE_AVERAGING_DIAGNOSTIC {"elapsed_seconds":660.629666,"gap":0.45911360581187677,"iteration":1100,"normalized":true,"passed":11,"qualified":false,"samples":64,"seed":42,"serialization_seconds":0.0059378}
LARGE_AVERAGING_DIAGNOSTIC {"elapsed_seconds":692.415293,"gap":0.4358994745385873,"iteration":1150,"normalized":true,"passed":12,"qualified":false,"samples":64,"seed":42,"serialization_seconds":0.0057656}
LARGE_AVERAGING_DIAGNOSTIC {"elapsed_seconds":724.7808484,"gap":0.39765489486622263,"iteration":1200,"normalized":true,"passed":11,"qualified":false,"samples":64,"seed":42,"serialization_seconds":0.0071906}
LARGE_AVERAGING_DIAGNOSTIC {"elapsed_seconds":755.5087456,"gap":0.45382494609320145,"iteration":1250,"normalized":true,"passed":11,"qualified":false,"samples":64,"seed":42,"serialization_seconds":0.0059337}
LARGE_AVERAGING_DIAGNOSTIC {"elapsed_seconds":779.9281289,"gap":0.493143588851245,"iteration":1300,"normalized":true,"passed":12,"qualified":false,"samples":64,"seed":42,"serialization_seconds":0.0058329}
LARGE_AVERAGING_DIAGNOSTIC {"elapsed_seconds":804.1420689,"gap":0.4552056580031201,"iteration":1350,"normalized":true,"passed":12,"qualified":false,"samples":64,"seed":42,"serialization_seconds":0.0054906}
LARGE_AVERAGING_DIAGNOSTIC {"elapsed_seconds":829.7472631,"gap":0.46317034972416976,"iteration":1400,"normalized":true,"passed":12,"qualified":false,"samples":64,"seed":42,"serialization_seconds":0.005787}
LARGE_AVERAGING_DIAGNOSTIC {"elapsed_seconds":858.9436687,"gap":0.49221485581582375,"iteration":1450,"normalized":true,"passed":12,"qualified":false,"samples":64,"seed":42,"serialization_seconds":0.0063322}
LARGE_AVERAGING_DIAGNOSTIC {"elapsed_seconds":886.1050227,"gap":0.5055644827840929,"iteration":1500,"normalized":true,"passed":12,"qualified":false,"samples":64,"seed":42,"serialization_seconds":0.005557}
LARGE_AVERAGING_DIAGNOSTIC {"elapsed_seconds":916.7980025,"gap":0.4721102301961301,"iteration":1550,"normalized":true,"passed":11,"qualified":false,"samples":64,"seed":42,"serialization_seconds":0.0055855}
LARGE_AVERAGING_DIAGNOSTIC {"elapsed_seconds":947.5263227,"gap":0.4945809367626717,"iteration":1600,"normalized":true,"passed":12,"qualified":false,"samples":64,"seed":42,"serialization_seconds":0.0053406}
LARGE_AVERAGING_DIAGNOSTIC {"elapsed_seconds":974.1255068,"gap":0.5050842442562687,"iteration":1650,"normalized":true,"passed":11,"qualified":false,"samples":64,"seed":42,"serialization_seconds":0.0060298}
LARGE_AVERAGING_DIAGNOSTIC {"elapsed_seconds":997.9113745,"gap":0.4957761996325614,"iteration":1700,"normalized":true,"passed":12,"qualified":false,"samples":64,"seed":42,"serialization_seconds":0.0071497}
LARGE_AVERAGING_DIAGNOSTIC {"elapsed_seconds":1026.4204392,"gap":0.5029204696340834,"iteration":1750,"normalized":true,"passed":12,"qualified":false,"samples":64,"seed":42,"serialization_seconds":0.0056704}
LARGE_AVERAGING_DIAGNOSTIC {"elapsed_seconds":1052.2881729,"gap":0.5053084901851473,"iteration":1800,"normalized":true,"passed":12,"qualified":false,"samples":64,"seed":42,"serialization_seconds":0.0057578}
LARGE_AVERAGING_DIAGNOSTIC {"elapsed_seconds":1080.2185387,"gap":0.49537792778159,"iteration":1850,"normalized":true,"passed":12,"qualified":false,"samples":64,"seed":42,"serialization_seconds":0.005683}
LARGE_AVERAGING_DIAGNOSTIC {"elapsed_seconds":1110.2216567,"gap":0.4903984375358123,"iteration":1900,"normalized":true,"passed":12,"qualified":false,"samples":64,"seed":42,"serialization_seconds":0.0058269}
LARGE_AVERAGING_DIAGNOSTIC {"elapsed_seconds":1139.0375941,"gap":0.5026950614832891,"iteration":1950,"normalized":true,"passed":12,"qualified":false,"samples":64,"seed":42,"serialization_seconds":0.0057581}
LARGE_AVERAGING_DIAGNOSTIC {"elapsed_seconds":1167.1700544,"gap":0.510071287919746,"iteration":2000,"normalized":true,"passed":12,"qualified":false,"samples":64,"seed":42,"serialization_seconds":0.0057689}
LARGE_AVERAGING_DIAGNOSTIC {"elapsed_seconds":1195.2718418,"gap":0.48514621086286286,"iteration":2050,"normalized":true,"passed":12,"qualified":false,"samples":64,"seed":42,"serialization_seconds":0.0054427}
LARGE_AVERAGING_DIAGNOSTIC {"elapsed_seconds":1225.6105431,"gap":0.4860687428459426,"iteration":2100,"normalized":true,"passed":12,"qualified":false,"samples":64,"seed":42,"serialization_seconds":0.0054358}
LARGE_AVERAGING_DIAGNOSTIC {"elapsed_seconds":1254.7857696,"gap":0.492139669878093,"iteration":2150,"normalized":true,"passed":12,"qualified":false,"samples":64,"seed":42,"serialization_seconds":0.0056281}
LARGE_AVERAGING_DIAGNOSTIC {"elapsed_seconds":1282.9064134,"gap":0.48784672844760696,"iteration":2200,"normalized":true,"passed":12,"qualified":false,"samples":64,"seed":42,"serialization_seconds":0.005832}
LARGE_AVERAGING_DIAGNOSTIC {"elapsed_seconds":1310.9595971,"gap":0.4806744630233969,"iteration":2250,"normalized":true,"passed":12,"qualified":false,"samples":64,"seed":42,"serialization_seconds":0.0059081}
LARGE_AVERAGING_DIAGNOSTIC {"elapsed_seconds":1338.9481296,"gap":0.4790860648348209,"iteration":2300,"normalized":true,"passed":12,"qualified":false,"samples":64,"seed":42,"serialization_seconds":0.0054606}
LARGE_AVERAGING_DIAGNOSTIC {"elapsed_seconds":1367.147748,"gap":0.4852523766445585,"iteration":2350,"normalized":true,"passed":12,"qualified":false,"samples":64,"seed":42,"serialization_seconds":0.0055805}
LARGE_AVERAGING_DIAGNOSTIC {"elapsed_seconds":1390.4363417,"gap":0.4826887579241453,"iteration":2400,"normalized":true,"passed":12,"qualified":false,"samples":64,"seed":42,"serialization_seconds":0.0053495}
LARGE_AVERAGING_DIAGNOSTIC {"elapsed_seconds":1412.9737003,"gap":0.4862373434056279,"iteration":2450,"normalized":true,"passed":12,"qualified":false,"samples":64,"seed":42,"serialization_seconds":0.0057531}
LARGE_AVERAGING_DIAGNOSTIC {"elapsed_seconds":1435.7929058,"gap":0.4766139637239818,"iteration":2500,"normalized":true,"passed":12,"qualified":false,"samples":64,"seed":42,"serialization_seconds":0.0056527}
LARGE_AVERAGING_DIAGNOSTIC {"elapsed_seconds":1464.2425364,"gap":0.4751736892380231,"iteration":2550,"normalized":true,"passed":12,"qualified":false,"samples":64,"seed":42,"serialization_seconds":0.0056675}
LARGE_AVERAGING_DIAGNOSTIC {"elapsed_seconds":1488.9056149,"gap":0.4684768270862302,"iteration":2600,"normalized":true,"passed":12,"qualified":false,"samples":64,"seed":42,"serialization_seconds":0.0053427}
LARGE_AVERAGING_DIAGNOSTIC {"elapsed_seconds":1513.9830279,"gap":0.47204893687086025,"iteration":2650,"normalized":true,"passed":12,"qualified":false,"samples":64,"seed":42,"serialization_seconds":0.0053435}
LARGE_AVERAGING_DIAGNOSTIC {"elapsed_seconds":1541.8614755,"gap":0.4674998295604233,"iteration":2700,"normalized":true,"passed":12,"qualified":false,"samples":64,"seed":42,"serialization_seconds":0.0155019}
LARGE_AVERAGING_DIAGNOSTIC {"elapsed_seconds":1564.8801462,"gap":0.4731512864091843,"iteration":2750,"normalized":true,"passed":12,"qualified":false,"samples":64,"seed":42,"serialization_seconds":0.0057791}
LARGE_AVERAGING_DIAGNOSTIC {"elapsed_seconds":1587.5334367,"gap":0.47404687206982127,"iteration":2800,"normalized":true,"passed":12,"qualified":false,"samples":64,"seed":42,"serialization_seconds":0.0056937}
LARGE_AVERAGING_DIAGNOSTIC {"elapsed_seconds":1611.2519768,"gap":0.47392018448155465,"iteration":2850,"normalized":true,"passed":12,"qualified":false,"samples":64,"seed":42,"serialization_seconds":0.0055328}
LARGE_AVERAGING_DIAGNOSTIC {"elapsed_seconds":1635.3303851,"gap":0.4710423369417676,"iteration":2900,"normalized":true,"passed":12,"qualified":false,"samples":64,"seed":42,"serialization_seconds":0.0055844}
LARGE_AVERAGING_DIAGNOSTIC {"elapsed_seconds":1659.4216294,"gap":0.4731163642830197,"iteration":2950,"normalized":true,"passed":12,"qualified":false,"samples":64,"seed":42,"serialization_seconds":0.0052686}
LARGE_AVERAGING_DIAGNOSTIC {"elapsed_seconds":1682.9781637,"gap":0.4694373433821599,"iteration":3000,"normalized":true,"passed":12,"qualified":false,"samples":64,"seed":42,"serialization_seconds":0.0055668}
