preflop gpu: coupled multiway, 1024 particles, 760578 reach CDFs, 32-particle batches, 8445 MB CDF scratch
preflop gpu: compact CDF slots 388082 of 760578, 24.3 MB immutable map
preflop gpu: deployed_prepass reference, 32-particle grouping and HU-cache=true with accurately budgeted storage
preflop gpu: 1567754 nodes, 23 levels, 805640 terminals (119099 calibrated), 0 forced + 0 frozen nodes, ~13075 MB VRAM
UPSTREAM {"cycle":0,"seconds":100.7060758}
preflop gpu: coupled multiway, 1024 particles, 127 reach CDFs, 32-particle batches, 2 MB CDF scratch
preflop gpu: compact CDF slots 84 of 127, 0.0 MB immutable map
preflop gpu: deployed_prepass reference, 32-particle grouping and HU-cache=true with accurately budgeted storage
preflop gpu: 291 nodes, 7 levels, 160 terminals (51 calibrated), 0 forced + 0 frozen nodes, ~69 MB VRAM
DOWNSTREAM {"cycle":0,"iterations":1000,"passes":true,"path":[2,0,0,0,0],"seconds":2.1969508}
preflop gpu: coupled multiway, 1024 particles, 32 reach CDFs, 32-particle batches, 1 MB CDF scratch
preflop gpu: compact CDF slots 27 of 32, 0.0 MB immutable map
preflop gpu: deployed_prepass reference, 32-particle grouping and HU-cache=true with accurately budgeted storage
preflop gpu: 63 nodes, 5 levels, 34 terminals (9 calibrated), 0 forced + 0 frozen nodes, ~67 MB VRAM
DOWNSTREAM {"cycle":0,"iterations":1000,"passes":true,"path":[2,0,0,0,0,1,1],"seconds":1.8410885000000001}
preflop gpu: coupled multiway, 1024 particles, 127 reach CDFs, 32-particle batches, 2 MB CDF scratch
preflop gpu: compact CDF slots 84 of 127, 0.0 MB immutable map
preflop gpu: deployed_prepass reference, 32-particle grouping and HU-cache=true with accurately budgeted storage
preflop gpu: 291 nodes, 7 levels, 160 terminals (51 calibrated), 0 forced + 0 frozen nodes, ~69 MB VRAM
DOWNSTREAM {"cycle":0,"iterations":1000,"passes":true,"path":[3,0,0,0,0],"seconds":2.0517752}
preflop gpu: coupled multiway, 1024 particles, 73 reach CDFs, 32-particle batches, 1 MB CDF scratch
preflop gpu: compact CDF slots 51 of 73, 0.0 MB immutable map
preflop gpu: deployed_prepass reference, 32-particle grouping and HU-cache=true with accurately budgeted storage
preflop gpu: 155 nodes, 6 levels, 84 terminals (25 calibrated), 0 forced + 0 frozen nodes, ~68 MB VRAM
DOWNSTREAM {"cycle":0,"iterations":1000,"passes":true,"path":[3,0,0,0,0,1],"seconds":1.9739307}
preflop gpu: coupled multiway, 1024 particles, 32 reach CDFs, 32-particle batches, 1 MB CDF scratch
preflop gpu: compact CDF slots 27 of 32, 0.0 MB immutable map
preflop gpu: deployed_prepass reference, 32-particle grouping and HU-cache=true with accurately budgeted storage
preflop gpu: 63 nodes, 5 levels, 34 terminals (9 calibrated), 0 forced + 0 frozen nodes, ~67 MB VRAM
DOWNSTREAM {"cycle":0,"iterations":1000,"passes":true,"path":[3,0,0,0,0,1,1],"seconds":1.8374358}
preflop gpu: coupled multiway, 1024 particles, 7 reach CDFs, 32-particle batches, 0 MB CDF scratch
preflop gpu: compact CDF slots 6 of 7, 0.0 MB immutable map
preflop gpu: deployed_prepass reference, 32-particle grouping and HU-cache=true with accurately budgeted storage
preflop gpu: 15 nodes, 4 levels, 8 terminals (3 calibrated), 0 forced + 0 frozen nodes, ~66 MB VRAM
DOWNSTREAM {"cycle":0,"iterations":1000,"passes":true,"path":[3,0,0,0,0,2],"seconds":1.7463602}
preflop gpu: coupled multiway, 1024 particles, 903 reach CDFs, 32-particle batches, 12 MB CDF scratch
preflop gpu: compact CDF slots 554 of 903, 0.0 MB immutable map
preflop gpu: deployed_prepass reference, 32-particle grouping and HU-cache=true with accurately budgeted storage
preflop gpu: 2112 nodes, 10 levels, 1170 terminals (374 calibrated), 0 forced + 0 frozen nodes, ~85 MB VRAM
DOWNSTREAM {"cycle":0,"iterations":1000,"passes":true,"path":[1,0,0,0,0],"seconds":4.2794812}
preflop gpu: coupled multiway, 1024 particles, 3400 reach CDFs, 32-particle batches, 44 MB CDF scratch
preflop gpu: compact CDF slots 2006 of 3400, 0.1 MB immutable map
preflop gpu: deployed_prepass reference, 32-particle grouping and HU-cache=true with accurately budgeted storage
preflop gpu: 7360 nodes, 12 levels, 3922 terminals (1002 calibrated), 0 forced + 0 frozen nodes, ~132 MB VRAM
DOWNSTREAM {"cycle":0,"iterations":1000,"passes":true,"path":[1,1,0,0,0],"seconds":13.0807419}
preflop gpu: coupled multiway, 1024 particles, 11561 reach CDFs, 32-particle batches, 147 MB CDF scratch
preflop gpu: compact CDF slots 6743 of 11561, 0.4 MB immutable map
preflop gpu: deployed_prepass reference, 32-particle grouping and HU-cache=true with accurately budgeted storage
preflop gpu: 24192 nodes, 14 levels, 12594 terminals (2470 calibrated), 0 forced + 0 frozen nodes, ~286 MB VRAM
DOWNSTREAM {"cycle":0,"iterations":1000,"passes":true,"path":[1,1,1,0,0],"seconds":33.9905723}
preflop gpu: coupled multiway, 1024 particles, 760578 reach CDFs, 32-particle batches, 8445 MB CDF scratch
preflop gpu: compact CDF slots 388082 of 760578, 24.3 MB immutable map
preflop gpu: deployed_prepass reference, 32-particle grouping and HU-cache=true with accurately budgeted storage
preflop gpu: 1567754 nodes, 23 levels, 805640 terminals (119099 calibrated), 0 forced + 0 frozen nodes, ~13075 MB VRAM
CYCLE {"cycle":0,"gap":0.28863085827087454,"passed":26,"qualified":false}
preflop gpu: coupled multiway, 1024 particles, 760578 reach CDFs, 32-particle batches, 8445 MB CDF scratch
preflop gpu: compact CDF slots 388082 of 760578, 24.3 MB immutable map
preflop gpu: deployed_prepass reference, 32-particle grouping and HU-cache=true with accurately budgeted storage
preflop gpu: 1567754 nodes, 23 levels, 805640 terminals (119099 calibrated), 0 forced + 0 frozen nodes, ~13075 MB VRAM
UPSTREAM {"cycle":1,"seconds":101.113548}
preflop gpu: coupled multiway, 1024 particles, 127 reach CDFs, 32-particle batches, 2 MB CDF scratch
preflop gpu: compact CDF slots 84 of 127, 0.0 MB immutable map
preflop gpu: deployed_prepass reference, 32-particle grouping and HU-cache=true with accurately budgeted storage
preflop gpu: 291 nodes, 7 levels, 160 terminals (51 calibrated), 0 forced + 0 frozen nodes, ~69 MB VRAM
DOWNSTREAM {"cycle":1,"iterations":1000,"passes":true,"path":[2,0,0,0,0],"seconds":2.3026421}
preflop gpu: coupled multiway, 1024 particles, 73 reach CDFs, 32-particle batches, 1 MB CDF scratch
preflop gpu: compact CDF slots 51 of 73, 0.0 MB immutable map
preflop gpu: deployed_prepass reference, 32-particle grouping and HU-cache=true with accurately budgeted storage
preflop gpu: 155 nodes, 6 levels, 84 terminals (25 calibrated), 0 forced + 0 frozen nodes, ~68 MB VRAM
DOWNSTREAM {"cycle":1,"iterations":1000,"passes":true,"path":[2,0,0,0,0,1],"seconds":2.0657078}
preflop gpu: coupled multiway, 1024 particles, 127 reach CDFs, 32-particle batches, 2 MB CDF scratch
preflop gpu: compact CDF slots 84 of 127, 0.0 MB immutable map
preflop gpu: deployed_prepass reference, 32-particle grouping and HU-cache=true with accurately budgeted storage
preflop gpu: 291 nodes, 7 levels, 160 terminals (51 calibrated), 0 forced + 0 frozen nodes, ~69 MB VRAM
DOWNSTREAM {"cycle":1,"iterations":1000,"passes":true,"path":[3,0,0,0,0],"seconds":2.0727744}
preflop gpu: coupled multiway, 1024 particles, 73 reach CDFs, 32-particle batches, 1 MB CDF scratch
preflop gpu: compact CDF slots 51 of 73, 0.0 MB immutable map
preflop gpu: deployed_prepass reference, 32-particle grouping and HU-cache=true with accurately budgeted storage
preflop gpu: 155 nodes, 6 levels, 84 terminals (25 calibrated), 0 forced + 0 frozen nodes, ~68 MB VRAM
DOWNSTREAM {"cycle":1,"iterations":1000,"passes":true,"path":[3,0,0,0,0,1],"seconds":1.9862372000000001}
preflop gpu: coupled multiway, 1024 particles, 903 reach CDFs, 32-particle batches, 12 MB CDF scratch
preflop gpu: compact CDF slots 554 of 903, 0.0 MB immutable map
preflop gpu: deployed_prepass reference, 32-particle grouping and HU-cache=true with accurately budgeted storage
preflop gpu: 2112 nodes, 10 levels, 1170 terminals (374 calibrated), 0 forced + 0 frozen nodes, ~85 MB VRAM
DOWNSTREAM {"cycle":1,"iterations":1000,"passes":true,"path":[1,0,0,0,0],"seconds":3.8027357999999998}
preflop gpu: coupled multiway, 1024 particles, 3400 reach CDFs, 32-particle batches, 44 MB CDF scratch
preflop gpu: compact CDF slots 2006 of 3400, 0.1 MB immutable map
preflop gpu: deployed_prepass reference, 32-particle grouping and HU-cache=true with accurately budgeted storage
preflop gpu: 7360 nodes, 12 levels, 3922 terminals (1002 calibrated), 0 forced + 0 frozen nodes, ~132 MB VRAM
DOWNSTREAM {"cycle":1,"iterations":1000,"passes":true,"path":[1,1,0,0,0],"seconds":12.107026}
preflop gpu: coupled multiway, 1024 particles, 11561 reach CDFs, 32-particle batches, 147 MB CDF scratch
preflop gpu: compact CDF slots 6743 of 11561, 0.4 MB immutable map
preflop gpu: deployed_prepass reference, 32-particle grouping and HU-cache=true with accurately budgeted storage
preflop gpu: 24192 nodes, 14 levels, 12594 terminals (2470 calibrated), 0 forced + 0 frozen nodes, ~286 MB VRAM
DOWNSTREAM {"cycle":1,"iterations":1000,"passes":true,"path":[1,1,1,0,0],"seconds":40.5292824}
preflop gpu: coupled multiway, 1024 particles, 760578 reach CDFs, 32-particle batches, 8445 MB CDF scratch
preflop gpu: compact CDF slots 388082 of 760578, 24.3 MB immutable map
preflop gpu: deployed_prepass reference, 32-particle grouping and HU-cache=true with accurately budgeted storage
preflop gpu: 1567754 nodes, 23 levels, 805640 terminals (119099 calibrated), 0 forced + 0 frozen nodes, ~13075 MB VRAM
CYCLE {"cycle":1,"gap":0.1907721764791275,"passed":27,"qualified":false}
preflop gpu: coupled multiway, 1024 particles, 760578 reach CDFs, 32-particle batches, 8445 MB CDF scratch
preflop gpu: compact CDF slots 388082 of 760578, 24.3 MB immutable map
preflop gpu: deployed_prepass reference, 32-particle grouping and HU-cache=true with accurately budgeted storage
preflop gpu: 1567754 nodes, 23 levels, 805640 terminals (119099 calibrated), 0 forced + 0 frozen nodes, ~13075 MB VRAM
UPSTREAM {"cycle":2,"seconds":99.8099854}
preflop gpu: coupled multiway, 1024 particles, 127 reach CDFs, 32-particle batches, 2 MB CDF scratch
preflop gpu: compact CDF slots 84 of 127, 0.0 MB immutable map
preflop gpu: deployed_prepass reference, 32-particle grouping and HU-cache=true with accurately budgeted storage
preflop gpu: 291 nodes, 7 levels, 160 terminals (51 calibrated), 0 forced + 0 frozen nodes, ~69 MB VRAM
DOWNSTREAM {"cycle":2,"iterations":1000,"passes":true,"path":[2,0,0,0,0],"seconds":2.2770077}
preflop gpu: coupled multiway, 1024 particles, 73 reach CDFs, 32-particle batches, 1 MB CDF scratch
preflop gpu: compact CDF slots 51 of 73, 0.0 MB immutable map
preflop gpu: deployed_prepass reference, 32-particle grouping and HU-cache=true with accurately budgeted storage
preflop gpu: 155 nodes, 6 levels, 84 terminals (25 calibrated), 0 forced + 0 frozen nodes, ~68 MB VRAM
DOWNSTREAM {"cycle":2,"iterations":1000,"passes":true,"path":[2,0,0,0,0,1],"seconds":2.0171637}
preflop gpu: coupled multiway, 1024 particles, 32 reach CDFs, 32-particle batches, 1 MB CDF scratch
preflop gpu: compact CDF slots 27 of 32, 0.0 MB immutable map
preflop gpu: deployed_prepass reference, 32-particle grouping and HU-cache=true with accurately budgeted storage
preflop gpu: 63 nodes, 5 levels, 34 terminals (9 calibrated), 0 forced + 0 frozen nodes, ~67 MB VRAM
DOWNSTREAM {"cycle":2,"iterations":1000,"passes":false,"path":[2,0,0,0,0,1,1],"seconds":1.8422481}
preflop gpu: coupled multiway, 1024 particles, 32 reach CDFs, 32-particle batches, 1 MB CDF scratch
preflop gpu: compact CDF slots 27 of 32, 0.0 MB immutable map
preflop gpu: deployed_prepass reference, 32-particle grouping and HU-cache=true with accurately budgeted storage
preflop gpu: 63 nodes, 5 levels, 34 terminals (9 calibrated), 0 forced + 0 frozen nodes, ~67 MB VRAM
DOWNSTREAM {"cycle":2,"iterations":4000,"passes":true,"path":[2,0,0,0,0,1,1],"seconds":7.1025793}
preflop gpu: coupled multiway, 1024 particles, 127 reach CDFs, 32-particle batches, 2 MB CDF scratch
preflop gpu: compact CDF slots 84 of 127, 0.0 MB immutable map
preflop gpu: deployed_prepass reference, 32-particle grouping and HU-cache=true with accurately budgeted storage
preflop gpu: 291 nodes, 7 levels, 160 terminals (51 calibrated), 0 forced + 0 frozen nodes, ~69 MB VRAM
DOWNSTREAM {"cycle":2,"iterations":1000,"passes":true,"path":[3,0,0,0,0],"seconds":2.0721123}
preflop gpu: coupled multiway, 1024 particles, 73 reach CDFs, 32-particle batches, 1 MB CDF scratch
preflop gpu: compact CDF slots 51 of 73, 0.0 MB immutable map
preflop gpu: deployed_prepass reference, 32-particle grouping and HU-cache=true with accurately budgeted storage
preflop gpu: 155 nodes, 6 levels, 84 terminals (25 calibrated), 0 forced + 0 frozen nodes, ~68 MB VRAM
DOWNSTREAM {"cycle":2,"iterations":1000,"passes":true,"path":[3,0,0,0,0,1],"seconds":2.0053671}
preflop gpu: coupled multiway, 1024 particles, 32 reach CDFs, 32-particle batches, 1 MB CDF scratch
preflop gpu: compact CDF slots 27 of 32, 0.0 MB immutable map
preflop gpu: deployed_prepass reference, 32-particle grouping and HU-cache=true with accurately budgeted storage
preflop gpu: 63 nodes, 5 levels, 34 terminals (9 calibrated), 0 forced + 0 frozen nodes, ~67 MB VRAM
DOWNSTREAM {"cycle":2,"iterations":1000,"passes":false,"path":[3,0,0,0,0,1,1],"seconds":1.8644844}
preflop gpu: coupled multiway, 1024 particles, 32 reach CDFs, 32-particle batches, 1 MB CDF scratch
preflop gpu: compact CDF slots 27 of 32, 0.0 MB immutable map
preflop gpu: deployed_prepass reference, 32-particle grouping and HU-cache=true with accurately budgeted storage
preflop gpu: 63 nodes, 5 levels, 34 terminals (9 calibrated), 0 forced + 0 frozen nodes, ~67 MB VRAM
DOWNSTREAM {"cycle":2,"iterations":4000,"passes":false,"path":[3,0,0,0,0,1,1],"seconds":7.1479658}
preflop gpu: coupled multiway, 1024 particles, 903 reach CDFs, 32-particle batches, 12 MB CDF scratch
preflop gpu: compact CDF slots 554 of 903, 0.0 MB immutable map
preflop gpu: deployed_prepass reference, 32-particle grouping and HU-cache=true with accurately budgeted storage
preflop gpu: 2112 nodes, 10 levels, 1170 terminals (374 calibrated), 0 forced + 0 frozen nodes, ~85 MB VRAM
DOWNSTREAM {"cycle":2,"iterations":1000,"passes":true,"path":[1,0,0,0,0],"seconds":3.7842919999999998}
preflop gpu: coupled multiway, 1024 particles, 3400 reach CDFs, 32-particle batches, 44 MB CDF scratch
preflop gpu: compact CDF slots 2006 of 3400, 0.1 MB immutable map
preflop gpu: deployed_prepass reference, 32-particle grouping and HU-cache=true with accurately budgeted storage
preflop gpu: 7360 nodes, 12 levels, 3922 terminals (1002 calibrated), 0 forced + 0 frozen nodes, ~132 MB VRAM
DOWNSTREAM {"cycle":2,"iterations":1000,"passes":true,"path":[1,1,0,0,0],"seconds":12.6406962}
preflop gpu: coupled multiway, 1024 particles, 11561 reach CDFs, 32-particle batches, 147 MB CDF scratch
preflop gpu: compact CDF slots 6743 of 11561, 0.4 MB immutable map
preflop gpu: deployed_prepass reference, 32-particle grouping and HU-cache=true with accurately budgeted storage
preflop gpu: 24192 nodes, 14 levels, 12594 terminals (2470 calibrated), 0 forced + 0 frozen nodes, ~286 MB VRAM
DOWNSTREAM {"cycle":2,"iterations":1000,"passes":true,"path":[1,1,1,0,0],"seconds":36.6481899}
preflop gpu: coupled multiway, 1024 particles, 760578 reach CDFs, 32-particle batches, 8445 MB CDF scratch
preflop gpu: compact CDF slots 388082 of 760578, 24.3 MB immutable map
preflop gpu: deployed_prepass reference, 32-particle grouping and HU-cache=true with accurately budgeted storage
preflop gpu: 1567754 nodes, 23 levels, 805640 terminals (119099 calibrated), 0 forced + 0 frozen nodes, ~13075 MB VRAM
CYCLE {"cycle":2,"gap":0.139391541354177,"passed":26,"qualified":false}
preflop gpu: coupled multiway, 1024 particles, 760578 reach CDFs, 32-particle batches, 8445 MB CDF scratch
preflop gpu: compact CDF slots 388082 of 760578, 24.3 MB immutable map
preflop gpu: deployed_prepass reference, 32-particle grouping and HU-cache=true with accurately budgeted storage
preflop gpu: 1567754 nodes, 23 levels, 805640 terminals (119099 calibrated), 0 forced + 0 frozen nodes, ~13075 MB VRAM
UPSTREAM {"cycle":3,"seconds":98.8900551}
preflop gpu: coupled multiway, 1024 particles, 127 reach CDFs, 32-particle batches, 2 MB CDF scratch
preflop gpu: compact CDF slots 84 of 127, 0.0 MB immutable map
preflop gpu: deployed_prepass reference, 32-particle grouping and HU-cache=true with accurately budgeted storage
preflop gpu: 291 nodes, 7 levels, 160 terminals (51 calibrated), 0 forced + 0 frozen nodes, ~69 MB VRAM
DOWNSTREAM {"cycle":3,"iterations":1000,"passes":true,"path":[2,0,0,0,0],"seconds":2.29718}
preflop gpu: coupled multiway, 1024 particles, 73 reach CDFs, 32-particle batches, 1 MB CDF scratch
preflop gpu: compact CDF slots 51 of 73, 0.0 MB immutable map
preflop gpu: deployed_prepass reference, 32-particle grouping and HU-cache=true with accurately budgeted storage
preflop gpu: 155 nodes, 6 levels, 84 terminals (25 calibrated), 0 forced + 0 frozen nodes, ~68 MB VRAM
DOWNSTREAM {"cycle":3,"iterations":1000,"passes":true,"path":[2,0,0,0,0,1],"seconds":2.0236249}
preflop gpu: coupled multiway, 1024 particles, 32 reach CDFs, 32-particle batches, 1 MB CDF scratch
preflop gpu: compact CDF slots 27 of 32, 0.0 MB immutable map
preflop gpu: deployed_prepass reference, 32-particle grouping and HU-cache=true with accurately budgeted storage
preflop gpu: 63 nodes, 5 levels, 34 terminals (9 calibrated), 0 forced + 0 frozen nodes, ~67 MB VRAM
DOWNSTREAM {"cycle":3,"iterations":1000,"passes":true,"path":[2,0,0,0,0,1,1],"seconds":1.8450129}
preflop gpu: coupled multiway, 1024 particles, 127 reach CDFs, 32-particle batches, 2 MB CDF scratch
preflop gpu: compact CDF slots 84 of 127, 0.0 MB immutable map
preflop gpu: deployed_prepass reference, 32-particle grouping and HU-cache=true with accurately budgeted storage
preflop gpu: 291 nodes, 7 levels, 160 terminals (51 calibrated), 0 forced + 0 frozen nodes, ~69 MB VRAM
DOWNSTREAM {"cycle":3,"iterations":1000,"passes":true,"path":[3,0,0,0,0],"seconds":2.0818322}
preflop gpu: coupled multiway, 1024 particles, 73 reach CDFs, 32-particle batches, 1 MB CDF scratch
preflop gpu: compact CDF slots 51 of 73, 0.0 MB immutable map
preflop gpu: deployed_prepass reference, 32-particle grouping and HU-cache=true with accurately budgeted storage
preflop gpu: 155 nodes, 6 levels, 84 terminals (25 calibrated), 0 forced + 0 frozen nodes, ~68 MB VRAM
DOWNSTREAM {"cycle":3,"iterations":1000,"passes":true,"path":[3,0,0,0,0,1],"seconds":2.0322487}
preflop gpu: coupled multiway, 1024 particles, 32 reach CDFs, 32-particle batches, 1 MB CDF scratch
preflop gpu: compact CDF slots 27 of 32, 0.0 MB immutable map
preflop gpu: deployed_prepass reference, 32-particle grouping and HU-cache=true with accurately budgeted storage
preflop gpu: 63 nodes, 5 levels, 34 terminals (9 calibrated), 0 forced + 0 frozen nodes, ~67 MB VRAM
DOWNSTREAM {"cycle":3,"iterations":1000,"passes":true,"path":[3,0,0,0,0,1,1],"seconds":1.8407186}
preflop gpu: coupled multiway, 1024 particles, 903 reach CDFs, 32-particle batches, 12 MB CDF scratch
preflop gpu: compact CDF slots 554 of 903, 0.0 MB immutable map
preflop gpu: deployed_prepass reference, 32-particle grouping and HU-cache=true with accurately budgeted storage
preflop gpu: 2112 nodes, 10 levels, 1170 terminals (374 calibrated), 0 forced + 0 frozen nodes, ~85 MB VRAM
DOWNSTREAM {"cycle":3,"iterations":1000,"passes":false,"path":[1,0,0,0,0],"seconds":3.9331416}
preflop gpu: coupled multiway, 1024 particles, 903 reach CDFs, 32-particle batches, 12 MB CDF scratch
preflop gpu: compact CDF slots 554 of 903, 0.0 MB immutable map
preflop gpu: deployed_prepass reference, 32-particle grouping and HU-cache=true with accurately budgeted storage
preflop gpu: 2112 nodes, 10 levels, 1170 terminals (374 calibrated), 0 forced + 0 frozen nodes, ~85 MB VRAM
DOWNSTREAM {"cycle":3,"iterations":4000,"passes":true,"path":[1,0,0,0,0],"seconds":13.7338645}
preflop gpu: coupled multiway, 1024 particles, 3400 reach CDFs, 32-particle batches, 44 MB CDF scratch
preflop gpu: compact CDF slots 2006 of 3400, 0.1 MB immutable map
preflop gpu: deployed_prepass reference, 32-particle grouping and HU-cache=true with accurately budgeted storage
preflop gpu: 7360 nodes, 12 levels, 3922 terminals (1002 calibrated), 0 forced + 0 frozen nodes, ~132 MB VRAM
DOWNSTREAM {"cycle":3,"iterations":1000,"passes":false,"path":[1,1,0,0,0],"seconds":12.2754645}
preflop gpu: coupled multiway, 1024 particles, 3400 reach CDFs, 32-particle batches, 44 MB CDF scratch
preflop gpu: compact CDF slots 2006 of 3400, 0.1 MB immutable map
preflop gpu: deployed_prepass reference, 32-particle grouping and HU-cache=true with accurately budgeted storage
preflop gpu: 7360 nodes, 12 levels, 3922 terminals (1002 calibrated), 0 forced + 0 frozen nodes, ~132 MB VRAM
DOWNSTREAM {"cycle":3,"iterations":4000,"passes":true,"path":[1,1,0,0,0],"seconds":42.1650824}
preflop gpu: coupled multiway, 1024 particles, 11561 reach CDFs, 32-particle batches, 147 MB CDF scratch
preflop gpu: compact CDF slots 6743 of 11561, 0.4 MB immutable map
preflop gpu: deployed_prepass reference, 32-particle grouping and HU-cache=true with accurately budgeted storage
preflop gpu: 24192 nodes, 14 levels, 12594 terminals (2470 calibrated), 0 forced + 0 frozen nodes, ~286 MB VRAM
DOWNSTREAM {"cycle":3,"iterations":1000,"passes":true,"path":[1,1,1,0,0],"seconds":41.2666618}
preflop gpu: coupled multiway, 1024 particles, 760578 reach CDFs, 32-particle batches, 8445 MB CDF scratch
preflop gpu: compact CDF slots 388082 of 760578, 24.3 MB immutable map
preflop gpu: deployed_prepass reference, 32-particle grouping and HU-cache=true with accurately budgeted storage
preflop gpu: 1567754 nodes, 23 levels, 805640 terminals (119099 calibrated), 0 forced + 0 frozen nodes, ~13075 MB VRAM
CYCLE {"cycle":3,"gap":0.16842106839018692,"passed":27,"qualified":false}
