preflop gpu: coupled multiway, 1024 particles, 760578 reach CDFs, 32-particle batches, 8445 MB CDF scratch
preflop gpu: compact CDF slots 388082 of 760578, 24.3 MB immutable map
preflop gpu: deployed_prepass reference, 32-particle grouping and HU-cache=true with accurately budgeted storage
preflop gpu: 1567754 nodes, 23 levels, 805640 terminals (119099 calibrated), 0 forced + 0 frozen nodes, ~13075 MB VRAM
UPSTREAM {"cycle":0,"seconds":101.0798169}
preflop gpu: coupled multiway, 1024 particles, 127 reach CDFs, 32-particle batches, 2 MB CDF scratch
preflop gpu: compact CDF slots 84 of 127, 0.0 MB immutable map
preflop gpu: deployed_prepass reference, 32-particle grouping and HU-cache=true with accurately budgeted storage
preflop gpu: 291 nodes, 7 levels, 160 terminals (51 calibrated), 0 forced + 0 frozen nodes, ~69 MB VRAM
DOWNSTREAM {"cycle":0,"iterations":1000,"passes":true,"path":[2,0,0,0,0],"seconds":2.0970127}
preflop gpu: coupled multiway, 1024 particles, 73 reach CDFs, 32-particle batches, 1 MB CDF scratch
preflop gpu: compact CDF slots 51 of 73, 0.0 MB immutable map
preflop gpu: deployed_prepass reference, 32-particle grouping and HU-cache=true with accurately budgeted storage
preflop gpu: 155 nodes, 6 levels, 84 terminals (25 calibrated), 0 forced + 0 frozen nodes, ~68 MB VRAM
DOWNSTREAM {"cycle":0,"iterations":1000,"passes":true,"path":[2,0,0,0,0,1],"seconds":2.0540121}
preflop gpu: coupled multiway, 1024 particles, 127 reach CDFs, 32-particle batches, 2 MB CDF scratch
preflop gpu: compact CDF slots 84 of 127, 0.0 MB immutable map
preflop gpu: deployed_prepass reference, 32-particle grouping and HU-cache=true with accurately budgeted storage
preflop gpu: 291 nodes, 7 levels, 160 terminals (51 calibrated), 0 forced + 0 frozen nodes, ~69 MB VRAM
DOWNSTREAM {"cycle":0,"iterations":1000,"passes":true,"path":[3,0,0,0,0],"seconds":2.1357898}
preflop gpu: coupled multiway, 1024 particles, 32 reach CDFs, 32-particle batches, 1 MB CDF scratch
preflop gpu: compact CDF slots 27 of 32, 0.0 MB immutable map
preflop gpu: deployed_prepass reference, 32-particle grouping and HU-cache=true with accurately budgeted storage
preflop gpu: 63 nodes, 5 levels, 34 terminals (9 calibrated), 0 forced + 0 frozen nodes, ~67 MB VRAM
DOWNSTREAM {"cycle":0,"iterations":1000,"passes":true,"path":[3,0,0,0,0,1,1],"seconds":1.8270076}
preflop gpu: coupled multiway, 1024 particles, 903 reach CDFs, 32-particle batches, 12 MB CDF scratch
preflop gpu: compact CDF slots 554 of 903, 0.0 MB immutable map
preflop gpu: deployed_prepass reference, 32-particle grouping and HU-cache=true with accurately budgeted storage
preflop gpu: 2112 nodes, 10 levels, 1170 terminals (374 calibrated), 0 forced + 0 frozen nodes, ~85 MB VRAM
DOWNSTREAM {"cycle":0,"iterations":1000,"passes":true,"path":[1,0,0,0,0],"seconds":4.291505}
preflop gpu: coupled multiway, 1024 particles, 3400 reach CDFs, 32-particle batches, 44 MB CDF scratch
preflop gpu: compact CDF slots 2006 of 3400, 0.1 MB immutable map
preflop gpu: deployed_prepass reference, 32-particle grouping and HU-cache=true with accurately budgeted storage
preflop gpu: 7360 nodes, 12 levels, 3922 terminals (1002 calibrated), 0 forced + 0 frozen nodes, ~132 MB VRAM
DOWNSTREAM {"cycle":0,"iterations":1000,"passes":true,"path":[1,1,0,0,0],"seconds":11.657380700000001}
preflop gpu: coupled multiway, 1024 particles, 11561 reach CDFs, 32-particle batches, 147 MB CDF scratch
preflop gpu: compact CDF slots 6743 of 11561, 0.4 MB immutable map
preflop gpu: deployed_prepass reference, 32-particle grouping and HU-cache=true with accurately budgeted storage
preflop gpu: 24192 nodes, 14 levels, 12594 terminals (2470 calibrated), 0 forced + 0 frozen nodes, ~286 MB VRAM
DOWNSTREAM {"cycle":0,"iterations":1000,"passes":true,"path":[1,1,1,0,0],"seconds":46.5244722}
preflop gpu: coupled multiway, 1024 particles, 760578 reach CDFs, 32-particle batches, 8445 MB CDF scratch
preflop gpu: compact CDF slots 388082 of 760578, 24.3 MB immutable map
preflop gpu: deployed_prepass reference, 32-particle grouping and HU-cache=true with accurately budgeted storage
preflop gpu: 1567754 nodes, 23 levels, 805640 terminals (119099 calibrated), 0 forced + 0 frozen nodes, ~13075 MB VRAM
CYCLE {"cycle":0,"gap":0.7919581038361381,"passed":27,"qualified":false}
preflop gpu: coupled multiway, 1024 particles, 760578 reach CDFs, 32-particle batches, 8445 MB CDF scratch
preflop gpu: compact CDF slots 388082 of 760578, 24.3 MB immutable map
preflop gpu: deployed_prepass reference, 32-particle grouping and HU-cache=true with accurately budgeted storage
preflop gpu: 1567754 nodes, 23 levels, 805640 terminals (119099 calibrated), 0 forced + 0 frozen nodes, ~13075 MB VRAM
UPSTREAM {"cycle":1,"seconds":100.9256918}
preflop gpu: coupled multiway, 1024 particles, 127 reach CDFs, 32-particle batches, 2 MB CDF scratch
preflop gpu: compact CDF slots 84 of 127, 0.0 MB immutable map
preflop gpu: deployed_prepass reference, 32-particle grouping and HU-cache=true with accurately budgeted storage
preflop gpu: 291 nodes, 7 levels, 160 terminals (51 calibrated), 0 forced + 0 frozen nodes, ~69 MB VRAM
DOWNSTREAM {"cycle":1,"iterations":1000,"passes":true,"path":[2,0,0,0,0],"seconds":2.2723791}
preflop gpu: coupled multiway, 1024 particles, 73 reach CDFs, 32-particle batches, 1 MB CDF scratch
preflop gpu: compact CDF slots 51 of 73, 0.0 MB immutable map
preflop gpu: deployed_prepass reference, 32-particle grouping and HU-cache=true with accurately budgeted storage
preflop gpu: 155 nodes, 6 levels, 84 terminals (25 calibrated), 0 forced + 0 frozen nodes, ~68 MB VRAM
DOWNSTREAM {"cycle":1,"iterations":1000,"passes":true,"path":[2,0,0,0,0,1],"seconds":1.9754895000000001}
preflop gpu: 15 nodes, 3 levels, 10 terminals (4 calibrated), 0 forced + 0 frozen nodes, ~64 MB VRAM
DOWNSTREAM {"cycle":1,"iterations":1000,"passes":false,"path":[2,0,0,0,0,0,0],"seconds":0.2666526}
preflop gpu: 15 nodes, 3 levels, 10 terminals (4 calibrated), 0 forced + 0 frozen nodes, ~64 MB VRAM
DOWNSTREAM {"cycle":1,"iterations":4000,"passes":true,"path":[2,0,0,0,0,0,0],"seconds":0.872482}
preflop gpu: coupled multiway, 1024 particles, 32 reach CDFs, 32-particle batches, 1 MB CDF scratch
preflop gpu: compact CDF slots 27 of 32, 0.0 MB immutable map
preflop gpu: deployed_prepass reference, 32-particle grouping and HU-cache=true with accurately budgeted storage
preflop gpu: 63 nodes, 5 levels, 34 terminals (9 calibrated), 0 forced + 0 frozen nodes, ~67 MB VRAM
DOWNSTREAM {"cycle":1,"iterations":1000,"passes":true,"path":[2,0,0,0,0,1,1],"seconds":1.8147025}
preflop gpu: coupled multiway, 1024 particles, 7 reach CDFs, 32-particle batches, 0 MB CDF scratch
preflop gpu: compact CDF slots 6 of 7, 0.0 MB immutable map
preflop gpu: deployed_prepass reference, 32-particle grouping and HU-cache=true with accurately budgeted storage
preflop gpu: 15 nodes, 4 levels, 8 terminals (3 calibrated), 0 forced + 0 frozen nodes, ~66 MB VRAM
DOWNSTREAM {"cycle":1,"iterations":1000,"passes":true,"path":[2,0,0,0,0,2],"seconds":1.7180336999999999}
preflop gpu: coupled multiway, 1024 particles, 127 reach CDFs, 32-particle batches, 2 MB CDF scratch
preflop gpu: compact CDF slots 84 of 127, 0.0 MB immutable map
preflop gpu: deployed_prepass reference, 32-particle grouping and HU-cache=true with accurately budgeted storage
preflop gpu: 291 nodes, 7 levels, 160 terminals (51 calibrated), 0 forced + 0 frozen nodes, ~69 MB VRAM
DOWNSTREAM {"cycle":1,"iterations":1000,"passes":true,"path":[3,0,0,0,0],"seconds":2.0674931}
preflop gpu: coupled multiway, 1024 particles, 73 reach CDFs, 32-particle batches, 1 MB CDF scratch
preflop gpu: compact CDF slots 51 of 73, 0.0 MB immutable map
preflop gpu: deployed_prepass reference, 32-particle grouping and HU-cache=true with accurately budgeted storage
preflop gpu: 155 nodes, 6 levels, 84 terminals (25 calibrated), 0 forced + 0 frozen nodes, ~68 MB VRAM
DOWNSTREAM {"cycle":1,"iterations":1000,"passes":true,"path":[3,0,0,0,0,1],"seconds":1.9648311}
preflop gpu: coupled multiway, 1024 particles, 32 reach CDFs, 32-particle batches, 1 MB CDF scratch
preflop gpu: compact CDF slots 27 of 32, 0.0 MB immutable map
preflop gpu: deployed_prepass reference, 32-particle grouping and HU-cache=true with accurately budgeted storage
preflop gpu: 63 nodes, 5 levels, 34 terminals (9 calibrated), 0 forced + 0 frozen nodes, ~67 MB VRAM
DOWNSTREAM {"cycle":1,"iterations":1000,"passes":true,"path":[3,0,0,0,0,1,1],"seconds":1.8842596}
preflop gpu: coupled multiway, 1024 particles, 903 reach CDFs, 32-particle batches, 12 MB CDF scratch
preflop gpu: compact CDF slots 554 of 903, 0.0 MB immutable map
preflop gpu: deployed_prepass reference, 32-particle grouping and HU-cache=true with accurately budgeted storage
preflop gpu: 2112 nodes, 10 levels, 1170 terminals (374 calibrated), 0 forced + 0 frozen nodes, ~85 MB VRAM
DOWNSTREAM {"cycle":1,"iterations":1000,"passes":true,"path":[1,0,0,0,0],"seconds":3.909427}
preflop gpu: coupled multiway, 1024 particles, 3400 reach CDFs, 32-particle batches, 44 MB CDF scratch
preflop gpu: compact CDF slots 2006 of 3400, 0.1 MB immutable map
preflop gpu: deployed_prepass reference, 32-particle grouping and HU-cache=true with accurately budgeted storage
preflop gpu: 7360 nodes, 12 levels, 3922 terminals (1002 calibrated), 0 forced + 0 frozen nodes, ~132 MB VRAM
DOWNSTREAM {"cycle":1,"iterations":1000,"passes":true,"path":[1,1,0,0,0],"seconds":12.1119199}
preflop gpu: coupled multiway, 1024 particles, 11561 reach CDFs, 32-particle batches, 147 MB CDF scratch
preflop gpu: compact CDF slots 6743 of 11561, 0.4 MB immutable map
preflop gpu: deployed_prepass reference, 32-particle grouping and HU-cache=true with accurately budgeted storage
preflop gpu: 24192 nodes, 14 levels, 12594 terminals (2470 calibrated), 0 forced + 0 frozen nodes, ~286 MB VRAM
DOWNSTREAM {"cycle":1,"iterations":1000,"passes":true,"path":[1,1,1,0,0],"seconds":36.4866607}
preflop gpu: coupled multiway, 1024 particles, 760578 reach CDFs, 32-particle batches, 8445 MB CDF scratch
preflop gpu: compact CDF slots 388082 of 760578, 24.3 MB immutable map
preflop gpu: deployed_prepass reference, 32-particle grouping and HU-cache=true with accurately budgeted storage
preflop gpu: 1567754 nodes, 23 levels, 805640 terminals (119099 calibrated), 0 forced + 0 frozen nodes, ~13075 MB VRAM
CYCLE {"cycle":1,"gap":0.1051569364309419,"passed":27,"qualified":false}
preflop gpu: coupled multiway, 1024 particles, 760578 reach CDFs, 32-particle batches, 8445 MB CDF scratch
preflop gpu: compact CDF slots 388082 of 760578, 24.3 MB immutable map
preflop gpu: deployed_prepass reference, 32-particle grouping and HU-cache=true with accurately budgeted storage
preflop gpu: 1567754 nodes, 23 levels, 805640 terminals (119099 calibrated), 0 forced + 0 frozen nodes, ~13075 MB VRAM
UPSTREAM {"cycle":2,"seconds":101.8595888}
preflop gpu: coupled multiway, 1024 particles, 127 reach CDFs, 32-particle batches, 2 MB CDF scratch
preflop gpu: compact CDF slots 84 of 127, 0.0 MB immutable map
preflop gpu: deployed_prepass reference, 32-particle grouping and HU-cache=true with accurately budgeted storage
preflop gpu: 291 nodes, 7 levels, 160 terminals (51 calibrated), 0 forced + 0 frozen nodes, ~69 MB VRAM
DOWNSTREAM {"cycle":2,"iterations":1000,"passes":true,"path":[2,0,0,0,0],"seconds":2.3617597}
preflop gpu: coupled multiway, 1024 particles, 73 reach CDFs, 32-particle batches, 1 MB CDF scratch
preflop gpu: compact CDF slots 51 of 73, 0.0 MB immutable map
preflop gpu: deployed_prepass reference, 32-particle grouping and HU-cache=true with accurately budgeted storage
preflop gpu: 155 nodes, 6 levels, 84 terminals (25 calibrated), 0 forced + 0 frozen nodes, ~68 MB VRAM
DOWNSTREAM {"cycle":2,"iterations":1000,"passes":true,"path":[2,0,0,0,0,1],"seconds":2.0327023}
preflop gpu: coupled multiway, 1024 particles, 127 reach CDFs, 32-particle batches, 2 MB CDF scratch
preflop gpu: compact CDF slots 84 of 127, 0.0 MB immutable map
preflop gpu: deployed_prepass reference, 32-particle grouping and HU-cache=true with accurately budgeted storage
preflop gpu: 291 nodes, 7 levels, 160 terminals (51 calibrated), 0 forced + 0 frozen nodes, ~69 MB VRAM
DOWNSTREAM {"cycle":2,"iterations":1000,"passes":true,"path":[3,0,0,0,0],"seconds":2.075644}
preflop gpu: coupled multiway, 1024 particles, 73 reach CDFs, 32-particle batches, 1 MB CDF scratch
preflop gpu: compact CDF slots 51 of 73, 0.0 MB immutable map
preflop gpu: deployed_prepass reference, 32-particle grouping and HU-cache=true with accurately budgeted storage
preflop gpu: 155 nodes, 6 levels, 84 terminals (25 calibrated), 0 forced + 0 frozen nodes, ~68 MB VRAM
DOWNSTREAM {"cycle":2,"iterations":1000,"passes":true,"path":[3,0,0,0,0,1],"seconds":1.9553381}
preflop gpu: coupled multiway, 1024 particles, 32 reach CDFs, 32-particle batches, 1 MB CDF scratch
preflop gpu: compact CDF slots 27 of 32, 0.0 MB immutable map
preflop gpu: deployed_prepass reference, 32-particle grouping and HU-cache=true with accurately budgeted storage
preflop gpu: 63 nodes, 5 levels, 34 terminals (9 calibrated), 0 forced + 0 frozen nodes, ~67 MB VRAM
DOWNSTREAM {"cycle":2,"iterations":1000,"passes":true,"path":[3,0,0,0,0,1,1],"seconds":1.8294886}
preflop gpu: coupled multiway, 1024 particles, 903 reach CDFs, 32-particle batches, 12 MB CDF scratch
preflop gpu: compact CDF slots 554 of 903, 0.0 MB immutable map
preflop gpu: deployed_prepass reference, 32-particle grouping and HU-cache=true with accurately budgeted storage
preflop gpu: 2112 nodes, 10 levels, 1170 terminals (374 calibrated), 0 forced + 0 frozen nodes, ~85 MB VRAM
DOWNSTREAM {"cycle":2,"iterations":1000,"passes":true,"path":[1,0,0,0,0],"seconds":3.8098834}
preflop gpu: coupled multiway, 1024 particles, 3400 reach CDFs, 32-particle batches, 44 MB CDF scratch
preflop gpu: compact CDF slots 2006 of 3400, 0.1 MB immutable map
preflop gpu: deployed_prepass reference, 32-particle grouping and HU-cache=true with accurately budgeted storage
preflop gpu: 7360 nodes, 12 levels, 3922 terminals (1002 calibrated), 0 forced + 0 frozen nodes, ~132 MB VRAM
DOWNSTREAM {"cycle":2,"iterations":1000,"passes":true,"path":[1,1,0,0,0],"seconds":11.394567}
preflop gpu: coupled multiway, 1024 particles, 11561 reach CDFs, 32-particle batches, 147 MB CDF scratch
preflop gpu: compact CDF slots 6743 of 11561, 0.4 MB immutable map
preflop gpu: deployed_prepass reference, 32-particle grouping and HU-cache=true with accurately budgeted storage
preflop gpu: 24192 nodes, 14 levels, 12594 terminals (2470 calibrated), 0 forced + 0 frozen nodes, ~286 MB VRAM
DOWNSTREAM {"cycle":2,"iterations":1000,"passes":true,"path":[1,1,1,0,0],"seconds":36.8491621}
preflop gpu: coupled multiway, 1024 particles, 760578 reach CDFs, 32-particle batches, 8445 MB CDF scratch
preflop gpu: compact CDF slots 388082 of 760578, 24.3 MB immutable map
preflop gpu: deployed_prepass reference, 32-particle grouping and HU-cache=true with accurately budgeted storage
preflop gpu: 1567754 nodes, 23 levels, 805640 terminals (119099 calibrated), 0 forced + 0 frozen nodes, ~13075 MB VRAM
CYCLE {"cycle":2,"gap":0.06802017090708892,"passed":27,"qualified":false}
preflop gpu: coupled multiway, 1024 particles, 760578 reach CDFs, 32-particle batches, 8445 MB CDF scratch
preflop gpu: compact CDF slots 388082 of 760578, 24.3 MB immutable map
preflop gpu: deployed_prepass reference, 32-particle grouping and HU-cache=true with accurately budgeted storage
preflop gpu: 1567754 nodes, 23 levels, 805640 terminals (119099 calibrated), 0 forced + 0 frozen nodes, ~13075 MB VRAM
UPSTREAM {"cycle":3,"seconds":101.8981335}
preflop gpu: coupled multiway, 1024 particles, 127 reach CDFs, 32-particle batches, 2 MB CDF scratch
preflop gpu: compact CDF slots 84 of 127, 0.0 MB immutable map
preflop gpu: deployed_prepass reference, 32-particle grouping and HU-cache=true with accurately budgeted storage
preflop gpu: 291 nodes, 7 levels, 160 terminals (51 calibrated), 0 forced + 0 frozen nodes, ~69 MB VRAM
DOWNSTREAM {"cycle":3,"iterations":1000,"passes":true,"path":[2,0,0,0,0],"seconds":2.3333742}
preflop gpu: coupled multiway, 1024 particles, 73 reach CDFs, 32-particle batches, 1 MB CDF scratch
preflop gpu: compact CDF slots 51 of 73, 0.0 MB immutable map
preflop gpu: deployed_prepass reference, 32-particle grouping and HU-cache=true with accurately budgeted storage
preflop gpu: 155 nodes, 6 levels, 84 terminals (25 calibrated), 0 forced + 0 frozen nodes, ~68 MB VRAM
DOWNSTREAM {"cycle":3,"iterations":1000,"passes":true,"path":[2,0,0,0,0,1],"seconds":2.0329271}
preflop gpu: coupled multiway, 1024 particles, 32 reach CDFs, 32-particle batches, 1 MB CDF scratch
preflop gpu: compact CDF slots 27 of 32, 0.0 MB immutable map
preflop gpu: deployed_prepass reference, 32-particle grouping and HU-cache=true with accurately budgeted storage
preflop gpu: 63 nodes, 5 levels, 34 terminals (9 calibrated), 0 forced + 0 frozen nodes, ~67 MB VRAM
DOWNSTREAM {"cycle":3,"iterations":1000,"passes":false,"path":[2,0,0,0,0,1,1],"seconds":1.8546139}
preflop gpu: coupled multiway, 1024 particles, 32 reach CDFs, 32-particle batches, 1 MB CDF scratch
preflop gpu: compact CDF slots 27 of 32, 0.0 MB immutable map
preflop gpu: deployed_prepass reference, 32-particle grouping and HU-cache=true with accurately budgeted storage
preflop gpu: 63 nodes, 5 levels, 34 terminals (9 calibrated), 0 forced + 0 frozen nodes, ~67 MB VRAM
DOWNSTREAM {"cycle":3,"iterations":4000,"passes":false,"path":[2,0,0,0,0,1,1],"seconds":7.1136706}
preflop gpu: coupled multiway, 1024 particles, 127 reach CDFs, 32-particle batches, 2 MB CDF scratch
preflop gpu: compact CDF slots 84 of 127, 0.0 MB immutable map
preflop gpu: deployed_prepass reference, 32-particle grouping and HU-cache=true with accurately budgeted storage
preflop gpu: 291 nodes, 7 levels, 160 terminals (51 calibrated), 0 forced + 0 frozen nodes, ~69 MB VRAM
DOWNSTREAM {"cycle":3,"iterations":1000,"passes":true,"path":[3,0,0,0,0],"seconds":2.0483347}
preflop gpu: coupled multiway, 1024 particles, 73 reach CDFs, 32-particle batches, 1 MB CDF scratch
preflop gpu: compact CDF slots 51 of 73, 0.0 MB immutable map
preflop gpu: deployed_prepass reference, 32-particle grouping and HU-cache=true with accurately budgeted storage
preflop gpu: 155 nodes, 6 levels, 84 terminals (25 calibrated), 0 forced + 0 frozen nodes, ~68 MB VRAM
DOWNSTREAM {"cycle":3,"iterations":1000,"passes":true,"path":[3,0,0,0,0,1],"seconds":1.9909192}
preflop gpu: coupled multiway, 1024 particles, 32 reach CDFs, 32-particle batches, 1 MB CDF scratch
preflop gpu: compact CDF slots 27 of 32, 0.0 MB immutable map
preflop gpu: deployed_prepass reference, 32-particle grouping and HU-cache=true with accurately budgeted storage
preflop gpu: 63 nodes, 5 levels, 34 terminals (9 calibrated), 0 forced + 0 frozen nodes, ~67 MB VRAM
DOWNSTREAM {"cycle":3,"iterations":1000,"passes":true,"path":[3,0,0,0,0,1,1],"seconds":1.8295119}
preflop gpu: coupled multiway, 1024 particles, 903 reach CDFs, 32-particle batches, 12 MB CDF scratch
preflop gpu: compact CDF slots 554 of 903, 0.0 MB immutable map
preflop gpu: deployed_prepass reference, 32-particle grouping and HU-cache=true with accurately budgeted storage
preflop gpu: 2112 nodes, 10 levels, 1170 terminals (374 calibrated), 0 forced + 0 frozen nodes, ~85 MB VRAM
DOWNSTREAM {"cycle":3,"iterations":1000,"passes":true,"path":[1,0,0,0,0],"seconds":3.9507952}
preflop gpu: coupled multiway, 1024 particles, 3400 reach CDFs, 32-particle batches, 44 MB CDF scratch
preflop gpu: compact CDF slots 2006 of 3400, 0.1 MB immutable map
preflop gpu: deployed_prepass reference, 32-particle grouping and HU-cache=true with accurately budgeted storage
preflop gpu: 7360 nodes, 12 levels, 3922 terminals (1002 calibrated), 0 forced + 0 frozen nodes, ~132 MB VRAM
DOWNSTREAM {"cycle":3,"iterations":1000,"passes":true,"path":[1,1,0,0,0],"seconds":12.0463395}
preflop gpu: coupled multiway, 1024 particles, 11561 reach CDFs, 32-particle batches, 147 MB CDF scratch
preflop gpu: compact CDF slots 6743 of 11561, 0.4 MB immutable map
preflop gpu: deployed_prepass reference, 32-particle grouping and HU-cache=true with accurately budgeted storage
preflop gpu: 24192 nodes, 14 levels, 12594 terminals (2470 calibrated), 0 forced + 0 frozen nodes, ~286 MB VRAM
DOWNSTREAM {"cycle":3,"iterations":1000,"passes":true,"path":[1,1,1,0,0],"seconds":37.838258}
preflop gpu: coupled multiway, 1024 particles, 1919 reach CDFs, 32-particle batches, 26 MB CDF scratch
preflop gpu: compact CDF slots 1190 of 1919, 0.1 MB immutable map
preflop gpu: deployed_prepass reference, 32-particle grouping and HU-cache=true with accurately budgeted storage
preflop gpu: 4109 nodes, 11 levels, 2177 terminals (532 calibrated), 0 forced + 0 frozen nodes, ~105 MB VRAM
DOWNSTREAM {"cycle":3,"iterations":1000,"passes":true,"path":[1,1,1,0,0,0],"seconds":8.8712322}
preflop gpu: coupled multiway, 1024 particles, 760578 reach CDFs, 32-particle batches, 8445 MB CDF scratch
preflop gpu: compact CDF slots 388082 of 760578, 24.3 MB immutable map
preflop gpu: deployed_prepass reference, 32-particle grouping and HU-cache=true with accurately budgeted storage
preflop gpu: 1567754 nodes, 23 levels, 805640 terminals (119099 calibrated), 0 forced + 0 frozen nodes, ~13075 MB VRAM
CYCLE {"cycle":3,"gap":0.07067668629419532,"passed":26,"qualified":false}
