preflop gpu: coupled multiway, 1024 particles, 760578 reach CDFs, 30-particle batches, 7917 MB CDF scratch
preflop gpu: compact CDF slots 388082 of 760578, 24.3 MB immutable map
preflop gpu: deployed_prepass reference, 30-particle grouping and HU-cache=true with accurately budgeted storage
preflop gpu: 1567754 nodes, 23 levels, 805640 terminals (119099 calibrated), 0 forced + 0 frozen nodes, ~12547 MB VRAM
LARGE_NORMALIZED_QUALITY {"elapsed_seconds":248.0046699,"gap":6.94020487919375,"iteration":50,"normalized":true,"passed":2,"qualified":false,"samples":1024,"seed":42,"serialization_seconds":0.0055047}
LARGE_NORMALIZED_QUALITY {"elapsed_seconds":448.1950155,"gap":4.267643548789874,"iteration":100,"normalized":true,"passed":2,"qualified":false,"samples":1024,"seed":42,"serialization_seconds":0.005448}
LARGE_NORMALIZED_QUALITY {"elapsed_seconds":593.9183642,"gap":0.9748132262529428,"iteration":150,"normalized":true,"passed":4,"qualified":false,"samples":1024,"seed":42,"serialization_seconds":0.0056502}
LARGE_NORMALIZED_QUALITY {"elapsed_seconds":733.9013262,"gap":0.10448686406052902,"iteration":200,"normalized":true,"passed":6,"qualified":false,"samples":1024,"seed":42,"serialization_seconds":0.0057963}
LARGE_NORMALIZED_QUALITY {"elapsed_seconds":881.0617045,"gap":0.06369973284591642,"iteration":250,"normalized":true,"passed":6,"qualified":false,"samples":1024,"seed":42,"serialization_seconds":0.0071602}
LARGE_NORMALIZED_QUALITY {"elapsed_seconds":999.5902578,"gap":0.1562109571876353,"iteration":300,"normalized":true,"passed":6,"qualified":false,"samples":1024,"seed":42,"serialization_seconds":0.0155191}
LARGE_NORMALIZED_QUALITY {"elapsed_seconds":1135.8590921,"gap":0.44161596996246016,"iteration":350,"normalized":true,"passed":7,"qualified":false,"samples":1024,"seed":42,"serialization_seconds":0.0073596}
LARGE_NORMALIZED_QUALITY {"elapsed_seconds":1275.0589408,"gap":1.7045431615857127,"iteration":400,"normalized":true,"passed":4,"qualified":false,"samples":1024,"seed":42,"serialization_seconds":0.0064032}
LARGE_NORMALIZED_QUALITY {"elapsed_seconds":1433.4435118,"gap":1.3765409487401934,"iteration":450,"normalized":true,"passed":7,"qualified":false,"samples":1024,"seed":42,"serialization_seconds":0.0054337}
LARGE_NORMALIZED_QUALITY {"elapsed_seconds":1563.2343817,"gap":0.1851458502753346,"iteration":500,"normalized":true,"passed":6,"qualified":false,"samples":1024,"seed":42,"serialization_seconds":0.0058983}
LARGE_NORMALIZED_QUALITY {"elapsed_seconds":1692.1261752,"gap":0.21119317877982274,"iteration":550,"normalized":true,"passed":6,"qualified":false,"samples":1024,"seed":42,"serialization_seconds":0.0064477}
LARGE_NORMALIZED_QUALITY {"elapsed_seconds":1819.6607377,"gap":0.7095338148752222,"iteration":600,"normalized":true,"passed":6,"qualified":false,"samples":1024,"seed":42,"serialization_seconds":0.0063954}
LARGE_NORMALIZED_QUALITY {"elapsed_seconds":1988.7974855,"gap":0.9276145013019175,"iteration":650,"normalized":true,"passed":5,"qualified":false,"samples":1024,"seed":42,"serialization_seconds":0.0057613}
LARGE_NORMALIZED_QUALITY {"elapsed_seconds":2128.0976918,"gap":0.39348389610751455,"iteration":700,"normalized":true,"passed":7,"qualified":false,"samples":1024,"seed":42,"serialization_seconds":0.0067773}
LARGE_NORMALIZED_QUALITY {"elapsed_seconds":2265.4950306,"gap":0.45034899877352347,"iteration":750,"normalized":true,"passed":7,"qualified":false,"samples":1024,"seed":42,"serialization_seconds":0.0054024}
LARGE_NORMALIZED_QUALITY {"elapsed_seconds":2396.5054709,"gap":0.7184577829822315,"iteration":800,"normalized":true,"passed":6,"qualified":false,"samples":1024,"seed":42,"serialization_seconds":0.0059156}
LARGE_NORMALIZED_QUALITY {"elapsed_seconds":2503.6511624,"gap":0.7332925485128052,"iteration":850,"normalized":true,"passed":8,"qualified":false,"samples":1024,"seed":42,"serialization_seconds":0.0059413}
LARGE_NORMALIZED_QUALITY {"elapsed_seconds":2604.3044621,"gap":0.2903304230865156,"iteration":900,"normalized":true,"passed":11,"qualified":false,"samples":1024,"seed":42,"serialization_seconds":0.0055586}
LARGE_NORMALIZED_QUALITY {"elapsed_seconds":2730.7991236,"gap":0.3918223868414824,"iteration":950,"normalized":true,"passed":10,"qualified":false,"samples":1024,"seed":42,"serialization_seconds":0.0054189}
LARGE_NORMALIZED_QUALITY {"elapsed_seconds":2845.0329229,"gap":0.6729488246745285,"iteration":1000,"normalized":true,"passed":12,"qualified":false,"samples":1024,"seed":42,"serialization_seconds":0.0057131}
LARGE_NORMALIZED_QUALITY {"elapsed_seconds":2941.621797,"gap":0.5545576023901133,"iteration":1050,"normalized":true,"passed":13,"qualified":false,"samples":1024,"seed":42,"serialization_seconds":0.0056137}
LARGE_NORMALIZED_QUALITY {"elapsed_seconds":3072.4943137,"gap":0.3789421011605663,"iteration":1100,"normalized":true,"passed":12,"qualified":false,"samples":1024,"seed":42,"serialization_seconds":0.0056251}
LARGE_NORMALIZED_QUALITY {"elapsed_seconds":3231.6527274,"gap":0.5367924937733951,"iteration":1150,"normalized":true,"passed":10,"qualified":false,"samples":1024,"seed":42,"serialization_seconds":0.0056578}
LARGE_NORMALIZED_QUALITY {"elapsed_seconds":3348.88086,"gap":0.6542785980101452,"iteration":1200,"normalized":true,"passed":9,"qualified":false,"samples":1024,"seed":42,"serialization_seconds":0.0054663}
LARGE_NORMALIZED_QUALITY {"elapsed_seconds":3437.7814245,"gap":0.5402904707023279,"iteration":1250,"normalized":true,"passed":11,"qualified":false,"samples":1024,"seed":42,"serialization_seconds":0.0053812}
LARGE_NORMALIZED_QUALITY {"elapsed_seconds":3558.4359942,"gap":0.3934442202394976,"iteration":1300,"normalized":true,"passed":12,"qualified":false,"samples":1024,"seed":42,"serialization_seconds":0.0054653}
LARGE_NORMALIZED_QUALITY {"elapsed_seconds":3709.2191125,"gap":0.48879124730076434,"iteration":1350,"normalized":true,"passed":12,"qualified":false,"samples":1024,"seed":42,"serialization_seconds":0.0054436}
LARGE_NORMALIZED_QUALITY {"elapsed_seconds":3840.811158,"gap":0.4897792942169668,"iteration":1400,"normalized":true,"passed":12,"qualified":false,"samples":1024,"seed":42,"serialization_seconds":0.0054498}
LARGE_NORMALIZED_QUALITY {"elapsed_seconds":3954.768351,"gap":0.4779786242622551,"iteration":1450,"normalized":true,"passed":12,"qualified":false,"samples":1024,"seed":42,"serialization_seconds":0.005295}
LARGE_NORMALIZED_QUALITY {"elapsed_seconds":4055.433729,"gap":0.5579429761730933,"iteration":1500,"normalized":true,"passed":11,"qualified":false,"samples":1024,"seed":42,"serialization_seconds":0.0051624}
