AUDIT {"passes":true,"path":[2,0,0,0,0],"status":"evaluated"}
AUDIT {"passes":true,"path":[2,0,0,0,0,0],"status":"evaluated"}
AUDIT {"passes":true,"path":[2,0,0,0,0,1],"status":"evaluated"}
AUDIT {"passes":true,"path":[2,0,0,0,0,0,0],"status":"evaluated"}
AUDIT {"passes":true,"path":[2,0,0,0,0,1,0],"status":"evaluated"}
AUDIT {"passes":false,"path":[2,0,0,0,0,1,1],"status":"evaluated"}
AUDIT {"passes":true,"path":[2,0,0,0,0,2],"status":"evaluated"}
AUDIT {"passes":true,"path":[2,0,0,0,0,2,0],"status":"evaluated"}
AUDIT {"passes":true,"path":[2,0,0,0,0,2,1],"status":"evaluated"}
AUDIT {"passes":true,"path":[3,0,0,0,0],"status":"evaluated"}
AUDIT {"passes":true,"path":[3,0,0,0,0,0],"status":"evaluated"}
AUDIT {"passes":true,"path":[3,0,0,0,0,1],"status":"evaluated"}
AUDIT {"passes":true,"path":[3,0,0,0,0,0,0],"status":"evaluated"}
AUDIT {"passes":true,"path":[3,0,0,0,0,1,0],"status":"evaluated"}
AUDIT {"passes":true,"path":[3,0,0,0,0,1,1],"status":"evaluated"}
AUDIT {"passes":true,"path":[3,0,0,0,0,2],"status":"evaluated"}
AUDIT {"passes":true,"path":[3,0,0,0,0,2,0],"status":"evaluated"}
AUDIT {"passes":true,"path":[3,0,0,0,0,2,1],"status":"evaluated"}
AUDIT {"passes":true,"path":[1,0,0,0,0],"status":"evaluated"}
AUDIT {"passes":true,"path":[1,0,0,0,0,0],"status":"evaluated"}
AUDIT {"passes":true,"path":[1,0,0,0,0,0,0],"status":"evaluated"}
AUDIT {"passes":true,"path":[1,1,0,0,0],"status":"evaluated"}
AUDIT {"passes":true,"path":[1,1,0,0,0,0],"status":"evaluated"}
AUDIT {"passes":true,"path":[1,1,0,0,0,0,0],"status":"evaluated"}
AUDIT {"passes":true,"path":[1,1,1,0,0],"status":"evaluated"}
AUDIT {"passes":true,"path":[1,1,1,0,0,0],"status":"evaluated"}
AUDIT {"passes":true,"path":[1,1,1,0,0,0,0],"status":"evaluated"}
