preflop gpu: coupled multiway, 1024 particles, 127 reach CDFs, 32-particle batches, 2 MB CDF scratch
preflop gpu: compact CDF slots 84 of 127, 0.0 MB immutable map
preflop gpu: deployed_prepass reference, 32-particle grouping and HU-cache=true with accurately budgeted storage
preflop gpu: 291 nodes, 7 levels, 160 terminals (51 calibrated), 0 forced + 0 frozen nodes, ~69 MB VRAM
REFINED {"iterations":1000,"passes":true,"path":[3,0,0,0,0],"round":0,"seconds":2.3716873}
preflop gpu: coupled multiway, 1024 particles, 73 reach CDFs, 32-particle batches, 1 MB CDF scratch
preflop gpu: compact CDF slots 51 of 73, 0.0 MB immutable map
preflop gpu: deployed_prepass reference, 32-particle grouping and HU-cache=true with accurately budgeted storage
preflop gpu: 155 nodes, 6 levels, 84 terminals (25 calibrated), 0 forced + 0 frozen nodes, ~68 MB VRAM
REFINED {"iterations":1000,"passes":true,"path":[3,0,0,0,0,1],"round":0,"seconds":2.2254578}
preflop gpu: coupled multiway, 1024 particles, 32 reach CDFs, 32-particle batches, 1 MB CDF scratch
preflop gpu: compact CDF slots 27 of 32, 0.0 MB immutable map
preflop gpu: deployed_prepass reference, 32-particle grouping and HU-cache=true with accurately budgeted storage
preflop gpu: 63 nodes, 5 levels, 34 terminals (9 calibrated), 0 forced + 0 frozen nodes, ~67 MB VRAM
REFINED {"iterations":1000,"passes":true,"path":[3,0,0,0,0,1,1],"round":0,"seconds":2.0163181}
preflop gpu: coupled multiway, 1024 particles, 3400 reach CDFs, 32-particle batches, 44 MB CDF scratch
preflop gpu: compact CDF slots 2006 of 3400, 0.1 MB immutable map
preflop gpu: deployed_prepass reference, 32-particle grouping and HU-cache=true with accurately budgeted storage
preflop gpu: 7360 nodes, 12 levels, 3922 terminals (1002 calibrated), 0 forced + 0 frozen nodes, ~132 MB VRAM
REFINED {"iterations":1000,"passes":false,"path":[1,1,0,0,0],"round":0,"seconds":14.8400765}
preflop gpu: coupled multiway, 1024 particles, 3400 reach CDFs, 32-particle batches, 44 MB CDF scratch
preflop gpu: compact CDF slots 2006 of 3400, 0.1 MB immutable map
preflop gpu: deployed_prepass reference, 32-particle grouping and HU-cache=true with accurately budgeted storage
preflop gpu: 7360 nodes, 12 levels, 3922 terminals (1002 calibrated), 0 forced + 0 frozen nodes, ~132 MB VRAM
REFINED {"iterations":4000,"passes":false,"path":[1,1,0,0,0],"round":0,"seconds":50.0864808}
preflop gpu: coupled multiway, 1024 particles, 11561 reach CDFs, 32-particle batches, 147 MB CDF scratch
preflop gpu: compact CDF slots 6743 of 11561, 0.4 MB immutable map
preflop gpu: deployed_prepass reference, 32-particle grouping and HU-cache=true with accurately budgeted storage
preflop gpu: 24192 nodes, 14 levels, 12594 terminals (2470 calibrated), 0 forced + 0 frozen nodes, ~286 MB VRAM
REFINED {"iterations":1000,"passes":false,"path":[1,1,1,0,0],"round":0,"seconds":48.5179335}
preflop gpu: coupled multiway, 1024 particles, 11561 reach CDFs, 32-particle batches, 147 MB CDF scratch
preflop gpu: compact CDF slots 6743 of 11561, 0.4 MB immutable map
preflop gpu: deployed_prepass reference, 32-particle grouping and HU-cache=true with accurately budgeted storage
preflop gpu: 24192 nodes, 14 levels, 12594 terminals (2470 calibrated), 0 forced + 0 frozen nodes, ~286 MB VRAM
REFINED {"iterations":4000,"passes":true,"path":[1,1,1,0,0],"round":0,"seconds":149.82781}
preflop gpu: coupled multiway, 1024 particles, 3400 reach CDFs, 32-particle batches, 44 MB CDF scratch
preflop gpu: compact CDF slots 2006 of 3400, 0.1 MB immutable map
preflop gpu: deployed_prepass reference, 32-particle grouping and HU-cache=true with accurately budgeted storage
preflop gpu: 7360 nodes, 12 levels, 3922 terminals (1002 calibrated), 0 forced + 0 frozen nodes, ~132 MB VRAM
REFINED {"iterations":1000,"passes":false,"path":[1,1,0,0,0],"round":1,"seconds":14.8999657}
preflop gpu: coupled multiway, 1024 particles, 3400 reach CDFs, 32-particle batches, 44 MB CDF scratch
preflop gpu: compact CDF slots 2006 of 3400, 0.1 MB immutable map
preflop gpu: deployed_prepass reference, 32-particle grouping and HU-cache=true with accurately budgeted storage
preflop gpu: 7360 nodes, 12 levels, 3922 terminals (1002 calibrated), 0 forced + 0 frozen nodes, ~132 MB VRAM
REFINED {"iterations":4000,"passes":false,"path":[1,1,0,0,0],"round":1,"seconds":50.1846449}
preflop gpu: coupled multiway, 1024 particles, 760578 reach CDFs, 32-particle batches, 8445 MB CDF scratch
preflop gpu: compact CDF slots 388082 of 760578, 24.3 MB immutable map
preflop gpu: deployed_prepass reference, 32-particle grouping and HU-cache=true with accurately budgeted storage
preflop gpu: 1567754 nodes, 23 levels, 805640 terminals (119099 calibrated), 0 forced + 0 frozen nodes, ~13075 MB VRAM
