REFINED {"iterations":1000,"passes":false,"path":[2,0,0,0,0,1,1],"round":0,"seconds":6.7359599}
REFINED {"iterations":4000,"passes":true,"path":[2,0,0,0,0,1,1],"round":0,"seconds":29.0744525}
REFINED {"iterations":1000,"passes":true,"path":[3,0,0,0,0],"round":0,"seconds":11.9434488}
REFINED {"iterations":1000,"passes":true,"path":[3,0,0,0,0,1],"round":0,"seconds":9.7532765}
REFINED {"iterations":1000,"passes":true,"path":[3,0,0,0,0,1,1],"round":0,"seconds":6.8817696999999995}
REFINED {"iterations":1000,"passes":true,"path":[3,0,0,0,0,2],"round":0,"seconds":3.1245721}
REFINED {"iterations":1000,"passes":false,"path":[1,0,0,0,0],"round":0,"seconds":74.4935814}
REFINED {"iterations":4000,"passes":true,"path":[1,0,0,0,0],"round":0,"seconds":229.3053161}
REFINED {"iterations":1000,"passes":true,"path":[1,1,0,0,0],"round":0,"seconds":425.8934336}
REFINED {"iterations":1000,"passes":true,"path":[1,1,0,0,0,0,0],"round":0,"seconds":38.9989935}
REFINED {"iterations":1000,"passes":true,"path":[1,1,1,0,0],"round":0,"seconds":1397.1883258}
REFINED {"iterations":1000,"passes":false,"path":[1,1,1,0,0,0,0],"round":0,"seconds":200.7078234}
REFINED {"iterations":4000,"passes":true,"path":[1,1,1,0,0,0,0],"round":0,"seconds":673.9666822}
REFINED {"iterations":1000,"passes":true,"path":[3,0,0,0,0],"round":1,"seconds":12.2549179}
REFINED {"iterations":1000,"passes":true,"path":[3,0,0,0,0,1],"round":1,"seconds":10.0052686}
REFINED {"iterations":1000,"passes":true,"path":[3,0,0,0,0,1,1],"round":1,"seconds":7.1493569}
REFINED {"iterations":1000,"passes":true,"path":[3,0,0,0,0,2],"round":1,"seconds":3.2351556}
preflop gpu: coupled multiway, 1024 particles, 760578 reach CDFs, 32-particle batches, 8445 MB CDF scratch
preflop gpu: compact CDF slots 388082 of 760578, 24.3 MB immutable map
preflop gpu: deployed_prepass reference, 32-particle grouping and HU-cache=true with accurately budgeted storage
preflop gpu: 1567754 nodes, 23 levels, 805640 terminals (119099 calibrated), 0 forced + 0 frozen nodes, ~13075 MB VRAM
