preflop gpu: coupled multiway, 1024 particles, 32 reach CDFs, 32-particle batches, 1 MB CDF scratch
preflop gpu: compact CDF slots 27 of 32, 0.0 MB immutable map
preflop gpu: deployed_prepass reference, 32-particle grouping and HU-cache=true with accurately budgeted storage
preflop gpu: 63 nodes, 5 levels, 34 terminals (9 calibrated), 0 forced + 0 frozen nodes, ~67 MB VRAM
REFINED {"iterations":1000,"passes":true,"path":[2,0,0,0,0,1,1],"round":0,"seconds":2.245664}
preflop gpu: coupled multiway, 1024 particles, 127 reach CDFs, 32-particle batches, 2 MB CDF scratch
preflop gpu: compact CDF slots 84 of 127, 0.0 MB immutable map
preflop gpu: deployed_prepass reference, 32-particle grouping and HU-cache=true with accurately budgeted storage
preflop gpu: 291 nodes, 7 levels, 160 terminals (51 calibrated), 0 forced + 0 frozen nodes, ~69 MB VRAM
REFINED {"iterations":1000,"passes":true,"path":[3,0,0,0,0],"round":0,"seconds":2.3632465}
preflop gpu: coupled multiway, 1024 particles, 73 reach CDFs, 32-particle batches, 1 MB CDF scratch
preflop gpu: compact CDF slots 51 of 73, 0.0 MB immutable map
preflop gpu: deployed_prepass reference, 32-particle grouping and HU-cache=true with accurately budgeted storage
preflop gpu: 155 nodes, 6 levels, 84 terminals (25 calibrated), 0 forced + 0 frozen nodes, ~68 MB VRAM
REFINED {"iterations":1000,"passes":true,"path":[3,0,0,0,0,1],"round":0,"seconds":2.209056}
preflop gpu: coupled multiway, 1024 particles, 32 reach CDFs, 32-particle batches, 1 MB CDF scratch
preflop gpu: compact CDF slots 27 of 32, 0.0 MB immutable map
preflop gpu: deployed_prepass reference, 32-particle grouping and HU-cache=true with accurately budgeted storage
preflop gpu: 63 nodes, 5 levels, 34 terminals (9 calibrated), 0 forced + 0 frozen nodes, ~67 MB VRAM
REFINED {"iterations":1000,"passes":true,"path":[3,0,0,0,0,1,1],"round":0,"seconds":2.0534222}
preflop gpu: coupled multiway, 1024 particles, 7 reach CDFs, 32-particle batches, 0 MB CDF scratch
preflop gpu: compact CDF slots 6 of 7, 0.0 MB immutable map
preflop gpu: deployed_prepass reference, 32-particle grouping and HU-cache=true with accurately budgeted storage
preflop gpu: 15 nodes, 4 levels, 8 terminals (3 calibrated), 0 forced + 0 frozen nodes, ~66 MB VRAM
REFINED {"iterations":1000,"passes":true,"path":[3,0,0,0,0,2],"round":0,"seconds":1.9452444}
preflop gpu: coupled multiway, 1024 particles, 903 reach CDFs, 32-particle batches, 12 MB CDF scratch
preflop gpu: compact CDF slots 554 of 903, 0.0 MB immutable map
preflop gpu: deployed_prepass reference, 32-particle grouping and HU-cache=true with accurately budgeted storage
preflop gpu: 2112 nodes, 10 levels, 1170 terminals (374 calibrated), 0 forced + 0 frozen nodes, ~85 MB VRAM
REFINED {"iterations":1000,"passes":false,"path":[1,0,0,0,0],"round":0,"seconds":4.5759106}
preflop gpu: coupled multiway, 1024 particles, 903 reach CDFs, 32-particle batches, 12 MB CDF scratch
preflop gpu: compact CDF slots 554 of 903, 0.0 MB immutable map
preflop gpu: deployed_prepass reference, 32-particle grouping and HU-cache=true with accurately budgeted storage
preflop gpu: 2112 nodes, 10 levels, 1170 terminals (374 calibrated), 0 forced + 0 frozen nodes, ~85 MB VRAM
REFINED {"iterations":4000,"passes":true,"path":[1,0,0,0,0],"round":0,"seconds":16.0669547}
preflop gpu: coupled multiway, 1024 particles, 3400 reach CDFs, 32-particle batches, 44 MB CDF scratch
preflop gpu: compact CDF slots 2006 of 3400, 0.1 MB immutable map
preflop gpu: deployed_prepass reference, 32-particle grouping and HU-cache=true with accurately budgeted storage
preflop gpu: 7360 nodes, 12 levels, 3922 terminals (1002 calibrated), 0 forced + 0 frozen nodes, ~132 MB VRAM
REFINED {"iterations":1000,"passes":true,"path":[1,1,0,0,0],"round":0,"seconds":14.9173661}
preflop gpu: coupled multiway, 1024 particles, 265 reach CDFs, 32-particle batches, 4 MB CDF scratch
preflop gpu: compact CDF slots 175 of 265, 0.0 MB immutable map
preflop gpu: deployed_prepass reference, 32-particle grouping and HU-cache=true with accurately budgeted storage
preflop gpu: 599 nodes, 8 levels, 329 terminals (102 calibrated), 0 forced + 0 frozen nodes, ~72 MB VRAM
REFINED {"iterations":1000,"passes":false,"path":[1,1,0,0,0,0,0],"round":0,"seconds":3.1829497}
preflop gpu: coupled multiway, 1024 particles, 265 reach CDFs, 32-particle batches, 4 MB CDF scratch
preflop gpu: compact CDF slots 175 of 265, 0.0 MB immutable map
preflop gpu: deployed_prepass reference, 32-particle grouping and HU-cache=true with accurately budgeted storage
preflop gpu: 599 nodes, 8 levels, 329 terminals (102 calibrated), 0 forced + 0 frozen nodes, ~72 MB VRAM
REFINED {"iterations":4000,"passes":true,"path":[1,1,0,0,0,0,0],"round":0,"seconds":11.9444858}
preflop gpu: coupled multiway, 1024 particles, 11561 reach CDFs, 32-particle batches, 147 MB CDF scratch
preflop gpu: compact CDF slots 6743 of 11561, 0.4 MB immutable map
preflop gpu: deployed_prepass reference, 32-particle grouping and HU-cache=true with accurately budgeted storage
preflop gpu: 24192 nodes, 14 levels, 12594 terminals (2470 calibrated), 0 forced + 0 frozen nodes, ~286 MB VRAM
REFINED {"iterations":1000,"passes":true,"path":[1,1,1,0,0],"round":0,"seconds":48.8898006}
preflop gpu: coupled multiway, 1024 particles, 1919 reach CDFs, 32-particle batches, 26 MB CDF scratch
preflop gpu: compact CDF slots 1190 of 1919, 0.1 MB immutable map
preflop gpu: deployed_prepass reference, 32-particle grouping and HU-cache=true with accurately budgeted storage
preflop gpu: 4109 nodes, 11 levels, 2177 terminals (532 calibrated), 0 forced + 0 frozen nodes, ~105 MB VRAM
REFINED {"iterations":1000,"passes":false,"path":[1,1,1,0,0,0],"round":0,"seconds":11.8410058}
preflop gpu: coupled multiway, 1024 particles, 1919 reach CDFs, 32-particle batches, 26 MB CDF scratch
preflop gpu: compact CDF slots 1190 of 1919, 0.1 MB immutable map
preflop gpu: deployed_prepass reference, 32-particle grouping and HU-cache=true with accurately budgeted storage
preflop gpu: 4109 nodes, 11 levels, 2177 terminals (532 calibrated), 0 forced + 0 frozen nodes, ~105 MB VRAM
REFINED {"iterations":4000,"passes":true,"path":[1,1,1,0,0,0],"round":0,"seconds":39.1665019}
preflop gpu: coupled multiway, 1024 particles, 962 reach CDFs, 32-particle batches, 14 MB CDF scratch
preflop gpu: compact CDF slots 636 of 962, 0.0 MB immutable map
preflop gpu: deployed_prepass reference, 32-particle grouping and HU-cache=true with accurately budgeted storage
preflop gpu: 2055 nodes, 10 levels, 1089 terminals (266 calibrated), 0 forced + 0 frozen nodes, ~86 MB VRAM
REFINED {"iterations":1000,"passes":false,"path":[1,1,1,0,0,0,0],"round":0,"seconds":7.526372}
preflop gpu: coupled multiway, 1024 particles, 962 reach CDFs, 32-particle batches, 14 MB CDF scratch
preflop gpu: compact CDF slots 636 of 962, 0.0 MB immutable map
preflop gpu: deployed_prepass reference, 32-particle grouping and HU-cache=true with accurately budgeted storage
preflop gpu: 2055 nodes, 10 levels, 1089 terminals (266 calibrated), 0 forced + 0 frozen nodes, ~86 MB VRAM
REFINED {"iterations":4000,"passes":true,"path":[1,1,1,0,0,0,0],"round":0,"seconds":25.9293872}
preflop gpu: coupled multiway, 1024 particles, 127 reach CDFs, 32-particle batches, 2 MB CDF scratch
preflop gpu: compact CDF slots 84 of 127, 0.0 MB immutable map
preflop gpu: deployed_prepass reference, 32-particle grouping and HU-cache=true with accurately budgeted storage
preflop gpu: 291 nodes, 7 levels, 160 terminals (51 calibrated), 0 forced + 0 frozen nodes, ~69 MB VRAM
REFINED {"iterations":1000,"passes":true,"path":[3,0,0,0,0],"round":1,"seconds":2.2730028}
preflop gpu: coupled multiway, 1024 particles, 73 reach CDFs, 32-particle batches, 1 MB CDF scratch
preflop gpu: compact CDF slots 51 of 73, 0.0 MB immutable map
preflop gpu: deployed_prepass reference, 32-particle grouping and HU-cache=true with accurately budgeted storage
preflop gpu: 155 nodes, 6 levels, 84 terminals (25 calibrated), 0 forced + 0 frozen nodes, ~68 MB VRAM
REFINED {"iterations":1000,"passes":true,"path":[3,0,0,0,0,1],"round":1,"seconds":2.1467117}
preflop gpu: coupled multiway, 1024 particles, 32 reach CDFs, 32-particle batches, 1 MB CDF scratch
preflop gpu: compact CDF slots 27 of 32, 0.0 MB immutable map
preflop gpu: deployed_prepass reference, 32-particle grouping and HU-cache=true with accurately budgeted storage
preflop gpu: 63 nodes, 5 levels, 34 terminals (9 calibrated), 0 forced + 0 frozen nodes, ~67 MB VRAM
REFINED {"iterations":1000,"passes":true,"path":[3,0,0,0,0,1,1],"round":1,"seconds":2.0058789}
preflop gpu: coupled multiway, 1024 particles, 7 reach CDFs, 32-particle batches, 0 MB CDF scratch
preflop gpu: compact CDF slots 6 of 7, 0.0 MB immutable map
preflop gpu: deployed_prepass reference, 32-particle grouping and HU-cache=true with accurately budgeted storage
preflop gpu: 15 nodes, 4 levels, 8 terminals (3 calibrated), 0 forced + 0 frozen nodes, ~66 MB VRAM
REFINED {"iterations":1000,"passes":true,"path":[3,0,0,0,0,2],"round":1,"seconds":1.9042038}
preflop gpu: coupled multiway, 1024 particles, 760578 reach CDFs, 32-particle batches, 8445 MB CDF scratch
preflop gpu: compact CDF slots 388082 of 760578, 24.3 MB immutable map
preflop gpu: deployed_prepass reference, 32-particle grouping and HU-cache=true with accurately budgeted storage
preflop gpu: 1567754 nodes, 23 levels, 805640 terminals (119099 calibrated), 0 forced + 0 frozen nodes, ~13075 MB VRAM
