preflop gpu: coupled multiway, 1024 particles, 760578 reach CDFs, 30-particle batches, 7917 MB CDF scratch
preflop gpu: compact CDF slots 388082 of 760578, 24.3 MB immutable map
preflop gpu: deployed_prepass reference, 30-particle grouping and HU-cache=true with accurately budgeted storage
preflop gpu: 1567754 nodes, 23 levels, 805640 terminals (119099 calibrated), 0 forced + 0 frozen nodes, ~12547 MB VRAM
LARGE_NORMALIZED_PAIR {"elapsed_seconds":44.5251203,"gap":9.283443616693685,"iteration":50,"normalized":true,"passed":2,"qualified":false,"samples":64,"seed":42,"serialization_seconds":0.0067255}
LARGE_NORMALIZED_PAIR {"elapsed_seconds":80.7569167,"gap":2.1501724529404873,"iteration":100,"normalized":true,"passed":6,"qualified":false,"samples":64,"seed":42,"serialization_seconds":0.0066042}
LARGE_NORMALIZED_PAIR {"elapsed_seconds":110.594245,"gap":0.2770527628778847,"iteration":150,"normalized":true,"passed":6,"qualified":false,"samples":64,"seed":42,"serialization_seconds":0.0060092}
LARGE_NORMALIZED_PAIR {"elapsed_seconds":140.7199937,"gap":0.096896976267825,"iteration":200,"normalized":true,"passed":6,"qualified":false,"samples":64,"seed":42,"serialization_seconds":0.0100659}
LARGE_NORMALIZED_PAIR {"elapsed_seconds":169.750254,"gap":1.0567915958875322,"iteration":250,"normalized":true,"passed":4,"qualified":false,"samples":64,"seed":42,"serialization_seconds":0.0063775}
LARGE_NORMALIZED_PAIR {"elapsed_seconds":199.6669149,"gap":1.750302281661459,"iteration":300,"normalized":true,"passed":4,"qualified":false,"samples":64,"seed":42,"serialization_seconds":0.015918}
LARGE_NORMALIZED_PAIR {"elapsed_seconds":231.7831159,"gap":1.2274541841026037,"iteration":350,"normalized":true,"passed":4,"qualified":false,"samples":64,"seed":42,"serialization_seconds":0.0060113}
LARGE_NORMALIZED_PAIR {"elapsed_seconds":262.5340424,"gap":0.6099061852768255,"iteration":400,"normalized":true,"passed":6,"qualified":false,"samples":64,"seed":42,"serialization_seconds":0.0057829}
LARGE_NORMALIZED_PAIR {"elapsed_seconds":290.6515175,"gap":0.34762165684907465,"iteration":450,"normalized":true,"passed":6,"qualified":false,"samples":64,"seed":42,"serialization_seconds":0.0055615}
LARGE_NORMALIZED_PAIR {"elapsed_seconds":318.3113459,"gap":0.3449778393217767,"iteration":500,"normalized":true,"passed":8,"qualified":false,"samples":64,"seed":42,"serialization_seconds":0.0081276}
LARGE_NORMALIZED_PAIR {"elapsed_seconds":344.3110277,"gap":0.42497891333170695,"iteration":550,"normalized":true,"passed":8,"qualified":false,"samples":64,"seed":42,"serialization_seconds":0.0059667}
LARGE_NORMALIZED_PAIR {"elapsed_seconds":370.8932665,"gap":0.6184427900287031,"iteration":600,"normalized":true,"passed":9,"qualified":false,"samples":64,"seed":42,"serialization_seconds":0.0056071}
LARGE_NORMALIZED_PAIR {"elapsed_seconds":398.5108499,"gap":0.6881246002351398,"iteration":650,"normalized":true,"passed":8,"qualified":false,"samples":64,"seed":42,"serialization_seconds":0.0060184}
LARGE_NORMALIZED_PAIR {"elapsed_seconds":428.4518144,"gap":0.5151252306288837,"iteration":700,"normalized":true,"passed":9,"qualified":false,"samples":64,"seed":42,"serialization_seconds":0.0059656}
LARGE_NORMALIZED_PAIR {"elapsed_seconds":456.4817662,"gap":0.41460585701763847,"iteration":750,"normalized":true,"passed":5,"qualified":false,"samples":64,"seed":42,"serialization_seconds":0.0061434}
LARGE_NORMALIZED_PAIR {"elapsed_seconds":486.8652051,"gap":0.5144411742537472,"iteration":800,"normalized":true,"passed":7,"qualified":false,"samples":64,"seed":42,"serialization_seconds":0.0055784}
LARGE_NORMALIZED_PAIR {"elapsed_seconds":512.8221822,"gap":0.6786423121259336,"iteration":850,"normalized":true,"passed":12,"qualified":false,"samples":64,"seed":42,"serialization_seconds":0.0064173}
LARGE_NORMALIZED_PAIR {"elapsed_seconds":542.6270348,"gap":0.7033094032758902,"iteration":900,"normalized":true,"passed":11,"qualified":false,"samples":64,"seed":42,"serialization_seconds":0.0062503}
LARGE_NORMALIZED_PAIR {"elapsed_seconds":572.9646191,"gap":0.4950794129206194,"iteration":950,"normalized":true,"passed":10,"qualified":false,"samples":64,"seed":42,"serialization_seconds":0.0057886}
LARGE_NORMALIZED_PAIR {"elapsed_seconds":602.7597545,"gap":0.38947484076407896,"iteration":1000,"normalized":true,"passed":11,"qualified":false,"samples":64,"seed":42,"serialization_seconds":0.0066055}
LARGE_NORMALIZED_PAIR {"elapsed_seconds":628.5259774,"gap":0.7028404585678447,"iteration":1050,"normalized":true,"passed":10,"qualified":false,"samples":64,"seed":42,"serialization_seconds":0.0059958}
LARGE_NORMALIZED_PAIR {"elapsed_seconds":657.3320105,"gap":0.561770955570023,"iteration":1100,"normalized":true,"passed":10,"qualified":false,"samples":64,"seed":42,"serialization_seconds":0.0056275}
LARGE_NORMALIZED_PAIR {"elapsed_seconds":688.9873924,"gap":0.43675054158152044,"iteration":1150,"normalized":true,"passed":11,"qualified":false,"samples":64,"seed":42,"serialization_seconds":0.0059119}
LARGE_NORMALIZED_PAIR {"elapsed_seconds":721.2409517,"gap":0.29442783504697995,"iteration":1200,"normalized":true,"passed":10,"qualified":false,"samples":64,"seed":42,"serialization_seconds":0.0073191}
LARGE_NORMALIZED_PAIR {"elapsed_seconds":751.8740279,"gap":0.5973082451053688,"iteration":1250,"normalized":true,"passed":8,"qualified":false,"samples":64,"seed":42,"serialization_seconds":0.0065224}
LARGE_NORMALIZED_PAIR {"elapsed_seconds":776.2180294,"gap":0.7051856841792661,"iteration":1300,"normalized":true,"passed":7,"qualified":false,"samples":64,"seed":42,"serialization_seconds":0.0085614}
LARGE_NORMALIZED_PAIR {"elapsed_seconds":800.2938514,"gap":0.4454273756281482,"iteration":1350,"normalized":true,"passed":11,"qualified":false,"samples":64,"seed":42,"serialization_seconds":0.0063601}
LARGE_NORMALIZED_PAIR {"elapsed_seconds":825.7463857,"gap":0.5167186953599541,"iteration":1400,"normalized":true,"passed":11,"qualified":false,"samples":64,"seed":42,"serialization_seconds":0.0057165}
LARGE_NORMALIZED_PAIR {"elapsed_seconds":854.8147673,"gap":0.6202825407242997,"iteration":1450,"normalized":true,"passed":11,"qualified":false,"samples":64,"seed":42,"serialization_seconds":0.0064077}
LARGE_NORMALIZED_PAIR {"elapsed_seconds":881.797151,"gap":0.6305641665138653,"iteration":1500,"normalized":true,"passed":11,"qualified":false,"samples":64,"seed":42,"serialization_seconds":0.0059864}
LARGE_NORMALIZED_PAIR {"elapsed_seconds":912.4054811,"gap":0.4551628372790366,"iteration":1550,"normalized":true,"passed":11,"qualified":false,"samples":64,"seed":42,"serialization_seconds":0.0055658}
LARGE_NORMALIZED_PAIR {"elapsed_seconds":943.0041594,"gap":0.5914303766179404,"iteration":1600,"normalized":true,"passed":12,"qualified":false,"samples":64,"seed":42,"serialization_seconds":0.0069107}
LARGE_NORMALIZED_PAIR {"elapsed_seconds":969.4672647,"gap":0.5929156740132129,"iteration":1650,"normalized":true,"passed":11,"qualified":false,"samples":64,"seed":42,"serialization_seconds":0.0053933}
LARGE_NORMALIZED_PAIR {"elapsed_seconds":993.1547801,"gap":0.5209986583286774,"iteration":1700,"normalized":true,"passed":11,"qualified":false,"samples":64,"seed":42,"serialization_seconds":0.0057161}
LARGE_NORMALIZED_PAIR {"elapsed_seconds":1021.558503,"gap":0.5466333704771468,"iteration":1750,"normalized":true,"passed":11,"qualified":false,"samples":64,"seed":42,"serialization_seconds":0.0062962}
LARGE_NORMALIZED_PAIR {"elapsed_seconds":1047.3492497,"gap":0.5439436689005832,"iteration":1800,"normalized":true,"passed":12,"qualified":false,"samples":64,"seed":42,"serialization_seconds":0.0076796}
LARGE_NORMALIZED_PAIR {"elapsed_seconds":1075.157773,"gap":0.4938463468451424,"iteration":1850,"normalized":true,"passed":12,"qualified":false,"samples":64,"seed":42,"serialization_seconds":0.0056636}
LARGE_NORMALIZED_PAIR {"elapsed_seconds":1105.0051149,"gap":0.47030391651267284,"iteration":1900,"normalized":true,"passed":12,"qualified":false,"samples":64,"seed":42,"serialization_seconds":0.0056084}
LARGE_NORMALIZED_PAIR {"elapsed_seconds":1133.756976,"gap":0.5477456132250977,"iteration":1950,"normalized":true,"passed":12,"qualified":false,"samples":64,"seed":42,"serialization_seconds":0.0062938}
LARGE_NORMALIZED_PAIR {"elapsed_seconds":1161.7715432,"gap":0.5684021064979478,"iteration":2000,"normalized":true,"passed":12,"qualified":false,"samples":64,"seed":42,"serialization_seconds":0.0057389}
LARGE_NORMALIZED_PAIR {"elapsed_seconds":1189.7840231,"gap":0.43830944085501855,"iteration":2050,"normalized":true,"passed":12,"qualified":false,"samples":64,"seed":42,"serialization_seconds":0.0062513}
LARGE_NORMALIZED_PAIR {"elapsed_seconds":1220.0413054,"gap":0.4630889220929686,"iteration":2100,"normalized":true,"passed":12,"qualified":false,"samples":64,"seed":42,"serialization_seconds":0.0062429}
LARGE_NORMALIZED_PAIR {"elapsed_seconds":1249.162933,"gap":0.5056336264608097,"iteration":2150,"normalized":true,"passed":12,"qualified":false,"samples":64,"seed":42,"serialization_seconds":0.0077047}
LARGE_NORMALIZED_PAIR {"elapsed_seconds":1277.1648296,"gap":0.48604787500381436,"iteration":2200,"normalized":true,"passed":11,"qualified":false,"samples":64,"seed":42,"serialization_seconds":0.0058572}
LARGE_NORMALIZED_PAIR {"elapsed_seconds":1305.1422009,"gap":0.4513526379698029,"iteration":2250,"normalized":true,"passed":11,"qualified":false,"samples":64,"seed":42,"serialization_seconds":0.0068557}
LARGE_NORMALIZED_PAIR {"elapsed_seconds":1333.070899,"gap":0.457129435430402,"iteration":2300,"normalized":true,"passed":11,"qualified":false,"samples":64,"seed":42,"serialization_seconds":0.0060482}
LARGE_NORMALIZED_PAIR {"elapsed_seconds":1361.1632386,"gap":0.49725114706932605,"iteration":2350,"normalized":true,"passed":11,"qualified":false,"samples":64,"seed":42,"serialization_seconds":0.0057697}
LARGE_NORMALIZED_PAIR {"elapsed_seconds":1384.3321949,"gap":0.48383709982942164,"iteration":2400,"normalized":true,"passed":11,"qualified":false,"samples":64,"seed":42,"serialization_seconds":0.0061269}
LARGE_NORMALIZED_PAIR {"elapsed_seconds":1406.7817522,"gap":0.5061669676357239,"iteration":2450,"normalized":true,"passed":11,"qualified":false,"samples":64,"seed":42,"serialization_seconds":0.006936}
LARGE_NORMALIZED_PAIR {"elapsed_seconds":1429.4925129,"gap":0.4567895899187278,"iteration":2500,"normalized":true,"passed":12,"qualified":false,"samples":64,"seed":42,"serialization_seconds":0.0059405}
LARGE_NORMALIZED_PAIR {"elapsed_seconds":1457.8442535,"gap":0.4566104652321998,"iteration":2550,"normalized":true,"passed":11,"qualified":false,"samples":64,"seed":42,"serialization_seconds":0.0072831}
LARGE_NORMALIZED_PAIR {"elapsed_seconds":1482.4062005,"gap":0.43091121697604756,"iteration":2600,"normalized":true,"passed":11,"qualified":false,"samples":64,"seed":42,"serialization_seconds":0.0054665}
LARGE_NORMALIZED_PAIR {"elapsed_seconds":1507.4409189,"gap":0.4626341762169354,"iteration":2650,"normalized":true,"passed":11,"qualified":false,"samples":64,"seed":42,"serialization_seconds":0.0076483}
LARGE_NORMALIZED_PAIR {"elapsed_seconds":1535.2085381,"gap":0.44073052509678307,"iteration":2700,"normalized":true,"passed":11,"qualified":false,"samples":64,"seed":42,"serialization_seconds":0.0060928}
LARGE_NORMALIZED_PAIR {"elapsed_seconds":1558.1662679,"gap":0.4797485047724232,"iteration":2750,"normalized":true,"passed":12,"qualified":false,"samples":64,"seed":42,"serialization_seconds":0.0060033}
LARGE_NORMALIZED_PAIR {"elapsed_seconds":1580.7483258,"gap":0.48602539928961497,"iteration":2800,"normalized":true,"passed":11,"qualified":false,"samples":64,"seed":42,"serialization_seconds":0.0061203}
LARGE_NORMALIZED_PAIR {"elapsed_seconds":1604.3731725,"gap":0.48283429612302564,"iteration":2850,"normalized":true,"passed":11,"qualified":false,"samples":64,"seed":42,"serialization_seconds":0.0057642}
LARGE_NORMALIZED_PAIR {"elapsed_seconds":1628.3494956,"gap":0.4683757473176175,"iteration":2900,"normalized":true,"passed":11,"qualified":false,"samples":64,"seed":42,"serialization_seconds":0.0056693}
LARGE_NORMALIZED_PAIR {"elapsed_seconds":1652.3621743,"gap":0.48106148933831855,"iteration":2950,"normalized":true,"passed":12,"qualified":false,"samples":64,"seed":42,"serialization_seconds":0.0060902}
LARGE_NORMALIZED_PAIR {"elapsed_seconds":1675.8460468,"gap":0.4640591384478908,"iteration":3000,"normalized":true,"passed":11,"qualified":false,"samples":64,"seed":42,"serialization_seconds":0.0056417}
