preflop gpu: coupled multiway, 1024 particles, 760578 reach CDFs, 32-particle batches, 8445 MB CDF scratch
preflop gpu: compact CDF slots 388082 of 760578, 24.3 MB immutable map
preflop gpu: deployed_prepass reference, 32-particle grouping and HU-cache=true with accurately budgeted storage
preflop gpu: 1567754 nodes, 23 levels, 805640 terminals (119099 calibrated), 0 forced + 0 frozen nodes, ~13075 MB VRAM
UPSTREAM {"cycle":0,"seconds":100.6446196}
preflop gpu: coupled multiway, 1024 particles, 127 reach CDFs, 32-particle batches, 2 MB CDF scratch
preflop gpu: compact CDF slots 84 of 127, 0.0 MB immutable map
preflop gpu: deployed_prepass reference, 32-particle grouping and HU-cache=true with accurately budgeted storage
preflop gpu: 291 nodes, 7 levels, 160 terminals (51 calibrated), 0 forced + 0 frozen nodes, ~69 MB VRAM
DOWNSTREAM {"cycle":0,"iterations":1000,"passes":true,"path":[2,0,0,0,0],"seconds":2.1652246}
preflop gpu: coupled multiway, 1024 particles, 32 reach CDFs, 32-particle batches, 1 MB CDF scratch
preflop gpu: compact CDF slots 27 of 32, 0.0 MB immutable map
preflop gpu: deployed_prepass reference, 32-particle grouping and HU-cache=true with accurately budgeted storage
preflop gpu: 63 nodes, 5 levels, 34 terminals (9 calibrated), 0 forced + 0 frozen nodes, ~67 MB VRAM
DOWNSTREAM {"cycle":0,"iterations":1000,"passes":true,"path":[2,0,0,0,0,1,1],"seconds":1.8617491}
preflop gpu: coupled multiway, 1024 particles, 127 reach CDFs, 32-particle batches, 2 MB CDF scratch
preflop gpu: compact CDF slots 84 of 127, 0.0 MB immutable map
preflop gpu: deployed_prepass reference, 32-particle grouping and HU-cache=true with accurately budgeted storage
preflop gpu: 291 nodes, 7 levels, 160 terminals (51 calibrated), 0 forced + 0 frozen nodes, ~69 MB VRAM
DOWNSTREAM {"cycle":0,"iterations":1000,"passes":true,"path":[3,0,0,0,0],"seconds":2.0548821}
preflop gpu: coupled multiway, 1024 particles, 73 reach CDFs, 32-particle batches, 1 MB CDF scratch
preflop gpu: compact CDF slots 51 of 73, 0.0 MB immutable map
preflop gpu: deployed_prepass reference, 32-particle grouping and HU-cache=true with accurately budgeted storage
preflop gpu: 155 nodes, 6 levels, 84 terminals (25 calibrated), 0 forced + 0 frozen nodes, ~68 MB VRAM
DOWNSTREAM {"cycle":0,"iterations":1000,"passes":true,"path":[3,0,0,0,0,1],"seconds":1.9515755000000001}
preflop gpu: coupled multiway, 1024 particles, 32 reach CDFs, 32-particle batches, 1 MB CDF scratch
preflop gpu: compact CDF slots 27 of 32, 0.0 MB immutable map
preflop gpu: deployed_prepass reference, 32-particle grouping and HU-cache=true with accurately budgeted storage
preflop gpu: 63 nodes, 5 levels, 34 terminals (9 calibrated), 0 forced + 0 frozen nodes, ~67 MB VRAM
DOWNSTREAM {"cycle":0,"iterations":1000,"passes":true,"path":[3,0,0,0,0,1,1],"seconds":1.8255632}
preflop gpu: coupled multiway, 1024 particles, 7 reach CDFs, 32-particle batches, 0 MB CDF scratch
preflop gpu: compact CDF slots 6 of 7, 0.0 MB immutable map
preflop gpu: deployed_prepass reference, 32-particle grouping and HU-cache=true with accurately budgeted storage
preflop gpu: 15 nodes, 4 levels, 8 terminals (3 calibrated), 0 forced + 0 frozen nodes, ~66 MB VRAM
DOWNSTREAM {"cycle":0,"iterations":1000,"passes":true,"path":[3,0,0,0,0,2],"seconds":1.7363905}
preflop gpu: coupled multiway, 1024 particles, 903 reach CDFs, 32-particle batches, 12 MB CDF scratch
preflop gpu: compact CDF slots 554 of 903, 0.0 MB immutable map
preflop gpu: deployed_prepass reference, 32-particle grouping and HU-cache=true with accurately budgeted storage
preflop gpu: 2112 nodes, 10 levels, 1170 terminals (374 calibrated), 0 forced + 0 frozen nodes, ~85 MB VRAM
DOWNSTREAM {"cycle":0,"iterations":1000,"passes":true,"path":[1,0,0,0,0],"seconds":4.2621534}
preflop gpu: coupled multiway, 1024 particles, 3400 reach CDFs, 32-particle batches, 44 MB CDF scratch
preflop gpu: compact CDF slots 2006 of 3400, 0.1 MB immutable map
preflop gpu: deployed_prepass reference, 32-particle grouping and HU-cache=true with accurately budgeted storage
preflop gpu: 7360 nodes, 12 levels, 3922 terminals (1002 calibrated), 0 forced + 0 frozen nodes, ~132 MB VRAM
DOWNSTREAM {"cycle":0,"iterations":1000,"passes":true,"path":[1,1,0,0,0],"seconds":13.0868596}
preflop gpu: coupled multiway, 1024 particles, 11561 reach CDFs, 32-particle batches, 147 MB CDF scratch
preflop gpu: compact CDF slots 6743 of 11561, 0.4 MB immutable map
preflop gpu: deployed_prepass reference, 32-particle grouping and HU-cache=true with accurately budgeted storage
preflop gpu: 24192 nodes, 14 levels, 12594 terminals (2470 calibrated), 0 forced + 0 frozen nodes, ~286 MB VRAM
DOWNSTREAM {"cycle":0,"iterations":1000,"passes":true,"path":[1,1,1,0,0],"seconds":33.9425128}
preflop gpu: coupled multiway, 1024 particles, 760578 reach CDFs, 32-particle batches, 8445 MB CDF scratch
preflop gpu: compact CDF slots 388082 of 760578, 24.3 MB immutable map
preflop gpu: deployed_prepass reference, 32-particle grouping and HU-cache=true with accurately budgeted storage
preflop gpu: 1567754 nodes, 23 levels, 805640 terminals (119099 calibrated), 0 forced + 0 frozen nodes, ~13075 MB VRAM
CYCLE {"cycle":0,"gap":0.28863085827087454,"passed":26,"qualified":false}
preflop gpu: coupled multiway, 1024 particles, 760578 reach CDFs, 32-particle batches, 8445 MB CDF scratch
preflop gpu: compact CDF slots 388082 of 760578, 24.3 MB immutable map
preflop gpu: deployed_prepass reference, 32-particle grouping and HU-cache=true with accurately budgeted storage
preflop gpu: 1567754 nodes, 23 levels, 805640 terminals (119099 calibrated), 0 forced + 0 frozen nodes, ~13075 MB VRAM
UPSTREAM {"cycle":1,"seconds":101.2758663}
preflop gpu: coupled multiway, 1024 particles, 127 reach CDFs, 32-particle batches, 2 MB CDF scratch
preflop gpu: compact CDF slots 84 of 127, 0.0 MB immutable map
preflop gpu: deployed_prepass reference, 32-particle grouping and HU-cache=true with accurately budgeted storage
preflop gpu: 291 nodes, 7 levels, 160 terminals (51 calibrated), 0 forced + 0 frozen nodes, ~69 MB VRAM
DOWNSTREAM {"cycle":1,"iterations":1000,"passes":true,"path":[2,0,0,0,0],"seconds":2.3869854999999998}
preflop gpu: coupled multiway, 1024 particles, 73 reach CDFs, 32-particle batches, 1 MB CDF scratch
preflop gpu: compact CDF slots 51 of 73, 0.0 MB immutable map
preflop gpu: deployed_prepass reference, 32-particle grouping and HU-cache=true with accurately budgeted storage
preflop gpu: 155 nodes, 6 levels, 84 terminals (25 calibrated), 0 forced + 0 frozen nodes, ~68 MB VRAM
DOWNSTREAM {"cycle":1,"iterations":1000,"passes":true,"path":[2,0,0,0,0,1],"seconds":2.0450667}
preflop gpu: coupled multiway, 1024 particles, 32 reach CDFs, 32-particle batches, 1 MB CDF scratch
preflop gpu: compact CDF slots 27 of 32, 0.0 MB immutable map
preflop gpu: deployed_prepass reference, 32-particle grouping and HU-cache=true with accurately budgeted storage
preflop gpu: 63 nodes, 5 levels, 34 terminals (9 calibrated), 0 forced + 0 frozen nodes, ~67 MB VRAM
DOWNSTREAM {"cycle":1,"iterations":1000,"passes":true,"path":[2,0,0,0,0,1,1],"seconds":1.834489}
preflop gpu: coupled multiway, 1024 particles, 127 reach CDFs, 32-particle batches, 2 MB CDF scratch
preflop gpu: compact CDF slots 84 of 127, 0.0 MB immutable map
preflop gpu: deployed_prepass reference, 32-particle grouping and HU-cache=true with accurately budgeted storage
preflop gpu: 291 nodes, 7 levels, 160 terminals (51 calibrated), 0 forced + 0 frozen nodes, ~69 MB VRAM
DOWNSTREAM {"cycle":1,"iterations":1000,"passes":true,"path":[3,0,0,0,0],"seconds":2.1196531}
preflop gpu: coupled multiway, 1024 particles, 32 reach CDFs, 32-particle batches, 1 MB CDF scratch
preflop gpu: compact CDF slots 27 of 32, 0.0 MB immutable map
preflop gpu: deployed_prepass reference, 32-particle grouping and HU-cache=true with accurately budgeted storage
preflop gpu: 63 nodes, 5 levels, 34 terminals (9 calibrated), 0 forced + 0 frozen nodes, ~67 MB VRAM
DOWNSTREAM {"cycle":1,"iterations":1000,"passes":true,"path":[3,0,0,0,0,1,1],"seconds":1.8264253}
preflop gpu: coupled multiway, 1024 particles, 903 reach CDFs, 32-particle batches, 12 MB CDF scratch
preflop gpu: compact CDF slots 554 of 903, 0.0 MB immutable map
preflop gpu: deployed_prepass reference, 32-particle grouping and HU-cache=true with accurately budgeted storage
preflop gpu: 2112 nodes, 10 levels, 1170 terminals (374 calibrated), 0 forced + 0 frozen nodes, ~85 MB VRAM
DOWNSTREAM {"cycle":1,"iterations":1000,"passes":true,"path":[1,0,0,0,0],"seconds":4.1765762}
preflop gpu: coupled multiway, 1024 particles, 3400 reach CDFs, 32-particle batches, 44 MB CDF scratch
preflop gpu: compact CDF slots 2006 of 3400, 0.1 MB immutable map
preflop gpu: deployed_prepass reference, 32-particle grouping and HU-cache=true with accurately budgeted storage
preflop gpu: 7360 nodes, 12 levels, 3922 terminals (1002 calibrated), 0 forced + 0 frozen nodes, ~132 MB VRAM
DOWNSTREAM {"cycle":1,"iterations":1000,"passes":true,"path":[1,1,0,0,0],"seconds":12.4772705}
preflop gpu: coupled multiway, 1024 particles, 11561 reach CDFs, 32-particle batches, 147 MB CDF scratch
preflop gpu: compact CDF slots 6743 of 11561, 0.4 MB immutable map
preflop gpu: deployed_prepass reference, 32-particle grouping and HU-cache=true with accurately budgeted storage
preflop gpu: 24192 nodes, 14 levels, 12594 terminals (2470 calibrated), 0 forced + 0 frozen nodes, ~286 MB VRAM
DOWNSTREAM {"cycle":1,"iterations":1000,"passes":true,"path":[1,1,1,0,0],"seconds":38.6329434}
preflop gpu: coupled multiway, 1024 particles, 760578 reach CDFs, 32-particle batches, 8445 MB CDF scratch
preflop gpu: compact CDF slots 388082 of 760578, 24.3 MB immutable map
preflop gpu: deployed_prepass reference, 32-particle grouping and HU-cache=true with accurately budgeted storage
preflop gpu: 1567754 nodes, 23 levels, 805640 terminals (119099 calibrated), 0 forced + 0 frozen nodes, ~13075 MB VRAM
CYCLE {"cycle":1,"gap":0.4700423330899467,"passed":27,"qualified":false}
preflop gpu: coupled multiway, 1024 particles, 760578 reach CDFs, 32-particle batches, 8445 MB CDF scratch
preflop gpu: compact CDF slots 388082 of 760578, 24.3 MB immutable map
preflop gpu: deployed_prepass reference, 32-particle grouping and HU-cache=true with accurately budgeted storage
preflop gpu: 1567754 nodes, 23 levels, 805640 terminals (119099 calibrated), 0 forced + 0 frozen nodes, ~13075 MB VRAM
UPSTREAM {"cycle":2,"seconds":101.2765886}
preflop gpu: coupled multiway, 1024 particles, 127 reach CDFs, 32-particle batches, 2 MB CDF scratch
preflop gpu: compact CDF slots 84 of 127, 0.0 MB immutable map
preflop gpu: deployed_prepass reference, 32-particle grouping and HU-cache=true with accurately budgeted storage
preflop gpu: 291 nodes, 7 levels, 160 terminals (51 calibrated), 0 forced + 0 frozen nodes, ~69 MB VRAM
DOWNSTREAM {"cycle":2,"iterations":1000,"passes":true,"path":[2,0,0,0,0],"seconds":2.3401071}
preflop gpu: coupled multiway, 1024 particles, 73 reach CDFs, 32-particle batches, 1 MB CDF scratch
preflop gpu: compact CDF slots 51 of 73, 0.0 MB immutable map
preflop gpu: deployed_prepass reference, 32-particle grouping and HU-cache=true with accurately budgeted storage
preflop gpu: 155 nodes, 6 levels, 84 terminals (25 calibrated), 0 forced + 0 frozen nodes, ~68 MB VRAM
DOWNSTREAM {"cycle":2,"iterations":1000,"passes":true,"path":[2,0,0,0,0,1],"seconds":2.0892275}
preflop gpu: coupled multiway, 1024 particles, 127 reach CDFs, 32-particle batches, 2 MB CDF scratch
preflop gpu: compact CDF slots 84 of 127, 0.0 MB immutable map
preflop gpu: deployed_prepass reference, 32-particle grouping and HU-cache=true with accurately budgeted storage
preflop gpu: 291 nodes, 7 levels, 160 terminals (51 calibrated), 0 forced + 0 frozen nodes, ~69 MB VRAM
DOWNSTREAM {"cycle":2,"iterations":1000,"passes":true,"path":[3,0,0,0,0],"seconds":2.203108}
preflop gpu: coupled multiway, 1024 particles, 73 reach CDFs, 32-particle batches, 1 MB CDF scratch
preflop gpu: compact CDF slots 51 of 73, 0.0 MB immutable map
preflop gpu: deployed_prepass reference, 32-particle grouping and HU-cache=true with accurately budgeted storage
preflop gpu: 155 nodes, 6 levels, 84 terminals (25 calibrated), 0 forced + 0 frozen nodes, ~68 MB VRAM
DOWNSTREAM {"cycle":2,"iterations":1000,"passes":true,"path":[3,0,0,0,0,1],"seconds":2.0332921}
preflop gpu: coupled multiway, 1024 particles, 903 reach CDFs, 32-particle batches, 12 MB CDF scratch
preflop gpu: compact CDF slots 554 of 903, 0.0 MB immutable map
preflop gpu: deployed_prepass reference, 32-particle grouping and HU-cache=true with accurately budgeted storage
preflop gpu: 2112 nodes, 10 levels, 1170 terminals (374 calibrated), 0 forced + 0 frozen nodes, ~85 MB VRAM
DOWNSTREAM {"cycle":2,"iterations":1000,"passes":true,"path":[1,0,0,0,0],"seconds":3.8574724}
preflop gpu: coupled multiway, 1024 particles, 3400 reach CDFs, 32-particle batches, 44 MB CDF scratch
preflop gpu: compact CDF slots 2006 of 3400, 0.1 MB immutable map
preflop gpu: deployed_prepass reference, 32-particle grouping and HU-cache=true with accurately budgeted storage
preflop gpu: 7360 nodes, 12 levels, 3922 terminals (1002 calibrated), 0 forced + 0 frozen nodes, ~132 MB VRAM
DOWNSTREAM {"cycle":2,"iterations":1000,"passes":true,"path":[1,1,0,0,0],"seconds":12.6703214}
preflop gpu: coupled multiway, 1024 particles, 11561 reach CDFs, 32-particle batches, 147 MB CDF scratch
preflop gpu: compact CDF slots 6743 of 11561, 0.4 MB immutable map
preflop gpu: deployed_prepass reference, 32-particle grouping and HU-cache=true with accurately budgeted storage
preflop gpu: 24192 nodes, 14 levels, 12594 terminals (2470 calibrated), 0 forced + 0 frozen nodes, ~286 MB VRAM
DOWNSTREAM {"cycle":2,"iterations":1000,"passes":true,"path":[1,1,1,0,0],"seconds":38.8980026}
preflop gpu: coupled multiway, 1024 particles, 760578 reach CDFs, 32-particle batches, 8445 MB CDF scratch
preflop gpu: compact CDF slots 388082 of 760578, 24.3 MB immutable map
preflop gpu: deployed_prepass reference, 32-particle grouping and HU-cache=true with accurately budgeted storage
preflop gpu: 1567754 nodes, 23 levels, 805640 terminals (119099 calibrated), 0 forced + 0 frozen nodes, ~13075 MB VRAM
CYCLE {"cycle":2,"gap":0.5568304134980239,"passed":27,"qualified":false}
preflop gpu: coupled multiway, 1024 particles, 760578 reach CDFs, 32-particle batches, 8445 MB CDF scratch
preflop gpu: compact CDF slots 388082 of 760578, 24.3 MB immutable map
preflop gpu: deployed_prepass reference, 32-particle grouping and HU-cache=true with accurately budgeted storage
preflop gpu: 1567754 nodes, 23 levels, 805640 terminals (119099 calibrated), 0 forced + 0 frozen nodes, ~13075 MB VRAM
UPSTREAM {"cycle":3,"seconds":99.2417305}
preflop gpu: coupled multiway, 1024 particles, 127 reach CDFs, 32-particle batches, 2 MB CDF scratch
preflop gpu: compact CDF slots 84 of 127, 0.0 MB immutable map
preflop gpu: deployed_prepass reference, 32-particle grouping and HU-cache=true with accurately budgeted storage
preflop gpu: 291 nodes, 7 levels, 160 terminals (51 calibrated), 0 forced + 0 frozen nodes, ~69 MB VRAM
DOWNSTREAM {"cycle":3,"iterations":1000,"passes":true,"path":[2,0,0,0,0],"seconds":2.2719212}
preflop gpu: coupled multiway, 1024 particles, 73 reach CDFs, 32-particle batches, 1 MB CDF scratch
preflop gpu: compact CDF slots 51 of 73, 0.0 MB immutable map
preflop gpu: deployed_prepass reference, 32-particle grouping and HU-cache=true with accurately budgeted storage
preflop gpu: 155 nodes, 6 levels, 84 terminals (25 calibrated), 0 forced + 0 frozen nodes, ~68 MB VRAM
DOWNSTREAM {"cycle":3,"iterations":1000,"passes":true,"path":[2,0,0,0,0,1],"seconds":1.9657584}
preflop gpu: coupled multiway, 1024 particles, 32 reach CDFs, 32-particle batches, 1 MB CDF scratch
preflop gpu: compact CDF slots 27 of 32, 0.0 MB immutable map
preflop gpu: deployed_prepass reference, 32-particle grouping and HU-cache=true with accurately budgeted storage
preflop gpu: 63 nodes, 5 levels, 34 terminals (9 calibrated), 0 forced + 0 frozen nodes, ~67 MB VRAM
DOWNSTREAM {"cycle":3,"iterations":1000,"passes":true,"path":[2,0,0,0,0,1,1],"seconds":1.8274062}
preflop gpu: coupled multiway, 1024 particles, 127 reach CDFs, 32-particle batches, 2 MB CDF scratch
preflop gpu: compact CDF slots 84 of 127, 0.0 MB immutable map
preflop gpu: deployed_prepass reference, 32-particle grouping and HU-cache=true with accurately budgeted storage
preflop gpu: 291 nodes, 7 levels, 160 terminals (51 calibrated), 0 forced + 0 frozen nodes, ~69 MB VRAM
DOWNSTREAM {"cycle":3,"iterations":1000,"passes":true,"path":[3,0,0,0,0],"seconds":2.1647273}
preflop gpu: coupled multiway, 1024 particles, 73 reach CDFs, 32-particle batches, 1 MB CDF scratch
preflop gpu: compact CDF slots 51 of 73, 0.0 MB immutable map
preflop gpu: deployed_prepass reference, 32-particle grouping and HU-cache=true with accurately budgeted storage
preflop gpu: 155 nodes, 6 levels, 84 terminals (25 calibrated), 0 forced + 0 frozen nodes, ~68 MB VRAM
DOWNSTREAM {"cycle":3,"iterations":1000,"passes":false,"path":[3,0,0,0,0,1],"seconds":2.0135076}
preflop gpu: coupled multiway, 1024 particles, 73 reach CDFs, 32-particle batches, 1 MB CDF scratch
preflop gpu: compact CDF slots 51 of 73, 0.0 MB immutable map
preflop gpu: deployed_prepass reference, 32-particle grouping and HU-cache=true with accurately budgeted storage
preflop gpu: 155 nodes, 6 levels, 84 terminals (25 calibrated), 0 forced + 0 frozen nodes, ~68 MB VRAM
DOWNSTREAM {"cycle":3,"iterations":4000,"passes":true,"path":[3,0,0,0,0,1],"seconds":7.8122993}
preflop gpu: coupled multiway, 1024 particles, 903 reach CDFs, 32-particle batches, 12 MB CDF scratch
preflop gpu: compact CDF slots 554 of 903, 0.0 MB immutable map
preflop gpu: deployed_prepass reference, 32-particle grouping and HU-cache=true with accurately budgeted storage
preflop gpu: 2112 nodes, 10 levels, 1170 terminals (374 calibrated), 0 forced + 0 frozen nodes, ~85 MB VRAM
DOWNSTREAM {"cycle":3,"iterations":1000,"passes":true,"path":[1,0,0,0,0],"seconds":4.3680517}
preflop gpu: coupled multiway, 1024 particles, 3400 reach CDFs, 32-particle batches, 44 MB CDF scratch
preflop gpu: compact CDF slots 2006 of 3400, 0.1 MB immutable map
preflop gpu: deployed_prepass reference, 32-particle grouping and HU-cache=true with accurately budgeted storage
preflop gpu: 7360 nodes, 12 levels, 3922 terminals (1002 calibrated), 0 forced + 0 frozen nodes, ~132 MB VRAM
DOWNSTREAM {"cycle":3,"iterations":1000,"passes":true,"path":[1,1,0,0,0],"seconds":16.3908158}
preflop gpu: coupled multiway, 1024 particles, 11561 reach CDFs, 32-particle batches, 147 MB CDF scratch
preflop gpu: compact CDF slots 6743 of 11561, 0.4 MB immutable map
preflop gpu: deployed_prepass reference, 32-particle grouping and HU-cache=true with accurately budgeted storage
preflop gpu: 24192 nodes, 14 levels, 12594 terminals (2470 calibrated), 0 forced + 0 frozen nodes, ~286 MB VRAM
DOWNSTREAM {"cycle":3,"iterations":1000,"passes":false,"path":[1,1,1,0,0],"seconds":43.9672868}
preflop gpu: coupled multiway, 1024 particles, 11561 reach CDFs, 32-particle batches, 147 MB CDF scratch
preflop gpu: compact CDF slots 6743 of 11561, 0.4 MB immutable map
preflop gpu: deployed_prepass reference, 32-particle grouping and HU-cache=true with accurately budgeted storage
preflop gpu: 24192 nodes, 14 levels, 12594 terminals (2470 calibrated), 0 forced + 0 frozen nodes, ~286 MB VRAM
DOWNSTREAM {"cycle":3,"iterations":4000,"passes":true,"path":[1,1,1,0,0],"seconds":142.8322895}
preflop gpu: coupled multiway, 1024 particles, 962 reach CDFs, 32-particle batches, 14 MB CDF scratch
preflop gpu: compact CDF slots 636 of 962, 0.0 MB immutable map
preflop gpu: deployed_prepass reference, 32-particle grouping and HU-cache=true with accurately budgeted storage
preflop gpu: 2055 nodes, 10 levels, 1089 terminals (266 calibrated), 0 forced + 0 frozen nodes, ~86 MB VRAM
DOWNSTREAM {"cycle":3,"iterations":1000,"passes":true,"path":[1,1,1,0,0,0,0],"seconds":6.1499662}
preflop gpu: coupled multiway, 1024 particles, 760578 reach CDFs, 32-particle batches, 8445 MB CDF scratch
preflop gpu: compact CDF slots 388082 of 760578, 24.3 MB immutable map
preflop gpu: deployed_prepass reference, 32-particle grouping and HU-cache=true with accurately budgeted storage
preflop gpu: 1567754 nodes, 23 levels, 805640 terminals (119099 calibrated), 0 forced + 0 frozen nodes, ~13075 MB VRAM
CYCLE {"cycle":3,"gap":1.1170154598978872,"passed":27,"qualified":false}
