preflop gpu: coupled multiway, 1024 particles, 10728 reach CDFs, 32-particle batches, 128 MB CDF scratch
preflop gpu: compact CDF slots 5890 of 10728, 0.3 MB immutable map
preflop gpu: deployed_prepass reference, 32-particle grouping and HU-cache=true with accurately budgeted storage
preflop gpu: 23038 nodes, 17 levels, 12168 terminals (1873 calibrated), 0 forced + 0 frozen nodes, ~263 MB VRAM
NORMALIZED_PAIR_QUALITY {"gap":0.5211816043307118,"iteration":25,"normalized":true,"pair":false,"passed":0,"qualified":false,"samples":1024,"seed":314159}
NORMALIZED_PAIR_QUALITY {"gap":0.15529139542791393,"iteration":50,"normalized":true,"pair":false,"passed":0,"qualified":false,"samples":1024,"seed":314159}
NORMALIZED_PAIR_QUALITY {"gap":0.29347274795625067,"iteration":75,"normalized":true,"pair":false,"passed":0,"qualified":false,"samples":1024,"seed":314159}
NORMALIZED_PAIR_QUALITY {"gap":0.15376150083139312,"iteration":100,"normalized":true,"pair":false,"passed":0,"qualified":false,"samples":1024,"seed":314159}
NORMALIZED_PAIR_QUALITY {"gap":0.34510593352164565,"iteration":125,"normalized":true,"pair":false,"passed":0,"qualified":false,"samples":1024,"seed":314159}
NORMALIZED_PAIR_QUALITY {"gap":0.15733218267908905,"iteration":150,"normalized":true,"pair":false,"passed":0,"qualified":false,"samples":1024,"seed":314159}
NORMALIZED_PAIR_QUALITY {"gap":0.16696116563939556,"iteration":175,"normalized":true,"pair":false,"passed":0,"qualified":false,"samples":1024,"seed":314159}
NORMALIZED_PAIR_QUALITY {"gap":0.19339131532812762,"iteration":200,"normalized":true,"pair":false,"passed":0,"qualified":false,"samples":1024,"seed":314159}
NORMALIZED_PAIR_QUALITY {"gap":0.1850544396574776,"iteration":225,"normalized":true,"pair":false,"passed":1,"qualified":false,"samples":1024,"seed":314159}
NORMALIZED_PAIR_QUALITY {"gap":0.1850458023464408,"iteration":250,"normalized":true,"pair":false,"passed":1,"qualified":false,"samples":1024,"seed":314159}
NORMALIZED_PAIR_QUALITY {"gap":0.19758359234608247,"iteration":275,"normalized":true,"pair":false,"passed":1,"qualified":false,"samples":1024,"seed":314159}
NORMALIZED_PAIR_QUALITY {"gap":0.10623731615046916,"iteration":300,"normalized":true,"pair":false,"passed":1,"qualified":false,"samples":1024,"seed":314159}
NORMALIZED_PAIR_QUALITY {"gap":0.1144056436670321,"iteration":325,"normalized":true,"pair":false,"passed":1,"qualified":false,"samples":1024,"seed":314159}
NORMALIZED_PAIR_QUALITY {"gap":0.13937248629911367,"iteration":350,"normalized":true,"pair":false,"passed":2,"qualified":false,"samples":1024,"seed":314159}
NORMALIZED_PAIR_QUALITY {"gap":0.13811318752710888,"iteration":375,"normalized":true,"pair":false,"passed":2,"qualified":false,"samples":1024,"seed":314159}
NORMALIZED_PAIR_QUALITY {"gap":0.10787009210752915,"iteration":400,"normalized":true,"pair":false,"passed":2,"qualified":false,"samples":1024,"seed":314159}
NORMALIZED_PAIR_QUALITY {"gap":0.1059170722156831,"iteration":425,"normalized":true,"pair":false,"passed":4,"qualified":false,"samples":1024,"seed":314159}
NORMALIZED_PAIR_QUALITY {"gap":0.06136434021742165,"iteration":450,"normalized":true,"pair":false,"passed":3,"qualified":false,"samples":1024,"seed":314159}
NORMALIZED_PAIR_QUALITY {"gap":0.050233135883035754,"iteration":475,"normalized":true,"pair":false,"passed":4,"qualified":false,"samples":1024,"seed":314159}
NORMALIZED_PAIR_QUALITY {"gap":0.03850093267219197,"iteration":500,"normalized":true,"pair":false,"passed":4,"qualified":false,"samples":1024,"seed":314159}
NORMALIZED_PAIR_QUALITY {"gap":0.0477718300891839,"iteration":525,"normalized":true,"pair":false,"passed":4,"qualified":false,"samples":1024,"seed":314159}
NORMALIZED_PAIR_QUALITY {"gap":0.0532665125400405,"iteration":550,"normalized":true,"pair":false,"passed":5,"qualified":false,"samples":1024,"seed":314159}
NORMALIZED_PAIR_QUALITY {"gap":0.05336562579894902,"iteration":575,"normalized":true,"pair":false,"passed":5,"qualified":false,"samples":1024,"seed":314159}
NORMALIZED_PAIR_QUALITY {"gap":0.08029429096527654,"iteration":600,"normalized":true,"pair":false,"passed":5,"qualified":false,"samples":1024,"seed":314159}
NORMALIZED_PAIR_QUALITY {"gap":0.07380077223569331,"iteration":625,"normalized":true,"pair":false,"passed":6,"qualified":false,"samples":1024,"seed":314159}
NORMALIZED_PAIR_QUALITY {"gap":0.06306776312199237,"iteration":650,"normalized":true,"pair":false,"passed":6,"qualified":false,"samples":1024,"seed":314159}
NORMALIZED_PAIR_QUALITY {"gap":0.047664573328409884,"iteration":675,"normalized":true,"pair":false,"passed":6,"qualified":false,"samples":1024,"seed":314159}
NORMALIZED_PAIR_QUALITY {"gap":0.049708931189672775,"iteration":700,"normalized":true,"pair":false,"passed":6,"qualified":false,"samples":1024,"seed":314159}
NORMALIZED_PAIR_QUALITY {"gap":0.03720261184280459,"iteration":725,"normalized":true,"pair":false,"passed":6,"qualified":false,"samples":1024,"seed":314159}
NORMALIZED_PAIR_QUALITY {"gap":0.03046262188821605,"iteration":750,"normalized":true,"pair":false,"passed":6,"qualified":false,"samples":1024,"seed":314159}
NORMALIZED_PAIR_QUALITY {"gap":0.024292616460470068,"iteration":775,"normalized":true,"pair":false,"passed":6,"qualified":false,"samples":1024,"seed":314159}
NORMALIZED_PAIR_QUALITY {"gap":0.018701604920034726,"iteration":800,"normalized":true,"pair":false,"passed":6,"qualified":false,"samples":1024,"seed":314159}
NORMALIZED_PAIR_QUALITY {"gap":0.016131534603957665,"iteration":825,"normalized":true,"pair":false,"passed":6,"qualified":false,"samples":1024,"seed":314159}
NORMALIZED_PAIR_QUALITY {"gap":0.012032863056353996,"iteration":850,"normalized":true,"pair":false,"passed":6,"qualified":false,"samples":1024,"seed":314159}
NORMALIZED_PAIR_QUALITY {"gap":0.007719323273142578,"iteration":875,"normalized":true,"pair":false,"passed":6,"qualified":false,"samples":1024,"seed":314159}
NORMALIZED_PAIR_QUALITY {"gap":0.005469326952526679,"iteration":900,"normalized":true,"pair":false,"passed":6,"qualified":false,"samples":1024,"seed":314159}
NORMALIZED_PAIR_QUALITY {"gap":0.003844719698547175,"iteration":925,"normalized":true,"pair":false,"passed":6,"qualified":false,"samples":1024,"seed":314159}
NORMALIZED_PAIR_QUALITY {"gap":0.0028391102381960798,"iteration":950,"normalized":true,"pair":false,"passed":6,"qualified":true,"samples":1024,"seed":314159}
