preflop gpu: coupled multiway, 1024 particles, 10728 reach CDFs, 32-particle batches, 128 MB CDF scratch
preflop gpu: compact CDF slots 5890 of 10728, 0.3 MB immutable map
preflop gpu: deployed_prepass reference, 32-particle grouping and HU-cache=true with accurately budgeted storage
preflop gpu: 23038 nodes, 17 levels, 12168 terminals (1873 calibrated), 0 forced + 0 frozen nodes, ~263 MB VRAM
NORMALIZED_PAIR_TAIL {"gap":0.5726536255701465,"iteration":25,"normalized":true,"pair":true,"passed":1,"qualified":false,"samples":64,"seed":1618033}
NORMALIZED_PAIR_TAIL {"gap":0.35410973185396144,"iteration":50,"normalized":true,"pair":true,"passed":0,"qualified":false,"samples":64,"seed":1618033}
NORMALIZED_PAIR_TAIL {"gap":0.39737808027278804,"iteration":75,"normalized":true,"pair":true,"passed":0,"qualified":false,"samples":64,"seed":1618033}
NORMALIZED_PAIR_TAIL {"gap":0.08970058563990217,"iteration":100,"normalized":true,"pair":true,"passed":0,"qualified":false,"samples":64,"seed":1618033}
NORMALIZED_PAIR_TAIL {"gap":0.28034294825834455,"iteration":125,"normalized":true,"pair":true,"passed":0,"qualified":false,"samples":64,"seed":1618033}
NORMALIZED_PAIR_TAIL {"gap":0.22382076861023117,"iteration":150,"normalized":true,"pair":true,"passed":0,"qualified":false,"samples":64,"seed":1618033}
NORMALIZED_PAIR_TAIL {"gap":0.12639252145535362,"iteration":175,"normalized":true,"pair":true,"passed":0,"qualified":false,"samples":64,"seed":1618033}
NORMALIZED_PAIR_TAIL {"gap":0.1295443262609169,"iteration":200,"normalized":true,"pair":true,"passed":1,"qualified":false,"samples":64,"seed":1618033}
NORMALIZED_PAIR_TAIL {"gap":0.08730393641579032,"iteration":225,"normalized":true,"pair":true,"passed":1,"qualified":false,"samples":64,"seed":1618033}
NORMALIZED_PAIR_TAIL {"gap":0.10647534635213661,"iteration":250,"normalized":true,"pair":true,"passed":1,"qualified":false,"samples":64,"seed":1618033}
NORMALIZED_PAIR_TAIL {"gap":0.08997288854581774,"iteration":275,"normalized":true,"pair":true,"passed":1,"qualified":false,"samples":64,"seed":1618033}
NORMALIZED_PAIR_TAIL {"gap":0.18395737374772864,"iteration":300,"normalized":true,"pair":true,"passed":2,"qualified":false,"samples":64,"seed":1618033}
NORMALIZED_PAIR_TAIL {"gap":0.1312698274839016,"iteration":325,"normalized":true,"pair":true,"passed":3,"qualified":false,"samples":64,"seed":1618033}
NORMALIZED_PAIR_TAIL {"gap":0.137703225850714,"iteration":350,"normalized":true,"pair":true,"passed":3,"qualified":false,"samples":64,"seed":1618033}
NORMALIZED_PAIR_TAIL {"gap":0.17146667670665,"iteration":375,"normalized":true,"pair":true,"passed":3,"qualified":false,"samples":64,"seed":1618033}
NORMALIZED_PAIR_TAIL {"gap":0.13253468347941705,"iteration":400,"normalized":true,"pair":true,"passed":4,"qualified":false,"samples":64,"seed":1618033}
NORMALIZED_PAIR_TAIL {"gap":0.14174224448526526,"iteration":425,"normalized":true,"pair":true,"passed":4,"qualified":false,"samples":64,"seed":1618033}
NORMALIZED_PAIR_TAIL {"gap":0.1411246856319262,"iteration":450,"normalized":true,"pair":true,"passed":5,"qualified":false,"samples":64,"seed":1618033}
NORMALIZED_PAIR_TAIL {"gap":0.15504608777328652,"iteration":475,"normalized":true,"pair":true,"passed":3,"qualified":false,"samples":64,"seed":1618033}
NORMALIZED_PAIR_TAIL {"gap":0.19419410470891477,"iteration":500,"normalized":true,"pair":true,"passed":4,"qualified":false,"samples":64,"seed":1618033}
NORMALIZED_PAIR_TAIL {"gap":0.13865861965292553,"iteration":525,"normalized":true,"pair":true,"passed":3,"qualified":false,"samples":64,"seed":1618033}
NORMALIZED_PAIR_TAIL {"gap":0.13504281673574123,"iteration":550,"normalized":true,"pair":true,"passed":4,"qualified":false,"samples":64,"seed":1618033}
NORMALIZED_PAIR_TAIL {"gap":0.10057514624907632,"iteration":575,"normalized":true,"pair":true,"passed":5,"qualified":false,"samples":64,"seed":1618033}
NORMALIZED_PAIR_TAIL {"gap":0.07948671213849105,"iteration":600,"normalized":true,"pair":true,"passed":4,"qualified":false,"samples":64,"seed":1618033}
NORMALIZED_PAIR_TAIL {"gap":0.07943984884715886,"iteration":625,"normalized":true,"pair":true,"passed":5,"qualified":false,"samples":64,"seed":1618033}
NORMALIZED_PAIR_TAIL {"gap":0.05747821722903107,"iteration":650,"normalized":true,"pair":true,"passed":5,"qualified":false,"samples":64,"seed":1618033}
NORMALIZED_PAIR_TAIL {"gap":0.07429383373431024,"iteration":675,"normalized":true,"pair":true,"passed":5,"qualified":false,"samples":64,"seed":1618033}
NORMALIZED_PAIR_TAIL {"gap":0.08929894689068109,"iteration":700,"normalized":true,"pair":true,"passed":4,"qualified":false,"samples":64,"seed":1618033}
NORMALIZED_PAIR_TAIL {"gap":0.07071883836420981,"iteration":725,"normalized":true,"pair":true,"passed":3,"qualified":false,"samples":64,"seed":1618033}
NORMALIZED_PAIR_TAIL {"gap":0.047457185088681075,"iteration":750,"normalized":true,"pair":true,"passed":4,"qualified":false,"samples":64,"seed":1618033}
NORMALIZED_PAIR_TAIL {"gap":0.028155939374666886,"iteration":775,"normalized":true,"pair":true,"passed":4,"qualified":false,"samples":64,"seed":1618033}
NORMALIZED_PAIR_TAIL {"gap":0.017743166745097447,"iteration":800,"normalized":true,"pair":true,"passed":3,"qualified":false,"samples":64,"seed":1618033}
NORMALIZED_PAIR_TAIL {"gap":0.023255319762596066,"iteration":825,"normalized":true,"pair":true,"passed":4,"qualified":false,"samples":64,"seed":1618033}
NORMALIZED_PAIR_TAIL {"gap":0.025036475666769628,"iteration":850,"normalized":true,"pair":true,"passed":5,"qualified":false,"samples":64,"seed":1618033}
NORMALIZED_PAIR_TAIL {"gap":0.028676656213636173,"iteration":875,"normalized":true,"pair":true,"passed":4,"qualified":false,"samples":64,"seed":1618033}
NORMALIZED_PAIR_TAIL {"gap":0.03215307774449189,"iteration":900,"normalized":true,"pair":true,"passed":4,"qualified":false,"samples":64,"seed":1618033}
NORMALIZED_PAIR_TAIL {"gap":0.03534231650815052,"iteration":925,"normalized":true,"pair":true,"passed":2,"qualified":false,"samples":64,"seed":1618033}
NORMALIZED_PAIR_TAIL {"gap":0.043801636458101284,"iteration":950,"normalized":true,"pair":true,"passed":2,"qualified":false,"samples":64,"seed":1618033}
NORMALIZED_PAIR_TAIL {"gap":0.045455370128415704,"iteration":975,"normalized":true,"pair":true,"passed":2,"qualified":false,"samples":64,"seed":1618033}
NORMALIZED_PAIR_TAIL {"gap":0.03779988777117731,"iteration":1000,"normalized":true,"pair":true,"passed":2,"qualified":false,"samples":64,"seed":1618033}
NORMALIZED_PAIR_TAIL {"gap":0.03860286250243902,"iteration":1025,"normalized":true,"pair":true,"passed":3,"qualified":false,"samples":64,"seed":1618033}
NORMALIZED_PAIR_TAIL {"gap":0.030036237441152178,"iteration":1050,"normalized":true,"pair":true,"passed":4,"qualified":false,"samples":64,"seed":1618033}
NORMALIZED_PAIR_TAIL {"gap":0.027339943120193402,"iteration":1075,"normalized":true,"pair":true,"passed":5,"qualified":false,"samples":64,"seed":1618033}
NORMALIZED_PAIR_TAIL {"gap":0.026700098418795226,"iteration":1100,"normalized":true,"pair":true,"passed":3,"qualified":false,"samples":64,"seed":1618033}
NORMALIZED_PAIR_TAIL {"gap":0.023280257998889983,"iteration":1125,"normalized":true,"pair":true,"passed":4,"qualified":false,"samples":64,"seed":1618033}
NORMALIZED_PAIR_TAIL {"gap":0.022258603408496044,"iteration":1150,"normalized":true,"pair":true,"passed":4,"qualified":false,"samples":64,"seed":1618033}
NORMALIZED_PAIR_TAIL {"gap":0.018863072812685247,"iteration":1175,"normalized":true,"pair":true,"passed":4,"qualified":false,"samples":64,"seed":1618033}
NORMALIZED_PAIR_TAIL {"gap":0.015651725092053093,"iteration":1200,"normalized":true,"pair":true,"passed":5,"qualified":false,"samples":64,"seed":1618033}
NORMALIZED_PAIR_TAIL {"gap":0.010698191262226403,"iteration":1225,"normalized":true,"pair":true,"passed":3,"qualified":false,"samples":64,"seed":1618033}
NORMALIZED_PAIR_TAIL {"gap":0.007328905452907389,"iteration":1250,"normalized":true,"pair":true,"passed":3,"qualified":false,"samples":64,"seed":1618033}
NORMALIZED_PAIR_TAIL {"gap":0.005048601162611008,"iteration":1275,"normalized":true,"pair":true,"passed":3,"qualified":false,"samples":64,"seed":1618033}
NORMALIZED_PAIR_TAIL {"gap":0.0037397385677207934,"iteration":1300,"normalized":true,"pair":true,"passed":4,"qualified":false,"samples":64,"seed":1618033}
NORMALIZED_PAIR_TAIL {"gap":0.0026365010260444993,"iteration":1325,"normalized":true,"pair":true,"passed":5,"qualified":false,"samples":64,"seed":1618033}
NORMALIZED_PAIR_TAIL {"gap":0.002252635604244879,"iteration":1350,"normalized":true,"pair":true,"passed":3,"qualified":false,"samples":64,"seed":1618033}
NORMALIZED_PAIR_TAIL {"gap":0.001974286961349256,"iteration":1375,"normalized":true,"pair":true,"passed":4,"qualified":false,"samples":64,"seed":1618033}
NORMALIZED_PAIR_TAIL {"gap":0.0020660131856071184,"iteration":1400,"normalized":true,"pair":true,"passed":4,"qualified":false,"samples":64,"seed":1618033}
NORMALIZED_PAIR_TAIL {"gap":0.0013568377954075589,"iteration":1425,"normalized":true,"pair":true,"passed":5,"qualified":false,"samples":64,"seed":1618033}
NORMALIZED_PAIR_TAIL {"gap":0.0012151774691660372,"iteration":1450,"normalized":true,"pair":true,"passed":6,"qualified":false,"samples":64,"seed":1618033}
NORMALIZED_PAIR_TAIL {"gap":0.0010599242231824763,"iteration":1475,"normalized":true,"pair":true,"passed":6,"qualified":true,"samples":64,"seed":1618033}
