preflop gpu: coupled multiway, 1024 particles, 10728 reach CDFs, 32-particle batches, 128 MB CDF scratch
preflop gpu: compact CDF slots 5890 of 10728, 0.3 MB immutable map
preflop gpu: deployed_prepass reference, 32-particle grouping and HU-cache=true with accurately budgeted storage
preflop gpu: 23038 nodes, 17 levels, 12168 terminals (1873 calibrated), 0 forced + 0 frozen nodes, ~263 MB VRAM
NORMALIZED_PAIR_QUALITY {"gap":0.5954827466407779,"iteration":25,"normalized":true,"pair":true,"passed":1,"qualified":false,"samples":256,"seed":42}
NORMALIZED_PAIR_QUALITY {"gap":0.15117071996072592,"iteration":50,"normalized":true,"pair":true,"passed":0,"qualified":false,"samples":256,"seed":42}
NORMALIZED_PAIR_QUALITY {"gap":0.21771424784453847,"iteration":75,"normalized":true,"pair":true,"passed":0,"qualified":false,"samples":256,"seed":42}
NORMALIZED_PAIR_QUALITY {"gap":0.15664332116316515,"iteration":100,"normalized":true,"pair":true,"passed":1,"qualified":false,"samples":256,"seed":42}
NORMALIZED_PAIR_QUALITY {"gap":0.23294211545055005,"iteration":125,"normalized":true,"pair":true,"passed":2,"qualified":false,"samples":256,"seed":42}
NORMALIZED_PAIR_QUALITY {"gap":0.07177281775091955,"iteration":150,"normalized":true,"pair":true,"passed":2,"qualified":false,"samples":256,"seed":42}
NORMALIZED_PAIR_QUALITY {"gap":0.3017745837668705,"iteration":175,"normalized":true,"pair":true,"passed":1,"qualified":false,"samples":256,"seed":42}
NORMALIZED_PAIR_QUALITY {"gap":0.2316173384283275,"iteration":200,"normalized":true,"pair":true,"passed":2,"qualified":false,"samples":256,"seed":42}
NORMALIZED_PAIR_QUALITY {"gap":0.19469803308712091,"iteration":225,"normalized":true,"pair":true,"passed":3,"qualified":false,"samples":256,"seed":42}
NORMALIZED_PAIR_QUALITY {"gap":0.16033846393805062,"iteration":250,"normalized":true,"pair":true,"passed":3,"qualified":false,"samples":256,"seed":42}
NORMALIZED_PAIR_QUALITY {"gap":0.22625719396285177,"iteration":275,"normalized":true,"pair":true,"passed":1,"qualified":false,"samples":256,"seed":42}
NORMALIZED_PAIR_QUALITY {"gap":0.21966193584467764,"iteration":300,"normalized":true,"pair":true,"passed":2,"qualified":false,"samples":256,"seed":42}
NORMALIZED_PAIR_QUALITY {"gap":0.15522748120309296,"iteration":325,"normalized":true,"pair":true,"passed":2,"qualified":false,"samples":256,"seed":42}
NORMALIZED_PAIR_QUALITY {"gap":0.17867281443235428,"iteration":350,"normalized":true,"pair":true,"passed":2,"qualified":false,"samples":256,"seed":42}
NORMALIZED_PAIR_QUALITY {"gap":0.20290827029635364,"iteration":375,"normalized":true,"pair":true,"passed":2,"qualified":false,"samples":256,"seed":42}
NORMALIZED_PAIR_QUALITY {"gap":0.17657944936097109,"iteration":400,"normalized":true,"pair":true,"passed":4,"qualified":false,"samples":256,"seed":42}
NORMALIZED_PAIR_QUALITY {"gap":0.1611507416563485,"iteration":425,"normalized":true,"pair":true,"passed":4,"qualified":false,"samples":256,"seed":42}
NORMALIZED_PAIR_QUALITY {"gap":0.14426993781976444,"iteration":450,"normalized":true,"pair":true,"passed":3,"qualified":false,"samples":256,"seed":42}
NORMALIZED_PAIR_QUALITY {"gap":0.16242037727166972,"iteration":475,"normalized":true,"pair":true,"passed":3,"qualified":false,"samples":256,"seed":42}
NORMALIZED_PAIR_QUALITY {"gap":0.12999012117906317,"iteration":500,"normalized":true,"pair":true,"passed":2,"qualified":false,"samples":256,"seed":42}
NORMALIZED_PAIR_QUALITY {"gap":0.11168716885474628,"iteration":525,"normalized":true,"pair":true,"passed":2,"qualified":false,"samples":256,"seed":42}
NORMALIZED_PAIR_QUALITY {"gap":0.09893845632579579,"iteration":550,"normalized":true,"pair":true,"passed":3,"qualified":false,"samples":256,"seed":42}
NORMALIZED_PAIR_QUALITY {"gap":0.09576307737826177,"iteration":575,"normalized":true,"pair":true,"passed":3,"qualified":false,"samples":256,"seed":42}
NORMALIZED_PAIR_QUALITY {"gap":0.09971873861863802,"iteration":600,"normalized":true,"pair":true,"passed":4,"qualified":false,"samples":256,"seed":42}
NORMALIZED_PAIR_QUALITY {"gap":0.0912477779882567,"iteration":625,"normalized":true,"pair":true,"passed":3,"qualified":false,"samples":256,"seed":42}
NORMALIZED_PAIR_QUALITY {"gap":0.10631578718514301,"iteration":650,"normalized":true,"pair":true,"passed":4,"qualified":false,"samples":256,"seed":42}
NORMALIZED_PAIR_QUALITY {"gap":0.07406566915540701,"iteration":675,"normalized":true,"pair":true,"passed":2,"qualified":false,"samples":256,"seed":42}
NORMALIZED_PAIR_QUALITY {"gap":0.07036614601718744,"iteration":700,"normalized":true,"pair":true,"passed":2,"qualified":false,"samples":256,"seed":42}
NORMALIZED_PAIR_QUALITY {"gap":0.06857140913423622,"iteration":725,"normalized":true,"pair":true,"passed":2,"qualified":false,"samples":256,"seed":42}
NORMALIZED_PAIR_QUALITY {"gap":0.07382557975117415,"iteration":750,"normalized":true,"pair":true,"passed":2,"qualified":false,"samples":256,"seed":42}
NORMALIZED_PAIR_QUALITY {"gap":0.0584076223178,"iteration":775,"normalized":true,"pair":true,"passed":2,"qualified":false,"samples":256,"seed":42}
NORMALIZED_PAIR_QUALITY {"gap":0.040213478695437704,"iteration":800,"normalized":true,"pair":true,"passed":2,"qualified":false,"samples":256,"seed":42}
NORMALIZED_PAIR_QUALITY {"gap":0.032357441911037524,"iteration":825,"normalized":true,"pair":true,"passed":3,"qualified":false,"samples":256,"seed":42}
NORMALIZED_PAIR_QUALITY {"gap":0.024542473011977997,"iteration":850,"normalized":true,"pair":true,"passed":3,"qualified":false,"samples":256,"seed":42}
NORMALIZED_PAIR_QUALITY {"gap":0.0226232473281201,"iteration":875,"normalized":true,"pair":true,"passed":3,"qualified":false,"samples":256,"seed":42}
NORMALIZED_PAIR_QUALITY {"gap":0.019177582182178993,"iteration":900,"normalized":true,"pair":true,"passed":3,"qualified":false,"samples":256,"seed":42}
NORMALIZED_PAIR_QUALITY {"gap":0.01915963260057639,"iteration":925,"normalized":true,"pair":true,"passed":2,"qualified":false,"samples":256,"seed":42}
NORMALIZED_PAIR_QUALITY {"gap":0.010886773700322816,"iteration":950,"normalized":true,"pair":true,"passed":4,"qualified":false,"samples":256,"seed":42}
NORMALIZED_PAIR_QUALITY {"gap":0.006746688072503046,"iteration":975,"normalized":true,"pair":true,"passed":3,"qualified":false,"samples":256,"seed":42}
NORMALIZED_PAIR_QUALITY {"gap":0.004819214259866894,"iteration":1000,"normalized":true,"pair":true,"passed":3,"qualified":false,"samples":256,"seed":42}
