preflop gpu: coupled multiway, 1024 particles, 10728 reach CDFs, 32-particle batches, 128 MB CDF scratch
preflop gpu: compact CDF slots 5890 of 10728, 0.3 MB immutable map
preflop gpu: deployed_prepass reference, 32-particle grouping and HU-cache=true with accurately budgeted storage
preflop gpu: 23038 nodes, 17 levels, 12168 terminals (1873 calibrated), 0 forced + 0 frozen nodes, ~263 MB VRAM
NORMALIZED_PAIR_TAIL {"gap":1.517206946325546,"iteration":25,"normalized":true,"pair":true,"passed":0,"qualified":false,"samples":64,"seed":271828}
NORMALIZED_PAIR_TAIL {"gap":0.13655537521540612,"iteration":50,"normalized":true,"pair":true,"passed":0,"qualified":false,"samples":64,"seed":271828}
NORMALIZED_PAIR_TAIL {"gap":0.4163450311455373,"iteration":75,"normalized":true,"pair":true,"passed":0,"qualified":false,"samples":64,"seed":271828}
NORMALIZED_PAIR_TAIL {"gap":0.10368908618349984,"iteration":100,"normalized":true,"pair":true,"passed":0,"qualified":false,"samples":64,"seed":271828}
NORMALIZED_PAIR_TAIL {"gap":0.17802066756309634,"iteration":125,"normalized":true,"pair":true,"passed":0,"qualified":false,"samples":64,"seed":271828}
NORMALIZED_PAIR_TAIL {"gap":0.10802098401565569,"iteration":150,"normalized":true,"pair":true,"passed":0,"qualified":false,"samples":64,"seed":271828}
NORMALIZED_PAIR_TAIL {"gap":0.09226122120582347,"iteration":175,"normalized":true,"pair":true,"passed":2,"qualified":false,"samples":64,"seed":271828}
NORMALIZED_PAIR_TAIL {"gap":0.12829037131426763,"iteration":200,"normalized":true,"pair":true,"passed":3,"qualified":false,"samples":64,"seed":271828}
NORMALIZED_PAIR_TAIL {"gap":0.10845194901215476,"iteration":225,"normalized":true,"pair":true,"passed":3,"qualified":false,"samples":64,"seed":271828}
NORMALIZED_PAIR_TAIL {"gap":0.19322559711311205,"iteration":250,"normalized":true,"pair":true,"passed":2,"qualified":false,"samples":64,"seed":271828}
NORMALIZED_PAIR_TAIL {"gap":0.13028706192162248,"iteration":275,"normalized":true,"pair":true,"passed":2,"qualified":false,"samples":64,"seed":271828}
NORMALIZED_PAIR_TAIL {"gap":0.12614907299172268,"iteration":300,"normalized":true,"pair":true,"passed":3,"qualified":false,"samples":64,"seed":271828}
NORMALIZED_PAIR_TAIL {"gap":0.1702903216061133,"iteration":325,"normalized":true,"pair":true,"passed":3,"qualified":false,"samples":64,"seed":271828}
NORMALIZED_PAIR_TAIL {"gap":0.11739482019346678,"iteration":350,"normalized":true,"pair":true,"passed":5,"qualified":false,"samples":64,"seed":271828}
NORMALIZED_PAIR_TAIL {"gap":0.12124186231312671,"iteration":375,"normalized":true,"pair":true,"passed":4,"qualified":false,"samples":64,"seed":271828}
NORMALIZED_PAIR_TAIL {"gap":0.12149409693463432,"iteration":400,"normalized":true,"pair":true,"passed":3,"qualified":false,"samples":64,"seed":271828}
NORMALIZED_PAIR_TAIL {"gap":0.13735463378265114,"iteration":425,"normalized":true,"pair":true,"passed":3,"qualified":false,"samples":64,"seed":271828}
NORMALIZED_PAIR_TAIL {"gap":0.09703115913828254,"iteration":450,"normalized":true,"pair":true,"passed":3,"qualified":false,"samples":64,"seed":271828}
NORMALIZED_PAIR_TAIL {"gap":0.11192288463026186,"iteration":475,"normalized":true,"pair":true,"passed":4,"qualified":false,"samples":64,"seed":271828}
NORMALIZED_PAIR_TAIL {"gap":0.10324909235099199,"iteration":500,"normalized":true,"pair":true,"passed":5,"qualified":false,"samples":64,"seed":271828}
NORMALIZED_PAIR_TAIL {"gap":0.09168123481654374,"iteration":525,"normalized":true,"pair":true,"passed":4,"qualified":false,"samples":64,"seed":271828}
NORMALIZED_PAIR_TAIL {"gap":0.11532236366567064,"iteration":550,"normalized":true,"pair":true,"passed":6,"qualified":false,"samples":64,"seed":271828}
NORMALIZED_PAIR_TAIL {"gap":0.12261217025265213,"iteration":575,"normalized":true,"pair":true,"passed":5,"qualified":false,"samples":64,"seed":271828}
NORMALIZED_PAIR_TAIL {"gap":0.09538841761282635,"iteration":600,"normalized":true,"pair":true,"passed":5,"qualified":false,"samples":64,"seed":271828}
NORMALIZED_PAIR_TAIL {"gap":0.07417217508602866,"iteration":625,"normalized":true,"pair":true,"passed":4,"qualified":false,"samples":64,"seed":271828}
NORMALIZED_PAIR_TAIL {"gap":0.07094510866962608,"iteration":650,"normalized":true,"pair":true,"passed":6,"qualified":false,"samples":64,"seed":271828}
NORMALIZED_PAIR_TAIL {"gap":0.060959360078962105,"iteration":675,"normalized":true,"pair":true,"passed":6,"qualified":false,"samples":64,"seed":271828}
NORMALIZED_PAIR_TAIL {"gap":0.05355889164428099,"iteration":700,"normalized":true,"pair":true,"passed":6,"qualified":false,"samples":64,"seed":271828}
NORMALIZED_PAIR_TAIL {"gap":0.048154642157915525,"iteration":725,"normalized":true,"pair":true,"passed":6,"qualified":false,"samples":64,"seed":271828}
NORMALIZED_PAIR_TAIL {"gap":0.03925080357036703,"iteration":750,"normalized":true,"pair":true,"passed":5,"qualified":false,"samples":64,"seed":271828}
NORMALIZED_PAIR_TAIL {"gap":0.038181919189295074,"iteration":775,"normalized":true,"pair":true,"passed":5,"qualified":false,"samples":64,"seed":271828}
NORMALIZED_PAIR_TAIL {"gap":0.04147624507043515,"iteration":800,"normalized":true,"pair":true,"passed":4,"qualified":false,"samples":64,"seed":271828}
NORMALIZED_PAIR_TAIL {"gap":0.0384226910578266,"iteration":825,"normalized":true,"pair":true,"passed":4,"qualified":false,"samples":64,"seed":271828}
NORMALIZED_PAIR_TAIL {"gap":0.021223501078312793,"iteration":850,"normalized":true,"pair":true,"passed":6,"qualified":false,"samples":64,"seed":271828}
NORMALIZED_PAIR_TAIL {"gap":0.01526951310057921,"iteration":875,"normalized":true,"pair":true,"passed":6,"qualified":false,"samples":64,"seed":271828}
NORMALIZED_PAIR_TAIL {"gap":0.010237348984260375,"iteration":900,"normalized":true,"pair":true,"passed":6,"qualified":false,"samples":64,"seed":271828}
NORMALIZED_PAIR_TAIL {"gap":0.012082418090347727,"iteration":925,"normalized":true,"pair":true,"passed":6,"qualified":false,"samples":64,"seed":271828}
NORMALIZED_PAIR_TAIL {"gap":0.013432371118423603,"iteration":950,"normalized":true,"pair":true,"passed":6,"qualified":false,"samples":64,"seed":271828}
NORMALIZED_PAIR_TAIL {"gap":0.013014366458366178,"iteration":975,"normalized":true,"pair":true,"passed":6,"qualified":false,"samples":64,"seed":271828}
NORMALIZED_PAIR_TAIL {"gap":0.013693189060158234,"iteration":1000,"normalized":true,"pair":true,"passed":6,"qualified":false,"samples":64,"seed":271828}
NORMALIZED_PAIR_TAIL {"gap":0.009111320351369315,"iteration":1025,"normalized":true,"pair":true,"passed":6,"qualified":false,"samples":64,"seed":271828}
NORMALIZED_PAIR_TAIL {"gap":0.006459827114445982,"iteration":1050,"normalized":true,"pair":true,"passed":6,"qualified":false,"samples":64,"seed":271828}
NORMALIZED_PAIR_TAIL {"gap":0.004828794202346262,"iteration":1075,"normalized":true,"pair":true,"passed":6,"qualified":false,"samples":64,"seed":271828}
NORMALIZED_PAIR_TAIL {"gap":0.0034312383893944087,"iteration":1100,"normalized":true,"pair":true,"passed":6,"qualified":true,"samples":64,"seed":271828}
