preflop gpu: coupled multiway, 1024 particles, 10728 reach CDFs, 32-particle batches, 128 MB CDF scratch
preflop gpu: compact CDF slots 5890 of 10728, 0.3 MB immutable map
preflop gpu: deployed_prepass reference, 32-particle grouping and HU-cache=true with accurately budgeted storage
preflop gpu: 23038 nodes, 17 levels, 12168 terminals (1873 calibrated), 0 forced + 0 frozen nodes, ~263 MB VRAM
NORMALIZED_PAIR_QUALITY {"gap":0.5136520308065613,"iteration":25,"normalized":true,"pair":true,"passed":0,"qualified":false,"samples":256,"seed":314159}
NORMALIZED_PAIR_QUALITY {"gap":0.8700072052796616,"iteration":50,"normalized":true,"pair":true,"passed":0,"qualified":false,"samples":256,"seed":314159}
NORMALIZED_PAIR_QUALITY {"gap":0.3402218521478183,"iteration":75,"normalized":true,"pair":true,"passed":0,"qualified":false,"samples":256,"seed":314159}
NORMALIZED_PAIR_QUALITY {"gap":0.15300141871397768,"iteration":100,"normalized":true,"pair":true,"passed":0,"qualified":false,"samples":256,"seed":314159}
NORMALIZED_PAIR_QUALITY {"gap":0.2644213088962897,"iteration":125,"normalized":true,"pair":true,"passed":1,"qualified":false,"samples":256,"seed":314159}
NORMALIZED_PAIR_QUALITY {"gap":0.24048016540706443,"iteration":150,"normalized":true,"pair":true,"passed":2,"qualified":false,"samples":256,"seed":314159}
NORMALIZED_PAIR_QUALITY {"gap":0.19076121061365453,"iteration":175,"normalized":true,"pair":true,"passed":4,"qualified":false,"samples":256,"seed":314159}
NORMALIZED_PAIR_QUALITY {"gap":0.23445453503618952,"iteration":200,"normalized":true,"pair":true,"passed":2,"qualified":false,"samples":256,"seed":314159}
NORMALIZED_PAIR_QUALITY {"gap":0.18302102719311408,"iteration":225,"normalized":true,"pair":true,"passed":3,"qualified":false,"samples":256,"seed":314159}
NORMALIZED_PAIR_QUALITY {"gap":0.18483805998989952,"iteration":250,"normalized":true,"pair":true,"passed":3,"qualified":false,"samples":256,"seed":314159}
NORMALIZED_PAIR_QUALITY {"gap":0.2482770225791646,"iteration":275,"normalized":true,"pair":true,"passed":4,"qualified":false,"samples":256,"seed":314159}
NORMALIZED_PAIR_QUALITY {"gap":0.14920527663239797,"iteration":300,"normalized":true,"pair":true,"passed":4,"qualified":false,"samples":256,"seed":314159}
NORMALIZED_PAIR_QUALITY {"gap":0.2121765818333618,"iteration":325,"normalized":true,"pair":true,"passed":2,"qualified":false,"samples":256,"seed":314159}
NORMALIZED_PAIR_QUALITY {"gap":0.15238875663893278,"iteration":350,"normalized":true,"pair":true,"passed":2,"qualified":false,"samples":256,"seed":314159}
NORMALIZED_PAIR_QUALITY {"gap":0.1705103105095226,"iteration":375,"normalized":true,"pair":true,"passed":2,"qualified":false,"samples":256,"seed":314159}
NORMALIZED_PAIR_QUALITY {"gap":0.13571947070436144,"iteration":400,"normalized":true,"pair":true,"passed":3,"qualified":false,"samples":256,"seed":314159}
NORMALIZED_PAIR_QUALITY {"gap":0.1083874733337983,"iteration":425,"normalized":true,"pair":true,"passed":4,"qualified":false,"samples":256,"seed":314159}
NORMALIZED_PAIR_QUALITY {"gap":0.09944807956857066,"iteration":450,"normalized":true,"pair":true,"passed":3,"qualified":false,"samples":256,"seed":314159}
NORMALIZED_PAIR_QUALITY {"gap":0.0820417627705147,"iteration":475,"normalized":true,"pair":true,"passed":3,"qualified":false,"samples":256,"seed":314159}
NORMALIZED_PAIR_QUALITY {"gap":0.09679376646639867,"iteration":500,"normalized":true,"pair":true,"passed":5,"qualified":false,"samples":256,"seed":314159}
NORMALIZED_PAIR_QUALITY {"gap":0.06396256309060279,"iteration":525,"normalized":true,"pair":true,"passed":3,"qualified":false,"samples":256,"seed":314159}
NORMALIZED_PAIR_QUALITY {"gap":0.04567677627395146,"iteration":550,"normalized":true,"pair":true,"passed":4,"qualified":false,"samples":256,"seed":314159}
NORMALIZED_PAIR_QUALITY {"gap":0.03800630461342311,"iteration":575,"normalized":true,"pair":true,"passed":2,"qualified":false,"samples":256,"seed":314159}
NORMALIZED_PAIR_QUALITY {"gap":0.04075225515419352,"iteration":600,"normalized":true,"pair":true,"passed":2,"qualified":false,"samples":256,"seed":314159}
NORMALIZED_PAIR_QUALITY {"gap":0.04211871632073767,"iteration":625,"normalized":true,"pair":true,"passed":3,"qualified":false,"samples":256,"seed":314159}
NORMALIZED_PAIR_QUALITY {"gap":0.034515385976130755,"iteration":650,"normalized":true,"pair":true,"passed":2,"qualified":false,"samples":256,"seed":314159}
NORMALIZED_PAIR_QUALITY {"gap":0.038255814143680386,"iteration":675,"normalized":true,"pair":true,"passed":2,"qualified":false,"samples":256,"seed":314159}
NORMALIZED_PAIR_QUALITY {"gap":0.04238399068386017,"iteration":700,"normalized":true,"pair":true,"passed":2,"qualified":false,"samples":256,"seed":314159}
NORMALIZED_PAIR_QUALITY {"gap":0.040555812856131274,"iteration":725,"normalized":true,"pair":true,"passed":3,"qualified":false,"samples":256,"seed":314159}
NORMALIZED_PAIR_QUALITY {"gap":0.04162082089722714,"iteration":750,"normalized":true,"pair":true,"passed":5,"qualified":false,"samples":256,"seed":314159}
NORMALIZED_PAIR_QUALITY {"gap":0.027620126871156434,"iteration":775,"normalized":true,"pair":true,"passed":3,"qualified":false,"samples":256,"seed":314159}
NORMALIZED_PAIR_QUALITY {"gap":0.02282172529511174,"iteration":800,"normalized":true,"pair":true,"passed":4,"qualified":false,"samples":256,"seed":314159}
NORMALIZED_PAIR_QUALITY {"gap":0.022125747032327267,"iteration":825,"normalized":true,"pair":true,"passed":3,"qualified":false,"samples":256,"seed":314159}
NORMALIZED_PAIR_QUALITY {"gap":0.020257867678689076,"iteration":850,"normalized":true,"pair":true,"passed":3,"qualified":false,"samples":256,"seed":314159}
NORMALIZED_PAIR_QUALITY {"gap":0.02235539982133858,"iteration":875,"normalized":true,"pair":true,"passed":3,"qualified":false,"samples":256,"seed":314159}
NORMALIZED_PAIR_QUALITY {"gap":0.02215249201285989,"iteration":900,"normalized":true,"pair":true,"passed":3,"qualified":false,"samples":256,"seed":314159}
NORMALIZED_PAIR_QUALITY {"gap":0.018443315262471102,"iteration":925,"normalized":true,"pair":true,"passed":3,"qualified":false,"samples":256,"seed":314159}
NORMALIZED_PAIR_QUALITY {"gap":0.011754650758321036,"iteration":950,"normalized":true,"pair":true,"passed":3,"qualified":false,"samples":256,"seed":314159}
NORMALIZED_PAIR_QUALITY {"gap":0.008881514539249971,"iteration":975,"normalized":true,"pair":true,"passed":3,"qualified":false,"samples":256,"seed":314159}
NORMALIZED_PAIR_QUALITY {"gap":0.007470282764630659,"iteration":1000,"normalized":true,"pair":true,"passed":3,"qualified":false,"samples":256,"seed":314159}
