preflop gpu: coupled multiway, 1024 particles, 10728 reach CDFs, 32-particle batches, 128 MB CDF scratch
preflop gpu: compact CDF slots 5890 of 10728, 0.3 MB immutable map
preflop gpu: deployed_prepass reference, 32-particle grouping and HU-cache=true with accurately budgeted storage
preflop gpu: 23038 nodes, 17 levels, 12168 terminals (1873 calibrated), 0 forced + 0 frozen nodes, ~263 MB VRAM
PARTICLE_QUALITY {"gap":0.4466337291142025,"iteration":25,"normalized":false,"passed":0,"qualified":false,"samples":1024,"seed":42}
PARTICLE_QUALITY {"gap":0.15144781196350698,"iteration":50,"normalized":false,"passed":0,"qualified":false,"samples":1024,"seed":42}
PARTICLE_QUALITY {"gap":0.12476813221153765,"iteration":75,"normalized":false,"passed":2,"qualified":false,"samples":1024,"seed":42}
PARTICLE_QUALITY {"gap":0.0410999677740785,"iteration":100,"normalized":false,"passed":1,"qualified":false,"samples":1024,"seed":42}
PARTICLE_QUALITY {"gap":0.01605005108350306,"iteration":125,"normalized":false,"passed":2,"qualified":false,"samples":1024,"seed":42}
PARTICLE_QUALITY {"gap":0.010082994122947123,"iteration":150,"normalized":false,"passed":1,"qualified":false,"samples":1024,"seed":42}
PARTICLE_QUALITY {"gap":0.00860727170991546,"iteration":175,"normalized":false,"passed":1,"qualified":false,"samples":1024,"seed":42}
PARTICLE_QUALITY {"gap":0.006229966356361763,"iteration":200,"normalized":false,"passed":2,"qualified":false,"samples":1024,"seed":42}
PARTICLE_QUALITY {"gap":0.005511513968987997,"iteration":225,"normalized":false,"passed":2,"qualified":false,"samples":1024,"seed":42}
PARTICLE_QUALITY {"gap":0.004242726006576242,"iteration":250,"normalized":false,"passed":2,"qualified":false,"samples":1024,"seed":42}
PARTICLE_QUALITY {"gap":0.0037769511956521062,"iteration":275,"normalized":false,"passed":2,"qualified":false,"samples":1024,"seed":42}
PARTICLE_QUALITY {"gap":0.0034135839962264186,"iteration":300,"normalized":false,"passed":2,"qualified":false,"samples":1024,"seed":42}
PARTICLE_QUALITY {"gap":0.002882718378642457,"iteration":325,"normalized":false,"passed":2,"qualified":false,"samples":1024,"seed":42}
PARTICLE_QUALITY {"gap":0.0026553451537223577,"iteration":350,"normalized":false,"passed":2,"qualified":false,"samples":1024,"seed":42}
PARTICLE_QUALITY {"gap":0.002301031225035846,"iteration":375,"normalized":false,"passed":2,"qualified":false,"samples":1024,"seed":42}
PARTICLE_QUALITY {"gap":0.0020785225328020934,"iteration":400,"normalized":false,"passed":2,"qualified":false,"samples":1024,"seed":42}
PARTICLE_QUALITY {"gap":0.0020371342886577465,"iteration":425,"normalized":false,"passed":2,"qualified":false,"samples":1024,"seed":42}
PARTICLE_QUALITY {"gap":0.001888298900203672,"iteration":450,"normalized":false,"passed":2,"qualified":false,"samples":1024,"seed":42}
PARTICLE_QUALITY {"gap":0.0020200196421001765,"iteration":475,"normalized":false,"passed":2,"qualified":false,"samples":1024,"seed":42}
PARTICLE_QUALITY {"gap":0.0019064800480874389,"iteration":500,"normalized":false,"passed":2,"qualified":false,"samples":1024,"seed":42}
PARTICLE_QUALITY {"gap":0.0018525089585358367,"iteration":525,"normalized":false,"passed":2,"qualified":false,"samples":1024,"seed":42}
PARTICLE_QUALITY {"gap":0.0019837895239791653,"iteration":550,"normalized":false,"passed":2,"qualified":false,"samples":1024,"seed":42}
PARTICLE_QUALITY {"gap":0.0018237689422725967,"iteration":575,"normalized":false,"passed":2,"qualified":false,"samples":1024,"seed":42}
PARTICLE_QUALITY {"gap":0.00153836355600373,"iteration":600,"normalized":false,"passed":2,"qualified":false,"samples":1024,"seed":42}
PARTICLE_QUALITY {"gap":0.001547256702856048,"iteration":625,"normalized":false,"passed":2,"qualified":false,"samples":1024,"seed":42}
PARTICLE_QUALITY {"gap":0.0017020093925004254,"iteration":650,"normalized":false,"passed":2,"qualified":false,"samples":1024,"seed":42}
PARTICLE_QUALITY {"gap":0.001550930557311217,"iteration":675,"normalized":false,"passed":3,"qualified":false,"samples":1024,"seed":42}
PARTICLE_QUALITY {"gap":0.001396551565186352,"iteration":700,"normalized":false,"passed":3,"qualified":false,"samples":1024,"seed":42}
PARTICLE_QUALITY {"gap":0.001370025956232243,"iteration":725,"normalized":false,"passed":3,"qualified":false,"samples":1024,"seed":42}
PARTICLE_QUALITY {"gap":0.0014831299236983675,"iteration":750,"normalized":false,"passed":3,"qualified":false,"samples":1024,"seed":42}
PARTICLE_QUALITY {"gap":0.0014761437498832103,"iteration":775,"normalized":false,"passed":3,"qualified":false,"samples":1024,"seed":42}
PARTICLE_QUALITY {"gap":0.0012374569312992856,"iteration":800,"normalized":false,"passed":3,"qualified":false,"samples":1024,"seed":42}
PARTICLE_QUALITY {"gap":0.001143731676346349,"iteration":825,"normalized":false,"passed":3,"qualified":false,"samples":1024,"seed":42}
PARTICLE_QUALITY {"gap":0.001176464870010857,"iteration":850,"normalized":false,"passed":3,"qualified":false,"samples":1024,"seed":42}
PARTICLE_QUALITY {"gap":0.0011155922663163287,"iteration":875,"normalized":false,"passed":3,"qualified":false,"samples":1024,"seed":42}
PARTICLE_QUALITY {"gap":0.0010573827543471082,"iteration":900,"normalized":false,"passed":2,"qualified":false,"samples":1024,"seed":42}
PARTICLE_QUALITY {"gap":0.001025500389582365,"iteration":925,"normalized":false,"passed":2,"qualified":false,"samples":1024,"seed":42}
PARTICLE_QUALITY {"gap":0.0010082355319172565,"iteration":950,"normalized":false,"passed":2,"qualified":false,"samples":1024,"seed":42}
PARTICLE_QUALITY {"gap":0.0009676081513821516,"iteration":975,"normalized":false,"passed":2,"qualified":false,"samples":1024,"seed":42}
PARTICLE_QUALITY {"gap":0.0009402056681394877,"iteration":1000,"normalized":false,"passed":2,"qualified":false,"samples":1024,"seed":42}
