preflop gpu: coupled multiway, 1024 particles, 10728 reach CDFs, 32-particle batches, 128 MB CDF scratch
preflop gpu: compact CDF slots 5890 of 10728, 0.3 MB immutable map
preflop gpu: deployed_prepass reference, 32-particle grouping and HU-cache=true with accurately budgeted storage
preflop gpu: 23038 nodes, 17 levels, 12168 terminals (1873 calibrated), 0 forced + 0 frozen nodes, ~263 MB VRAM
PARTICLE_QUALITY {"gap":0.5003049701548186,"iteration":25,"normalized":false,"passed":0,"qualified":false,"samples":64,"seed":314159}
PARTICLE_QUALITY {"gap":0.085703622798343,"iteration":50,"normalized":false,"passed":0,"qualified":false,"samples":64,"seed":314159}
PARTICLE_QUALITY {"gap":0.10145122627359728,"iteration":75,"normalized":false,"passed":1,"qualified":false,"samples":64,"seed":314159}
PARTICLE_QUALITY {"gap":0.029992821705367628,"iteration":100,"normalized":false,"passed":1,"qualified":false,"samples":64,"seed":314159}
PARTICLE_QUALITY {"gap":0.026110991450619056,"iteration":125,"normalized":false,"passed":1,"qualified":false,"samples":64,"seed":314159}
PARTICLE_QUALITY {"gap":0.012117962714215003,"iteration":150,"normalized":false,"passed":2,"qualified":false,"samples":64,"seed":314159}
PARTICLE_QUALITY {"gap":0.021731259366262037,"iteration":175,"normalized":false,"passed":2,"qualified":false,"samples":64,"seed":314159}
PARTICLE_QUALITY {"gap":0.0080288843727572,"iteration":200,"normalized":false,"passed":2,"qualified":false,"samples":64,"seed":314159}
PARTICLE_QUALITY {"gap":0.007092284441766669,"iteration":225,"normalized":false,"passed":2,"qualified":false,"samples":64,"seed":314159}
PARTICLE_QUALITY {"gap":0.004921651041413025,"iteration":250,"normalized":false,"passed":2,"qualified":false,"samples":64,"seed":314159}
PARTICLE_QUALITY {"gap":0.005169390158160897,"iteration":275,"normalized":false,"passed":2,"qualified":false,"samples":64,"seed":314159}
PARTICLE_QUALITY {"gap":0.004410733445680243,"iteration":300,"normalized":false,"passed":2,"qualified":false,"samples":64,"seed":314159}
PARTICLE_QUALITY {"gap":0.003951836195486627,"iteration":325,"normalized":false,"passed":2,"qualified":false,"samples":64,"seed":314159}
PARTICLE_QUALITY {"gap":0.0037207584678702887,"iteration":350,"normalized":false,"passed":2,"qualified":false,"samples":64,"seed":314159}
PARTICLE_QUALITY {"gap":0.003415688878687484,"iteration":375,"normalized":false,"passed":2,"qualified":false,"samples":64,"seed":314159}
PARTICLE_QUALITY {"gap":0.0031722051282802727,"iteration":400,"normalized":false,"passed":2,"qualified":false,"samples":64,"seed":314159}
PARTICLE_QUALITY {"gap":0.0030132232774226497,"iteration":425,"normalized":false,"passed":2,"qualified":false,"samples":64,"seed":314159}
PARTICLE_QUALITY {"gap":0.0028225031076613005,"iteration":450,"normalized":false,"passed":2,"qualified":false,"samples":64,"seed":314159}
PARTICLE_QUALITY {"gap":0.0026934317100766464,"iteration":475,"normalized":false,"passed":2,"qualified":false,"samples":64,"seed":314159}
PARTICLE_QUALITY {"gap":0.002550009657032032,"iteration":500,"normalized":false,"passed":2,"qualified":false,"samples":64,"seed":314159}
PARTICLE_QUALITY {"gap":0.0023594906570495178,"iteration":525,"normalized":false,"passed":2,"qualified":false,"samples":64,"seed":314159}
PARTICLE_QUALITY {"gap":0.002268329847437245,"iteration":550,"normalized":false,"passed":2,"qualified":false,"samples":64,"seed":314159}
PARTICLE_QUALITY {"gap":0.0022176099952056216,"iteration":575,"normalized":false,"passed":2,"qualified":false,"samples":64,"seed":314159}
PARTICLE_QUALITY {"gap":0.002325168019373894,"iteration":600,"normalized":false,"passed":2,"qualified":false,"samples":64,"seed":314159}
PARTICLE_QUALITY {"gap":0.002103885873759037,"iteration":625,"normalized":false,"passed":2,"qualified":false,"samples":64,"seed":314159}
PARTICLE_QUALITY {"gap":0.00207719305799714,"iteration":650,"normalized":false,"passed":2,"qualified":false,"samples":64,"seed":314159}
PARTICLE_QUALITY {"gap":0.002102822449734254,"iteration":675,"normalized":false,"passed":2,"qualified":false,"samples":64,"seed":314159}
PARTICLE_QUALITY {"gap":0.001962238150870807,"iteration":700,"normalized":false,"passed":3,"qualified":false,"samples":64,"seed":314159}
PARTICLE_QUALITY {"gap":0.001794176461280661,"iteration":725,"normalized":false,"passed":2,"qualified":false,"samples":64,"seed":314159}
PARTICLE_QUALITY {"gap":0.001679363126128014,"iteration":750,"normalized":false,"passed":2,"qualified":false,"samples":64,"seed":314159}
PARTICLE_QUALITY {"gap":0.0016381576261682296,"iteration":775,"normalized":false,"passed":2,"qualified":false,"samples":64,"seed":314159}
PARTICLE_QUALITY {"gap":0.0017410390486019417,"iteration":800,"normalized":false,"passed":3,"qualified":false,"samples":64,"seed":314159}
PARTICLE_QUALITY {"gap":0.001773335654456809,"iteration":825,"normalized":false,"passed":2,"qualified":false,"samples":64,"seed":314159}
PARTICLE_QUALITY {"gap":0.0017816935365083109,"iteration":850,"normalized":false,"passed":2,"qualified":false,"samples":64,"seed":314159}
PARTICLE_QUALITY {"gap":0.0016535719621892792,"iteration":875,"normalized":false,"passed":2,"qualified":false,"samples":64,"seed":314159}
PARTICLE_QUALITY {"gap":0.0015478085401151725,"iteration":900,"normalized":false,"passed":2,"qualified":false,"samples":64,"seed":314159}
PARTICLE_QUALITY {"gap":0.0016188763322015354,"iteration":925,"normalized":false,"passed":2,"qualified":false,"samples":64,"seed":314159}
PARTICLE_QUALITY {"gap":0.0015512050300510172,"iteration":950,"normalized":false,"passed":2,"qualified":false,"samples":64,"seed":314159}
PARTICLE_QUALITY {"gap":0.0017311089223029513,"iteration":975,"normalized":false,"passed":2,"qualified":false,"samples":64,"seed":314159}
PARTICLE_QUALITY {"gap":0.0016541243140765771,"iteration":1000,"normalized":false,"passed":2,"qualified":false,"samples":64,"seed":314159}
