preflop gpu: coupled multiway, 1024 particles, 10728 reach CDFs, 32-particle batches, 128 MB CDF scratch
preflop gpu: compact CDF slots 5890 of 10728, 0.3 MB immutable map
preflop gpu: deployed_prepass reference, 32-particle grouping and HU-cache=true with accurately budgeted storage
preflop gpu: 23038 nodes, 17 levels, 12168 terminals (1873 calibrated), 0 forced + 0 frozen nodes, ~263 MB VRAM
PARTICLE_QUALITY {"gap":0.39026889450054825,"iteration":25,"normalized":true,"passed":1,"qualified":false,"samples":64,"seed":314159}
PARTICLE_QUALITY {"gap":0.9153432235336934,"iteration":50,"normalized":true,"passed":0,"qualified":false,"samples":64,"seed":314159}
PARTICLE_QUALITY {"gap":0.4102389328339909,"iteration":75,"normalized":true,"passed":0,"qualified":false,"samples":64,"seed":314159}
PARTICLE_QUALITY {"gap":0.4122922949255492,"iteration":100,"normalized":true,"passed":0,"qualified":false,"samples":64,"seed":314159}
PARTICLE_QUALITY {"gap":0.19255105246408186,"iteration":125,"normalized":true,"passed":0,"qualified":false,"samples":64,"seed":314159}
PARTICLE_QUALITY {"gap":0.22259178225926635,"iteration":150,"normalized":true,"passed":1,"qualified":false,"samples":64,"seed":314159}
PARTICLE_QUALITY {"gap":0.12591697426063148,"iteration":175,"normalized":true,"passed":2,"qualified":false,"samples":64,"seed":314159}
PARTICLE_QUALITY {"gap":0.2512892606931575,"iteration":200,"normalized":true,"passed":2,"qualified":false,"samples":64,"seed":314159}
PARTICLE_QUALITY {"gap":0.1963092666579981,"iteration":225,"normalized":true,"passed":1,"qualified":false,"samples":64,"seed":314159}
PARTICLE_QUALITY {"gap":0.518134388511371,"iteration":250,"normalized":true,"passed":0,"qualified":false,"samples":64,"seed":314159}
PARTICLE_QUALITY {"gap":0.21113793081707533,"iteration":275,"normalized":true,"passed":0,"qualified":false,"samples":64,"seed":314159}
PARTICLE_QUALITY {"gap":0.13650344741208842,"iteration":300,"normalized":true,"passed":0,"qualified":false,"samples":64,"seed":314159}
PARTICLE_QUALITY {"gap":0.11505961875885752,"iteration":325,"normalized":true,"passed":0,"qualified":false,"samples":64,"seed":314159}
PARTICLE_QUALITY {"gap":0.08336488461741474,"iteration":350,"normalized":true,"passed":0,"qualified":false,"samples":64,"seed":314159}
PARTICLE_QUALITY {"gap":0.06914285641226213,"iteration":375,"normalized":true,"passed":1,"qualified":false,"samples":64,"seed":314159}
PARTICLE_QUALITY {"gap":0.05213622877746374,"iteration":400,"normalized":true,"passed":0,"qualified":false,"samples":64,"seed":314159}
PARTICLE_QUALITY {"gap":0.04513089960051572,"iteration":425,"normalized":true,"passed":1,"qualified":false,"samples":64,"seed":314159}
PARTICLE_QUALITY {"gap":0.048940536568430074,"iteration":450,"normalized":true,"passed":1,"qualified":false,"samples":64,"seed":314159}
PARTICLE_QUALITY {"gap":0.040562650841540204,"iteration":475,"normalized":true,"passed":1,"qualified":false,"samples":64,"seed":314159}
PARTICLE_QUALITY {"gap":0.055769562377924534,"iteration":500,"normalized":true,"passed":1,"qualified":false,"samples":64,"seed":314159}
PARTICLE_QUALITY {"gap":0.05241476470786019,"iteration":525,"normalized":true,"passed":1,"qualified":false,"samples":64,"seed":314159}
PARTICLE_QUALITY {"gap":0.0529666341193719,"iteration":550,"normalized":true,"passed":1,"qualified":false,"samples":64,"seed":314159}
PARTICLE_QUALITY {"gap":0.03746747146681502,"iteration":575,"normalized":true,"passed":2,"qualified":false,"samples":64,"seed":314159}
PARTICLE_QUALITY {"gap":0.0380303888393603,"iteration":600,"normalized":true,"passed":1,"qualified":false,"samples":64,"seed":314159}
PARTICLE_QUALITY {"gap":0.032926015386471996,"iteration":625,"normalized":true,"passed":2,"qualified":false,"samples":64,"seed":314159}
PARTICLE_QUALITY {"gap":0.0330193494005374,"iteration":650,"normalized":true,"passed":2,"qualified":false,"samples":64,"seed":314159}
PARTICLE_QUALITY {"gap":0.033915865992525523,"iteration":675,"normalized":true,"passed":2,"qualified":false,"samples":64,"seed":314159}
PARTICLE_QUALITY {"gap":0.03839246722018658,"iteration":700,"normalized":true,"passed":3,"qualified":false,"samples":64,"seed":314159}
PARTICLE_QUALITY {"gap":0.029157340192151424,"iteration":725,"normalized":true,"passed":3,"qualified":false,"samples":64,"seed":314159}
PARTICLE_QUALITY {"gap":0.02836462051451609,"iteration":750,"normalized":true,"passed":4,"qualified":false,"samples":64,"seed":314159}
PARTICLE_QUALITY {"gap":0.033841431768564675,"iteration":775,"normalized":true,"passed":4,"qualified":false,"samples":64,"seed":314159}
PARTICLE_QUALITY {"gap":0.0345022293076942,"iteration":800,"normalized":true,"passed":4,"qualified":false,"samples":64,"seed":314159}
PARTICLE_QUALITY {"gap":0.022411547723439826,"iteration":825,"normalized":true,"passed":3,"qualified":false,"samples":64,"seed":314159}
PARTICLE_QUALITY {"gap":0.011835556584209622,"iteration":850,"normalized":true,"passed":2,"qualified":false,"samples":64,"seed":314159}
PARTICLE_QUALITY {"gap":0.009165964558083758,"iteration":875,"normalized":true,"passed":3,"qualified":false,"samples":64,"seed":314159}
PARTICLE_QUALITY {"gap":0.012548115218577682,"iteration":900,"normalized":true,"passed":4,"qualified":false,"samples":64,"seed":314159}
PARTICLE_QUALITY {"gap":0.012958874378024746,"iteration":925,"normalized":true,"passed":4,"qualified":false,"samples":64,"seed":314159}
PARTICLE_QUALITY {"gap":0.016454731660061228,"iteration":950,"normalized":true,"passed":4,"qualified":false,"samples":64,"seed":314159}
PARTICLE_QUALITY {"gap":0.021134168518794988,"iteration":975,"normalized":true,"passed":3,"qualified":false,"samples":64,"seed":314159}
PARTICLE_QUALITY {"gap":0.016286281044740947,"iteration":1000,"normalized":true,"passed":5,"qualified":false,"samples":64,"seed":314159}
