preflop gpu: coupled multiway, 1024 particles, 10728 reach CDFs, 32-particle batches, 128 MB CDF scratch
preflop gpu: compact CDF slots 5890 of 10728, 0.3 MB immutable map
preflop gpu: deployed_prepass reference, 32-particle grouping and HU-cache=true with accurately budgeted storage
preflop gpu: 23038 nodes, 17 levels, 12168 terminals (1873 calibrated), 0 forced + 0 frozen nodes, ~263 MB VRAM
PARTICLE_QUALITY {"gap":0.46212477845133326,"iteration":25,"normalized":true,"passed":0,"qualified":false,"samples":64,"seed":42}
PARTICLE_QUALITY {"gap":1.4668939890333625,"iteration":50,"normalized":true,"passed":0,"qualified":false,"samples":64,"seed":42}
PARTICLE_QUALITY {"gap":0.40239169077595943,"iteration":75,"normalized":true,"passed":0,"qualified":false,"samples":64,"seed":42}
PARTICLE_QUALITY {"gap":0.18483714450625588,"iteration":100,"normalized":true,"passed":0,"qualified":false,"samples":64,"seed":42}
PARTICLE_QUALITY {"gap":0.16990852126404937,"iteration":125,"normalized":true,"passed":0,"qualified":false,"samples":64,"seed":42}
PARTICLE_QUALITY {"gap":0.2601824919521322,"iteration":150,"normalized":true,"passed":0,"qualified":false,"samples":64,"seed":42}
PARTICLE_QUALITY {"gap":0.19949419452967854,"iteration":175,"normalized":true,"passed":0,"qualified":false,"samples":64,"seed":42}
PARTICLE_QUALITY {"gap":0.17267683753667465,"iteration":200,"normalized":true,"passed":2,"qualified":false,"samples":64,"seed":42}
PARTICLE_QUALITY {"gap":0.1432943270391574,"iteration":225,"normalized":true,"passed":2,"qualified":false,"samples":64,"seed":42}
PARTICLE_QUALITY {"gap":0.1732463295179396,"iteration":250,"normalized":true,"passed":2,"qualified":false,"samples":64,"seed":42}
PARTICLE_QUALITY {"gap":0.12412661404087222,"iteration":275,"normalized":true,"passed":2,"qualified":false,"samples":64,"seed":42}
PARTICLE_QUALITY {"gap":0.15099798312473584,"iteration":300,"normalized":true,"passed":2,"qualified":false,"samples":64,"seed":42}
PARTICLE_QUALITY {"gap":0.07886914000691579,"iteration":325,"normalized":true,"passed":2,"qualified":false,"samples":64,"seed":42}
PARTICLE_QUALITY {"gap":0.09221222610520817,"iteration":350,"normalized":true,"passed":3,"qualified":false,"samples":64,"seed":42}
PARTICLE_QUALITY {"gap":0.06254990563994339,"iteration":375,"normalized":true,"passed":3,"qualified":false,"samples":64,"seed":42}
PARTICLE_QUALITY {"gap":0.07439701308496696,"iteration":400,"normalized":true,"passed":2,"qualified":false,"samples":64,"seed":42}
PARTICLE_QUALITY {"gap":0.08024997792184668,"iteration":425,"normalized":true,"passed":2,"qualified":false,"samples":64,"seed":42}
PARTICLE_QUALITY {"gap":0.07828967383474152,"iteration":450,"normalized":true,"passed":3,"qualified":false,"samples":64,"seed":42}
PARTICLE_QUALITY {"gap":0.07490570711071867,"iteration":475,"normalized":true,"passed":3,"qualified":false,"samples":64,"seed":42}
PARTICLE_QUALITY {"gap":0.08753613995699472,"iteration":500,"normalized":true,"passed":4,"qualified":false,"samples":64,"seed":42}
PARTICLE_QUALITY {"gap":0.08359925541060051,"iteration":525,"normalized":true,"passed":3,"qualified":false,"samples":64,"seed":42}
PARTICLE_QUALITY {"gap":0.07121384201444105,"iteration":550,"normalized":true,"passed":3,"qualified":false,"samples":64,"seed":42}
PARTICLE_QUALITY {"gap":0.0627141846275475,"iteration":575,"normalized":true,"passed":4,"qualified":false,"samples":64,"seed":42}
PARTICLE_QUALITY {"gap":0.05412972581604339,"iteration":600,"normalized":true,"passed":4,"qualified":false,"samples":64,"seed":42}
PARTICLE_QUALITY {"gap":0.04497629701241902,"iteration":625,"normalized":true,"passed":4,"qualified":false,"samples":64,"seed":42}
PARTICLE_QUALITY {"gap":0.048825233048659517,"iteration":650,"normalized":true,"passed":4,"qualified":false,"samples":64,"seed":42}
PARTICLE_QUALITY {"gap":0.051622906887817566,"iteration":675,"normalized":true,"passed":4,"qualified":false,"samples":64,"seed":42}
PARTICLE_QUALITY {"gap":0.05624545819337996,"iteration":700,"normalized":true,"passed":4,"qualified":false,"samples":64,"seed":42}
PARTICLE_QUALITY {"gap":0.03248840286334399,"iteration":725,"normalized":true,"passed":4,"qualified":false,"samples":64,"seed":42}
PARTICLE_QUALITY {"gap":0.0377669692494947,"iteration":750,"normalized":true,"passed":3,"qualified":false,"samples":64,"seed":42}
PARTICLE_QUALITY {"gap":0.04160586922255176,"iteration":775,"normalized":true,"passed":3,"qualified":false,"samples":64,"seed":42}
PARTICLE_QUALITY {"gap":0.03724324909730818,"iteration":800,"normalized":true,"passed":3,"qualified":false,"samples":64,"seed":42}
PARTICLE_QUALITY {"gap":0.031190822206420082,"iteration":825,"normalized":true,"passed":4,"qualified":false,"samples":64,"seed":42}
PARTICLE_QUALITY {"gap":0.024112605131624013,"iteration":850,"normalized":true,"passed":3,"qualified":false,"samples":64,"seed":42}
PARTICLE_QUALITY {"gap":0.014126550895523934,"iteration":875,"normalized":true,"passed":3,"qualified":false,"samples":64,"seed":42}
PARTICLE_QUALITY {"gap":0.01113388660935452,"iteration":900,"normalized":true,"passed":3,"qualified":false,"samples":64,"seed":42}
PARTICLE_QUALITY {"gap":0.014046707433561192,"iteration":925,"normalized":true,"passed":3,"qualified":false,"samples":64,"seed":42}
PARTICLE_QUALITY {"gap":0.016105405078311208,"iteration":950,"normalized":true,"passed":5,"qualified":false,"samples":64,"seed":42}
PARTICLE_QUALITY {"gap":0.010244895345524807,"iteration":975,"normalized":true,"passed":4,"qualified":false,"samples":64,"seed":42}
PARTICLE_QUALITY {"gap":0.009825539185073853,"iteration":1000,"normalized":true,"passed":4,"qualified":false,"samples":64,"seed":42}
