preflop gpu: coupled multiway, 1024 particles, 10728 reach CDFs, 32-particle batches, 128 MB CDF scratch
preflop gpu: compact CDF slots 5890 of 10728, 0.3 MB immutable map
preflop gpu: deployed_prepass reference, 32-particle grouping and HU-cache=true with accurately budgeted storage
preflop gpu: 23038 nodes, 17 levels, 12168 terminals (1873 calibrated), 0 forced + 0 frozen nodes, ~263 MB VRAM
PARTICLE_QUALITY {"gap":1.8908694376688886,"iteration":25,"normalized":false,"passed":0,"qualified":false,"samples":64,"seed":42}
PARTICLE_QUALITY {"gap":0.10455419124431134,"iteration":50,"normalized":false,"passed":0,"qualified":false,"samples":64,"seed":42}
PARTICLE_QUALITY {"gap":0.03887063296783705,"iteration":75,"normalized":false,"passed":1,"qualified":false,"samples":64,"seed":42}
PARTICLE_QUALITY {"gap":0.020107880762521596,"iteration":100,"normalized":false,"passed":1,"qualified":false,"samples":64,"seed":42}
PARTICLE_QUALITY {"gap":0.010968326390431632,"iteration":125,"normalized":false,"passed":2,"qualified":false,"samples":64,"seed":42}
PARTICLE_QUALITY {"gap":0.008380054876953952,"iteration":150,"normalized":false,"passed":2,"qualified":false,"samples":64,"seed":42}
PARTICLE_QUALITY {"gap":0.007617661023677974,"iteration":175,"normalized":false,"passed":2,"qualified":false,"samples":64,"seed":42}
PARTICLE_QUALITY {"gap":0.006247812979353298,"iteration":200,"normalized":false,"passed":2,"qualified":false,"samples":64,"seed":42}
PARTICLE_QUALITY {"gap":0.005218396543510154,"iteration":225,"normalized":false,"passed":2,"qualified":false,"samples":64,"seed":42}
PARTICLE_QUALITY {"gap":0.004891694866375959,"iteration":250,"normalized":false,"passed":2,"qualified":false,"samples":64,"seed":42}
PARTICLE_QUALITY {"gap":0.004110349873032423,"iteration":275,"normalized":false,"passed":2,"qualified":false,"samples":64,"seed":42}
PARTICLE_QUALITY {"gap":0.003875233676979145,"iteration":300,"normalized":false,"passed":2,"qualified":false,"samples":64,"seed":42}
PARTICLE_QUALITY {"gap":0.0034677052079147147,"iteration":325,"normalized":false,"passed":2,"qualified":false,"samples":64,"seed":42}
PARTICLE_QUALITY {"gap":0.0033664414383126062,"iteration":350,"normalized":false,"passed":2,"qualified":false,"samples":64,"seed":42}
PARTICLE_QUALITY {"gap":0.0031392596977596887,"iteration":375,"normalized":false,"passed":2,"qualified":false,"samples":64,"seed":42}
PARTICLE_QUALITY {"gap":0.0030378097253583314,"iteration":400,"normalized":false,"passed":2,"qualified":false,"samples":64,"seed":42}
PARTICLE_QUALITY {"gap":0.002862669448724764,"iteration":425,"normalized":false,"passed":2,"qualified":false,"samples":64,"seed":42}
PARTICLE_QUALITY {"gap":0.0025948445020625988,"iteration":450,"normalized":false,"passed":2,"qualified":false,"samples":64,"seed":42}
PARTICLE_QUALITY {"gap":0.0024235413023619284,"iteration":475,"normalized":false,"passed":3,"qualified":false,"samples":64,"seed":42}
PARTICLE_QUALITY {"gap":0.002577952952273449,"iteration":500,"normalized":false,"passed":2,"qualified":false,"samples":64,"seed":42}
PARTICLE_QUALITY {"gap":0.0025908124473862926,"iteration":525,"normalized":false,"passed":2,"qualified":false,"samples":64,"seed":42}
PARTICLE_QUALITY {"gap":0.002469072318706758,"iteration":550,"normalized":false,"passed":2,"qualified":false,"samples":64,"seed":42}
PARTICLE_QUALITY {"gap":0.0022917732047181977,"iteration":575,"normalized":false,"passed":2,"qualified":false,"samples":64,"seed":42}
PARTICLE_QUALITY {"gap":0.0023115711230328045,"iteration":600,"normalized":false,"passed":2,"qualified":false,"samples":64,"seed":42}
PARTICLE_QUALITY {"gap":0.002393790182554492,"iteration":625,"normalized":false,"passed":2,"qualified":false,"samples":64,"seed":42}
PARTICLE_QUALITY {"gap":0.0022881933482081784,"iteration":650,"normalized":false,"passed":2,"qualified":false,"samples":64,"seed":42}
PARTICLE_QUALITY {"gap":0.002256661760388426,"iteration":675,"normalized":false,"passed":2,"qualified":false,"samples":64,"seed":42}
PARTICLE_QUALITY {"gap":0.002223770914918363,"iteration":700,"normalized":false,"passed":2,"qualified":false,"samples":64,"seed":42}
PARTICLE_QUALITY {"gap":0.0020975488548499732,"iteration":725,"normalized":false,"passed":2,"qualified":false,"samples":64,"seed":42}
PARTICLE_QUALITY {"gap":0.002065501025722144,"iteration":750,"normalized":false,"passed":3,"qualified":false,"samples":64,"seed":42}
PARTICLE_QUALITY {"gap":0.0019490557044340023,"iteration":775,"normalized":false,"passed":2,"qualified":false,"samples":64,"seed":42}
PARTICLE_QUALITY {"gap":0.0018837060779157144,"iteration":800,"normalized":false,"passed":2,"qualified":false,"samples":64,"seed":42}
PARTICLE_QUALITY {"gap":0.0018326586368665188,"iteration":825,"normalized":false,"passed":2,"qualified":false,"samples":64,"seed":42}
PARTICLE_QUALITY {"gap":0.0017434909582736552,"iteration":850,"normalized":false,"passed":3,"qualified":false,"samples":64,"seed":42}
PARTICLE_QUALITY {"gap":0.0017122575536177437,"iteration":875,"normalized":false,"passed":2,"qualified":false,"samples":64,"seed":42}
PARTICLE_QUALITY {"gap":0.0016532813721864686,"iteration":900,"normalized":false,"passed":3,"qualified":false,"samples":64,"seed":42}
PARTICLE_QUALITY {"gap":0.0016698572187004712,"iteration":925,"normalized":false,"passed":2,"qualified":false,"samples":64,"seed":42}
PARTICLE_QUALITY {"gap":0.0017920642692697136,"iteration":950,"normalized":false,"passed":2,"qualified":false,"samples":64,"seed":42}
PARTICLE_QUALITY {"gap":0.00183450827683318,"iteration":975,"normalized":false,"passed":2,"qualified":false,"samples":64,"seed":42}
PARTICLE_QUALITY {"gap":0.001770707420362061,"iteration":1000,"normalized":false,"passed":2,"qualified":false,"samples":64,"seed":42}
