preflop gpu: coupled multiway, 1024 particles, 10728 reach CDFs, 32-particle batches, 128 MB CDF scratch
preflop gpu: compact CDF slots 5890 of 10728, 0.3 MB immutable map
preflop gpu: deployed_prepass reference, 32-particle grouping and HU-cache=true with accurately budgeted storage
preflop gpu: 23038 nodes, 17 levels, 12168 terminals (1873 calibrated), 0 forced + 0 frozen nodes, ~263 MB VRAM
PREDICTIVE_SCREEN {"gap":5.895259440384023,"iteration":25,"normalized":false,"pair":true,"passed":0,"qualified":false,"samples":64,"seed":314159}
PREDICTIVE_SCREEN {"gap":1.3509304126378987,"iteration":50,"normalized":false,"pair":true,"passed":0,"qualified":false,"samples":64,"seed":314159}
PREDICTIVE_SCREEN {"gap":0.7330105550150661,"iteration":75,"normalized":false,"pair":true,"passed":0,"qualified":false,"samples":64,"seed":314159}
PREDICTIVE_SCREEN {"gap":0.4816087865921304,"iteration":100,"normalized":false,"pair":true,"passed":0,"qualified":false,"samples":64,"seed":314159}
PREDICTIVE_SCREEN {"gap":0.31770071545041956,"iteration":125,"normalized":false,"pair":true,"passed":0,"qualified":false,"samples":64,"seed":314159}
PREDICTIVE_SCREEN {"gap":0.23006357369944455,"iteration":150,"normalized":false,"pair":true,"passed":0,"qualified":false,"samples":64,"seed":314159}
PREDICTIVE_SCREEN {"gap":0.17456369747466663,"iteration":175,"normalized":false,"pair":true,"passed":0,"qualified":false,"samples":64,"seed":314159}
PREDICTIVE_SCREEN {"gap":0.13209151367717345,"iteration":200,"normalized":false,"pair":true,"passed":0,"qualified":false,"samples":64,"seed":314159}
PREDICTIVE_SCREEN {"gap":0.11874067127417616,"iteration":225,"normalized":false,"pair":true,"passed":0,"qualified":false,"samples":64,"seed":314159}
PREDICTIVE_SCREEN {"gap":0.09924846857152599,"iteration":250,"normalized":false,"pair":true,"passed":0,"qualified":false,"samples":64,"seed":314159}
PREDICTIVE_SCREEN {"gap":0.09055730194491711,"iteration":275,"normalized":false,"pair":true,"passed":1,"qualified":false,"samples":64,"seed":314159}
PREDICTIVE_SCREEN {"gap":0.08983859189019967,"iteration":300,"normalized":false,"pair":true,"passed":2,"qualified":false,"samples":64,"seed":314159}
PREDICTIVE_SCREEN {"gap":0.07916163049831126,"iteration":325,"normalized":false,"pair":true,"passed":2,"qualified":false,"samples":64,"seed":314159}
PREDICTIVE_SCREEN {"gap":0.07222444542890946,"iteration":350,"normalized":false,"pair":true,"passed":2,"qualified":false,"samples":64,"seed":314159}
PREDICTIVE_SCREEN {"gap":0.06692271453784054,"iteration":375,"normalized":false,"pair":true,"passed":2,"qualified":false,"samples":64,"seed":314159}
PREDICTIVE_SCREEN {"gap":0.06208405205685369,"iteration":400,"normalized":false,"pair":true,"passed":2,"qualified":false,"samples":64,"seed":314159}
PREDICTIVE_SCREEN {"gap":0.059515222959229314,"iteration":425,"normalized":false,"pair":true,"passed":2,"qualified":false,"samples":64,"seed":314159}
PREDICTIVE_SCREEN {"gap":0.056768984250048296,"iteration":450,"normalized":false,"pair":true,"passed":2,"qualified":false,"samples":64,"seed":314159}
PREDICTIVE_SCREEN {"gap":0.053853197203446904,"iteration":475,"normalized":false,"pair":true,"passed":2,"qualified":false,"samples":64,"seed":314159}
PREDICTIVE_SCREEN {"gap":0.0517265626612763,"iteration":500,"normalized":false,"pair":true,"passed":2,"qualified":false,"samples":64,"seed":314159}
PREDICTIVE_SCREEN {"gap":0.05048124697242637,"iteration":525,"normalized":false,"pair":true,"passed":2,"qualified":false,"samples":64,"seed":314159}
PREDICTIVE_SCREEN {"gap":0.04984700633135562,"iteration":550,"normalized":false,"pair":true,"passed":2,"qualified":false,"samples":64,"seed":314159}
PREDICTIVE_SCREEN {"gap":0.047041021449203926,"iteration":575,"normalized":false,"pair":true,"passed":2,"qualified":false,"samples":64,"seed":314159}
PREDICTIVE_SCREEN {"gap":0.044688279705564715,"iteration":600,"normalized":false,"pair":true,"passed":2,"qualified":false,"samples":64,"seed":314159}
PREDICTIVE_SCREEN {"gap":0.043800761584505715,"iteration":625,"normalized":false,"pair":true,"passed":2,"qualified":false,"samples":64,"seed":314159}
PREDICTIVE_SCREEN {"gap":0.04263093474169523,"iteration":650,"normalized":false,"pair":true,"passed":2,"qualified":false,"samples":64,"seed":314159}
PREDICTIVE_SCREEN {"gap":0.04195125543050117,"iteration":675,"normalized":false,"pair":true,"passed":2,"qualified":false,"samples":64,"seed":314159}
PREDICTIVE_SCREEN {"gap":0.040864466792404214,"iteration":700,"normalized":false,"pair":true,"passed":2,"qualified":false,"samples":64,"seed":314159}
PREDICTIVE_SCREEN {"gap":0.03971973818513945,"iteration":725,"normalized":false,"pair":true,"passed":2,"qualified":false,"samples":64,"seed":314159}
PREDICTIVE_SCREEN {"gap":0.03823067118841651,"iteration":750,"normalized":false,"pair":true,"passed":2,"qualified":false,"samples":64,"seed":314159}
PREDICTIVE_SCREEN {"gap":0.036618405087929184,"iteration":775,"normalized":false,"pair":true,"passed":2,"qualified":false,"samples":64,"seed":314159}
PREDICTIVE_SCREEN {"gap":0.03653393811029003,"iteration":800,"normalized":false,"pair":true,"passed":2,"qualified":false,"samples":64,"seed":314159}
PREDICTIVE_SCREEN {"gap":0.03578890846470706,"iteration":825,"normalized":false,"pair":true,"passed":2,"qualified":false,"samples":64,"seed":314159}
PREDICTIVE_SCREEN {"gap":0.035304634652439215,"iteration":850,"normalized":false,"pair":true,"passed":2,"qualified":false,"samples":64,"seed":314159}
PREDICTIVE_SCREEN {"gap":0.03507504214128486,"iteration":875,"normalized":false,"pair":true,"passed":2,"qualified":false,"samples":64,"seed":314159}
PREDICTIVE_SCREEN {"gap":0.03440052019969195,"iteration":900,"normalized":false,"pair":true,"passed":2,"qualified":false,"samples":64,"seed":314159}
PREDICTIVE_SCREEN {"gap":0.03447801127829252,"iteration":925,"normalized":false,"pair":true,"passed":2,"qualified":false,"samples":64,"seed":314159}
PREDICTIVE_SCREEN {"gap":0.03405738651576053,"iteration":950,"normalized":false,"pair":true,"passed":2,"qualified":false,"samples":64,"seed":314159}
PREDICTIVE_SCREEN {"gap":0.03450337962788318,"iteration":975,"normalized":false,"pair":true,"passed":2,"qualified":false,"samples":64,"seed":314159}
PREDICTIVE_SCREEN {"gap":0.034156658222991326,"iteration":1000,"normalized":false,"pair":true,"passed":2,"qualified":false,"samples":64,"seed":314159}
PREDICTIVE_SCREEN {"gap":0.0335252065722257,"iteration":1025,"normalized":false,"pair":true,"passed":2,"qualified":false,"samples":64,"seed":314159}
PREDICTIVE_SCREEN {"gap":0.03331899652247827,"iteration":1050,"normalized":false,"pair":true,"passed":2,"qualified":false,"samples":64,"seed":314159}
PREDICTIVE_SCREEN {"gap":0.03306568738525825,"iteration":1075,"normalized":false,"pair":true,"passed":2,"qualified":false,"samples":64,"seed":314159}
PREDICTIVE_SCREEN {"gap":0.032988930417520365,"iteration":1100,"normalized":false,"pair":true,"passed":2,"qualified":false,"samples":64,"seed":314159}
PREDICTIVE_SCREEN {"gap":0.03362257788790643,"iteration":1125,"normalized":false,"pair":true,"passed":2,"qualified":false,"samples":64,"seed":314159}
PREDICTIVE_SCREEN {"gap":0.033689871222920664,"iteration":1150,"normalized":false,"pair":true,"passed":2,"qualified":false,"samples":64,"seed":314159}
PREDICTIVE_SCREEN {"gap":0.03465986153073872,"iteration":1175,"normalized":false,"pair":true,"passed":2,"qualified":false,"samples":64,"seed":314159}
PREDICTIVE_SCREEN {"gap":0.03431001178262935,"iteration":1200,"normalized":false,"pair":true,"passed":2,"qualified":false,"samples":64,"seed":314159}
PREDICTIVE_SCREEN {"gap":0.03419178660286183,"iteration":1225,"normalized":false,"pair":true,"passed":2,"qualified":false,"samples":64,"seed":314159}
PREDICTIVE_SCREEN {"gap":0.034658443207074424,"iteration":1250,"normalized":false,"pair":true,"passed":2,"qualified":false,"samples":64,"seed":314159}
PREDICTIVE_SCREEN {"gap":0.03464968089442952,"iteration":1275,"normalized":false,"pair":true,"passed":2,"qualified":false,"samples":64,"seed":314159}
PREDICTIVE_SCREEN {"gap":0.03442877782491452,"iteration":1300,"normalized":false,"pair":true,"passed":2,"qualified":false,"samples":64,"seed":314159}
PREDICTIVE_SCREEN {"gap":0.034469817815814305,"iteration":1325,"normalized":false,"pair":true,"passed":2,"qualified":false,"samples":64,"seed":314159}
PREDICTIVE_SCREEN {"gap":0.03495117644460033,"iteration":1350,"normalized":false,"pair":true,"passed":2,"qualified":false,"samples":64,"seed":314159}
PREDICTIVE_SCREEN {"gap":0.03550008575309578,"iteration":1375,"normalized":false,"pair":true,"passed":2,"qualified":false,"samples":64,"seed":314159}
PREDICTIVE_SCREEN {"gap":0.03515345861092303,"iteration":1400,"normalized":false,"pair":true,"passed":2,"qualified":false,"samples":64,"seed":314159}
PREDICTIVE_SCREEN {"gap":0.034489128460691645,"iteration":1425,"normalized":false,"pair":true,"passed":2,"qualified":false,"samples":64,"seed":314159}
PREDICTIVE_SCREEN {"gap":0.035010931544877125,"iteration":1450,"normalized":false,"pair":true,"passed":2,"qualified":false,"samples":64,"seed":314159}
PREDICTIVE_SCREEN {"gap":0.03460106215522689,"iteration":1475,"normalized":false,"pair":true,"passed":3,"qualified":false,"samples":64,"seed":314159}
PREDICTIVE_SCREEN {"gap":0.03429165983894042,"iteration":1500,"normalized":false,"pair":true,"passed":2,"qualified":false,"samples":64,"seed":314159}
PREDICTIVE_SCREEN {"gap":0.033879266065544505,"iteration":1525,"normalized":false,"pair":true,"passed":2,"qualified":false,"samples":64,"seed":314159}
PREDICTIVE_SCREEN {"gap":0.03339288735396867,"iteration":1550,"normalized":false,"pair":true,"passed":2,"qualified":false,"samples":64,"seed":314159}
PREDICTIVE_SCREEN {"gap":0.03317348647864973,"iteration":1575,"normalized":false,"pair":true,"passed":2,"qualified":false,"samples":64,"seed":314159}
PREDICTIVE_SCREEN {"gap":0.03301576899528476,"iteration":1600,"normalized":false,"pair":true,"passed":2,"qualified":false,"samples":64,"seed":314159}
PREDICTIVE_SCREEN {"gap":0.03287873019965269,"iteration":1625,"normalized":false,"pair":true,"passed":2,"qualified":false,"samples":64,"seed":314159}
PREDICTIVE_SCREEN {"gap":0.03263900326821739,"iteration":1650,"normalized":false,"pair":true,"passed":2,"qualified":false,"samples":64,"seed":314159}
PREDICTIVE_SCREEN {"gap":0.032601667263202336,"iteration":1675,"normalized":false,"pair":true,"passed":2,"qualified":false,"samples":64,"seed":314159}
PREDICTIVE_SCREEN {"gap":0.03216083467117721,"iteration":1700,"normalized":false,"pair":true,"passed":2,"qualified":false,"samples":64,"seed":314159}
PREDICTIVE_SCREEN {"gap":0.032108175416694515,"iteration":1725,"normalized":false,"pair":true,"passed":2,"qualified":false,"samples":64,"seed":314159}
PREDICTIVE_SCREEN {"gap":0.03238600451064036,"iteration":1750,"normalized":false,"pair":true,"passed":2,"qualified":false,"samples":64,"seed":314159}
PREDICTIVE_SCREEN {"gap":0.032178336787209036,"iteration":1775,"normalized":false,"pair":true,"passed":2,"qualified":false,"samples":64,"seed":314159}
PREDICTIVE_SCREEN {"gap":0.031943940870014884,"iteration":1800,"normalized":false,"pair":true,"passed":2,"qualified":false,"samples":64,"seed":314159}
PREDICTIVE_SCREEN {"gap":0.031729038040658145,"iteration":1825,"normalized":false,"pair":true,"passed":2,"qualified":false,"samples":64,"seed":314159}
PREDICTIVE_SCREEN {"gap":0.031818113591706554,"iteration":1850,"normalized":false,"pair":true,"passed":2,"qualified":false,"samples":64,"seed":314159}
PREDICTIVE_SCREEN {"gap":0.03139446565011822,"iteration":1875,"normalized":false,"pair":true,"passed":2,"qualified":false,"samples":64,"seed":314159}
PREDICTIVE_SCREEN {"gap":0.031207946316112636,"iteration":1900,"normalized":false,"pair":true,"passed":2,"qualified":false,"samples":64,"seed":314159}
PREDICTIVE_SCREEN {"gap":0.031016358622992415,"iteration":1925,"normalized":false,"pair":true,"passed":2,"qualified":false,"samples":64,"seed":314159}
PREDICTIVE_SCREEN {"gap":0.030890693776522996,"iteration":1950,"normalized":false,"pair":true,"passed":2,"qualified":false,"samples":64,"seed":314159}
PREDICTIVE_SCREEN {"gap":0.030541210921034498,"iteration":1975,"normalized":false,"pair":true,"passed":2,"qualified":false,"samples":64,"seed":314159}
PREDICTIVE_SCREEN {"gap":0.030649993663628722,"iteration":2000,"normalized":false,"pair":true,"passed":2,"qualified":false,"samples":64,"seed":314159}
PREDICTIVE_SCREEN {"gap":0.03007377448438915,"iteration":2025,"normalized":false,"pair":true,"passed":2,"qualified":false,"samples":64,"seed":314159}
PREDICTIVE_SCREEN {"gap":0.03066948882822508,"iteration":2050,"normalized":false,"pair":true,"passed":2,"qualified":false,"samples":64,"seed":314159}
PREDICTIVE_SCREEN {"gap":0.030634414994308093,"iteration":2075,"normalized":false,"pair":true,"passed":2,"qualified":false,"samples":64,"seed":314159}
PREDICTIVE_SCREEN {"gap":0.030666948347992107,"iteration":2100,"normalized":false,"pair":true,"passed":2,"qualified":false,"samples":64,"seed":314159}
PREDICTIVE_SCREEN {"gap":0.030394214173407888,"iteration":2125,"normalized":false,"pair":true,"passed":2,"qualified":false,"samples":64,"seed":314159}
PREDICTIVE_SCREEN {"gap":0.030351603157930715,"iteration":2150,"normalized":false,"pair":true,"passed":2,"qualified":false,"samples":64,"seed":314159}
PREDICTIVE_SCREEN {"gap":0.03031380796678139,"iteration":2175,"normalized":false,"pair":true,"passed":2,"qualified":false,"samples":64,"seed":314159}
PREDICTIVE_SCREEN {"gap":0.029920902232311294,"iteration":2200,"normalized":false,"pair":true,"passed":2,"qualified":false,"samples":64,"seed":314159}
PREDICTIVE_SCREEN {"gap":0.029910265221549145,"iteration":2225,"normalized":false,"pair":true,"passed":2,"qualified":false,"samples":64,"seed":314159}
PREDICTIVE_SCREEN {"gap":0.029572997363533818,"iteration":2250,"normalized":false,"pair":true,"passed":2,"qualified":false,"samples":64,"seed":314159}
PREDICTIVE_SCREEN {"gap":0.029455207293344457,"iteration":2275,"normalized":false,"pair":true,"passed":2,"qualified":false,"samples":64,"seed":314159}
PREDICTIVE_SCREEN {"gap":0.029654972993312434,"iteration":2300,"normalized":false,"pair":true,"passed":2,"qualified":false,"samples":64,"seed":314159}
PREDICTIVE_SCREEN {"gap":0.029461758970391022,"iteration":2325,"normalized":false,"pair":true,"passed":2,"qualified":false,"samples":64,"seed":314159}
PREDICTIVE_SCREEN {"gap":0.029415458606413022,"iteration":2350,"normalized":false,"pair":true,"passed":2,"qualified":false,"samples":64,"seed":314159}
PREDICTIVE_SCREEN {"gap":0.029134880683788444,"iteration":2375,"normalized":false,"pair":true,"passed":2,"qualified":false,"samples":64,"seed":314159}
PREDICTIVE_SCREEN {"gap":0.02905587930165418,"iteration":2400,"normalized":false,"pair":true,"passed":2,"qualified":false,"samples":64,"seed":314159}
PREDICTIVE_SCREEN {"gap":0.028913738045764054,"iteration":2425,"normalized":false,"pair":true,"passed":2,"qualified":false,"samples":64,"seed":314159}
PREDICTIVE_SCREEN {"gap":0.02892747234401248,"iteration":2450,"normalized":false,"pair":true,"passed":2,"qualified":false,"samples":64,"seed":314159}
PREDICTIVE_SCREEN {"gap":0.028839358164643836,"iteration":2475,"normalized":false,"pair":true,"passed":2,"qualified":false,"samples":64,"seed":314159}
PREDICTIVE_SCREEN {"gap":0.02876789059852161,"iteration":2500,"normalized":false,"pair":true,"passed":2,"qualified":false,"samples":64,"seed":314159}
PREDICTIVE_SCREEN {"gap":0.028639932384793912,"iteration":2525,"normalized":false,"pair":true,"passed":2,"qualified":false,"samples":64,"seed":314159}
PREDICTIVE_SCREEN {"gap":0.028496248708857586,"iteration":2550,"normalized":false,"pair":true,"passed":2,"qualified":false,"samples":64,"seed":314159}
PREDICTIVE_SCREEN {"gap":0.02829654820896628,"iteration":2575,"normalized":false,"pair":true,"passed":2,"qualified":false,"samples":64,"seed":314159}
PREDICTIVE_SCREEN {"gap":0.02838234079304923,"iteration":2600,"normalized":false,"pair":true,"passed":2,"qualified":false,"samples":64,"seed":314159}
PREDICTIVE_SCREEN {"gap":0.028355908387793546,"iteration":2625,"normalized":false,"pair":true,"passed":2,"qualified":false,"samples":64,"seed":314159}
PREDICTIVE_SCREEN {"gap":0.028227163461900698,"iteration":2650,"normalized":false,"pair":true,"passed":2,"qualified":false,"samples":64,"seed":314159}
PREDICTIVE_SCREEN {"gap":0.028167693617153503,"iteration":2675,"normalized":false,"pair":true,"passed":2,"qualified":false,"samples":64,"seed":314159}
PREDICTIVE_SCREEN {"gap":0.028201137787496056,"iteration":2700,"normalized":false,"pair":true,"passed":2,"qualified":false,"samples":64,"seed":314159}
PREDICTIVE_SCREEN {"gap":0.028118944340592825,"iteration":2725,"normalized":false,"pair":true,"passed":2,"qualified":false,"samples":64,"seed":314159}
PREDICTIVE_SCREEN {"gap":0.02803096579750343,"iteration":2750,"normalized":false,"pair":true,"passed":2,"qualified":false,"samples":64,"seed":314159}
PREDICTIVE_SCREEN {"gap":0.02789598872919763,"iteration":2775,"normalized":false,"pair":true,"passed":2,"qualified":false,"samples":64,"seed":314159}
PREDICTIVE_SCREEN {"gap":0.027838124768323258,"iteration":2800,"normalized":false,"pair":true,"passed":2,"qualified":false,"samples":64,"seed":314159}
PREDICTIVE_SCREEN {"gap":0.027776906597640316,"iteration":2825,"normalized":false,"pair":true,"passed":2,"qualified":false,"samples":64,"seed":314159}
PREDICTIVE_SCREEN {"gap":0.027775668955280053,"iteration":2850,"normalized":false,"pair":true,"passed":2,"qualified":false,"samples":64,"seed":314159}
PREDICTIVE_SCREEN {"gap":0.027592596369716477,"iteration":2875,"normalized":false,"pair":true,"passed":2,"qualified":false,"samples":64,"seed":314159}
PREDICTIVE_SCREEN {"gap":0.02784535195748153,"iteration":2900,"normalized":false,"pair":true,"passed":3,"qualified":false,"samples":64,"seed":314159}
PREDICTIVE_SCREEN {"gap":0.02777361601529381,"iteration":2925,"normalized":false,"pair":true,"passed":3,"qualified":false,"samples":64,"seed":314159}
PREDICTIVE_SCREEN {"gap":0.027657117971554762,"iteration":2950,"normalized":false,"pair":true,"passed":3,"qualified":false,"samples":64,"seed":314159}
PREDICTIVE_SCREEN {"gap":0.02775169300057824,"iteration":2975,"normalized":false,"pair":true,"passed":3,"qualified":false,"samples":64,"seed":314159}
PREDICTIVE_SCREEN {"gap":0.027804914535478745,"iteration":3000,"normalized":false,"pair":true,"passed":3,"qualified":false,"samples":64,"seed":314159}
