preflop gpu: coupled multiway, 1024 particles, 10728 reach CDFs, 32-particle batches, 128 MB CDF scratch
preflop gpu: compact CDF slots 5890 of 10728, 0.3 MB immutable map
preflop gpu: deployed_prepass reference, 32-particle grouping and HU-cache=true with accurately budgeted storage
preflop gpu: 23038 nodes, 17 levels, 12168 terminals (1873 calibrated), 0 forced + 0 frozen nodes, ~263 MB VRAM
PREDICTIVE_SCREEN {"gap":5.362189941009417,"iteration":25,"normalized":false,"pair":false,"passed":0,"qualified":false,"samples":1024,"seed":42}
PREDICTIVE_SCREEN {"gap":1.1904599464418129,"iteration":50,"normalized":false,"pair":false,"passed":0,"qualified":false,"samples":1024,"seed":42}
PREDICTIVE_SCREEN {"gap":0.6387939592352858,"iteration":75,"normalized":false,"pair":false,"passed":0,"qualified":false,"samples":1024,"seed":42}
PREDICTIVE_SCREEN {"gap":0.438399410089476,"iteration":100,"normalized":false,"pair":false,"passed":0,"qualified":false,"samples":1024,"seed":42}
PREDICTIVE_SCREEN {"gap":0.29726206230907815,"iteration":125,"normalized":false,"pair":false,"passed":0,"qualified":false,"samples":1024,"seed":42}
PREDICTIVE_SCREEN {"gap":0.21804529652039997,"iteration":150,"normalized":false,"pair":false,"passed":0,"qualified":false,"samples":1024,"seed":42}
PREDICTIVE_SCREEN {"gap":0.16037307602013295,"iteration":175,"normalized":false,"pair":false,"passed":0,"qualified":false,"samples":1024,"seed":42}
PREDICTIVE_SCREEN {"gap":0.12535074459756262,"iteration":200,"normalized":false,"pair":false,"passed":0,"qualified":false,"samples":1024,"seed":42}
PREDICTIVE_SCREEN {"gap":0.10253969739546022,"iteration":225,"normalized":false,"pair":false,"passed":0,"qualified":false,"samples":1024,"seed":42}
PREDICTIVE_SCREEN {"gap":0.0845312042171924,"iteration":250,"normalized":false,"pair":false,"passed":0,"qualified":false,"samples":1024,"seed":42}
PREDICTIVE_SCREEN {"gap":0.07410039169075912,"iteration":275,"normalized":false,"pair":false,"passed":0,"qualified":false,"samples":1024,"seed":42}
PREDICTIVE_SCREEN {"gap":0.06405156436057464,"iteration":300,"normalized":false,"pair":false,"passed":0,"qualified":false,"samples":1024,"seed":42}
PREDICTIVE_SCREEN {"gap":0.057131852289535795,"iteration":325,"normalized":false,"pair":false,"passed":0,"qualified":false,"samples":1024,"seed":42}
PREDICTIVE_SCREEN {"gap":0.05165948944593883,"iteration":350,"normalized":false,"pair":false,"passed":1,"qualified":false,"samples":1024,"seed":42}
PREDICTIVE_SCREEN {"gap":0.04806785845271465,"iteration":375,"normalized":false,"pair":false,"passed":1,"qualified":false,"samples":1024,"seed":42}
PREDICTIVE_SCREEN {"gap":0.043668591726653064,"iteration":400,"normalized":false,"pair":false,"passed":1,"qualified":false,"samples":1024,"seed":42}
PREDICTIVE_SCREEN {"gap":0.03900849459500488,"iteration":425,"normalized":false,"pair":false,"passed":1,"qualified":false,"samples":1024,"seed":42}
PREDICTIVE_SCREEN {"gap":0.036479905134516724,"iteration":450,"normalized":false,"pair":false,"passed":2,"qualified":false,"samples":1024,"seed":42}
PREDICTIVE_SCREEN {"gap":0.03359499417280898,"iteration":475,"normalized":false,"pair":false,"passed":2,"qualified":false,"samples":1024,"seed":42}
PREDICTIVE_SCREEN {"gap":0.03162744165780351,"iteration":500,"normalized":false,"pair":false,"passed":2,"qualified":false,"samples":1024,"seed":42}
PREDICTIVE_SCREEN {"gap":0.02920695807955323,"iteration":525,"normalized":false,"pair":false,"passed":2,"qualified":false,"samples":1024,"seed":42}
PREDICTIVE_SCREEN {"gap":0.027582973670856395,"iteration":550,"normalized":false,"pair":false,"passed":2,"qualified":false,"samples":1024,"seed":42}
PREDICTIVE_SCREEN {"gap":0.02544674002334639,"iteration":575,"normalized":false,"pair":false,"passed":2,"qualified":false,"samples":1024,"seed":42}
PREDICTIVE_SCREEN {"gap":0.024041960464557477,"iteration":600,"normalized":false,"pair":false,"passed":2,"qualified":false,"samples":1024,"seed":42}
PREDICTIVE_SCREEN {"gap":0.02262864670179425,"iteration":625,"normalized":false,"pair":false,"passed":2,"qualified":false,"samples":1024,"seed":42}
PREDICTIVE_SCREEN {"gap":0.02148128688778092,"iteration":650,"normalized":false,"pair":false,"passed":2,"qualified":false,"samples":1024,"seed":42}
PREDICTIVE_SCREEN {"gap":0.020450555154636327,"iteration":675,"normalized":false,"pair":false,"passed":2,"qualified":false,"samples":1024,"seed":42}
PREDICTIVE_SCREEN {"gap":0.019456859451866773,"iteration":700,"normalized":false,"pair":false,"passed":2,"qualified":false,"samples":1024,"seed":42}
PREDICTIVE_SCREEN {"gap":0.018614021158894142,"iteration":725,"normalized":false,"pair":false,"passed":2,"qualified":false,"samples":1024,"seed":42}
PREDICTIVE_SCREEN {"gap":0.01779722150104604,"iteration":750,"normalized":false,"pair":false,"passed":2,"qualified":false,"samples":1024,"seed":42}
PREDICTIVE_SCREEN {"gap":0.017080729547459858,"iteration":775,"normalized":false,"pair":false,"passed":2,"qualified":false,"samples":1024,"seed":42}
PREDICTIVE_SCREEN {"gap":0.01645172043635723,"iteration":800,"normalized":false,"pair":false,"passed":2,"qualified":false,"samples":1024,"seed":42}
PREDICTIVE_SCREEN {"gap":0.01575829345875751,"iteration":825,"normalized":false,"pair":false,"passed":2,"qualified":false,"samples":1024,"seed":42}
PREDICTIVE_SCREEN {"gap":0.015176079235761364,"iteration":850,"normalized":false,"pair":false,"passed":2,"qualified":false,"samples":1024,"seed":42}
PREDICTIVE_SCREEN {"gap":0.01466034740595766,"iteration":875,"normalized":false,"pair":false,"passed":2,"qualified":false,"samples":1024,"seed":42}
PREDICTIVE_SCREEN {"gap":0.01414759040820543,"iteration":900,"normalized":false,"pair":false,"passed":2,"qualified":false,"samples":1024,"seed":42}
PREDICTIVE_SCREEN {"gap":0.0136367773596133,"iteration":925,"normalized":false,"pair":false,"passed":2,"qualified":false,"samples":1024,"seed":42}
PREDICTIVE_SCREEN {"gap":0.01319208883475484,"iteration":950,"normalized":false,"pair":false,"passed":2,"qualified":false,"samples":1024,"seed":42}
PREDICTIVE_SCREEN {"gap":0.012706074605348033,"iteration":975,"normalized":false,"pair":false,"passed":2,"qualified":false,"samples":1024,"seed":42}
PREDICTIVE_SCREEN {"gap":0.012291740685423658,"iteration":1000,"normalized":false,"pair":false,"passed":2,"qualified":false,"samples":1024,"seed":42}
PREDICTIVE_SCREEN {"gap":0.011871723597039113,"iteration":1025,"normalized":false,"pair":false,"passed":2,"qualified":false,"samples":1024,"seed":42}
PREDICTIVE_SCREEN {"gap":0.011495946817997801,"iteration":1050,"normalized":false,"pair":false,"passed":2,"qualified":false,"samples":1024,"seed":42}
PREDICTIVE_SCREEN {"gap":0.011126124080432467,"iteration":1075,"normalized":false,"pair":false,"passed":2,"qualified":false,"samples":1024,"seed":42}
PREDICTIVE_SCREEN {"gap":0.010818212197634167,"iteration":1100,"normalized":false,"pair":false,"passed":2,"qualified":false,"samples":1024,"seed":42}
PREDICTIVE_SCREEN {"gap":0.010444191537607048,"iteration":1125,"normalized":false,"pair":false,"passed":2,"qualified":false,"samples":1024,"seed":42}
PREDICTIVE_SCREEN {"gap":0.010212519862665734,"iteration":1150,"normalized":false,"pair":false,"passed":2,"qualified":false,"samples":1024,"seed":42}
PREDICTIVE_SCREEN {"gap":0.00988692544240348,"iteration":1175,"normalized":false,"pair":false,"passed":2,"qualified":false,"samples":1024,"seed":42}
PREDICTIVE_SCREEN {"gap":0.009574515435514158,"iteration":1200,"normalized":false,"pair":false,"passed":2,"qualified":false,"samples":1024,"seed":42}
PREDICTIVE_SCREEN {"gap":0.009347765216091583,"iteration":1225,"normalized":false,"pair":false,"passed":2,"qualified":false,"samples":1024,"seed":42}
PREDICTIVE_SCREEN {"gap":0.009095980719388441,"iteration":1250,"normalized":false,"pair":false,"passed":2,"qualified":false,"samples":1024,"seed":42}
PREDICTIVE_SCREEN {"gap":0.008892450595264542,"iteration":1275,"normalized":false,"pair":false,"passed":2,"qualified":false,"samples":1024,"seed":42}
PREDICTIVE_SCREEN {"gap":0.00863036540613267,"iteration":1300,"normalized":false,"pair":false,"passed":2,"qualified":false,"samples":1024,"seed":42}
PREDICTIVE_SCREEN {"gap":0.008425505208794648,"iteration":1325,"normalized":false,"pair":false,"passed":2,"qualified":false,"samples":1024,"seed":42}
PREDICTIVE_SCREEN {"gap":0.008274161086060619,"iteration":1350,"normalized":false,"pair":false,"passed":2,"qualified":false,"samples":1024,"seed":42}
PREDICTIVE_SCREEN {"gap":0.008051116958504745,"iteration":1375,"normalized":false,"pair":false,"passed":2,"qualified":false,"samples":1024,"seed":42}
PREDICTIVE_SCREEN {"gap":0.007844680315429162,"iteration":1400,"normalized":false,"pair":false,"passed":2,"qualified":false,"samples":1024,"seed":42}
PREDICTIVE_SCREEN {"gap":0.00775714279790761,"iteration":1425,"normalized":false,"pair":false,"passed":2,"qualified":false,"samples":1024,"seed":42}
PREDICTIVE_SCREEN {"gap":0.007557978261003254,"iteration":1450,"normalized":false,"pair":false,"passed":2,"qualified":false,"samples":1024,"seed":42}
PREDICTIVE_SCREEN {"gap":0.00740162201214159,"iteration":1475,"normalized":false,"pair":false,"passed":2,"qualified":false,"samples":1024,"seed":42}
PREDICTIVE_SCREEN {"gap":0.007324450857053896,"iteration":1500,"normalized":false,"pair":false,"passed":2,"qualified":false,"samples":1024,"seed":42}
PREDICTIVE_SCREEN {"gap":0.007127585223005717,"iteration":1525,"normalized":false,"pair":false,"passed":2,"qualified":false,"samples":1024,"seed":42}
PREDICTIVE_SCREEN {"gap":0.006998180790964786,"iteration":1550,"normalized":false,"pair":false,"passed":2,"qualified":false,"samples":1024,"seed":42}
PREDICTIVE_SCREEN {"gap":0.006961601916945975,"iteration":1575,"normalized":false,"pair":false,"passed":2,"qualified":false,"samples":1024,"seed":42}
PREDICTIVE_SCREEN {"gap":0.0067553210093500154,"iteration":1600,"normalized":false,"pair":false,"passed":2,"qualified":false,"samples":1024,"seed":42}
PREDICTIVE_SCREEN {"gap":0.006662482898943015,"iteration":1625,"normalized":false,"pair":false,"passed":2,"qualified":false,"samples":1024,"seed":42}
PREDICTIVE_SCREEN {"gap":0.006612368527499149,"iteration":1650,"normalized":false,"pair":false,"passed":2,"qualified":false,"samples":1024,"seed":42}
PREDICTIVE_SCREEN {"gap":0.006506035894862178,"iteration":1675,"normalized":false,"pair":false,"passed":2,"qualified":false,"samples":1024,"seed":42}
PREDICTIVE_SCREEN {"gap":0.006387395160619175,"iteration":1700,"normalized":false,"pair":false,"passed":2,"qualified":false,"samples":1024,"seed":42}
PREDICTIVE_SCREEN {"gap":0.006359617086826391,"iteration":1725,"normalized":false,"pair":false,"passed":2,"qualified":false,"samples":1024,"seed":42}
PREDICTIVE_SCREEN {"gap":0.0062619126381856655,"iteration":1750,"normalized":false,"pair":false,"passed":2,"qualified":false,"samples":1024,"seed":42}
PREDICTIVE_SCREEN {"gap":0.006165717962177741,"iteration":1775,"normalized":false,"pair":false,"passed":2,"qualified":false,"samples":1024,"seed":42}
PREDICTIVE_SCREEN {"gap":0.0061397598956472454,"iteration":1800,"normalized":false,"pair":false,"passed":2,"qualified":false,"samples":1024,"seed":42}
PREDICTIVE_SCREEN {"gap":0.006079101127362749,"iteration":1825,"normalized":false,"pair":false,"passed":2,"qualified":false,"samples":1024,"seed":42}
PREDICTIVE_SCREEN {"gap":0.005955024666323597,"iteration":1850,"normalized":false,"pair":false,"passed":2,"qualified":false,"samples":1024,"seed":42}
PREDICTIVE_SCREEN {"gap":0.005970716013671329,"iteration":1875,"normalized":false,"pair":false,"passed":2,"qualified":false,"samples":1024,"seed":42}
PREDICTIVE_SCREEN {"gap":0.0058974755829584585,"iteration":1900,"normalized":false,"pair":false,"passed":2,"qualified":false,"samples":1024,"seed":42}
PREDICTIVE_SCREEN {"gap":0.00579536426934614,"iteration":1925,"normalized":false,"pair":false,"passed":2,"qualified":false,"samples":1024,"seed":42}
PREDICTIVE_SCREEN {"gap":0.0058028037697794715,"iteration":1950,"normalized":false,"pair":false,"passed":2,"qualified":false,"samples":1024,"seed":42}
PREDICTIVE_SCREEN {"gap":0.005729031870452733,"iteration":1975,"normalized":false,"pair":false,"passed":2,"qualified":false,"samples":1024,"seed":42}
PREDICTIVE_SCREEN {"gap":0.005662464846652365,"iteration":2000,"normalized":false,"pair":false,"passed":2,"qualified":false,"samples":1024,"seed":42}
PREDICTIVE_SCREEN {"gap":0.005642954754590007,"iteration":2025,"normalized":false,"pair":false,"passed":2,"qualified":false,"samples":1024,"seed":42}
PREDICTIVE_SCREEN {"gap":0.005550585205212413,"iteration":2050,"normalized":false,"pair":false,"passed":2,"qualified":false,"samples":1024,"seed":42}
PREDICTIVE_SCREEN {"gap":0.005558995030099226,"iteration":2075,"normalized":false,"pair":false,"passed":2,"qualified":false,"samples":1024,"seed":42}
PREDICTIVE_SCREEN {"gap":0.005476476497897287,"iteration":2100,"normalized":false,"pair":false,"passed":2,"qualified":false,"samples":1024,"seed":42}
PREDICTIVE_SCREEN {"gap":0.005388306631599518,"iteration":2125,"normalized":false,"pair":false,"passed":2,"qualified":false,"samples":1024,"seed":42}
PREDICTIVE_SCREEN {"gap":0.005411285846767866,"iteration":2150,"normalized":false,"pair":false,"passed":2,"qualified":false,"samples":1024,"seed":42}
PREDICTIVE_SCREEN {"gap":0.005339646288803457,"iteration":2175,"normalized":false,"pair":false,"passed":2,"qualified":false,"samples":1024,"seed":42}
PREDICTIVE_SCREEN {"gap":0.005248207738277694,"iteration":2200,"normalized":false,"pair":false,"passed":2,"qualified":false,"samples":1024,"seed":42}
PREDICTIVE_SCREEN {"gap":0.005274093881881256,"iteration":2225,"normalized":false,"pair":false,"passed":2,"qualified":false,"samples":1024,"seed":42}
PREDICTIVE_SCREEN {"gap":0.005184141344648632,"iteration":2250,"normalized":false,"pair":false,"passed":2,"qualified":false,"samples":1024,"seed":42}
PREDICTIVE_SCREEN {"gap":0.00513289012771849,"iteration":2275,"normalized":false,"pair":false,"passed":2,"qualified":false,"samples":1024,"seed":42}
PREDICTIVE_SCREEN {"gap":0.005139859906431191,"iteration":2300,"normalized":false,"pair":false,"passed":2,"qualified":false,"samples":1024,"seed":42}
PREDICTIVE_SCREEN {"gap":0.005062455137677016,"iteration":2325,"normalized":false,"pair":false,"passed":2,"qualified":false,"samples":1024,"seed":42}
PREDICTIVE_SCREEN {"gap":0.005046180289960733,"iteration":2350,"normalized":false,"pair":false,"passed":2,"qualified":false,"samples":1024,"seed":42}
PREDICTIVE_SCREEN {"gap":0.0050423333608032445,"iteration":2375,"normalized":false,"pair":false,"passed":2,"qualified":false,"samples":1024,"seed":42}
PREDICTIVE_SCREEN {"gap":0.004963201508159432,"iteration":2400,"normalized":false,"pair":false,"passed":2,"qualified":false,"samples":1024,"seed":42}
PREDICTIVE_SCREEN {"gap":0.004998194452507543,"iteration":2425,"normalized":false,"pair":false,"passed":2,"qualified":false,"samples":1024,"seed":42}
PREDICTIVE_SCREEN {"gap":0.004947778430073949,"iteration":2450,"normalized":false,"pair":false,"passed":2,"qualified":false,"samples":1024,"seed":42}
PREDICTIVE_SCREEN {"gap":0.004919710122488194,"iteration":2475,"normalized":false,"pair":false,"passed":2,"qualified":false,"samples":1024,"seed":42}
PREDICTIVE_SCREEN {"gap":0.004899300632703704,"iteration":2500,"normalized":false,"pair":false,"passed":2,"qualified":false,"samples":1024,"seed":42}
PREDICTIVE_SCREEN {"gap":0.004835682857402865,"iteration":2525,"normalized":false,"pair":false,"passed":2,"qualified":false,"samples":1024,"seed":42}
PREDICTIVE_SCREEN {"gap":0.004860403838008592,"iteration":2550,"normalized":false,"pair":false,"passed":2,"qualified":false,"samples":1024,"seed":42}
PREDICTIVE_SCREEN {"gap":0.004789981453099806,"iteration":2575,"normalized":false,"pair":false,"passed":2,"qualified":false,"samples":1024,"seed":42}
PREDICTIVE_SCREEN {"gap":0.004783941966076469,"iteration":2600,"normalized":false,"pair":false,"passed":2,"qualified":false,"samples":1024,"seed":42}
PREDICTIVE_SCREEN {"gap":0.0047478615441937655,"iteration":2625,"normalized":false,"pair":false,"passed":2,"qualified":false,"samples":1024,"seed":42}
PREDICTIVE_SCREEN {"gap":0.004676723253037404,"iteration":2650,"normalized":false,"pair":false,"passed":2,"qualified":false,"samples":1024,"seed":42}
PREDICTIVE_SCREEN {"gap":0.004683224331645017,"iteration":2675,"normalized":false,"pair":false,"passed":2,"qualified":false,"samples":1024,"seed":42}
PREDICTIVE_SCREEN {"gap":0.0046048140184788006,"iteration":2700,"normalized":false,"pair":false,"passed":2,"qualified":false,"samples":1024,"seed":42}
PREDICTIVE_SCREEN {"gap":0.004611699072525968,"iteration":2725,"normalized":false,"pair":false,"passed":2,"qualified":false,"samples":1024,"seed":42}
PREDICTIVE_SCREEN {"gap":0.0045487138847135206,"iteration":2750,"normalized":false,"pair":false,"passed":2,"qualified":false,"samples":1024,"seed":42}
PREDICTIVE_SCREEN {"gap":0.0044928004018365275,"iteration":2775,"normalized":false,"pair":false,"passed":2,"qualified":false,"samples":1024,"seed":42}
PREDICTIVE_SCREEN {"gap":0.004517421121064791,"iteration":2800,"normalized":false,"pair":false,"passed":2,"qualified":false,"samples":1024,"seed":42}
PREDICTIVE_SCREEN {"gap":0.004444733960507055,"iteration":2825,"normalized":false,"pair":false,"passed":2,"qualified":false,"samples":1024,"seed":42}
PREDICTIVE_SCREEN {"gap":0.004453523701695328,"iteration":2850,"normalized":false,"pair":false,"passed":2,"qualified":false,"samples":1024,"seed":42}
PREDICTIVE_SCREEN {"gap":0.0044131002377127415,"iteration":2875,"normalized":false,"pair":false,"passed":2,"qualified":false,"samples":1024,"seed":42}
PREDICTIVE_SCREEN {"gap":0.004337978114205818,"iteration":2900,"normalized":false,"pair":false,"passed":2,"qualified":false,"samples":1024,"seed":42}
PREDICTIVE_SCREEN {"gap":0.004380216624134334,"iteration":2925,"normalized":false,"pair":false,"passed":2,"qualified":false,"samples":1024,"seed":42}
PREDICTIVE_SCREEN {"gap":0.004337826210527793,"iteration":2950,"normalized":false,"pair":false,"passed":2,"qualified":false,"samples":1024,"seed":42}
PREDICTIVE_SCREEN {"gap":0.004292498794123037,"iteration":2975,"normalized":false,"pair":false,"passed":2,"qualified":false,"samples":1024,"seed":42}
PREDICTIVE_SCREEN {"gap":0.004323132443736083,"iteration":3000,"normalized":false,"pair":false,"passed":2,"qualified":false,"samples":1024,"seed":42}
