preflop gpu: coupled multiway, 1024 particles, 10728 reach CDFs, 32-particle batches, 128 MB CDF scratch
preflop gpu: compact CDF slots 5890 of 10728, 0.3 MB immutable map
preflop gpu: deployed_prepass reference, 32-particle grouping and HU-cache=true with accurately budgeted storage
preflop gpu: 23038 nodes, 17 levels, 12168 terminals (1873 calibrated), 0 forced + 0 frozen nodes, ~263 MB VRAM
PREDICTIVE_SCREEN {"gap":7.165691508682237,"iteration":25,"normalized":false,"pair":true,"passed":0,"qualified":false,"samples":64,"seed":42}
PREDICTIVE_SCREEN {"gap":1.836643699230776,"iteration":50,"normalized":false,"pair":true,"passed":0,"qualified":false,"samples":64,"seed":42}
PREDICTIVE_SCREEN {"gap":0.8918110511454617,"iteration":75,"normalized":false,"pair":true,"passed":0,"qualified":false,"samples":64,"seed":42}
PREDICTIVE_SCREEN {"gap":0.6166965301005523,"iteration":100,"normalized":false,"pair":true,"passed":0,"qualified":false,"samples":64,"seed":42}
PREDICTIVE_SCREEN {"gap":0.3975371661984091,"iteration":125,"normalized":false,"pair":true,"passed":0,"qualified":false,"samples":64,"seed":42}
PREDICTIVE_SCREEN {"gap":0.2612476334143032,"iteration":150,"normalized":false,"pair":true,"passed":0,"qualified":false,"samples":64,"seed":42}
PREDICTIVE_SCREEN {"gap":0.18001523860904461,"iteration":175,"normalized":false,"pair":true,"passed":0,"qualified":false,"samples":64,"seed":42}
PREDICTIVE_SCREEN {"gap":0.13370990028504642,"iteration":200,"normalized":false,"pair":true,"passed":0,"qualified":false,"samples":64,"seed":42}
PREDICTIVE_SCREEN {"gap":0.10748586933562672,"iteration":225,"normalized":false,"pair":true,"passed":0,"qualified":false,"samples":64,"seed":42}
PREDICTIVE_SCREEN {"gap":0.08912623564728062,"iteration":250,"normalized":false,"pair":true,"passed":0,"qualified":false,"samples":64,"seed":42}
PREDICTIVE_SCREEN {"gap":0.0762538879128566,"iteration":275,"normalized":false,"pair":true,"passed":0,"qualified":false,"samples":64,"seed":42}
PREDICTIVE_SCREEN {"gap":0.0667090158101483,"iteration":300,"normalized":false,"pair":true,"passed":0,"qualified":false,"samples":64,"seed":42}
PREDICTIVE_SCREEN {"gap":0.05974199462876491,"iteration":325,"normalized":false,"pair":true,"passed":0,"qualified":false,"samples":64,"seed":42}
PREDICTIVE_SCREEN {"gap":0.05437094112267887,"iteration":350,"normalized":false,"pair":true,"passed":1,"qualified":false,"samples":64,"seed":42}
PREDICTIVE_SCREEN {"gap":0.04978623147326598,"iteration":375,"normalized":false,"pair":true,"passed":1,"qualified":false,"samples":64,"seed":42}
PREDICTIVE_SCREEN {"gap":0.046537977713391965,"iteration":400,"normalized":false,"pair":true,"passed":1,"qualified":false,"samples":64,"seed":42}
PREDICTIVE_SCREEN {"gap":0.043278752835823345,"iteration":425,"normalized":false,"pair":true,"passed":1,"qualified":false,"samples":64,"seed":42}
PREDICTIVE_SCREEN {"gap":0.04059234516072349,"iteration":450,"normalized":false,"pair":true,"passed":1,"qualified":false,"samples":64,"seed":42}
PREDICTIVE_SCREEN {"gap":0.038919324144405854,"iteration":475,"normalized":false,"pair":true,"passed":1,"qualified":false,"samples":64,"seed":42}
PREDICTIVE_SCREEN {"gap":0.03735725426062496,"iteration":500,"normalized":false,"pair":true,"passed":2,"qualified":false,"samples":64,"seed":42}
PREDICTIVE_SCREEN {"gap":0.03630242942463206,"iteration":525,"normalized":false,"pair":true,"passed":2,"qualified":false,"samples":64,"seed":42}
PREDICTIVE_SCREEN {"gap":0.034810459244211986,"iteration":550,"normalized":false,"pair":true,"passed":2,"qualified":false,"samples":64,"seed":42}
PREDICTIVE_SCREEN {"gap":0.0335900752737571,"iteration":575,"normalized":false,"pair":true,"passed":2,"qualified":false,"samples":64,"seed":42}
PREDICTIVE_SCREEN {"gap":0.03282939616593554,"iteration":600,"normalized":false,"pair":true,"passed":2,"qualified":false,"samples":64,"seed":42}
PREDICTIVE_SCREEN {"gap":0.03192253439497905,"iteration":625,"normalized":false,"pair":true,"passed":2,"qualified":false,"samples":64,"seed":42}
PREDICTIVE_SCREEN {"gap":0.03084250404512326,"iteration":650,"normalized":false,"pair":true,"passed":2,"qualified":false,"samples":64,"seed":42}
PREDICTIVE_SCREEN {"gap":0.030672286692510542,"iteration":675,"normalized":false,"pair":true,"passed":2,"qualified":false,"samples":64,"seed":42}
PREDICTIVE_SCREEN {"gap":0.0296393538152777,"iteration":700,"normalized":false,"pair":true,"passed":2,"qualified":false,"samples":64,"seed":42}
PREDICTIVE_SCREEN {"gap":0.029400001525036773,"iteration":725,"normalized":false,"pair":true,"passed":2,"qualified":false,"samples":64,"seed":42}
PREDICTIVE_SCREEN {"gap":0.028663592220076528,"iteration":750,"normalized":false,"pair":true,"passed":2,"qualified":false,"samples":64,"seed":42}
PREDICTIVE_SCREEN {"gap":0.028502730139151874,"iteration":775,"normalized":false,"pair":true,"passed":2,"qualified":false,"samples":64,"seed":42}
PREDICTIVE_SCREEN {"gap":0.028155370311320732,"iteration":800,"normalized":false,"pair":true,"passed":2,"qualified":false,"samples":64,"seed":42}
PREDICTIVE_SCREEN {"gap":0.027647531726002816,"iteration":825,"normalized":false,"pair":true,"passed":2,"qualified":false,"samples":64,"seed":42}
PREDICTIVE_SCREEN {"gap":0.027732575039938312,"iteration":850,"normalized":false,"pair":true,"passed":2,"qualified":false,"samples":64,"seed":42}
PREDICTIVE_SCREEN {"gap":0.0271626730092914,"iteration":875,"normalized":false,"pair":true,"passed":2,"qualified":false,"samples":64,"seed":42}
PREDICTIVE_SCREEN {"gap":0.02706617344416462,"iteration":900,"normalized":false,"pair":true,"passed":2,"qualified":false,"samples":64,"seed":42}
PREDICTIVE_SCREEN {"gap":0.026703668732336247,"iteration":925,"normalized":false,"pair":true,"passed":2,"qualified":false,"samples":64,"seed":42}
PREDICTIVE_SCREEN {"gap":0.026922058363780157,"iteration":950,"normalized":false,"pair":true,"passed":2,"qualified":false,"samples":64,"seed":42}
PREDICTIVE_SCREEN {"gap":0.02661900017351229,"iteration":975,"normalized":false,"pair":true,"passed":2,"qualified":false,"samples":64,"seed":42}
PREDICTIVE_SCREEN {"gap":0.026567405118663262,"iteration":1000,"normalized":false,"pair":true,"passed":2,"qualified":false,"samples":64,"seed":42}
PREDICTIVE_SCREEN {"gap":0.02667306567812422,"iteration":1025,"normalized":false,"pair":true,"passed":2,"qualified":false,"samples":64,"seed":42}
PREDICTIVE_SCREEN {"gap":0.026698732531128533,"iteration":1050,"normalized":false,"pair":true,"passed":2,"qualified":false,"samples":64,"seed":42}
PREDICTIVE_SCREEN {"gap":0.027562214774743063,"iteration":1075,"normalized":false,"pair":true,"passed":3,"qualified":false,"samples":64,"seed":42}
PREDICTIVE_SCREEN {"gap":0.02746925268991922,"iteration":1100,"normalized":false,"pair":true,"passed":3,"qualified":false,"samples":64,"seed":42}
PREDICTIVE_SCREEN {"gap":0.02754626875803745,"iteration":1125,"normalized":false,"pair":true,"passed":4,"qualified":false,"samples":64,"seed":42}
PREDICTIVE_SCREEN {"gap":0.027647389137652245,"iteration":1150,"normalized":false,"pair":true,"passed":4,"qualified":false,"samples":64,"seed":42}
PREDICTIVE_SCREEN {"gap":0.02741097526910996,"iteration":1175,"normalized":false,"pair":true,"passed":3,"qualified":false,"samples":64,"seed":42}
PREDICTIVE_SCREEN {"gap":0.0272843202017444,"iteration":1200,"normalized":false,"pair":true,"passed":3,"qualified":false,"samples":64,"seed":42}
PREDICTIVE_SCREEN {"gap":0.027351962981804173,"iteration":1225,"normalized":false,"pair":true,"passed":3,"qualified":false,"samples":64,"seed":42}
PREDICTIVE_SCREEN {"gap":0.029303238303002382,"iteration":1250,"normalized":false,"pair":true,"passed":3,"qualified":false,"samples":64,"seed":42}
PREDICTIVE_SCREEN {"gap":0.029258028966016425,"iteration":1275,"normalized":false,"pair":true,"passed":3,"qualified":false,"samples":64,"seed":42}
PREDICTIVE_SCREEN {"gap":0.029179771694628057,"iteration":1300,"normalized":false,"pair":true,"passed":3,"qualified":false,"samples":64,"seed":42}
PREDICTIVE_SCREEN {"gap":0.029065452031036526,"iteration":1325,"normalized":false,"pair":true,"passed":3,"qualified":false,"samples":64,"seed":42}
PREDICTIVE_SCREEN {"gap":0.02901316896952051,"iteration":1350,"normalized":false,"pair":true,"passed":3,"qualified":false,"samples":64,"seed":42}
PREDICTIVE_SCREEN {"gap":0.02897873873181485,"iteration":1375,"normalized":false,"pair":true,"passed":3,"qualified":false,"samples":64,"seed":42}
PREDICTIVE_SCREEN {"gap":0.02915394271493825,"iteration":1400,"normalized":false,"pair":true,"passed":3,"qualified":false,"samples":64,"seed":42}
PREDICTIVE_SCREEN {"gap":0.02915351783922608,"iteration":1425,"normalized":false,"pair":true,"passed":3,"qualified":false,"samples":64,"seed":42}
PREDICTIVE_SCREEN {"gap":0.029352881381993157,"iteration":1450,"normalized":false,"pair":true,"passed":3,"qualified":false,"samples":64,"seed":42}
PREDICTIVE_SCREEN {"gap":0.030586867493943695,"iteration":1475,"normalized":false,"pair":true,"passed":3,"qualified":false,"samples":64,"seed":42}
PREDICTIVE_SCREEN {"gap":0.03073489132404407,"iteration":1500,"normalized":false,"pair":true,"passed":3,"qualified":false,"samples":64,"seed":42}
PREDICTIVE_SCREEN {"gap":0.03100327766322851,"iteration":1525,"normalized":false,"pair":true,"passed":3,"qualified":false,"samples":64,"seed":42}
PREDICTIVE_SCREEN {"gap":0.030747788781981145,"iteration":1550,"normalized":false,"pair":true,"passed":3,"qualified":false,"samples":64,"seed":42}
PREDICTIVE_SCREEN {"gap":0.030582207992411167,"iteration":1575,"normalized":false,"pair":true,"passed":3,"qualified":false,"samples":64,"seed":42}
PREDICTIVE_SCREEN {"gap":0.031023884055977363,"iteration":1600,"normalized":false,"pair":true,"passed":3,"qualified":false,"samples":64,"seed":42}
PREDICTIVE_SCREEN {"gap":0.0308429489392079,"iteration":1625,"normalized":false,"pair":true,"passed":3,"qualified":false,"samples":64,"seed":42}
PREDICTIVE_SCREEN {"gap":0.030919691996286205,"iteration":1650,"normalized":false,"pair":true,"passed":3,"qualified":false,"samples":64,"seed":42}
PREDICTIVE_SCREEN {"gap":0.03107561643479402,"iteration":1675,"normalized":false,"pair":true,"passed":3,"qualified":false,"samples":64,"seed":42}
PREDICTIVE_SCREEN {"gap":0.030983654235432687,"iteration":1700,"normalized":false,"pair":true,"passed":3,"qualified":false,"samples":64,"seed":42}
PREDICTIVE_SCREEN {"gap":0.031208153466623978,"iteration":1725,"normalized":false,"pair":true,"passed":3,"qualified":false,"samples":64,"seed":42}
PREDICTIVE_SCREEN {"gap":0.031180750787548867,"iteration":1750,"normalized":false,"pair":true,"passed":3,"qualified":false,"samples":64,"seed":42}
PREDICTIVE_SCREEN {"gap":0.03095581390741879,"iteration":1775,"normalized":false,"pair":true,"passed":3,"qualified":false,"samples":64,"seed":42}
PREDICTIVE_SCREEN {"gap":0.03056113736898225,"iteration":1800,"normalized":false,"pair":true,"passed":3,"qualified":false,"samples":64,"seed":42}
PREDICTIVE_SCREEN {"gap":0.030200724554651934,"iteration":1825,"normalized":false,"pair":true,"passed":3,"qualified":false,"samples":64,"seed":42}
PREDICTIVE_SCREEN {"gap":0.030197250359791206,"iteration":1850,"normalized":false,"pair":true,"passed":3,"qualified":false,"samples":64,"seed":42}
PREDICTIVE_SCREEN {"gap":0.030262858610727875,"iteration":1875,"normalized":false,"pair":true,"passed":3,"qualified":false,"samples":64,"seed":42}
PREDICTIVE_SCREEN {"gap":0.030211605853724274,"iteration":1900,"normalized":false,"pair":true,"passed":2,"qualified":false,"samples":64,"seed":42}
PREDICTIVE_SCREEN {"gap":0.030442652337390172,"iteration":1925,"normalized":false,"pair":true,"passed":2,"qualified":false,"samples":64,"seed":42}
PREDICTIVE_SCREEN {"gap":0.03033343186830921,"iteration":1950,"normalized":false,"pair":true,"passed":2,"qualified":false,"samples":64,"seed":42}
PREDICTIVE_SCREEN {"gap":0.03031774302784182,"iteration":1975,"normalized":false,"pair":true,"passed":2,"qualified":false,"samples":64,"seed":42}
PREDICTIVE_SCREEN {"gap":0.030048273423605873,"iteration":2000,"normalized":false,"pair":true,"passed":2,"qualified":false,"samples":64,"seed":42}
PREDICTIVE_SCREEN {"gap":0.02985881807294681,"iteration":2025,"normalized":false,"pair":true,"passed":2,"qualified":false,"samples":64,"seed":42}
PREDICTIVE_SCREEN {"gap":0.029800321144419106,"iteration":2050,"normalized":false,"pair":true,"passed":2,"qualified":false,"samples":64,"seed":42}
PREDICTIVE_SCREEN {"gap":0.029708615215974246,"iteration":2075,"normalized":false,"pair":true,"passed":2,"qualified":false,"samples":64,"seed":42}
PREDICTIVE_SCREEN {"gap":0.02965854457989374,"iteration":2100,"normalized":false,"pair":true,"passed":2,"qualified":false,"samples":64,"seed":42}
PREDICTIVE_SCREEN {"gap":0.029408621837640148,"iteration":2125,"normalized":false,"pair":true,"passed":3,"qualified":false,"samples":64,"seed":42}
PREDICTIVE_SCREEN {"gap":0.029274793683339545,"iteration":2150,"normalized":false,"pair":true,"passed":3,"qualified":false,"samples":64,"seed":42}
PREDICTIVE_SCREEN {"gap":0.02922514187668486,"iteration":2175,"normalized":false,"pair":true,"passed":3,"qualified":false,"samples":64,"seed":42}
PREDICTIVE_SCREEN {"gap":0.02907560465289087,"iteration":2200,"normalized":false,"pair":true,"passed":3,"qualified":false,"samples":64,"seed":42}
PREDICTIVE_SCREEN {"gap":0.02878600888058168,"iteration":2225,"normalized":false,"pair":true,"passed":3,"qualified":false,"samples":64,"seed":42}
PREDICTIVE_SCREEN {"gap":0.02858564596668503,"iteration":2250,"normalized":false,"pair":true,"passed":3,"qualified":false,"samples":64,"seed":42}
PREDICTIVE_SCREEN {"gap":0.028432977964156253,"iteration":2275,"normalized":false,"pair":true,"passed":3,"qualified":false,"samples":64,"seed":42}
PREDICTIVE_SCREEN {"gap":0.028226553967076004,"iteration":2300,"normalized":false,"pair":true,"passed":3,"qualified":false,"samples":64,"seed":42}
PREDICTIVE_SCREEN {"gap":0.028127507184378786,"iteration":2325,"normalized":false,"pair":true,"passed":3,"qualified":false,"samples":64,"seed":42}
PREDICTIVE_SCREEN {"gap":0.027955193308175377,"iteration":2350,"normalized":false,"pair":true,"passed":3,"qualified":false,"samples":64,"seed":42}
PREDICTIVE_SCREEN {"gap":0.02788691600461872,"iteration":2375,"normalized":false,"pair":true,"passed":3,"qualified":false,"samples":64,"seed":42}
PREDICTIVE_SCREEN {"gap":0.027874592190576877,"iteration":2400,"normalized":false,"pair":true,"passed":3,"qualified":false,"samples":64,"seed":42}
PREDICTIVE_SCREEN {"gap":0.027770766211548725,"iteration":2425,"normalized":false,"pair":true,"passed":3,"qualified":false,"samples":64,"seed":42}
PREDICTIVE_SCREEN {"gap":0.02779629893799712,"iteration":2450,"normalized":false,"pair":true,"passed":3,"qualified":false,"samples":64,"seed":42}
PREDICTIVE_SCREEN {"gap":0.027800145543157254,"iteration":2475,"normalized":false,"pair":true,"passed":3,"qualified":false,"samples":64,"seed":42}
PREDICTIVE_SCREEN {"gap":0.027710833320399017,"iteration":2500,"normalized":false,"pair":true,"passed":3,"qualified":false,"samples":64,"seed":42}
PREDICTIVE_SCREEN {"gap":0.02766498703061923,"iteration":2525,"normalized":false,"pair":true,"passed":3,"qualified":false,"samples":64,"seed":42}
PREDICTIVE_SCREEN {"gap":0.027600994738705503,"iteration":2550,"normalized":false,"pair":true,"passed":3,"qualified":false,"samples":64,"seed":42}
PREDICTIVE_SCREEN {"gap":0.02748967547941407,"iteration":2575,"normalized":false,"pair":true,"passed":3,"qualified":false,"samples":64,"seed":42}
PREDICTIVE_SCREEN {"gap":0.027492099644035414,"iteration":2600,"normalized":false,"pair":true,"passed":3,"qualified":false,"samples":64,"seed":42}
PREDICTIVE_SCREEN {"gap":0.027368175700590885,"iteration":2625,"normalized":false,"pair":true,"passed":3,"qualified":false,"samples":64,"seed":42}
PREDICTIVE_SCREEN {"gap":0.02731689014846056,"iteration":2650,"normalized":false,"pair":true,"passed":2,"qualified":false,"samples":64,"seed":42}
PREDICTIVE_SCREEN {"gap":0.02733200956112715,"iteration":2675,"normalized":false,"pair":true,"passed":2,"qualified":false,"samples":64,"seed":42}
PREDICTIVE_SCREEN {"gap":0.02715528659515777,"iteration":2700,"normalized":false,"pair":true,"passed":2,"qualified":false,"samples":64,"seed":42}
PREDICTIVE_SCREEN {"gap":0.027142721622172544,"iteration":2725,"normalized":false,"pair":true,"passed":2,"qualified":false,"samples":64,"seed":42}
PREDICTIVE_SCREEN {"gap":0.027067731678464282,"iteration":2750,"normalized":false,"pair":true,"passed":2,"qualified":false,"samples":64,"seed":42}
PREDICTIVE_SCREEN {"gap":0.026882809847546624,"iteration":2775,"normalized":false,"pair":true,"passed":2,"qualified":false,"samples":64,"seed":42}
PREDICTIVE_SCREEN {"gap":0.026735109525998363,"iteration":2800,"normalized":false,"pair":true,"passed":2,"qualified":false,"samples":64,"seed":42}
PREDICTIVE_SCREEN {"gap":0.026670566451620234,"iteration":2825,"normalized":false,"pair":true,"passed":2,"qualified":false,"samples":64,"seed":42}
PREDICTIVE_SCREEN {"gap":0.02656147584246954,"iteration":2850,"normalized":false,"pair":true,"passed":2,"qualified":false,"samples":64,"seed":42}
PREDICTIVE_SCREEN {"gap":0.026370169136402402,"iteration":2875,"normalized":false,"pair":true,"passed":2,"qualified":false,"samples":64,"seed":42}
PREDICTIVE_SCREEN {"gap":0.026296100482829682,"iteration":2900,"normalized":false,"pair":true,"passed":2,"qualified":false,"samples":64,"seed":42}
PREDICTIVE_SCREEN {"gap":0.026177145711743066,"iteration":2925,"normalized":false,"pair":true,"passed":2,"qualified":false,"samples":64,"seed":42}
PREDICTIVE_SCREEN {"gap":0.02619130890543475,"iteration":2950,"normalized":false,"pair":true,"passed":2,"qualified":false,"samples":64,"seed":42}
PREDICTIVE_SCREEN {"gap":0.026120677393723188,"iteration":2975,"normalized":false,"pair":true,"passed":2,"qualified":false,"samples":64,"seed":42}
PREDICTIVE_SCREEN {"gap":0.02594741817144547,"iteration":3000,"normalized":false,"pair":true,"passed":2,"qualified":false,"samples":64,"seed":42}
