preflop gpu: coupled multiway, 1024 particles, 10728 reach CDFs, 32-particle batches, 128 MB CDF scratch
preflop gpu: compact CDF slots 5890 of 10728, 0.3 MB immutable map
preflop gpu: deployed_prepass reference, 32-particle grouping and HU-cache=true with accurately budgeted storage
preflop gpu: 23038 nodes, 17 levels, 12168 terminals (1873 calibrated), 0 forced + 0 frozen nodes, ~263 MB VRAM
PREDICTIVE_SCREEN {"gap":6.490333762803828,"iteration":25,"normalized":false,"pair":false,"passed":0,"qualified":false,"samples":1024,"seed":42}
PREDICTIVE_SCREEN {"gap":1.4156681852734332,"iteration":50,"normalized":false,"pair":false,"passed":0,"qualified":false,"samples":1024,"seed":42}
PREDICTIVE_SCREEN {"gap":0.7735859205904114,"iteration":75,"normalized":false,"pair":false,"passed":0,"qualified":false,"samples":1024,"seed":42}
PREDICTIVE_SCREEN {"gap":0.4777877739864472,"iteration":100,"normalized":false,"pair":false,"passed":0,"qualified":false,"samples":1024,"seed":42}
PREDICTIVE_SCREEN {"gap":0.29709145177351237,"iteration":125,"normalized":false,"pair":false,"passed":0,"qualified":false,"samples":1024,"seed":42}
PREDICTIVE_SCREEN {"gap":0.21233105005774427,"iteration":150,"normalized":false,"pair":false,"passed":0,"qualified":false,"samples":1024,"seed":42}
PREDICTIVE_SCREEN {"gap":0.1575906866398474,"iteration":175,"normalized":false,"pair":false,"passed":0,"qualified":false,"samples":1024,"seed":42}
PREDICTIVE_SCREEN {"gap":0.13316698541326555,"iteration":200,"normalized":false,"pair":false,"passed":0,"qualified":false,"samples":1024,"seed":42}
PREDICTIVE_SCREEN {"gap":0.11702019078750761,"iteration":225,"normalized":false,"pair":false,"passed":0,"qualified":false,"samples":1024,"seed":42}
PREDICTIVE_SCREEN {"gap":0.11159105850012006,"iteration":250,"normalized":false,"pair":false,"passed":0,"qualified":false,"samples":1024,"seed":42}
PREDICTIVE_SCREEN {"gap":0.09382364783324973,"iteration":275,"normalized":false,"pair":false,"passed":1,"qualified":false,"samples":1024,"seed":42}
PREDICTIVE_SCREEN {"gap":0.0845428923349514,"iteration":300,"normalized":false,"pair":false,"passed":1,"qualified":false,"samples":1024,"seed":42}
PREDICTIVE_SCREEN {"gap":0.0717767599486998,"iteration":325,"normalized":false,"pair":false,"passed":1,"qualified":false,"samples":1024,"seed":42}
PREDICTIVE_SCREEN {"gap":0.06317101385941823,"iteration":350,"normalized":false,"pair":false,"passed":2,"qualified":false,"samples":1024,"seed":42}
PREDICTIVE_SCREEN {"gap":0.058955175742711474,"iteration":375,"normalized":false,"pair":false,"passed":2,"qualified":false,"samples":1024,"seed":42}
PREDICTIVE_SCREEN {"gap":0.05183288147016463,"iteration":400,"normalized":false,"pair":false,"passed":2,"qualified":false,"samples":1024,"seed":42}
PREDICTIVE_SCREEN {"gap":0.048212574372133665,"iteration":425,"normalized":false,"pair":false,"passed":2,"qualified":false,"samples":1024,"seed":42}
PREDICTIVE_SCREEN {"gap":0.0440564358252583,"iteration":450,"normalized":false,"pair":false,"passed":2,"qualified":false,"samples":1024,"seed":42}
PREDICTIVE_SCREEN {"gap":0.0424807724695874,"iteration":475,"normalized":false,"pair":false,"passed":2,"qualified":false,"samples":1024,"seed":42}
PREDICTIVE_SCREEN {"gap":0.0402033791207618,"iteration":500,"normalized":false,"pair":false,"passed":2,"qualified":false,"samples":1024,"seed":42}
PREDICTIVE_SCREEN {"gap":0.03879084412628321,"iteration":525,"normalized":false,"pair":false,"passed":2,"qualified":false,"samples":1024,"seed":42}
PREDICTIVE_SCREEN {"gap":0.03825516255236981,"iteration":550,"normalized":false,"pair":false,"passed":2,"qualified":false,"samples":1024,"seed":42}
PREDICTIVE_SCREEN {"gap":0.03780495718878117,"iteration":575,"normalized":false,"pair":false,"passed":2,"qualified":false,"samples":1024,"seed":42}
PREDICTIVE_SCREEN {"gap":0.03655329714772022,"iteration":600,"normalized":false,"pair":false,"passed":2,"qualified":false,"samples":1024,"seed":42}
PREDICTIVE_SCREEN {"gap":0.03515255125155593,"iteration":625,"normalized":false,"pair":false,"passed":2,"qualified":false,"samples":1024,"seed":42}
PREDICTIVE_SCREEN {"gap":0.03500992164368846,"iteration":650,"normalized":false,"pair":false,"passed":2,"qualified":false,"samples":1024,"seed":42}
PREDICTIVE_SCREEN {"gap":0.033592928378294085,"iteration":675,"normalized":false,"pair":false,"passed":2,"qualified":false,"samples":1024,"seed":42}
PREDICTIVE_SCREEN {"gap":0.03273348920361681,"iteration":700,"normalized":false,"pair":false,"passed":2,"qualified":false,"samples":1024,"seed":42}
PREDICTIVE_SCREEN {"gap":0.03245514123476691,"iteration":725,"normalized":false,"pair":false,"passed":2,"qualified":false,"samples":1024,"seed":42}
PREDICTIVE_SCREEN {"gap":0.0327576788020877,"iteration":750,"normalized":false,"pair":false,"passed":2,"qualified":false,"samples":1024,"seed":42}
PREDICTIVE_SCREEN {"gap":0.031737886295792675,"iteration":775,"normalized":false,"pair":false,"passed":2,"qualified":false,"samples":1024,"seed":42}
PREDICTIVE_SCREEN {"gap":0.031112301082725002,"iteration":800,"normalized":false,"pair":false,"passed":2,"qualified":false,"samples":1024,"seed":42}
PREDICTIVE_SCREEN {"gap":0.030897919065321147,"iteration":825,"normalized":false,"pair":false,"passed":2,"qualified":false,"samples":1024,"seed":42}
PREDICTIVE_SCREEN {"gap":0.030671163185148634,"iteration":850,"normalized":false,"pair":false,"passed":2,"qualified":false,"samples":1024,"seed":42}
PREDICTIVE_SCREEN {"gap":0.029512852424607494,"iteration":875,"normalized":false,"pair":false,"passed":2,"qualified":false,"samples":1024,"seed":42}
PREDICTIVE_SCREEN {"gap":0.028905439174278985,"iteration":900,"normalized":false,"pair":false,"passed":2,"qualified":false,"samples":1024,"seed":42}
PREDICTIVE_SCREEN {"gap":0.028615650090035874,"iteration":925,"normalized":false,"pair":false,"passed":2,"qualified":false,"samples":1024,"seed":42}
PREDICTIVE_SCREEN {"gap":0.02821070817642965,"iteration":950,"normalized":false,"pair":false,"passed":2,"qualified":false,"samples":1024,"seed":42}
PREDICTIVE_SCREEN {"gap":0.02822702369373667,"iteration":975,"normalized":false,"pair":false,"passed":2,"qualified":false,"samples":1024,"seed":42}
PREDICTIVE_SCREEN {"gap":0.027668476082517074,"iteration":1000,"normalized":false,"pair":false,"passed":2,"qualified":false,"samples":1024,"seed":42}
PREDICTIVE_SCREEN {"gap":0.027574566776847595,"iteration":1025,"normalized":false,"pair":false,"passed":2,"qualified":false,"samples":1024,"seed":42}
PREDICTIVE_SCREEN {"gap":0.02761059615241987,"iteration":1050,"normalized":false,"pair":false,"passed":2,"qualified":false,"samples":1024,"seed":42}
PREDICTIVE_SCREEN {"gap":0.02756251731683454,"iteration":1075,"normalized":false,"pair":false,"passed":2,"qualified":false,"samples":1024,"seed":42}
PREDICTIVE_SCREEN {"gap":0.02752067817603887,"iteration":1100,"normalized":false,"pair":false,"passed":2,"qualified":false,"samples":1024,"seed":42}
PREDICTIVE_SCREEN {"gap":0.027823514060002746,"iteration":1125,"normalized":false,"pair":false,"passed":2,"qualified":false,"samples":1024,"seed":42}
PREDICTIVE_SCREEN {"gap":0.02773982848157268,"iteration":1150,"normalized":false,"pair":false,"passed":2,"qualified":false,"samples":1024,"seed":42}
PREDICTIVE_SCREEN {"gap":0.027499828320185188,"iteration":1175,"normalized":false,"pair":false,"passed":2,"qualified":false,"samples":1024,"seed":42}
PREDICTIVE_SCREEN {"gap":0.027486471924125497,"iteration":1200,"normalized":false,"pair":false,"passed":2,"qualified":false,"samples":1024,"seed":42}
PREDICTIVE_SCREEN {"gap":0.027201425326607562,"iteration":1225,"normalized":false,"pair":false,"passed":2,"qualified":false,"samples":1024,"seed":42}
PREDICTIVE_SCREEN {"gap":0.027295044710083094,"iteration":1250,"normalized":false,"pair":false,"passed":2,"qualified":false,"samples":1024,"seed":42}
PREDICTIVE_SCREEN {"gap":0.027135124820534706,"iteration":1275,"normalized":false,"pair":false,"passed":2,"qualified":false,"samples":1024,"seed":42}
PREDICTIVE_SCREEN {"gap":0.02743836669469732,"iteration":1300,"normalized":false,"pair":false,"passed":2,"qualified":false,"samples":1024,"seed":42}
PREDICTIVE_SCREEN {"gap":0.027117199867975242,"iteration":1325,"normalized":false,"pair":false,"passed":2,"qualified":false,"samples":1024,"seed":42}
PREDICTIVE_SCREEN {"gap":0.02668378883807271,"iteration":1350,"normalized":false,"pair":false,"passed":2,"qualified":false,"samples":1024,"seed":42}
PREDICTIVE_SCREEN {"gap":0.02684505246496026,"iteration":1375,"normalized":false,"pair":false,"passed":2,"qualified":false,"samples":1024,"seed":42}
PREDICTIVE_SCREEN {"gap":0.026534561939064366,"iteration":1400,"normalized":false,"pair":false,"passed":2,"qualified":false,"samples":1024,"seed":42}
PREDICTIVE_SCREEN {"gap":0.027020810755322144,"iteration":1425,"normalized":false,"pair":false,"passed":2,"qualified":false,"samples":1024,"seed":42}
PREDICTIVE_SCREEN {"gap":0.027070891887380086,"iteration":1450,"normalized":false,"pair":false,"passed":2,"qualified":false,"samples":1024,"seed":42}
PREDICTIVE_SCREEN {"gap":0.02712014439028733,"iteration":1475,"normalized":false,"pair":false,"passed":2,"qualified":false,"samples":1024,"seed":42}
PREDICTIVE_SCREEN {"gap":0.02733337935162916,"iteration":1500,"normalized":false,"pair":false,"passed":2,"qualified":false,"samples":1024,"seed":42}
PREDICTIVE_SCREEN {"gap":0.02770757012961464,"iteration":1525,"normalized":false,"pair":false,"passed":2,"qualified":false,"samples":1024,"seed":42}
PREDICTIVE_SCREEN {"gap":0.028284607183563834,"iteration":1550,"normalized":false,"pair":false,"passed":2,"qualified":false,"samples":1024,"seed":42}
PREDICTIVE_SCREEN {"gap":0.028472657857787423,"iteration":1575,"normalized":false,"pair":false,"passed":3,"qualified":false,"samples":1024,"seed":42}
PREDICTIVE_SCREEN {"gap":0.028527176779653912,"iteration":1600,"normalized":false,"pair":false,"passed":3,"qualified":false,"samples":1024,"seed":42}
PREDICTIVE_SCREEN {"gap":0.02861981705140751,"iteration":1625,"normalized":false,"pair":false,"passed":3,"qualified":false,"samples":1024,"seed":42}
PREDICTIVE_SCREEN {"gap":0.028869887028106847,"iteration":1650,"normalized":false,"pair":false,"passed":3,"qualified":false,"samples":1024,"seed":42}
PREDICTIVE_SCREEN {"gap":0.02890635493191697,"iteration":1675,"normalized":false,"pair":false,"passed":3,"qualified":false,"samples":1024,"seed":42}
PREDICTIVE_SCREEN {"gap":0.028832987222299905,"iteration":1700,"normalized":false,"pair":false,"passed":2,"qualified":false,"samples":1024,"seed":42}
PREDICTIVE_SCREEN {"gap":0.029044171035152402,"iteration":1725,"normalized":false,"pair":false,"passed":2,"qualified":false,"samples":1024,"seed":42}
PREDICTIVE_SCREEN {"gap":0.02904196363634276,"iteration":1750,"normalized":false,"pair":false,"passed":2,"qualified":false,"samples":1024,"seed":42}
PREDICTIVE_SCREEN {"gap":0.029166445403299518,"iteration":1775,"normalized":false,"pair":false,"passed":2,"qualified":false,"samples":1024,"seed":42}
PREDICTIVE_SCREEN {"gap":0.02919707185235451,"iteration":1800,"normalized":false,"pair":false,"passed":2,"qualified":false,"samples":1024,"seed":42}
PREDICTIVE_SCREEN {"gap":0.029164839024326303,"iteration":1825,"normalized":false,"pair":false,"passed":2,"qualified":false,"samples":1024,"seed":42}
PREDICTIVE_SCREEN {"gap":0.029041126716396207,"iteration":1850,"normalized":false,"pair":false,"passed":2,"qualified":false,"samples":1024,"seed":42}
PREDICTIVE_SCREEN {"gap":0.029178941201748063,"iteration":1875,"normalized":false,"pair":false,"passed":2,"qualified":false,"samples":1024,"seed":42}
PREDICTIVE_SCREEN {"gap":0.02927329108458525,"iteration":1900,"normalized":false,"pair":false,"passed":2,"qualified":false,"samples":1024,"seed":42}
PREDICTIVE_SCREEN {"gap":0.029414822003556204,"iteration":1925,"normalized":false,"pair":false,"passed":2,"qualified":false,"samples":1024,"seed":42}
PREDICTIVE_SCREEN {"gap":0.02972485811424845,"iteration":1950,"normalized":false,"pair":false,"passed":2,"qualified":false,"samples":1024,"seed":42}
PREDICTIVE_SCREEN {"gap":0.029637955372814592,"iteration":1975,"normalized":false,"pair":false,"passed":2,"qualified":false,"samples":1024,"seed":42}
PREDICTIVE_SCREEN {"gap":0.02958562599143716,"iteration":2000,"normalized":false,"pair":false,"passed":2,"qualified":false,"samples":1024,"seed":42}
PREDICTIVE_SCREEN {"gap":0.029258975350434202,"iteration":2025,"normalized":false,"pair":false,"passed":2,"qualified":false,"samples":1024,"seed":42}
PREDICTIVE_SCREEN {"gap":0.029344016957291066,"iteration":2050,"normalized":false,"pair":false,"passed":2,"qualified":false,"samples":1024,"seed":42}
PREDICTIVE_SCREEN {"gap":0.02913821382515612,"iteration":2075,"normalized":false,"pair":false,"passed":2,"qualified":false,"samples":1024,"seed":42}
PREDICTIVE_SCREEN {"gap":0.02905703108013505,"iteration":2100,"normalized":false,"pair":false,"passed":2,"qualified":false,"samples":1024,"seed":42}
PREDICTIVE_SCREEN {"gap":0.028965565683088806,"iteration":2125,"normalized":false,"pair":false,"passed":2,"qualified":false,"samples":1024,"seed":42}
PREDICTIVE_SCREEN {"gap":0.028900140774354224,"iteration":2150,"normalized":false,"pair":false,"passed":2,"qualified":false,"samples":1024,"seed":42}
PREDICTIVE_SCREEN {"gap":0.028824475783573236,"iteration":2175,"normalized":false,"pair":false,"passed":2,"qualified":false,"samples":1024,"seed":42}
PREDICTIVE_SCREEN {"gap":0.02867253689231132,"iteration":2200,"normalized":false,"pair":false,"passed":2,"qualified":false,"samples":1024,"seed":42}
PREDICTIVE_SCREEN {"gap":0.028615621897453147,"iteration":2225,"normalized":false,"pair":false,"passed":2,"qualified":false,"samples":1024,"seed":42}
PREDICTIVE_SCREEN {"gap":0.02851954289574861,"iteration":2250,"normalized":false,"pair":false,"passed":2,"qualified":false,"samples":1024,"seed":42}
PREDICTIVE_SCREEN {"gap":0.028327571119518474,"iteration":2275,"normalized":false,"pair":false,"passed":2,"qualified":false,"samples":1024,"seed":42}
PREDICTIVE_SCREEN {"gap":0.028346814818336327,"iteration":2300,"normalized":false,"pair":false,"passed":2,"qualified":false,"samples":1024,"seed":42}
PREDICTIVE_SCREEN {"gap":0.0283620184506079,"iteration":2325,"normalized":false,"pair":false,"passed":2,"qualified":false,"samples":1024,"seed":42}
PREDICTIVE_SCREEN {"gap":0.028363773055399846,"iteration":2350,"normalized":false,"pair":false,"passed":2,"qualified":false,"samples":1024,"seed":42}
PREDICTIVE_SCREEN {"gap":0.028346605315909226,"iteration":2375,"normalized":false,"pair":false,"passed":2,"qualified":false,"samples":1024,"seed":42}
PREDICTIVE_SCREEN {"gap":0.028358949066250264,"iteration":2400,"normalized":false,"pair":false,"passed":2,"qualified":false,"samples":1024,"seed":42}
PREDICTIVE_SCREEN {"gap":0.028252373695123165,"iteration":2425,"normalized":false,"pair":false,"passed":2,"qualified":false,"samples":1024,"seed":42}
PREDICTIVE_SCREEN {"gap":0.02816006341475298,"iteration":2450,"normalized":false,"pair":false,"passed":2,"qualified":false,"samples":1024,"seed":42}
PREDICTIVE_SCREEN {"gap":0.02808444266604583,"iteration":2475,"normalized":false,"pair":false,"passed":2,"qualified":false,"samples":1024,"seed":42}
PREDICTIVE_SCREEN {"gap":0.02794188618715357,"iteration":2500,"normalized":false,"pair":false,"passed":2,"qualified":false,"samples":1024,"seed":42}
PREDICTIVE_SCREEN {"gap":0.02800548523146243,"iteration":2525,"normalized":false,"pair":false,"passed":2,"qualified":false,"samples":1024,"seed":42}
PREDICTIVE_SCREEN {"gap":0.027935348516584455,"iteration":2550,"normalized":false,"pair":false,"passed":2,"qualified":false,"samples":1024,"seed":42}
PREDICTIVE_SCREEN {"gap":0.028075716653041746,"iteration":2575,"normalized":false,"pair":false,"passed":2,"qualified":false,"samples":1024,"seed":42}
PREDICTIVE_SCREEN {"gap":0.027950311851765802,"iteration":2600,"normalized":false,"pair":false,"passed":2,"qualified":false,"samples":1024,"seed":42}
PREDICTIVE_SCREEN {"gap":0.02793151327321132,"iteration":2625,"normalized":false,"pair":false,"passed":2,"qualified":false,"samples":1024,"seed":42}
PREDICTIVE_SCREEN {"gap":0.027910808386310104,"iteration":2650,"normalized":false,"pair":false,"passed":2,"qualified":false,"samples":1024,"seed":42}
PREDICTIVE_SCREEN {"gap":0.027985962922644825,"iteration":2675,"normalized":false,"pair":false,"passed":2,"qualified":false,"samples":1024,"seed":42}
PREDICTIVE_SCREEN {"gap":0.02795067254356401,"iteration":2700,"normalized":false,"pair":false,"passed":2,"qualified":false,"samples":1024,"seed":42}
PREDICTIVE_SCREEN {"gap":0.027864891641782075,"iteration":2725,"normalized":false,"pair":false,"passed":2,"qualified":false,"samples":1024,"seed":42}
PREDICTIVE_SCREEN {"gap":0.0278676606743663,"iteration":2750,"normalized":false,"pair":false,"passed":2,"qualified":false,"samples":1024,"seed":42}
PREDICTIVE_SCREEN {"gap":0.02782605974199022,"iteration":2775,"normalized":false,"pair":false,"passed":2,"qualified":false,"samples":1024,"seed":42}
PREDICTIVE_SCREEN {"gap":0.02840993678528679,"iteration":2800,"normalized":false,"pair":false,"passed":2,"qualified":false,"samples":1024,"seed":42}
PREDICTIVE_SCREEN {"gap":0.028310807971773502,"iteration":2825,"normalized":false,"pair":false,"passed":2,"qualified":false,"samples":1024,"seed":42}
PREDICTIVE_SCREEN {"gap":0.028016388717930232,"iteration":2850,"normalized":false,"pair":false,"passed":2,"qualified":false,"samples":1024,"seed":42}
PREDICTIVE_SCREEN {"gap":0.027809197673447708,"iteration":2875,"normalized":false,"pair":false,"passed":2,"qualified":false,"samples":1024,"seed":42}
PREDICTIVE_SCREEN {"gap":0.027570827580748122,"iteration":2900,"normalized":false,"pair":false,"passed":2,"qualified":false,"samples":1024,"seed":42}
PREDICTIVE_SCREEN {"gap":0.027403612630824345,"iteration":2925,"normalized":false,"pair":false,"passed":2,"qualified":false,"samples":1024,"seed":42}
PREDICTIVE_SCREEN {"gap":0.027230785784720463,"iteration":2950,"normalized":false,"pair":false,"passed":2,"qualified":false,"samples":1024,"seed":42}
PREDICTIVE_SCREEN {"gap":0.027044244618301252,"iteration":2975,"normalized":false,"pair":false,"passed":2,"qualified":false,"samples":1024,"seed":42}
PREDICTIVE_SCREEN {"gap":0.026866145288490142,"iteration":3000,"normalized":false,"pair":false,"passed":2,"qualified":false,"samples":1024,"seed":42}
