preflop gpu: coupled multiway, 1024 particles, 10728 reach CDFs, 32-particle batches, 128 MB CDF scratch
preflop gpu: compact CDF slots 5890 of 10728, 0.3 MB immutable map
preflop gpu: deployed_prepass reference, 32-particle grouping and HU-cache=true with accurately budgeted storage
preflop gpu: 23038 nodes, 17 levels, 12168 terminals (1873 calibrated), 0 forced + 0 frozen nodes, ~263 MB VRAM
RM_PLUS_SCREEN {"gap":0.6907749400756195,"iteration":25,"normalized":false,"pair":true,"passed":0,"qualified":false,"samples":64,"seed":314159}
RM_PLUS_SCREEN {"gap":0.3018958752198017,"iteration":50,"normalized":false,"pair":true,"passed":0,"qualified":false,"samples":64,"seed":314159}
RM_PLUS_SCREEN {"gap":0.18396151351414003,"iteration":75,"normalized":false,"pair":true,"passed":0,"qualified":false,"samples":64,"seed":314159}
RM_PLUS_SCREEN {"gap":0.12693164037199545,"iteration":100,"normalized":false,"pair":true,"passed":0,"qualified":false,"samples":64,"seed":314159}
RM_PLUS_SCREEN {"gap":0.09268790297546169,"iteration":125,"normalized":false,"pair":true,"passed":0,"qualified":false,"samples":64,"seed":314159}
RM_PLUS_SCREEN {"gap":0.0711373728275914,"iteration":150,"normalized":false,"pair":true,"passed":0,"qualified":false,"samples":64,"seed":314159}
RM_PLUS_SCREEN {"gap":0.05664173629580853,"iteration":175,"normalized":false,"pair":true,"passed":0,"qualified":false,"samples":64,"seed":314159}
RM_PLUS_SCREEN {"gap":0.04625520695146686,"iteration":200,"normalized":false,"pair":true,"passed":1,"qualified":false,"samples":64,"seed":314159}
RM_PLUS_SCREEN {"gap":0.03853809758760174,"iteration":225,"normalized":false,"pair":true,"passed":1,"qualified":false,"samples":64,"seed":314159}
RM_PLUS_SCREEN {"gap":0.03258809411581759,"iteration":250,"normalized":false,"pair":true,"passed":2,"qualified":false,"samples":64,"seed":314159}
RM_PLUS_SCREEN {"gap":0.027878123452107592,"iteration":275,"normalized":false,"pair":true,"passed":2,"qualified":false,"samples":64,"seed":314159}
RM_PLUS_SCREEN {"gap":0.02414932304750543,"iteration":300,"normalized":false,"pair":true,"passed":2,"qualified":false,"samples":64,"seed":314159}
RM_PLUS_SCREEN {"gap":0.021092279931212515,"iteration":325,"normalized":false,"pair":true,"passed":2,"qualified":false,"samples":64,"seed":314159}
RM_PLUS_SCREEN {"gap":0.018586971454613826,"iteration":350,"normalized":false,"pair":true,"passed":2,"qualified":false,"samples":64,"seed":314159}
RM_PLUS_SCREEN {"gap":0.016546515350775795,"iteration":375,"normalized":false,"pair":true,"passed":2,"qualified":false,"samples":64,"seed":314159}
RM_PLUS_SCREEN {"gap":0.014809938487484742,"iteration":400,"normalized":false,"pair":true,"passed":2,"qualified":false,"samples":64,"seed":314159}
RM_PLUS_SCREEN {"gap":0.013326579407263561,"iteration":425,"normalized":false,"pair":true,"passed":2,"qualified":false,"samples":64,"seed":314159}
RM_PLUS_SCREEN {"gap":0.012088076032780018,"iteration":450,"normalized":false,"pair":true,"passed":2,"qualified":false,"samples":64,"seed":314159}
RM_PLUS_SCREEN {"gap":0.011051992892574788,"iteration":475,"normalized":false,"pair":true,"passed":2,"qualified":false,"samples":64,"seed":314159}
RM_PLUS_SCREEN {"gap":0.010184273169742006,"iteration":500,"normalized":false,"pair":true,"passed":2,"qualified":false,"samples":64,"seed":314159}
RM_PLUS_SCREEN {"gap":0.009418117916997523,"iteration":525,"normalized":false,"pair":true,"passed":2,"qualified":false,"samples":64,"seed":314159}
RM_PLUS_SCREEN {"gap":0.008748683634514864,"iteration":550,"normalized":false,"pair":true,"passed":2,"qualified":false,"samples":64,"seed":314159}
RM_PLUS_SCREEN {"gap":0.008180368248753539,"iteration":575,"normalized":false,"pair":true,"passed":2,"qualified":false,"samples":64,"seed":314159}
RM_PLUS_SCREEN {"gap":0.00767225254157719,"iteration":600,"normalized":false,"pair":true,"passed":2,"qualified":false,"samples":64,"seed":314159}
RM_PLUS_SCREEN {"gap":0.007221810687274149,"iteration":625,"normalized":false,"pair":true,"passed":2,"qualified":false,"samples":64,"seed":314159}
RM_PLUS_SCREEN {"gap":0.006796720953790983,"iteration":650,"normalized":false,"pair":true,"passed":2,"qualified":false,"samples":64,"seed":314159}
RM_PLUS_SCREEN {"gap":0.006402792974101873,"iteration":675,"normalized":false,"pair":true,"passed":2,"qualified":false,"samples":64,"seed":314159}
RM_PLUS_SCREEN {"gap":0.006033392997948112,"iteration":700,"normalized":false,"pair":true,"passed":2,"qualified":false,"samples":64,"seed":314159}
RM_PLUS_SCREEN {"gap":0.005701372433690302,"iteration":725,"normalized":false,"pair":true,"passed":2,"qualified":false,"samples":64,"seed":314159}
RM_PLUS_SCREEN {"gap":0.005415575495856084,"iteration":750,"normalized":false,"pair":true,"passed":2,"qualified":false,"samples":64,"seed":314159}
RM_PLUS_SCREEN {"gap":0.005150509759783067,"iteration":775,"normalized":false,"pair":true,"passed":2,"qualified":false,"samples":64,"seed":314159}
RM_PLUS_SCREEN {"gap":0.00490020805198027,"iteration":800,"normalized":false,"pair":true,"passed":2,"qualified":false,"samples":64,"seed":314159}
RM_PLUS_SCREEN {"gap":0.004654206754746176,"iteration":825,"normalized":false,"pair":true,"passed":2,"qualified":false,"samples":64,"seed":314159}
RM_PLUS_SCREEN {"gap":0.0044347126983561025,"iteration":850,"normalized":false,"pair":true,"passed":2,"qualified":false,"samples":64,"seed":314159}
RM_PLUS_SCREEN {"gap":0.004245206184242581,"iteration":875,"normalized":false,"pair":true,"passed":2,"qualified":false,"samples":64,"seed":314159}
RM_PLUS_SCREEN {"gap":0.004073724016273039,"iteration":900,"normalized":false,"pair":true,"passed":2,"qualified":false,"samples":64,"seed":314159}
RM_PLUS_SCREEN {"gap":0.003936076283883261,"iteration":925,"normalized":false,"pair":true,"passed":4,"qualified":false,"samples":64,"seed":314159}
RM_PLUS_SCREEN {"gap":0.003788053535489111,"iteration":950,"normalized":false,"pair":true,"passed":4,"qualified":false,"samples":64,"seed":314159}
RM_PLUS_SCREEN {"gap":0.0036423415305784773,"iteration":975,"normalized":false,"pair":true,"passed":4,"qualified":false,"samples":64,"seed":314159}
RM_PLUS_SCREEN {"gap":0.003503992959770441,"iteration":1000,"normalized":false,"pair":true,"passed":4,"qualified":false,"samples":64,"seed":314159}
RM_PLUS_SCREEN {"gap":0.003370340406398817,"iteration":1025,"normalized":false,"pair":true,"passed":4,"qualified":false,"samples":64,"seed":314159}
RM_PLUS_SCREEN {"gap":0.0032580891058106576,"iteration":1050,"normalized":false,"pair":true,"passed":4,"qualified":false,"samples":64,"seed":314159}
RM_PLUS_SCREEN {"gap":0.003159620995526566,"iteration":1075,"normalized":false,"pair":true,"passed":4,"qualified":false,"samples":64,"seed":314159}
RM_PLUS_SCREEN {"gap":0.00306126799638555,"iteration":1100,"normalized":false,"pair":true,"passed":4,"qualified":false,"samples":64,"seed":314159}
RM_PLUS_SCREEN {"gap":0.0029621845303844235,"iteration":1125,"normalized":false,"pair":true,"passed":4,"qualified":false,"samples":64,"seed":314159}
RM_PLUS_SCREEN {"gap":0.0028803779405673358,"iteration":1150,"normalized":false,"pair":true,"passed":4,"qualified":false,"samples":64,"seed":314159}
RM_PLUS_SCREEN {"gap":0.0027885465971756035,"iteration":1175,"normalized":false,"pair":true,"passed":4,"qualified":false,"samples":64,"seed":314159}
RM_PLUS_SCREEN {"gap":0.0027058157696853435,"iteration":1200,"normalized":false,"pair":true,"passed":4,"qualified":false,"samples":64,"seed":314159}
RM_PLUS_SCREEN {"gap":0.0026258375058582223,"iteration":1225,"normalized":false,"pair":true,"passed":4,"qualified":false,"samples":64,"seed":314159}
RM_PLUS_SCREEN {"gap":0.002547386880833835,"iteration":1250,"normalized":false,"pair":true,"passed":4,"qualified":false,"samples":64,"seed":314159}
RM_PLUS_SCREEN {"gap":0.0024731136438849305,"iteration":1275,"normalized":false,"pair":true,"passed":4,"qualified":false,"samples":64,"seed":314159}
RM_PLUS_SCREEN {"gap":0.0023980446537423955,"iteration":1300,"normalized":false,"pair":true,"passed":4,"qualified":false,"samples":64,"seed":314159}
RM_PLUS_SCREEN {"gap":0.002328523565636259,"iteration":1325,"normalized":false,"pair":true,"passed":4,"qualified":false,"samples":64,"seed":314159}
RM_PLUS_SCREEN {"gap":0.002264788765668213,"iteration":1350,"normalized":false,"pair":true,"passed":3,"qualified":false,"samples":64,"seed":314159}
RM_PLUS_SCREEN {"gap":0.002210790414331254,"iteration":1375,"normalized":false,"pair":true,"passed":3,"qualified":false,"samples":64,"seed":314159}
RM_PLUS_SCREEN {"gap":0.002161997936722296,"iteration":1400,"normalized":false,"pair":true,"passed":3,"qualified":false,"samples":64,"seed":314159}
RM_PLUS_SCREEN {"gap":0.0021118209730749127,"iteration":1425,"normalized":false,"pair":true,"passed":2,"qualified":false,"samples":64,"seed":314159}
RM_PLUS_SCREEN {"gap":0.0020603440058063194,"iteration":1450,"normalized":false,"pair":true,"passed":2,"qualified":false,"samples":64,"seed":314159}
RM_PLUS_SCREEN {"gap":0.002007827786474861,"iteration":1475,"normalized":false,"pair":true,"passed":2,"qualified":false,"samples":64,"seed":314159}
RM_PLUS_SCREEN {"gap":0.0019592627587298045,"iteration":1500,"normalized":false,"pair":true,"passed":2,"qualified":false,"samples":64,"seed":314159}
RM_PLUS_SCREEN {"gap":0.0019167704854785306,"iteration":1525,"normalized":false,"pair":true,"passed":2,"qualified":false,"samples":64,"seed":314159}
RM_PLUS_SCREEN {"gap":0.0018794123262189932,"iteration":1550,"normalized":false,"pair":true,"passed":2,"qualified":false,"samples":64,"seed":314159}
RM_PLUS_SCREEN {"gap":0.0018425492782269404,"iteration":1575,"normalized":false,"pair":true,"passed":2,"qualified":false,"samples":64,"seed":314159}
RM_PLUS_SCREEN {"gap":0.001804972014627898,"iteration":1600,"normalized":false,"pair":true,"passed":2,"qualified":false,"samples":64,"seed":314159}
RM_PLUS_SCREEN {"gap":0.0017694068756663184,"iteration":1625,"normalized":false,"pair":true,"passed":2,"qualified":false,"samples":64,"seed":314159}
RM_PLUS_SCREEN {"gap":0.0017319876095237136,"iteration":1650,"normalized":false,"pair":true,"passed":2,"qualified":false,"samples":64,"seed":314159}
RM_PLUS_SCREEN {"gap":0.0016953676754665886,"iteration":1675,"normalized":false,"pair":true,"passed":2,"qualified":false,"samples":64,"seed":314159}
RM_PLUS_SCREEN {"gap":0.0016604443367286975,"iteration":1700,"normalized":false,"pair":true,"passed":2,"qualified":false,"samples":64,"seed":314159}
RM_PLUS_SCREEN {"gap":0.0016293777976079948,"iteration":1725,"normalized":false,"pair":true,"passed":2,"qualified":false,"samples":64,"seed":314159}
RM_PLUS_SCREEN {"gap":0.001600479174066874,"iteration":1750,"normalized":false,"pair":true,"passed":2,"qualified":false,"samples":64,"seed":314159}
RM_PLUS_SCREEN {"gap":0.0015721884092746857,"iteration":1775,"normalized":false,"pair":true,"passed":2,"qualified":false,"samples":64,"seed":314159}
RM_PLUS_SCREEN {"gap":0.0015448589033200122,"iteration":1800,"normalized":false,"pair":true,"passed":2,"qualified":false,"samples":64,"seed":314159}
RM_PLUS_SCREEN {"gap":0.0015160357072050712,"iteration":1825,"normalized":false,"pair":true,"passed":2,"qualified":false,"samples":64,"seed":314159}
RM_PLUS_SCREEN {"gap":0.001487569424057797,"iteration":1850,"normalized":false,"pair":true,"passed":2,"qualified":false,"samples":64,"seed":314159}
RM_PLUS_SCREEN {"gap":0.0014585875256954012,"iteration":1875,"normalized":false,"pair":true,"passed":2,"qualified":false,"samples":64,"seed":314159}
RM_PLUS_SCREEN {"gap":0.0014321527173470489,"iteration":1900,"normalized":false,"pair":true,"passed":2,"qualified":false,"samples":64,"seed":314159}
RM_PLUS_SCREEN {"gap":0.001407636940817622,"iteration":1925,"normalized":false,"pair":true,"passed":2,"qualified":false,"samples":64,"seed":314159}
RM_PLUS_SCREEN {"gap":0.0013893615578117052,"iteration":1950,"normalized":false,"pair":true,"passed":2,"qualified":false,"samples":64,"seed":314159}
RM_PLUS_SCREEN {"gap":0.0013657391118580137,"iteration":1975,"normalized":false,"pair":true,"passed":2,"qualified":false,"samples":64,"seed":314159}
RM_PLUS_SCREEN {"gap":0.0013424761714236205,"iteration":2000,"normalized":false,"pair":true,"passed":2,"qualified":false,"samples":64,"seed":314159}
RM_PLUS_SCREEN {"gap":0.0013194699615201172,"iteration":2025,"normalized":false,"pair":true,"passed":2,"qualified":false,"samples":64,"seed":314159}
RM_PLUS_SCREEN {"gap":0.0012953848467486678,"iteration":2050,"normalized":false,"pair":true,"passed":2,"qualified":false,"samples":64,"seed":314159}
RM_PLUS_SCREEN {"gap":0.00127320087358751,"iteration":2075,"normalized":false,"pair":true,"passed":2,"qualified":false,"samples":64,"seed":314159}
RM_PLUS_SCREEN {"gap":0.001253632051197856,"iteration":2100,"normalized":false,"pair":true,"passed":2,"qualified":false,"samples":64,"seed":314159}
RM_PLUS_SCREEN {"gap":0.0012369285832558724,"iteration":2125,"normalized":false,"pair":true,"passed":2,"qualified":false,"samples":64,"seed":314159}
RM_PLUS_SCREEN {"gap":0.00121916787081712,"iteration":2150,"normalized":false,"pair":true,"passed":2,"qualified":false,"samples":64,"seed":314159}
RM_PLUS_SCREEN {"gap":0.001201237171433167,"iteration":2175,"normalized":false,"pair":true,"passed":2,"qualified":false,"samples":64,"seed":314159}
RM_PLUS_SCREEN {"gap":0.0011819205679983041,"iteration":2200,"normalized":false,"pair":true,"passed":2,"qualified":false,"samples":64,"seed":314159}
RM_PLUS_SCREEN {"gap":0.0011618975553719102,"iteration":2225,"normalized":false,"pair":true,"passed":2,"qualified":false,"samples":64,"seed":314159}
RM_PLUS_SCREEN {"gap":0.0011418639464286368,"iteration":2250,"normalized":false,"pair":true,"passed":2,"qualified":false,"samples":64,"seed":314159}
RM_PLUS_SCREEN {"gap":0.0011246317628903213,"iteration":2275,"normalized":false,"pair":true,"passed":2,"qualified":false,"samples":64,"seed":314159}
RM_PLUS_SCREEN {"gap":0.0011082525596172454,"iteration":2300,"normalized":false,"pair":true,"passed":2,"qualified":false,"samples":64,"seed":314159}
RM_PLUS_SCREEN {"gap":0.0010920658467280242,"iteration":2325,"normalized":false,"pair":true,"passed":2,"qualified":false,"samples":64,"seed":314159}
RM_PLUS_SCREEN {"gap":0.0010773637362987143,"iteration":2350,"normalized":false,"pair":true,"passed":2,"qualified":false,"samples":64,"seed":314159}
RM_PLUS_SCREEN {"gap":0.0010635621872117224,"iteration":2375,"normalized":false,"pair":true,"passed":2,"qualified":false,"samples":64,"seed":314159}
RM_PLUS_SCREEN {"gap":0.0010504439029110496,"iteration":2400,"normalized":false,"pair":true,"passed":2,"qualified":false,"samples":64,"seed":314159}
RM_PLUS_SCREEN {"gap":0.0010371354298086832,"iteration":2425,"normalized":false,"pair":true,"passed":2,"qualified":false,"samples":64,"seed":314159}
RM_PLUS_SCREEN {"gap":0.00102315370273999,"iteration":2450,"normalized":false,"pair":true,"passed":2,"qualified":false,"samples":64,"seed":314159}
RM_PLUS_SCREEN {"gap":0.0010099175864407839,"iteration":2475,"normalized":false,"pair":true,"passed":2,"qualified":false,"samples":64,"seed":314159}
RM_PLUS_SCREEN {"gap":0.0009975893053184165,"iteration":2500,"normalized":false,"pair":true,"passed":2,"qualified":false,"samples":64,"seed":314159}
RM_PLUS_SCREEN {"gap":0.00098529663128262,"iteration":2525,"normalized":false,"pair":true,"passed":2,"qualified":false,"samples":64,"seed":314159}
RM_PLUS_SCREEN {"gap":0.0009716096832809717,"iteration":2550,"normalized":false,"pair":true,"passed":2,"qualified":false,"samples":64,"seed":314159}
RM_PLUS_SCREEN {"gap":0.0009566750808723407,"iteration":2575,"normalized":false,"pair":true,"passed":2,"qualified":false,"samples":64,"seed":314159}
RM_PLUS_SCREEN {"gap":0.0009429840693801067,"iteration":2600,"normalized":false,"pair":true,"passed":2,"qualified":false,"samples":64,"seed":314159}
RM_PLUS_SCREEN {"gap":0.0009320102638878669,"iteration":2625,"normalized":false,"pair":true,"passed":2,"qualified":false,"samples":64,"seed":314159}
RM_PLUS_SCREEN {"gap":0.000920713077877805,"iteration":2650,"normalized":false,"pair":true,"passed":2,"qualified":false,"samples":64,"seed":314159}
RM_PLUS_SCREEN {"gap":0.0009094049068250343,"iteration":2675,"normalized":false,"pair":true,"passed":2,"qualified":false,"samples":64,"seed":314159}
RM_PLUS_SCREEN {"gap":0.0008986985315435209,"iteration":2700,"normalized":false,"pair":true,"passed":2,"qualified":false,"samples":64,"seed":314159}
RM_PLUS_SCREEN {"gap":0.0008894931280840207,"iteration":2725,"normalized":false,"pair":true,"passed":2,"qualified":false,"samples":64,"seed":314159}
RM_PLUS_SCREEN {"gap":0.0008800050696745609,"iteration":2750,"normalized":false,"pair":true,"passed":2,"qualified":false,"samples":64,"seed":314159}
RM_PLUS_SCREEN {"gap":0.0008715461944725778,"iteration":2775,"normalized":false,"pair":true,"passed":2,"qualified":false,"samples":64,"seed":314159}
RM_PLUS_SCREEN {"gap":0.0008630940098437595,"iteration":2800,"normalized":false,"pair":true,"passed":2,"qualified":false,"samples":64,"seed":314159}
RM_PLUS_SCREEN {"gap":0.0008541476903081296,"iteration":2825,"normalized":false,"pair":true,"passed":2,"qualified":false,"samples":64,"seed":314159}
RM_PLUS_SCREEN {"gap":0.0008449437287467998,"iteration":2850,"normalized":false,"pair":true,"passed":2,"qualified":false,"samples":64,"seed":314159}
RM_PLUS_SCREEN {"gap":0.0008359187487268216,"iteration":2875,"normalized":false,"pair":true,"passed":2,"qualified":false,"samples":64,"seed":314159}
RM_PLUS_SCREEN {"gap":0.0008252255532932157,"iteration":2900,"normalized":false,"pair":true,"passed":2,"qualified":false,"samples":64,"seed":314159}
RM_PLUS_SCREEN {"gap":0.0008155759420596931,"iteration":2925,"normalized":false,"pair":true,"passed":2,"qualified":false,"samples":64,"seed":314159}
RM_PLUS_SCREEN {"gap":0.0008064892100844157,"iteration":2950,"normalized":false,"pair":true,"passed":2,"qualified":false,"samples":64,"seed":314159}
RM_PLUS_SCREEN {"gap":0.0007975573126435265,"iteration":2975,"normalized":false,"pair":true,"passed":2,"qualified":false,"samples":64,"seed":314159}
RM_PLUS_SCREEN {"gap":0.0007886044182496554,"iteration":3000,"normalized":false,"pair":true,"passed":2,"qualified":false,"samples":64,"seed":314159}
