preflop gpu: coupled multiway, 1024 particles, 10728 reach CDFs, 32-particle batches, 128 MB CDF scratch
preflop gpu: compact CDF slots 5890 of 10728, 0.3 MB immutable map
preflop gpu: deployed_prepass reference, 32-particle grouping and HU-cache=true with accurately budgeted storage
preflop gpu: 23038 nodes, 17 levels, 12168 terminals (1873 calibrated), 0 forced + 0 frozen nodes, ~263 MB VRAM
RM_PLUS_SCREEN {"gap":0.697101936378354,"iteration":25,"normalized":false,"pair":true,"passed":0,"qualified":false,"samples":64,"seed":42}
RM_PLUS_SCREEN {"gap":0.2969691696342698,"iteration":50,"normalized":false,"pair":true,"passed":0,"qualified":false,"samples":64,"seed":42}
RM_PLUS_SCREEN {"gap":0.18030720676591253,"iteration":75,"normalized":false,"pair":true,"passed":0,"qualified":false,"samples":64,"seed":42}
RM_PLUS_SCREEN {"gap":0.1402415200919509,"iteration":100,"normalized":false,"pair":true,"passed":0,"qualified":false,"samples":64,"seed":42}
RM_PLUS_SCREEN {"gap":0.10166413853165833,"iteration":125,"normalized":false,"pair":true,"passed":0,"qualified":false,"samples":64,"seed":42}
RM_PLUS_SCREEN {"gap":0.07696539897650195,"iteration":150,"normalized":false,"pair":true,"passed":2,"qualified":false,"samples":64,"seed":42}
RM_PLUS_SCREEN {"gap":0.060371688801127886,"iteration":175,"normalized":false,"pair":true,"passed":1,"qualified":false,"samples":64,"seed":42}
RM_PLUS_SCREEN {"gap":0.04877858940097052,"iteration":200,"normalized":false,"pair":true,"passed":1,"qualified":false,"samples":64,"seed":42}
RM_PLUS_SCREEN {"gap":0.04035174662343542,"iteration":225,"normalized":false,"pair":true,"passed":1,"qualified":false,"samples":64,"seed":42}
RM_PLUS_SCREEN {"gap":0.03397675575486335,"iteration":250,"normalized":false,"pair":true,"passed":1,"qualified":false,"samples":64,"seed":42}
RM_PLUS_SCREEN {"gap":0.028977164349110338,"iteration":275,"normalized":false,"pair":true,"passed":2,"qualified":false,"samples":64,"seed":42}
RM_PLUS_SCREEN {"gap":0.02511599163580111,"iteration":300,"normalized":false,"pair":true,"passed":2,"qualified":false,"samples":64,"seed":42}
RM_PLUS_SCREEN {"gap":0.022061161333278248,"iteration":325,"normalized":false,"pair":true,"passed":2,"qualified":false,"samples":64,"seed":42}
RM_PLUS_SCREEN {"gap":0.01950841815981448,"iteration":350,"normalized":false,"pair":true,"passed":2,"qualified":false,"samples":64,"seed":42}
RM_PLUS_SCREEN {"gap":0.01739846927873684,"iteration":375,"normalized":false,"pair":true,"passed":2,"qualified":false,"samples":64,"seed":42}
RM_PLUS_SCREEN {"gap":0.015613487465170245,"iteration":400,"normalized":false,"pair":true,"passed":2,"qualified":false,"samples":64,"seed":42}
RM_PLUS_SCREEN {"gap":0.01406296194600147,"iteration":425,"normalized":false,"pair":true,"passed":2,"qualified":false,"samples":64,"seed":42}
RM_PLUS_SCREEN {"gap":0.012727822736262856,"iteration":450,"normalized":false,"pair":true,"passed":2,"qualified":false,"samples":64,"seed":42}
RM_PLUS_SCREEN {"gap":0.011617265351319031,"iteration":475,"normalized":false,"pair":true,"passed":2,"qualified":false,"samples":64,"seed":42}
RM_PLUS_SCREEN {"gap":0.010615469269038558,"iteration":500,"normalized":false,"pair":true,"passed":2,"qualified":false,"samples":64,"seed":42}
RM_PLUS_SCREEN {"gap":0.009736112621060083,"iteration":525,"normalized":false,"pair":true,"passed":2,"qualified":false,"samples":64,"seed":42}
RM_PLUS_SCREEN {"gap":0.009004919285017815,"iteration":550,"normalized":false,"pair":true,"passed":2,"qualified":false,"samples":64,"seed":42}
RM_PLUS_SCREEN {"gap":0.00834787457652185,"iteration":575,"normalized":false,"pair":true,"passed":2,"qualified":false,"samples":64,"seed":42}
RM_PLUS_SCREEN {"gap":0.007774955412278461,"iteration":600,"normalized":false,"pair":true,"passed":2,"qualified":false,"samples":64,"seed":42}
RM_PLUS_SCREEN {"gap":0.007281655277744686,"iteration":625,"normalized":false,"pair":true,"passed":2,"qualified":false,"samples":64,"seed":42}
RM_PLUS_SCREEN {"gap":0.006856848703387972,"iteration":650,"normalized":false,"pair":true,"passed":2,"qualified":false,"samples":64,"seed":42}
RM_PLUS_SCREEN {"gap":0.006454373387177886,"iteration":675,"normalized":false,"pair":true,"passed":2,"qualified":false,"samples":64,"seed":42}
RM_PLUS_SCREEN {"gap":0.006086077700485706,"iteration":700,"normalized":false,"pair":true,"passed":2,"qualified":false,"samples":64,"seed":42}
RM_PLUS_SCREEN {"gap":0.005781395750634202,"iteration":725,"normalized":false,"pair":true,"passed":2,"qualified":false,"samples":64,"seed":42}
RM_PLUS_SCREEN {"gap":0.005493769257359504,"iteration":750,"normalized":false,"pair":true,"passed":3,"qualified":false,"samples":64,"seed":42}
RM_PLUS_SCREEN {"gap":0.005223909029105453,"iteration":775,"normalized":false,"pair":true,"passed":3,"qualified":false,"samples":64,"seed":42}
RM_PLUS_SCREEN {"gap":0.004977868868854873,"iteration":800,"normalized":false,"pair":true,"passed":3,"qualified":false,"samples":64,"seed":42}
RM_PLUS_SCREEN {"gap":0.004760162174929902,"iteration":825,"normalized":false,"pair":true,"passed":3,"qualified":false,"samples":64,"seed":42}
RM_PLUS_SCREEN {"gap":0.00455044169297604,"iteration":850,"normalized":false,"pair":true,"passed":3,"qualified":false,"samples":64,"seed":42}
RM_PLUS_SCREEN {"gap":0.004348567068242798,"iteration":875,"normalized":false,"pair":true,"passed":3,"qualified":false,"samples":64,"seed":42}
RM_PLUS_SCREEN {"gap":0.0041675947866352675,"iteration":900,"normalized":false,"pair":true,"passed":3,"qualified":false,"samples":64,"seed":42}
RM_PLUS_SCREEN {"gap":0.0040021784339971805,"iteration":925,"normalized":false,"pair":true,"passed":3,"qualified":false,"samples":64,"seed":42}
RM_PLUS_SCREEN {"gap":0.0038450081369826444,"iteration":950,"normalized":false,"pair":true,"passed":3,"qualified":false,"samples":64,"seed":42}
RM_PLUS_SCREEN {"gap":0.00368903779472185,"iteration":975,"normalized":false,"pair":true,"passed":3,"qualified":false,"samples":64,"seed":42}
RM_PLUS_SCREEN {"gap":0.003540859002382865,"iteration":1000,"normalized":false,"pair":true,"passed":3,"qualified":false,"samples":64,"seed":42}
RM_PLUS_SCREEN {"gap":0.0034093501435680518,"iteration":1025,"normalized":false,"pair":true,"passed":3,"qualified":false,"samples":64,"seed":42}
RM_PLUS_SCREEN {"gap":0.0032916759666190842,"iteration":1050,"normalized":false,"pair":true,"passed":3,"qualified":false,"samples":64,"seed":42}
RM_PLUS_SCREEN {"gap":0.003183034086987502,"iteration":1075,"normalized":false,"pair":true,"passed":3,"qualified":false,"samples":64,"seed":42}
RM_PLUS_SCREEN {"gap":0.00307697559131441,"iteration":1100,"normalized":false,"pair":true,"passed":3,"qualified":false,"samples":64,"seed":42}
RM_PLUS_SCREEN {"gap":0.00297776816950987,"iteration":1125,"normalized":false,"pair":true,"passed":3,"qualified":false,"samples":64,"seed":42}
RM_PLUS_SCREEN {"gap":0.002888483235501324,"iteration":1150,"normalized":false,"pair":true,"passed":3,"qualified":false,"samples":64,"seed":42}
RM_PLUS_SCREEN {"gap":0.0027957993448103347,"iteration":1175,"normalized":false,"pair":true,"passed":3,"qualified":false,"samples":64,"seed":42}
RM_PLUS_SCREEN {"gap":0.002707382258874916,"iteration":1200,"normalized":false,"pair":true,"passed":3,"qualified":false,"samples":64,"seed":42}
RM_PLUS_SCREEN {"gap":0.0026273080972725182,"iteration":1225,"normalized":false,"pair":true,"passed":3,"qualified":false,"samples":64,"seed":42}
RM_PLUS_SCREEN {"gap":0.0025704341761602773,"iteration":1250,"normalized":false,"pair":true,"passed":3,"qualified":false,"samples":64,"seed":42}
RM_PLUS_SCREEN {"gap":0.0025063406369932317,"iteration":1275,"normalized":false,"pair":true,"passed":3,"qualified":false,"samples":64,"seed":42}
RM_PLUS_SCREEN {"gap":0.0024288492911529597,"iteration":1300,"normalized":false,"pair":true,"passed":3,"qualified":false,"samples":64,"seed":42}
RM_PLUS_SCREEN {"gap":0.002357436533501067,"iteration":1325,"normalized":false,"pair":true,"passed":3,"qualified":false,"samples":64,"seed":42}
RM_PLUS_SCREEN {"gap":0.0022903026703208207,"iteration":1350,"normalized":false,"pair":true,"passed":3,"qualified":false,"samples":64,"seed":42}
RM_PLUS_SCREEN {"gap":0.0022298214849734294,"iteration":1375,"normalized":false,"pair":true,"passed":2,"qualified":false,"samples":64,"seed":42}
RM_PLUS_SCREEN {"gap":0.0021728695069911513,"iteration":1400,"normalized":false,"pair":true,"passed":2,"qualified":false,"samples":64,"seed":42}
RM_PLUS_SCREEN {"gap":0.002121035103067187,"iteration":1425,"normalized":false,"pair":true,"passed":2,"qualified":false,"samples":64,"seed":42}
RM_PLUS_SCREEN {"gap":0.0020746436201803387,"iteration":1450,"normalized":false,"pair":true,"passed":2,"qualified":false,"samples":64,"seed":42}
RM_PLUS_SCREEN {"gap":0.0020325131012479403,"iteration":1475,"normalized":false,"pair":true,"passed":2,"qualified":false,"samples":64,"seed":42}
RM_PLUS_SCREEN {"gap":0.0019841501441818787,"iteration":1500,"normalized":false,"pair":true,"passed":2,"qualified":false,"samples":64,"seed":42}
RM_PLUS_SCREEN {"gap":0.0019351925550940285,"iteration":1525,"normalized":false,"pair":true,"passed":2,"qualified":false,"samples":64,"seed":42}
RM_PLUS_SCREEN {"gap":0.0018886762554020942,"iteration":1550,"normalized":false,"pair":true,"passed":2,"qualified":false,"samples":64,"seed":42}
RM_PLUS_SCREEN {"gap":0.0018490871637999035,"iteration":1575,"normalized":false,"pair":true,"passed":2,"qualified":false,"samples":64,"seed":42}
RM_PLUS_SCREEN {"gap":0.0018146862019535887,"iteration":1600,"normalized":false,"pair":true,"passed":2,"qualified":false,"samples":64,"seed":42}
RM_PLUS_SCREEN {"gap":0.0017777277232283728,"iteration":1625,"normalized":false,"pair":true,"passed":2,"qualified":false,"samples":64,"seed":42}
RM_PLUS_SCREEN {"gap":0.0017388768558849882,"iteration":1650,"normalized":false,"pair":true,"passed":2,"qualified":false,"samples":64,"seed":42}
RM_PLUS_SCREEN {"gap":0.0016979072630309289,"iteration":1675,"normalized":false,"pair":true,"passed":2,"qualified":false,"samples":64,"seed":42}
RM_PLUS_SCREEN {"gap":0.0016615520330003353,"iteration":1700,"normalized":false,"pair":true,"passed":2,"qualified":false,"samples":64,"seed":42}
RM_PLUS_SCREEN {"gap":0.0016270864589745249,"iteration":1725,"normalized":false,"pair":true,"passed":2,"qualified":false,"samples":64,"seed":42}
RM_PLUS_SCREEN {"gap":0.001594605198543514,"iteration":1750,"normalized":false,"pair":true,"passed":2,"qualified":false,"samples":64,"seed":42}
RM_PLUS_SCREEN {"gap":0.0015673365912015624,"iteration":1775,"normalized":false,"pair":true,"passed":2,"qualified":false,"samples":64,"seed":42}
RM_PLUS_SCREEN {"gap":0.0015390416196827128,"iteration":1800,"normalized":false,"pair":true,"passed":2,"qualified":false,"samples":64,"seed":42}
RM_PLUS_SCREEN {"gap":0.0015073865205386672,"iteration":1825,"normalized":false,"pair":true,"passed":2,"qualified":false,"samples":64,"seed":42}
RM_PLUS_SCREEN {"gap":0.001476123930171519,"iteration":1850,"normalized":false,"pair":true,"passed":2,"qualified":false,"samples":64,"seed":42}
RM_PLUS_SCREEN {"gap":0.0014502593761245852,"iteration":1875,"normalized":false,"pair":true,"passed":2,"qualified":false,"samples":64,"seed":42}
RM_PLUS_SCREEN {"gap":0.0014247456097539607,"iteration":1900,"normalized":false,"pair":true,"passed":2,"qualified":false,"samples":64,"seed":42}
RM_PLUS_SCREEN {"gap":0.0014013414645270839,"iteration":1925,"normalized":false,"pair":true,"passed":2,"qualified":false,"samples":64,"seed":42}
RM_PLUS_SCREEN {"gap":0.00137833614686024,"iteration":1950,"normalized":false,"pair":true,"passed":2,"qualified":false,"samples":64,"seed":42}
RM_PLUS_SCREEN {"gap":0.001354143541734007,"iteration":1975,"normalized":false,"pair":true,"passed":2,"qualified":false,"samples":64,"seed":42}
RM_PLUS_SCREEN {"gap":0.0013317659862065456,"iteration":2000,"normalized":false,"pair":true,"passed":2,"qualified":false,"samples":64,"seed":42}
RM_PLUS_SCREEN {"gap":0.0013105399535060652,"iteration":2025,"normalized":false,"pair":true,"passed":2,"qualified":false,"samples":64,"seed":42}
RM_PLUS_SCREEN {"gap":0.0012879256577380538,"iteration":2050,"normalized":false,"pair":true,"passed":2,"qualified":false,"samples":64,"seed":42}
RM_PLUS_SCREEN {"gap":0.001266406859969052,"iteration":2075,"normalized":false,"pair":true,"passed":2,"qualified":false,"samples":64,"seed":42}
RM_PLUS_SCREEN {"gap":0.0012457026838069846,"iteration":2100,"normalized":false,"pair":true,"passed":2,"qualified":false,"samples":64,"seed":42}
RM_PLUS_SCREEN {"gap":0.001225931272955047,"iteration":2125,"normalized":false,"pair":true,"passed":2,"qualified":false,"samples":64,"seed":42}
RM_PLUS_SCREEN {"gap":0.0012069234324014466,"iteration":2150,"normalized":false,"pair":true,"passed":2,"qualified":false,"samples":64,"seed":42}
RM_PLUS_SCREEN {"gap":0.0011880938348271392,"iteration":2175,"normalized":false,"pair":true,"passed":2,"qualified":false,"samples":64,"seed":42}
RM_PLUS_SCREEN {"gap":0.0011707937873558782,"iteration":2200,"normalized":false,"pair":true,"passed":2,"qualified":false,"samples":64,"seed":42}
RM_PLUS_SCREEN {"gap":0.0011517436558437927,"iteration":2225,"normalized":false,"pair":true,"passed":2,"qualified":false,"samples":64,"seed":42}
RM_PLUS_SCREEN {"gap":0.0011356215939456737,"iteration":2250,"normalized":false,"pair":true,"passed":2,"qualified":false,"samples":64,"seed":42}
RM_PLUS_SCREEN {"gap":0.0011206395925582174,"iteration":2275,"normalized":false,"pair":true,"passed":2,"qualified":false,"samples":64,"seed":42}
RM_PLUS_SCREEN {"gap":0.0011059978304688162,"iteration":2300,"normalized":false,"pair":true,"passed":2,"qualified":false,"samples":64,"seed":42}
RM_PLUS_SCREEN {"gap":0.0010925660631988104,"iteration":2325,"normalized":false,"pair":true,"passed":2,"qualified":false,"samples":64,"seed":42}
RM_PLUS_SCREEN {"gap":0.001078881716449473,"iteration":2350,"normalized":false,"pair":true,"passed":2,"qualified":false,"samples":64,"seed":42}
RM_PLUS_SCREEN {"gap":0.0010664212878862267,"iteration":2375,"normalized":false,"pair":true,"passed":2,"qualified":false,"samples":64,"seed":42}
RM_PLUS_SCREEN {"gap":0.001052715105467672,"iteration":2400,"normalized":false,"pair":true,"passed":2,"qualified":false,"samples":64,"seed":42}
RM_PLUS_SCREEN {"gap":0.001037599988934823,"iteration":2425,"normalized":false,"pair":true,"passed":2,"qualified":false,"samples":64,"seed":42}
RM_PLUS_SCREEN {"gap":0.0010243692592661613,"iteration":2450,"normalized":false,"pair":true,"passed":2,"qualified":false,"samples":64,"seed":42}
RM_PLUS_SCREEN {"gap":0.0010129511688125176,"iteration":2475,"normalized":false,"pair":true,"passed":2,"qualified":false,"samples":64,"seed":42}
RM_PLUS_SCREEN {"gap":0.0010011561981392164,"iteration":2500,"normalized":false,"pair":true,"passed":2,"qualified":false,"samples":64,"seed":42}
RM_PLUS_SCREEN {"gap":0.000988287672983451,"iteration":2525,"normalized":false,"pair":true,"passed":2,"qualified":false,"samples":64,"seed":42}
RM_PLUS_SCREEN {"gap":0.0009777492625996503,"iteration":2550,"normalized":false,"pair":true,"passed":2,"qualified":false,"samples":64,"seed":42}
RM_PLUS_SCREEN {"gap":0.0009678978810465644,"iteration":2575,"normalized":false,"pair":true,"passed":2,"qualified":false,"samples":64,"seed":42}
RM_PLUS_SCREEN {"gap":0.0009569128551940032,"iteration":2600,"normalized":false,"pair":true,"passed":2,"qualified":false,"samples":64,"seed":42}
RM_PLUS_SCREEN {"gap":0.0009454996854756231,"iteration":2625,"normalized":false,"pair":true,"passed":2,"qualified":false,"samples":64,"seed":42}
RM_PLUS_SCREEN {"gap":0.0009337242270422014,"iteration":2650,"normalized":false,"pair":true,"passed":2,"qualified":false,"samples":64,"seed":42}
RM_PLUS_SCREEN {"gap":0.000924102403367183,"iteration":2675,"normalized":false,"pair":true,"passed":2,"qualified":false,"samples":64,"seed":42}
RM_PLUS_SCREEN {"gap":0.0009141625319399743,"iteration":2700,"normalized":false,"pair":true,"passed":2,"qualified":false,"samples":64,"seed":42}
RM_PLUS_SCREEN {"gap":0.0009043963928333787,"iteration":2725,"normalized":false,"pair":true,"passed":2,"qualified":false,"samples":64,"seed":42}
RM_PLUS_SCREEN {"gap":0.0008934545732254134,"iteration":2750,"normalized":false,"pair":true,"passed":2,"qualified":false,"samples":64,"seed":42}
RM_PLUS_SCREEN {"gap":0.0008831068533832476,"iteration":2775,"normalized":false,"pair":true,"passed":2,"qualified":false,"samples":64,"seed":42}
RM_PLUS_SCREEN {"gap":0.000875236375766808,"iteration":2800,"normalized":false,"pair":true,"passed":2,"qualified":false,"samples":64,"seed":42}
RM_PLUS_SCREEN {"gap":0.0008664540560731071,"iteration":2825,"normalized":false,"pair":true,"passed":2,"qualified":false,"samples":64,"seed":42}
RM_PLUS_SCREEN {"gap":0.0008574578319936049,"iteration":2850,"normalized":false,"pair":true,"passed":2,"qualified":false,"samples":64,"seed":42}
RM_PLUS_SCREEN {"gap":0.000849136903072506,"iteration":2875,"normalized":false,"pair":true,"passed":2,"qualified":false,"samples":64,"seed":42}
RM_PLUS_SCREEN {"gap":0.0008405000114853067,"iteration":2900,"normalized":false,"pair":true,"passed":2,"qualified":false,"samples":64,"seed":42}
RM_PLUS_SCREEN {"gap":0.0008319958860551341,"iteration":2925,"normalized":false,"pair":true,"passed":2,"qualified":false,"samples":64,"seed":42}
RM_PLUS_SCREEN {"gap":0.0008227108362996866,"iteration":2950,"normalized":false,"pair":true,"passed":2,"qualified":false,"samples":64,"seed":42}
RM_PLUS_SCREEN {"gap":0.0008134205487909385,"iteration":2975,"normalized":false,"pair":true,"passed":2,"qualified":false,"samples":64,"seed":42}
RM_PLUS_SCREEN {"gap":0.0008048649663036089,"iteration":3000,"normalized":false,"pair":true,"passed":2,"qualified":false,"samples":64,"seed":42}
