preflop gpu: coupled multiway, 1024 particles, 10728 reach CDFs, 32-particle batches, 128 MB CDF scratch
preflop gpu: compact CDF slots 5890 of 10728, 0.3 MB immutable map
preflop gpu: deployed_prepass reference, 32-particle grouping and HU-cache=true with accurately budgeted storage
preflop gpu: 23038 nodes, 17 levels, 12168 terminals (1873 calibrated), 0 forced + 0 frozen nodes, ~263 MB VRAM
RM_PLUS_SCREEN {"gap":0.6938154937568856,"iteration":25,"normalized":false,"pair":false,"passed":0,"qualified":false,"samples":1024,"seed":42}
RM_PLUS_SCREEN {"gap":0.3038264192549302,"iteration":50,"normalized":false,"pair":false,"passed":0,"qualified":false,"samples":1024,"seed":42}
RM_PLUS_SCREEN {"gap":0.1833428593740725,"iteration":75,"normalized":false,"pair":false,"passed":0,"qualified":false,"samples":1024,"seed":42}
RM_PLUS_SCREEN {"gap":0.12577689219601557,"iteration":100,"normalized":false,"pair":false,"passed":0,"qualified":false,"samples":1024,"seed":42}
RM_PLUS_SCREEN {"gap":0.0925443709723769,"iteration":125,"normalized":false,"pair":false,"passed":0,"qualified":false,"samples":1024,"seed":42}
RM_PLUS_SCREEN {"gap":0.07192289472101766,"iteration":150,"normalized":false,"pair":false,"passed":0,"qualified":false,"samples":1024,"seed":42}
RM_PLUS_SCREEN {"gap":0.05786190466193198,"iteration":175,"normalized":false,"pair":false,"passed":1,"qualified":false,"samples":1024,"seed":42}
RM_PLUS_SCREEN {"gap":0.04726994621731512,"iteration":200,"normalized":false,"pair":false,"passed":1,"qualified":false,"samples":1024,"seed":42}
RM_PLUS_SCREEN {"gap":0.0399891121988855,"iteration":225,"normalized":false,"pair":false,"passed":1,"qualified":false,"samples":1024,"seed":42}
RM_PLUS_SCREEN {"gap":0.03506656836868001,"iteration":250,"normalized":false,"pair":false,"passed":1,"qualified":false,"samples":1024,"seed":42}
RM_PLUS_SCREEN {"gap":0.029904232530633124,"iteration":275,"normalized":false,"pair":false,"passed":1,"qualified":false,"samples":1024,"seed":42}
RM_PLUS_SCREEN {"gap":0.025824189945376844,"iteration":300,"normalized":false,"pair":false,"passed":2,"qualified":false,"samples":1024,"seed":42}
RM_PLUS_SCREEN {"gap":0.02254749027283992,"iteration":325,"normalized":false,"pair":false,"passed":2,"qualified":false,"samples":1024,"seed":42}
RM_PLUS_SCREEN {"gap":0.01986234745301381,"iteration":350,"normalized":false,"pair":false,"passed":2,"qualified":false,"samples":1024,"seed":42}
RM_PLUS_SCREEN {"gap":0.017611754546006067,"iteration":375,"normalized":false,"pair":false,"passed":2,"qualified":false,"samples":1024,"seed":42}
RM_PLUS_SCREEN {"gap":0.01576555693862161,"iteration":400,"normalized":false,"pair":false,"passed":2,"qualified":false,"samples":1024,"seed":42}
RM_PLUS_SCREEN {"gap":0.014190280292456045,"iteration":425,"normalized":false,"pair":false,"passed":2,"qualified":false,"samples":1024,"seed":42}
RM_PLUS_SCREEN {"gap":0.012851421044599826,"iteration":450,"normalized":false,"pair":false,"passed":2,"qualified":false,"samples":1024,"seed":42}
RM_PLUS_SCREEN {"gap":0.011703958951743712,"iteration":475,"normalized":false,"pair":false,"passed":2,"qualified":false,"samples":1024,"seed":42}
RM_PLUS_SCREEN {"gap":0.010729283010410984,"iteration":500,"normalized":false,"pair":false,"passed":2,"qualified":false,"samples":1024,"seed":42}
RM_PLUS_SCREEN {"gap":0.009863749661655138,"iteration":525,"normalized":false,"pair":false,"passed":2,"qualified":false,"samples":1024,"seed":42}
RM_PLUS_SCREEN {"gap":0.009113378198500374,"iteration":550,"normalized":false,"pair":false,"passed":2,"qualified":false,"samples":1024,"seed":42}
RM_PLUS_SCREEN {"gap":0.008464420566056133,"iteration":575,"normalized":false,"pair":false,"passed":2,"qualified":false,"samples":1024,"seed":42}
RM_PLUS_SCREEN {"gap":0.007905288585639866,"iteration":600,"normalized":false,"pair":false,"passed":2,"qualified":false,"samples":1024,"seed":42}
RM_PLUS_SCREEN {"gap":0.007384658992169765,"iteration":625,"normalized":false,"pair":false,"passed":2,"qualified":false,"samples":1024,"seed":42}
RM_PLUS_SCREEN {"gap":0.006928231616855532,"iteration":650,"normalized":false,"pair":false,"passed":2,"qualified":false,"samples":1024,"seed":42}
RM_PLUS_SCREEN {"gap":0.006518105671380725,"iteration":675,"normalized":false,"pair":false,"passed":2,"qualified":false,"samples":1024,"seed":42}
RM_PLUS_SCREEN {"gap":0.006138444698034984,"iteration":700,"normalized":false,"pair":false,"passed":3,"qualified":false,"samples":1024,"seed":42}
RM_PLUS_SCREEN {"gap":0.005802155179992094,"iteration":725,"normalized":false,"pair":false,"passed":3,"qualified":false,"samples":1024,"seed":42}
RM_PLUS_SCREEN {"gap":0.00551240981110776,"iteration":750,"normalized":false,"pair":false,"passed":3,"qualified":false,"samples":1024,"seed":42}
RM_PLUS_SCREEN {"gap":0.005238902098073858,"iteration":775,"normalized":false,"pair":false,"passed":3,"qualified":false,"samples":1024,"seed":42}
RM_PLUS_SCREEN {"gap":0.004995838995558846,"iteration":800,"normalized":false,"pair":false,"passed":3,"qualified":false,"samples":1024,"seed":42}
RM_PLUS_SCREEN {"gap":0.0047716285181499535,"iteration":825,"normalized":false,"pair":false,"passed":3,"qualified":false,"samples":1024,"seed":42}
RM_PLUS_SCREEN {"gap":0.0045697708069021015,"iteration":850,"normalized":false,"pair":false,"passed":3,"qualified":false,"samples":1024,"seed":42}
RM_PLUS_SCREEN {"gap":0.004386768964352722,"iteration":875,"normalized":false,"pair":false,"passed":3,"qualified":false,"samples":1024,"seed":42}
RM_PLUS_SCREEN {"gap":0.004200383211652642,"iteration":900,"normalized":false,"pair":false,"passed":3,"qualified":false,"samples":1024,"seed":42}
RM_PLUS_SCREEN {"gap":0.004030236295351264,"iteration":925,"normalized":false,"pair":false,"passed":3,"qualified":false,"samples":1024,"seed":42}
RM_PLUS_SCREEN {"gap":0.0038770349812129734,"iteration":950,"normalized":false,"pair":false,"passed":3,"qualified":false,"samples":1024,"seed":42}
RM_PLUS_SCREEN {"gap":0.003720512033829379,"iteration":975,"normalized":false,"pair":false,"passed":3,"qualified":false,"samples":1024,"seed":42}
RM_PLUS_SCREEN {"gap":0.0035736532717863534,"iteration":1000,"normalized":false,"pair":false,"passed":3,"qualified":false,"samples":1024,"seed":42}
RM_PLUS_SCREEN {"gap":0.0034404347528083495,"iteration":1025,"normalized":false,"pair":false,"passed":3,"qualified":false,"samples":1024,"seed":42}
RM_PLUS_SCREEN {"gap":0.003324257471006717,"iteration":1050,"normalized":false,"pair":false,"passed":3,"qualified":false,"samples":1024,"seed":42}
RM_PLUS_SCREEN {"gap":0.003224117489806347,"iteration":1075,"normalized":false,"pair":false,"passed":3,"qualified":false,"samples":1024,"seed":42}
RM_PLUS_SCREEN {"gap":0.0031101295230733794,"iteration":1100,"normalized":false,"pair":false,"passed":3,"qualified":false,"samples":1024,"seed":42}
RM_PLUS_SCREEN {"gap":0.003008669584211948,"iteration":1125,"normalized":false,"pair":false,"passed":3,"qualified":false,"samples":1024,"seed":42}
RM_PLUS_SCREEN {"gap":0.0029082908104341304,"iteration":1150,"normalized":false,"pair":false,"passed":3,"qualified":false,"samples":1024,"seed":42}
RM_PLUS_SCREEN {"gap":0.002806643904407158,"iteration":1175,"normalized":false,"pair":false,"passed":2,"qualified":false,"samples":1024,"seed":42}
RM_PLUS_SCREEN {"gap":0.00271376082098225,"iteration":1200,"normalized":false,"pair":false,"passed":2,"qualified":false,"samples":1024,"seed":42}
RM_PLUS_SCREEN {"gap":0.002634860121608476,"iteration":1225,"normalized":false,"pair":false,"passed":2,"qualified":false,"samples":1024,"seed":42}
RM_PLUS_SCREEN {"gap":0.0025578504831108434,"iteration":1250,"normalized":false,"pair":false,"passed":2,"qualified":false,"samples":1024,"seed":42}
RM_PLUS_SCREEN {"gap":0.0024824160266132267,"iteration":1275,"normalized":false,"pair":false,"passed":2,"qualified":false,"samples":1024,"seed":42}
RM_PLUS_SCREEN {"gap":0.0024094180656616115,"iteration":1300,"normalized":false,"pair":false,"passed":2,"qualified":false,"samples":1024,"seed":42}
RM_PLUS_SCREEN {"gap":0.0023406267808416814,"iteration":1325,"normalized":false,"pair":false,"passed":2,"qualified":false,"samples":1024,"seed":42}
RM_PLUS_SCREEN {"gap":0.00227939741847967,"iteration":1350,"normalized":false,"pair":false,"passed":2,"qualified":false,"samples":1024,"seed":42}
RM_PLUS_SCREEN {"gap":0.0022197599301012477,"iteration":1375,"normalized":false,"pair":false,"passed":2,"qualified":false,"samples":1024,"seed":42}
RM_PLUS_SCREEN {"gap":0.002158437005020372,"iteration":1400,"normalized":false,"pair":false,"passed":2,"qualified":false,"samples":1024,"seed":42}
RM_PLUS_SCREEN {"gap":0.0021089973421778846,"iteration":1425,"normalized":false,"pair":false,"passed":2,"qualified":false,"samples":1024,"seed":42}
RM_PLUS_SCREEN {"gap":0.0020681745948258057,"iteration":1450,"normalized":false,"pair":false,"passed":2,"qualified":false,"samples":1024,"seed":42}
RM_PLUS_SCREEN {"gap":0.002021104747475924,"iteration":1475,"normalized":false,"pair":false,"passed":2,"qualified":false,"samples":1024,"seed":42}
RM_PLUS_SCREEN {"gap":0.0019753776290373226,"iteration":1500,"normalized":false,"pair":false,"passed":2,"qualified":false,"samples":1024,"seed":42}
RM_PLUS_SCREEN {"gap":0.001928597364597509,"iteration":1525,"normalized":false,"pair":false,"passed":2,"qualified":false,"samples":1024,"seed":42}
RM_PLUS_SCREEN {"gap":0.001881432125284077,"iteration":1550,"normalized":false,"pair":false,"passed":2,"qualified":false,"samples":1024,"seed":42}
RM_PLUS_SCREEN {"gap":0.0018375784068766915,"iteration":1575,"normalized":false,"pair":false,"passed":2,"qualified":false,"samples":1024,"seed":42}
RM_PLUS_SCREEN {"gap":0.0018008737317046358,"iteration":1600,"normalized":false,"pair":false,"passed":2,"qualified":false,"samples":1024,"seed":42}
RM_PLUS_SCREEN {"gap":0.0017622447185341866,"iteration":1625,"normalized":false,"pair":false,"passed":2,"qualified":false,"samples":1024,"seed":42}
RM_PLUS_SCREEN {"gap":0.0017233619768405872,"iteration":1650,"normalized":false,"pair":false,"passed":2,"qualified":false,"samples":1024,"seed":42}
RM_PLUS_SCREEN {"gap":0.0016881438063423015,"iteration":1675,"normalized":false,"pair":false,"passed":2,"qualified":false,"samples":1024,"seed":42}
RM_PLUS_SCREEN {"gap":0.0016544181215128184,"iteration":1700,"normalized":false,"pair":false,"passed":2,"qualified":false,"samples":1024,"seed":42}
RM_PLUS_SCREEN {"gap":0.0016217357328541654,"iteration":1725,"normalized":false,"pair":false,"passed":2,"qualified":false,"samples":1024,"seed":42}
RM_PLUS_SCREEN {"gap":0.0015891961773460278,"iteration":1750,"normalized":false,"pair":false,"passed":2,"qualified":false,"samples":1024,"seed":42}
RM_PLUS_SCREEN {"gap":0.0015601740245050483,"iteration":1775,"normalized":false,"pair":false,"passed":2,"qualified":false,"samples":1024,"seed":42}
RM_PLUS_SCREEN {"gap":0.0015305860965260792,"iteration":1800,"normalized":false,"pair":false,"passed":2,"qualified":false,"samples":1024,"seed":42}
RM_PLUS_SCREEN {"gap":0.0014983480735845517,"iteration":1825,"normalized":false,"pair":false,"passed":2,"qualified":false,"samples":1024,"seed":42}
RM_PLUS_SCREEN {"gap":0.0014717927060354241,"iteration":1850,"normalized":false,"pair":false,"passed":2,"qualified":false,"samples":1024,"seed":42}
RM_PLUS_SCREEN {"gap":0.0014434230181692431,"iteration":1875,"normalized":false,"pair":false,"passed":2,"qualified":false,"samples":1024,"seed":42}
RM_PLUS_SCREEN {"gap":0.0014158528432701434,"iteration":1900,"normalized":false,"pair":false,"passed":2,"qualified":false,"samples":1024,"seed":42}
RM_PLUS_SCREEN {"gap":0.0013913329038923172,"iteration":1925,"normalized":false,"pair":false,"passed":2,"qualified":false,"samples":1024,"seed":42}
RM_PLUS_SCREEN {"gap":0.0013664651189595756,"iteration":1950,"normalized":false,"pair":false,"passed":2,"qualified":false,"samples":1024,"seed":42}
RM_PLUS_SCREEN {"gap":0.0013439884964534798,"iteration":1975,"normalized":false,"pair":false,"passed":2,"qualified":false,"samples":1024,"seed":42}
RM_PLUS_SCREEN {"gap":0.0013231086269004377,"iteration":2000,"normalized":false,"pair":false,"passed":2,"qualified":false,"samples":1024,"seed":42}
RM_PLUS_SCREEN {"gap":0.0013025776075349244,"iteration":2025,"normalized":false,"pair":false,"passed":2,"qualified":false,"samples":1024,"seed":42}
RM_PLUS_SCREEN {"gap":0.0012821457536699027,"iteration":2050,"normalized":false,"pair":false,"passed":2,"qualified":false,"samples":1024,"seed":42}
RM_PLUS_SCREEN {"gap":0.0012611284360982133,"iteration":2075,"normalized":false,"pair":false,"passed":2,"qualified":false,"samples":1024,"seed":42}
RM_PLUS_SCREEN {"gap":0.001240722896893795,"iteration":2100,"normalized":false,"pair":false,"passed":2,"qualified":false,"samples":1024,"seed":42}
RM_PLUS_SCREEN {"gap":0.0012221612231705231,"iteration":2125,"normalized":false,"pair":false,"passed":2,"qualified":false,"samples":1024,"seed":42}
RM_PLUS_SCREEN {"gap":0.0012044348940497135,"iteration":2150,"normalized":false,"pair":false,"passed":2,"qualified":false,"samples":1024,"seed":42}
RM_PLUS_SCREEN {"gap":0.0011854497124902802,"iteration":2175,"normalized":false,"pair":false,"passed":2,"qualified":false,"samples":1024,"seed":42}
RM_PLUS_SCREEN {"gap":0.0011662230395424467,"iteration":2200,"normalized":false,"pair":false,"passed":2,"qualified":false,"samples":1024,"seed":42}
RM_PLUS_SCREEN {"gap":0.0011493038703809383,"iteration":2225,"normalized":false,"pair":false,"passed":2,"qualified":false,"samples":1024,"seed":42}
RM_PLUS_SCREEN {"gap":0.001131185131443918,"iteration":2250,"normalized":false,"pair":false,"passed":2,"qualified":false,"samples":1024,"seed":42}
RM_PLUS_SCREEN {"gap":0.001112639254616174,"iteration":2275,"normalized":false,"pair":false,"passed":2,"qualified":false,"samples":1024,"seed":42}
RM_PLUS_SCREEN {"gap":0.0010954261144763555,"iteration":2300,"normalized":false,"pair":false,"passed":2,"qualified":false,"samples":1024,"seed":42}
RM_PLUS_SCREEN {"gap":0.0010803394022695922,"iteration":2325,"normalized":false,"pair":false,"passed":2,"qualified":false,"samples":1024,"seed":42}
RM_PLUS_SCREEN {"gap":0.001067686502297438,"iteration":2350,"normalized":false,"pair":false,"passed":2,"qualified":false,"samples":1024,"seed":42}
RM_PLUS_SCREEN {"gap":0.0010556187126695704,"iteration":2375,"normalized":false,"pair":false,"passed":2,"qualified":false,"samples":1024,"seed":42}
RM_PLUS_SCREEN {"gap":0.0010434154748105856,"iteration":2400,"normalized":false,"pair":false,"passed":2,"qualified":false,"samples":1024,"seed":42}
RM_PLUS_SCREEN {"gap":0.0010311795833363863,"iteration":2425,"normalized":false,"pair":false,"passed":2,"qualified":false,"samples":1024,"seed":42}
RM_PLUS_SCREEN {"gap":0.001019007420027529,"iteration":2450,"normalized":false,"pair":false,"passed":2,"qualified":false,"samples":1024,"seed":42}
RM_PLUS_SCREEN {"gap":0.0010071423912269561,"iteration":2475,"normalized":false,"pair":false,"passed":2,"qualified":false,"samples":1024,"seed":42}
RM_PLUS_SCREEN {"gap":0.0009958661787569795,"iteration":2500,"normalized":false,"pair":false,"passed":2,"qualified":false,"samples":1024,"seed":42}
RM_PLUS_SCREEN {"gap":0.0009848769978397093,"iteration":2525,"normalized":false,"pair":false,"passed":2,"qualified":false,"samples":1024,"seed":42}
RM_PLUS_SCREEN {"gap":0.0009720956797725777,"iteration":2550,"normalized":false,"pair":false,"passed":2,"qualified":false,"samples":1024,"seed":42}
RM_PLUS_SCREEN {"gap":0.0009611526164036571,"iteration":2575,"normalized":false,"pair":false,"passed":2,"qualified":false,"samples":1024,"seed":42}
RM_PLUS_SCREEN {"gap":0.000951236214434048,"iteration":2600,"normalized":false,"pair":false,"passed":2,"qualified":false,"samples":1024,"seed":42}
RM_PLUS_SCREEN {"gap":0.0009412896209810145,"iteration":2625,"normalized":false,"pair":false,"passed":2,"qualified":false,"samples":1024,"seed":42}
RM_PLUS_SCREEN {"gap":0.0009323087785231554,"iteration":2650,"normalized":false,"pair":false,"passed":2,"qualified":false,"samples":1024,"seed":42}
RM_PLUS_SCREEN {"gap":0.0009230235413563992,"iteration":2675,"normalized":false,"pair":false,"passed":2,"qualified":false,"samples":1024,"seed":42}
RM_PLUS_SCREEN {"gap":0.0009138584538966738,"iteration":2700,"normalized":false,"pair":false,"passed":2,"qualified":false,"samples":1024,"seed":42}
RM_PLUS_SCREEN {"gap":0.000906216493621409,"iteration":2725,"normalized":false,"pair":false,"passed":2,"qualified":false,"samples":1024,"seed":42}
RM_PLUS_SCREEN {"gap":0.0008986915793511435,"iteration":2750,"normalized":false,"pair":false,"passed":2,"qualified":false,"samples":1024,"seed":42}
RM_PLUS_SCREEN {"gap":0.0008903291929411306,"iteration":2775,"normalized":false,"pair":false,"passed":2,"qualified":false,"samples":1024,"seed":42}
RM_PLUS_SCREEN {"gap":0.0008815136426762321,"iteration":2800,"normalized":false,"pair":false,"passed":2,"qualified":false,"samples":1024,"seed":42}
RM_PLUS_SCREEN {"gap":0.0008744357444124273,"iteration":2825,"normalized":false,"pair":false,"passed":2,"qualified":false,"samples":1024,"seed":42}
RM_PLUS_SCREEN {"gap":0.0008662420108883212,"iteration":2850,"normalized":false,"pair":false,"passed":2,"qualified":false,"samples":1024,"seed":42}
RM_PLUS_SCREEN {"gap":0.0008564052985732817,"iteration":2875,"normalized":false,"pair":false,"passed":2,"qualified":false,"samples":1024,"seed":42}
RM_PLUS_SCREEN {"gap":0.0008439848093403923,"iteration":2900,"normalized":false,"pair":false,"passed":2,"qualified":false,"samples":1024,"seed":42}
RM_PLUS_SCREEN {"gap":0.0008329836755413544,"iteration":2925,"normalized":false,"pair":false,"passed":2,"qualified":false,"samples":1024,"seed":42}
RM_PLUS_SCREEN {"gap":0.000824312083080439,"iteration":2950,"normalized":false,"pair":false,"passed":3,"qualified":false,"samples":1024,"seed":42}
RM_PLUS_SCREEN {"gap":0.0008158284554272144,"iteration":2975,"normalized":false,"pair":false,"passed":3,"qualified":false,"samples":1024,"seed":42}
RM_PLUS_SCREEN {"gap":0.0008075564564563043,"iteration":3000,"normalized":false,"pair":false,"passed":3,"qualified":false,"samples":1024,"seed":42}
