preflop gpu: coupled multiway, 1024 particles, 10728 reach CDFs, 32-particle batches, 128 MB CDF scratch
preflop gpu: compact CDF slots 5890 of 10728, 0.3 MB immutable map
preflop gpu: deployed_prepass reference, 32-particle grouping and HU-cache=true with accurately budgeted storage
preflop gpu: 23038 nodes, 17 levels, 12168 terminals (1873 calibrated), 0 forced + 0 frozen nodes, ~263 MB VRAM
SHARED_CV_SCREEN {"gap":0.28349146381156115,"iteration":25,"mode":"shared64","passed":0,"qualified":false,"samples":64,"seed":42}
SHARED_CV_SCREEN {"gap":0.24011955074948557,"iteration":50,"mode":"shared64","passed":1,"qualified":false,"samples":64,"seed":42}
SHARED_CV_SCREEN {"gap":0.046606508181568335,"iteration":75,"mode":"shared64","passed":1,"qualified":false,"samples":64,"seed":42}
SHARED_CV_SCREEN {"gap":0.020776634560806598,"iteration":100,"mode":"shared64","passed":2,"qualified":false,"samples":64,"seed":42}
SHARED_CV_SCREEN {"gap":0.024797379432237948,"iteration":125,"mode":"shared64","passed":2,"qualified":false,"samples":64,"seed":42}
SHARED_CV_SCREEN {"gap":0.011548300722251409,"iteration":150,"mode":"shared64","passed":2,"qualified":false,"samples":64,"seed":42}
SHARED_CV_SCREEN {"gap":0.01892260751393912,"iteration":175,"mode":"shared64","passed":2,"qualified":false,"samples":64,"seed":42}
SHARED_CV_SCREEN {"gap":0.007212367747689741,"iteration":200,"mode":"shared64","passed":2,"qualified":false,"samples":64,"seed":42}
SHARED_CV_SCREEN {"gap":0.005048019584976762,"iteration":225,"mode":"shared64","passed":2,"qualified":false,"samples":64,"seed":42}
SHARED_CV_SCREEN {"gap":0.004006443257215872,"iteration":250,"mode":"shared64","passed":2,"qualified":false,"samples":64,"seed":42}
SHARED_CV_SCREEN {"gap":0.003943716172517278,"iteration":275,"mode":"shared64","passed":2,"qualified":false,"samples":64,"seed":42}
SHARED_CV_SCREEN {"gap":0.003528269138760906,"iteration":300,"mode":"shared64","passed":2,"qualified":false,"samples":64,"seed":42}
SHARED_CV_SCREEN {"gap":0.0036357892512821066,"iteration":325,"mode":"shared64","passed":2,"qualified":false,"samples":64,"seed":42}
SHARED_CV_SCREEN {"gap":0.0026094832300215115,"iteration":350,"mode":"shared64","passed":2,"qualified":false,"samples":64,"seed":42}
SHARED_CV_SCREEN {"gap":0.0024932685520260844,"iteration":375,"mode":"shared64","passed":2,"qualified":false,"samples":64,"seed":42}
SHARED_CV_SCREEN {"gap":0.0022979915969653375,"iteration":400,"mode":"shared64","passed":2,"qualified":false,"samples":64,"seed":42}
SHARED_CV_SCREEN {"gap":0.0021320782590404375,"iteration":425,"mode":"shared64","passed":2,"qualified":false,"samples":64,"seed":42}
SHARED_CV_SCREEN {"gap":0.0019999290552460275,"iteration":450,"mode":"shared64","passed":2,"qualified":false,"samples":64,"seed":42}
SHARED_CV_SCREEN {"gap":0.0019405432278094548,"iteration":475,"mode":"shared64","passed":2,"qualified":false,"samples":64,"seed":42}
SHARED_CV_SCREEN {"gap":0.0018853652789334874,"iteration":500,"mode":"shared64","passed":2,"qualified":false,"samples":64,"seed":42}
SHARED_CV_SCREEN {"gap":0.0018197656250078659,"iteration":525,"mode":"shared64","passed":2,"qualified":false,"samples":64,"seed":42}
SHARED_CV_SCREEN {"gap":0.0017504910086551806,"iteration":550,"mode":"shared64","passed":2,"qualified":false,"samples":64,"seed":42}
SHARED_CV_SCREEN {"gap":0.0019405250355918613,"iteration":575,"mode":"shared64","passed":2,"qualified":false,"samples":64,"seed":42}
SHARED_CV_SCREEN {"gap":0.001738490576921256,"iteration":600,"mode":"shared64","passed":2,"qualified":false,"samples":64,"seed":42}
SHARED_CV_SCREEN {"gap":0.0016929656064187393,"iteration":625,"mode":"shared64","passed":2,"qualified":false,"samples":64,"seed":42}
SHARED_CV_SCREEN {"gap":0.0017226039157420409,"iteration":650,"mode":"shared64","passed":2,"qualified":false,"samples":64,"seed":42}
SHARED_CV_SCREEN {"gap":0.0016631684865092977,"iteration":675,"mode":"shared64","passed":2,"qualified":false,"samples":64,"seed":42}
SHARED_CV_SCREEN {"gap":0.001684944203577704,"iteration":700,"mode":"shared64","passed":2,"qualified":false,"samples":64,"seed":42}
SHARED_CV_SCREEN {"gap":0.0016719926984524042,"iteration":725,"mode":"shared64","passed":2,"qualified":false,"samples":64,"seed":42}
SHARED_CV_SCREEN {"gap":0.001709128291640577,"iteration":750,"mode":"shared64","passed":3,"qualified":false,"samples":64,"seed":42}
SHARED_CV_SCREEN {"gap":0.0016420820277385506,"iteration":775,"mode":"shared64","passed":2,"qualified":false,"samples":64,"seed":42}
SHARED_CV_SCREEN {"gap":0.0015422651482619454,"iteration":800,"mode":"shared64","passed":2,"qualified":false,"samples":64,"seed":42}
SHARED_CV_SCREEN {"gap":0.0014731405279616167,"iteration":825,"mode":"shared64","passed":2,"qualified":false,"samples":64,"seed":42}
SHARED_CV_SCREEN {"gap":0.0014664021358645474,"iteration":850,"mode":"shared64","passed":2,"qualified":false,"samples":64,"seed":42}
SHARED_CV_SCREEN {"gap":0.0014610083843476923,"iteration":875,"mode":"shared64","passed":2,"qualified":false,"samples":64,"seed":42}
SHARED_CV_SCREEN {"gap":0.0013976355893075554,"iteration":900,"mode":"shared64","passed":2,"qualified":false,"samples":64,"seed":42}
SHARED_CV_SCREEN {"gap":0.0013775524589857285,"iteration":925,"mode":"shared64","passed":2,"qualified":false,"samples":64,"seed":42}
SHARED_CV_SCREEN {"gap":0.0012619149352373626,"iteration":950,"mode":"shared64","passed":2,"qualified":false,"samples":64,"seed":42}
SHARED_CV_SCREEN {"gap":0.0011785672264951058,"iteration":975,"mode":"shared64","passed":2,"qualified":false,"samples":64,"seed":42}
SHARED_CV_SCREEN {"gap":0.0012365654765880557,"iteration":1000,"mode":"shared64","passed":2,"qualified":false,"samples":64,"seed":42}
SHARED_CV_SCREEN {"gap":0.0011873743039960694,"iteration":1025,"mode":"shared64","passed":2,"qualified":false,"samples":64,"seed":42}
SHARED_CV_SCREEN {"gap":0.0011469715775262734,"iteration":1050,"mode":"shared64","passed":2,"qualified":false,"samples":64,"seed":42}
SHARED_CV_SCREEN {"gap":0.0011955537442489284,"iteration":1075,"mode":"shared64","passed":2,"qualified":false,"samples":64,"seed":42}
SHARED_CV_SCREEN {"gap":0.0011318535336121843,"iteration":1100,"mode":"shared64","passed":2,"qualified":false,"samples":64,"seed":42}
SHARED_CV_SCREEN {"gap":0.0011408536989625795,"iteration":1125,"mode":"shared64","passed":2,"qualified":false,"samples":64,"seed":42}
SHARED_CV_SCREEN {"gap":0.0011183955913516563,"iteration":1150,"mode":"shared64","passed":2,"qualified":false,"samples":64,"seed":42}
SHARED_CV_SCREEN {"gap":0.0011128115073597844,"iteration":1175,"mode":"shared64","passed":2,"qualified":false,"samples":64,"seed":42}
SHARED_CV_SCREEN {"gap":0.001143737663042474,"iteration":1200,"mode":"shared64","passed":2,"qualified":false,"samples":64,"seed":42}
SHARED_CV_SCREEN {"gap":0.0010395285105541663,"iteration":1225,"mode":"shared64","passed":2,"qualified":false,"samples":64,"seed":42}
SHARED_CV_SCREEN {"gap":0.0010121533117972703,"iteration":1250,"mode":"shared64","passed":2,"qualified":false,"samples":64,"seed":42}
SHARED_CV_SCREEN {"gap":0.000931807433607032,"iteration":1275,"mode":"shared64","passed":2,"qualified":false,"samples":64,"seed":42}
SHARED_CV_SCREEN {"gap":0.0009694977171027797,"iteration":1300,"mode":"shared64","passed":2,"qualified":false,"samples":64,"seed":42}
SHARED_CV_SCREEN {"gap":0.001004420973542225,"iteration":1325,"mode":"shared64","passed":3,"qualified":false,"samples":64,"seed":42}
SHARED_CV_SCREEN {"gap":0.0008402202330445446,"iteration":1350,"mode":"shared64","passed":3,"qualified":false,"samples":64,"seed":42}
SHARED_CV_SCREEN {"gap":0.0007921980268528056,"iteration":1375,"mode":"shared64","passed":3,"qualified":false,"samples":64,"seed":42}
SHARED_CV_SCREEN {"gap":0.000720905170148417,"iteration":1400,"mode":"shared64","passed":3,"qualified":false,"samples":64,"seed":42}
SHARED_CV_SCREEN {"gap":0.0007877586840435852,"iteration":1425,"mode":"shared64","passed":3,"qualified":false,"samples":64,"seed":42}
SHARED_CV_SCREEN {"gap":0.0008340565309071651,"iteration":1450,"mode":"shared64","passed":3,"qualified":false,"samples":64,"seed":42}
SHARED_CV_SCREEN {"gap":0.0007812624909652732,"iteration":1475,"mode":"shared64","passed":3,"qualified":false,"samples":64,"seed":42}
SHARED_CV_SCREEN {"gap":0.0007404503878536001,"iteration":1500,"mode":"shared64","passed":3,"qualified":false,"samples":64,"seed":42}
SHARED_CV_SCREEN {"gap":0.0006960579423562485,"iteration":1525,"mode":"shared64","passed":3,"qualified":false,"samples":64,"seed":42}
SHARED_CV_SCREEN {"gap":0.0006586459107311843,"iteration":1550,"mode":"shared64","passed":3,"qualified":false,"samples":64,"seed":42}
SHARED_CV_SCREEN {"gap":0.0006148892215615681,"iteration":1575,"mode":"shared64","passed":3,"qualified":false,"samples":64,"seed":42}
SHARED_CV_SCREEN {"gap":0.000639208943330527,"iteration":1600,"mode":"shared64","passed":3,"qualified":false,"samples":64,"seed":42}
SHARED_CV_SCREEN {"gap":0.0005924720914780995,"iteration":1625,"mode":"shared64","passed":3,"qualified":false,"samples":64,"seed":42}
SHARED_CV_SCREEN {"gap":0.0005670047112664583,"iteration":1650,"mode":"shared64","passed":3,"qualified":false,"samples":64,"seed":42}
SHARED_CV_SCREEN {"gap":0.0005303301311210123,"iteration":1675,"mode":"shared64","passed":3,"qualified":false,"samples":64,"seed":42}
SHARED_CV_SCREEN {"gap":0.0005218195109931156,"iteration":1700,"mode":"shared64","passed":3,"qualified":false,"samples":64,"seed":42}
SHARED_CV_SCREEN {"gap":0.0005147655876471258,"iteration":1725,"mode":"shared64","passed":3,"qualified":false,"samples":64,"seed":42}
SHARED_CV_SCREEN {"gap":0.00047343730887704216,"iteration":1750,"mode":"shared64","passed":3,"qualified":false,"samples":64,"seed":42}
SHARED_CV_SCREEN {"gap":0.0004889536528001059,"iteration":1775,"mode":"shared64","passed":3,"qualified":false,"samples":64,"seed":42}
SHARED_CV_SCREEN {"gap":0.0004961382387885516,"iteration":1800,"mode":"shared64","passed":3,"qualified":false,"samples":64,"seed":42}
SHARED_CV_SCREEN {"gap":0.00048546299381183045,"iteration":1825,"mode":"shared64","passed":4,"qualified":false,"samples":64,"seed":42}
SHARED_CV_SCREEN {"gap":0.0004525835495112901,"iteration":1850,"mode":"shared64","passed":4,"qualified":false,"samples":64,"seed":42}
SHARED_CV_SCREEN {"gap":0.0004505491628746111,"iteration":1875,"mode":"shared64","passed":3,"qualified":false,"samples":64,"seed":42}
SHARED_CV_SCREEN {"gap":0.0004388224248267625,"iteration":1900,"mode":"shared64","passed":3,"qualified":false,"samples":64,"seed":42}
SHARED_CV_SCREEN {"gap":0.0004089441129492416,"iteration":1925,"mode":"shared64","passed":3,"qualified":false,"samples":64,"seed":42}
SHARED_CV_SCREEN {"gap":0.00040529648351013414,"iteration":1950,"mode":"shared64","passed":3,"qualified":false,"samples":64,"seed":42}
SHARED_CV_SCREEN {"gap":0.00039507103217591155,"iteration":1975,"mode":"shared64","passed":3,"qualified":false,"samples":64,"seed":42}
SHARED_CV_SCREEN {"gap":0.0003880002085244333,"iteration":2000,"mode":"shared64","passed":3,"qualified":false,"samples":64,"seed":42}
SHARED_CV_SCREEN {"gap":0.00037049747337013217,"iteration":2025,"mode":"shared64","passed":3,"qualified":false,"samples":64,"seed":42}
SHARED_CV_SCREEN {"gap":0.00038766461886004244,"iteration":2050,"mode":"shared64","passed":3,"qualified":false,"samples":64,"seed":42}
SHARED_CV_SCREEN {"gap":0.00036986081693921036,"iteration":2075,"mode":"shared64","passed":3,"qualified":false,"samples":64,"seed":42}
SHARED_CV_SCREEN {"gap":0.0003333833507404155,"iteration":2100,"mode":"shared64","passed":3,"qualified":false,"samples":64,"seed":42}
SHARED_CV_SCREEN {"gap":0.0003276106469280726,"iteration":2125,"mode":"shared64","passed":3,"qualified":false,"samples":64,"seed":42}
SHARED_CV_SCREEN {"gap":0.00031721305251551646,"iteration":2150,"mode":"shared64","passed":4,"qualified":false,"samples":64,"seed":42}
SHARED_CV_SCREEN {"gap":0.00031597127498723954,"iteration":2175,"mode":"shared64","passed":4,"qualified":false,"samples":64,"seed":42}
SHARED_CV_SCREEN {"gap":0.0003204187034396011,"iteration":2200,"mode":"shared64","passed":4,"qualified":false,"samples":64,"seed":42}
SHARED_CV_SCREEN {"gap":0.0003612816323961682,"iteration":2225,"mode":"shared64","passed":4,"qualified":false,"samples":64,"seed":42}
SHARED_CV_SCREEN {"gap":0.000361163616783719,"iteration":2250,"mode":"shared64","passed":4,"qualified":false,"samples":64,"seed":42}
SHARED_CV_SCREEN {"gap":0.00032025714032232755,"iteration":2275,"mode":"shared64","passed":4,"qualified":false,"samples":64,"seed":42}
SHARED_CV_SCREEN {"gap":0.00032093038451980194,"iteration":2300,"mode":"shared64","passed":4,"qualified":false,"samples":64,"seed":42}
SHARED_CV_SCREEN {"gap":0.0003174675691991896,"iteration":2325,"mode":"shared64","passed":4,"qualified":false,"samples":64,"seed":42}
SHARED_CV_SCREEN {"gap":0.000315366554948307,"iteration":2350,"mode":"shared64","passed":4,"qualified":false,"samples":64,"seed":42}
SHARED_CV_SCREEN {"gap":0.0003109524021501081,"iteration":2375,"mode":"shared64","passed":4,"qualified":false,"samples":64,"seed":42}
SHARED_CV_SCREEN {"gap":0.0003271906999336438,"iteration":2400,"mode":"shared64","passed":4,"qualified":false,"samples":64,"seed":42}
SHARED_CV_SCREEN {"gap":0.0003565913970483281,"iteration":2425,"mode":"shared64","passed":4,"qualified":false,"samples":64,"seed":42}
SHARED_CV_SCREEN {"gap":0.00033050524244306045,"iteration":2450,"mode":"shared64","passed":4,"qualified":false,"samples":64,"seed":42}
SHARED_CV_SCREEN {"gap":0.00032140413720878336,"iteration":2475,"mode":"shared64","passed":4,"qualified":false,"samples":64,"seed":42}
SHARED_CV_SCREEN {"gap":0.0003221089761574203,"iteration":2500,"mode":"shared64","passed":4,"qualified":false,"samples":64,"seed":42}
SHARED_CV_SCREEN {"gap":0.0003246885390483373,"iteration":2525,"mode":"shared64","passed":4,"qualified":false,"samples":64,"seed":42}
SHARED_CV_SCREEN {"gap":0.0003232785797848414,"iteration":2550,"mode":"shared64","passed":4,"qualified":false,"samples":64,"seed":42}
SHARED_CV_SCREEN {"gap":0.00031243032879581245,"iteration":2575,"mode":"shared64","passed":4,"qualified":false,"samples":64,"seed":42}
SHARED_CV_SCREEN {"gap":0.0003324228123895989,"iteration":2600,"mode":"shared64","passed":4,"qualified":false,"samples":64,"seed":42}
SHARED_CV_SCREEN {"gap":0.00033171693153578874,"iteration":2625,"mode":"shared64","passed":4,"qualified":false,"samples":64,"seed":42}
SHARED_CV_SCREEN {"gap":0.0003086758727333244,"iteration":2650,"mode":"shared64","passed":4,"qualified":false,"samples":64,"seed":42}
SHARED_CV_SCREEN {"gap":0.000306636380609987,"iteration":2675,"mode":"shared64","passed":4,"qualified":false,"samples":64,"seed":42}
SHARED_CV_SCREEN {"gap":0.0003022386444105907,"iteration":2700,"mode":"shared64","passed":4,"qualified":false,"samples":64,"seed":42}
SHARED_CV_SCREEN {"gap":0.00029087369534826213,"iteration":2725,"mode":"shared64","passed":4,"qualified":false,"samples":64,"seed":42}
SHARED_CV_SCREEN {"gap":0.00029397537179542965,"iteration":2750,"mode":"shared64","passed":4,"qualified":false,"samples":64,"seed":42}
SHARED_CV_SCREEN {"gap":0.00030439007608848434,"iteration":2775,"mode":"shared64","passed":4,"qualified":false,"samples":64,"seed":42}
SHARED_CV_SCREEN {"gap":0.00031873617476262106,"iteration":2800,"mode":"shared64","passed":4,"qualified":false,"samples":64,"seed":42}
SHARED_CV_SCREEN {"gap":0.00031796536601882974,"iteration":2825,"mode":"shared64","passed":4,"qualified":false,"samples":64,"seed":42}
SHARED_CV_SCREEN {"gap":0.00031587131213176023,"iteration":2850,"mode":"shared64","passed":4,"qualified":false,"samples":64,"seed":42}
SHARED_CV_SCREEN {"gap":0.00031687703960422975,"iteration":2875,"mode":"shared64","passed":4,"qualified":false,"samples":64,"seed":42}
SHARED_CV_SCREEN {"gap":0.0003011142568257741,"iteration":2900,"mode":"shared64","passed":4,"qualified":false,"samples":64,"seed":42}
SHARED_CV_SCREEN {"gap":0.0002988743477847916,"iteration":2925,"mode":"shared64","passed":4,"qualified":false,"samples":64,"seed":42}
SHARED_CV_SCREEN {"gap":0.0003120565081152771,"iteration":2950,"mode":"shared64","passed":4,"qualified":false,"samples":64,"seed":42}
SHARED_CV_SCREEN {"gap":0.000309864002491278,"iteration":2975,"mode":"shared64","passed":4,"qualified":false,"samples":64,"seed":42}
SHARED_CV_SCREEN {"gap":0.00031932713721327666,"iteration":3000,"mode":"shared64","passed":4,"qualified":false,"samples":64,"seed":42}
