preflop gpu: coupled multiway, 1024 particles, 10728 reach CDFs, 32-particle batches, 128 MB CDF scratch
preflop gpu: compact CDF slots 5890 of 10728, 0.3 MB immutable map
preflop gpu: deployed_prepass reference, 32-particle grouping and HU-cache=true with accurately budgeted storage
preflop gpu: 23038 nodes, 17 levels, 12168 terminals (1873 calibrated), 0 forced + 0 frozen nodes, ~263 MB VRAM
SHARED_CV_SCREEN {"gap":0.28349146381156115,"iteration":25,"mode":"shared32","passed":0,"qualified":false,"samples":64,"seed":42}
SHARED_CV_SCREEN {"gap":0.2045021376542479,"iteration":50,"mode":"shared32","passed":2,"qualified":false,"samples":64,"seed":42}
SHARED_CV_SCREEN {"gap":0.041887302051170056,"iteration":75,"mode":"shared32","passed":1,"qualified":false,"samples":64,"seed":42}
SHARED_CV_SCREEN {"gap":0.023578913858886413,"iteration":100,"mode":"shared32","passed":2,"qualified":false,"samples":64,"seed":42}
SHARED_CV_SCREEN {"gap":0.012971543162690904,"iteration":125,"mode":"shared32","passed":2,"qualified":false,"samples":64,"seed":42}
SHARED_CV_SCREEN {"gap":0.010183819441996714,"iteration":150,"mode":"shared32","passed":2,"qualified":false,"samples":64,"seed":42}
SHARED_CV_SCREEN {"gap":0.006565397831042097,"iteration":175,"mode":"shared32","passed":2,"qualified":false,"samples":64,"seed":42}
SHARED_CV_SCREEN {"gap":0.006257348669686955,"iteration":200,"mode":"shared32","passed":2,"qualified":false,"samples":64,"seed":42}
SHARED_CV_SCREEN {"gap":0.0065624365475265845,"iteration":225,"mode":"shared32","passed":2,"qualified":false,"samples":64,"seed":42}
SHARED_CV_SCREEN {"gap":0.004545387946976745,"iteration":250,"mode":"shared32","passed":2,"qualified":false,"samples":64,"seed":42}
SHARED_CV_SCREEN {"gap":0.003490508749754387,"iteration":275,"mode":"shared32","passed":2,"qualified":false,"samples":64,"seed":42}
SHARED_CV_SCREEN {"gap":0.0031389623191935417,"iteration":300,"mode":"shared32","passed":2,"qualified":false,"samples":64,"seed":42}
SHARED_CV_SCREEN {"gap":0.002817410001416068,"iteration":325,"mode":"shared32","passed":2,"qualified":false,"samples":64,"seed":42}
SHARED_CV_SCREEN {"gap":0.0026172030277473862,"iteration":350,"mode":"shared32","passed":2,"qualified":false,"samples":64,"seed":42}
SHARED_CV_SCREEN {"gap":0.0022645625671889047,"iteration":375,"mode":"shared32","passed":2,"qualified":false,"samples":64,"seed":42}
SHARED_CV_SCREEN {"gap":0.0022979775264149738,"iteration":400,"mode":"shared32","passed":2,"qualified":false,"samples":64,"seed":42}
SHARED_CV_SCREEN {"gap":0.0020352155879821837,"iteration":425,"mode":"shared32","passed":2,"qualified":false,"samples":64,"seed":42}
SHARED_CV_SCREEN {"gap":0.0019265420787869941,"iteration":450,"mode":"shared32","passed":2,"qualified":false,"samples":64,"seed":42}
SHARED_CV_SCREEN {"gap":0.0018087671343591794,"iteration":475,"mode":"shared32","passed":2,"qualified":false,"samples":64,"seed":42}
SHARED_CV_SCREEN {"gap":0.0018554464012274507,"iteration":500,"mode":"shared32","passed":2,"qualified":false,"samples":64,"seed":42}
SHARED_CV_SCREEN {"gap":0.001903799984087448,"iteration":525,"mode":"shared32","passed":2,"qualified":false,"samples":64,"seed":42}
SHARED_CV_SCREEN {"gap":0.0018270829139055977,"iteration":550,"mode":"shared32","passed":2,"qualified":false,"samples":64,"seed":42}
SHARED_CV_SCREEN {"gap":0.0020093309934860887,"iteration":575,"mode":"shared32","passed":2,"qualified":false,"samples":64,"seed":42}
SHARED_CV_SCREEN {"gap":0.0018070967520332354,"iteration":600,"mode":"shared32","passed":2,"qualified":false,"samples":64,"seed":42}
SHARED_CV_SCREEN {"gap":0.0016801460841372046,"iteration":625,"mode":"shared32","passed":2,"qualified":false,"samples":64,"seed":42}
SHARED_CV_SCREEN {"gap":0.001853860685386316,"iteration":650,"mode":"shared32","passed":2,"qualified":false,"samples":64,"seed":42}
SHARED_CV_SCREEN {"gap":0.0017480146448770606,"iteration":675,"mode":"shared32","passed":2,"qualified":false,"samples":64,"seed":42}
SHARED_CV_SCREEN {"gap":0.0016676573838484976,"iteration":700,"mode":"shared32","passed":2,"qualified":false,"samples":64,"seed":42}
SHARED_CV_SCREEN {"gap":0.001591014782635028,"iteration":725,"mode":"shared32","passed":2,"qualified":false,"samples":64,"seed":42}
SHARED_CV_SCREEN {"gap":0.0015735368210846173,"iteration":750,"mode":"shared32","passed":2,"qualified":false,"samples":64,"seed":42}
SHARED_CV_SCREEN {"gap":0.0015588310990979626,"iteration":775,"mode":"shared32","passed":2,"qualified":false,"samples":64,"seed":42}
SHARED_CV_SCREEN {"gap":0.0016809805938122063,"iteration":800,"mode":"shared32","passed":2,"qualified":false,"samples":64,"seed":42}
SHARED_CV_SCREEN {"gap":0.0015527433646814193,"iteration":825,"mode":"shared32","passed":2,"qualified":false,"samples":64,"seed":42}
SHARED_CV_SCREEN {"gap":0.0014193581637281794,"iteration":850,"mode":"shared32","passed":2,"qualified":false,"samples":64,"seed":42}
SHARED_CV_SCREEN {"gap":0.001365428169749841,"iteration":875,"mode":"shared32","passed":2,"qualified":false,"samples":64,"seed":42}
SHARED_CV_SCREEN {"gap":0.0013075351027186932,"iteration":900,"mode":"shared32","passed":2,"qualified":false,"samples":64,"seed":42}
SHARED_CV_SCREEN {"gap":0.001239860008833138,"iteration":925,"mode":"shared32","passed":2,"qualified":false,"samples":64,"seed":42}
SHARED_CV_SCREEN {"gap":0.0011808652458965008,"iteration":950,"mode":"shared32","passed":2,"qualified":false,"samples":64,"seed":42}
SHARED_CV_SCREEN {"gap":0.0011758991842989591,"iteration":975,"mode":"shared32","passed":2,"qualified":false,"samples":64,"seed":42}
SHARED_CV_SCREEN {"gap":0.0012356030048608635,"iteration":1000,"mode":"shared32","passed":2,"qualified":false,"samples":64,"seed":42}
SHARED_CV_SCREEN {"gap":0.00119350858379004,"iteration":1025,"mode":"shared32","passed":2,"qualified":false,"samples":64,"seed":42}
SHARED_CV_SCREEN {"gap":0.0011707006193117098,"iteration":1050,"mode":"shared32","passed":2,"qualified":false,"samples":64,"seed":42}
SHARED_CV_SCREEN {"gap":0.0011207731858455389,"iteration":1075,"mode":"shared32","passed":2,"qualified":false,"samples":64,"seed":42}
SHARED_CV_SCREEN {"gap":0.0010670032199520951,"iteration":1100,"mode":"shared32","passed":2,"qualified":false,"samples":64,"seed":42}
SHARED_CV_SCREEN {"gap":0.0011618350010541706,"iteration":1125,"mode":"shared32","passed":2,"qualified":false,"samples":64,"seed":42}
SHARED_CV_SCREEN {"gap":0.001081202929671607,"iteration":1150,"mode":"shared32","passed":2,"qualified":false,"samples":64,"seed":42}
SHARED_CV_SCREEN {"gap":0.0009760098741964651,"iteration":1175,"mode":"shared32","passed":3,"qualified":false,"samples":64,"seed":42}
SHARED_CV_SCREEN {"gap":0.0009492268251519997,"iteration":1200,"mode":"shared32","passed":3,"qualified":false,"samples":64,"seed":42}
SHARED_CV_SCREEN {"gap":0.0008856702624794044,"iteration":1225,"mode":"shared32","passed":3,"qualified":false,"samples":64,"seed":42}
SHARED_CV_SCREEN {"gap":0.0009145746089696677,"iteration":1250,"mode":"shared32","passed":3,"qualified":false,"samples":64,"seed":42}
SHARED_CV_SCREEN {"gap":0.0008940599463087562,"iteration":1275,"mode":"shared32","passed":3,"qualified":false,"samples":64,"seed":42}
SHARED_CV_SCREEN {"gap":0.0008228418351176603,"iteration":1300,"mode":"shared32","passed":3,"qualified":false,"samples":64,"seed":42}
SHARED_CV_SCREEN {"gap":0.0008016982063286243,"iteration":1325,"mode":"shared32","passed":3,"qualified":false,"samples":64,"seed":42}
SHARED_CV_SCREEN {"gap":0.0007598034648413771,"iteration":1350,"mode":"shared32","passed":3,"qualified":false,"samples":64,"seed":42}
SHARED_CV_SCREEN {"gap":0.0007260684759218122,"iteration":1375,"mode":"shared32","passed":3,"qualified":false,"samples":64,"seed":42}
SHARED_CV_SCREEN {"gap":0.0007526869416714932,"iteration":1400,"mode":"shared32","passed":3,"qualified":false,"samples":64,"seed":42}
SHARED_CV_SCREEN {"gap":0.0007181087255587193,"iteration":1425,"mode":"shared32","passed":3,"qualified":false,"samples":64,"seed":42}
SHARED_CV_SCREEN {"gap":0.0006921074821916451,"iteration":1450,"mode":"shared32","passed":3,"qualified":false,"samples":64,"seed":42}
SHARED_CV_SCREEN {"gap":0.0006189553836803419,"iteration":1475,"mode":"shared32","passed":3,"qualified":false,"samples":64,"seed":42}
SHARED_CV_SCREEN {"gap":0.0005995113282710046,"iteration":1500,"mode":"shared32","passed":3,"qualified":false,"samples":64,"seed":42}
SHARED_CV_SCREEN {"gap":0.000596131374537387,"iteration":1525,"mode":"shared32","passed":3,"qualified":false,"samples":64,"seed":42}
SHARED_CV_SCREEN {"gap":0.0005852736300735323,"iteration":1550,"mode":"shared32","passed":3,"qualified":false,"samples":64,"seed":42}
SHARED_CV_SCREEN {"gap":0.000586165709052594,"iteration":1575,"mode":"shared32","passed":3,"qualified":false,"samples":64,"seed":42}
SHARED_CV_SCREEN {"gap":0.000551161510015219,"iteration":1600,"mode":"shared32","passed":3,"qualified":false,"samples":64,"seed":42}
SHARED_CV_SCREEN {"gap":0.0005270651136661808,"iteration":1625,"mode":"shared32","passed":3,"qualified":false,"samples":64,"seed":42}
SHARED_CV_SCREEN {"gap":0.0005255009752465345,"iteration":1650,"mode":"shared32","passed":3,"qualified":false,"samples":64,"seed":42}
SHARED_CV_SCREEN {"gap":0.0004755275250542951,"iteration":1675,"mode":"shared32","passed":3,"qualified":false,"samples":64,"seed":42}
SHARED_CV_SCREEN {"gap":0.0004741466193752958,"iteration":1700,"mode":"shared32","passed":3,"qualified":false,"samples":64,"seed":42}
SHARED_CV_SCREEN {"gap":0.00045535620138466293,"iteration":1725,"mode":"shared32","passed":3,"qualified":false,"samples":64,"seed":42}
SHARED_CV_SCREEN {"gap":0.0004577835654357293,"iteration":1750,"mode":"shared32","passed":3,"qualified":false,"samples":64,"seed":42}
SHARED_CV_SCREEN {"gap":0.00045128804964464364,"iteration":1775,"mode":"shared32","passed":3,"qualified":false,"samples":64,"seed":42}
SHARED_CV_SCREEN {"gap":0.0004415911927442423,"iteration":1800,"mode":"shared32","passed":3,"qualified":false,"samples":64,"seed":42}
SHARED_CV_SCREEN {"gap":0.0004194243917870766,"iteration":1825,"mode":"shared32","passed":3,"qualified":false,"samples":64,"seed":42}
SHARED_CV_SCREEN {"gap":0.0003958444341385231,"iteration":1850,"mode":"shared32","passed":3,"qualified":false,"samples":64,"seed":42}
SHARED_CV_SCREEN {"gap":0.0003872970652451929,"iteration":1875,"mode":"shared32","passed":3,"qualified":false,"samples":64,"seed":42}
SHARED_CV_SCREEN {"gap":0.0003796902262391544,"iteration":1900,"mode":"shared32","passed":3,"qualified":false,"samples":64,"seed":42}
SHARED_CV_SCREEN {"gap":0.00037057985629410095,"iteration":1925,"mode":"shared32","passed":4,"qualified":false,"samples":64,"seed":42}
SHARED_CV_SCREEN {"gap":0.00036828974033797923,"iteration":1950,"mode":"shared32","passed":4,"qualified":false,"samples":64,"seed":42}
SHARED_CV_SCREEN {"gap":0.0003634676451141905,"iteration":1975,"mode":"shared32","passed":4,"qualified":false,"samples":64,"seed":42}
SHARED_CV_SCREEN {"gap":0.0003599262545814774,"iteration":2000,"mode":"shared32","passed":4,"qualified":false,"samples":64,"seed":42}
SHARED_CV_SCREEN {"gap":0.00034928822397946313,"iteration":2025,"mode":"shared32","passed":4,"qualified":false,"samples":64,"seed":42}
SHARED_CV_SCREEN {"gap":0.0003461955627784702,"iteration":2050,"mode":"shared32","passed":4,"qualified":false,"samples":64,"seed":42}
SHARED_CV_SCREEN {"gap":0.0003656090182166394,"iteration":2075,"mode":"shared32","passed":4,"qualified":false,"samples":64,"seed":42}
SHARED_CV_SCREEN {"gap":0.000338322397458346,"iteration":2100,"mode":"shared32","passed":4,"qualified":false,"samples":64,"seed":42}
SHARED_CV_SCREEN {"gap":0.0003177213881225688,"iteration":2125,"mode":"shared32","passed":4,"qualified":false,"samples":64,"seed":42}
SHARED_CV_SCREEN {"gap":0.00030697375979943375,"iteration":2150,"mode":"shared32","passed":4,"qualified":false,"samples":64,"seed":42}
SHARED_CV_SCREEN {"gap":0.0003004807612679711,"iteration":2175,"mode":"shared32","passed":4,"qualified":false,"samples":64,"seed":42}
SHARED_CV_SCREEN {"gap":0.00030837159385939394,"iteration":2200,"mode":"shared32","passed":4,"qualified":false,"samples":64,"seed":42}
SHARED_CV_SCREEN {"gap":0.00034120434188694704,"iteration":2225,"mode":"shared32","passed":4,"qualified":false,"samples":64,"seed":42}
SHARED_CV_SCREEN {"gap":0.00034857252366508884,"iteration":2250,"mode":"shared32","passed":4,"qualified":false,"samples":64,"seed":42}
SHARED_CV_SCREEN {"gap":0.00032461069066726245,"iteration":2275,"mode":"shared32","passed":4,"qualified":false,"samples":64,"seed":42}
SHARED_CV_SCREEN {"gap":0.0003189439472141009,"iteration":2300,"mode":"shared32","passed":4,"qualified":false,"samples":64,"seed":42}
SHARED_CV_SCREEN {"gap":0.0003225270939294783,"iteration":2325,"mode":"shared32","passed":4,"qualified":false,"samples":64,"seed":42}
SHARED_CV_SCREEN {"gap":0.0003192118901673979,"iteration":2350,"mode":"shared32","passed":4,"qualified":false,"samples":64,"seed":42}
SHARED_CV_SCREEN {"gap":0.00031411627758554106,"iteration":2375,"mode":"shared32","passed":4,"qualified":false,"samples":64,"seed":42}
SHARED_CV_SCREEN {"gap":0.00031663999986346336,"iteration":2400,"mode":"shared32","passed":4,"qualified":false,"samples":64,"seed":42}
SHARED_CV_SCREEN {"gap":0.0003468024972958089,"iteration":2425,"mode":"shared32","passed":4,"qualified":false,"samples":64,"seed":42}
SHARED_CV_SCREEN {"gap":0.0003409445266000094,"iteration":2450,"mode":"shared32","passed":4,"qualified":false,"samples":64,"seed":42}
SHARED_CV_SCREEN {"gap":0.00031688402757429346,"iteration":2475,"mode":"shared32","passed":4,"qualified":false,"samples":64,"seed":42}
SHARED_CV_SCREEN {"gap":0.0003211924750798345,"iteration":2500,"mode":"shared32","passed":4,"qualified":false,"samples":64,"seed":42}
SHARED_CV_SCREEN {"gap":0.00031538939012920597,"iteration":2525,"mode":"shared32","passed":4,"qualified":false,"samples":64,"seed":42}
SHARED_CV_SCREEN {"gap":0.00031117661113200246,"iteration":2550,"mode":"shared32","passed":4,"qualified":false,"samples":64,"seed":42}
SHARED_CV_SCREEN {"gap":0.00031496555590689035,"iteration":2575,"mode":"shared32","passed":4,"qualified":false,"samples":64,"seed":42}
SHARED_CV_SCREEN {"gap":0.0003052740614719329,"iteration":2600,"mode":"shared32","passed":4,"qualified":false,"samples":64,"seed":42}
SHARED_CV_SCREEN {"gap":0.0003463400764980168,"iteration":2625,"mode":"shared32","passed":4,"qualified":false,"samples":64,"seed":42}
SHARED_CV_SCREEN {"gap":0.00035427808428584173,"iteration":2650,"mode":"shared32","passed":4,"qualified":false,"samples":64,"seed":42}
SHARED_CV_SCREEN {"gap":0.00032071871599516355,"iteration":2675,"mode":"shared32","passed":4,"qualified":false,"samples":64,"seed":42}
SHARED_CV_SCREEN {"gap":0.0003200491059700966,"iteration":2700,"mode":"shared32","passed":4,"qualified":false,"samples":64,"seed":42}
SHARED_CV_SCREEN {"gap":0.0003317431658068082,"iteration":2725,"mode":"shared32","passed":4,"qualified":false,"samples":64,"seed":42}
SHARED_CV_SCREEN {"gap":0.0003288867572685261,"iteration":2750,"mode":"shared32","passed":4,"qualified":false,"samples":64,"seed":42}
SHARED_CV_SCREEN {"gap":0.0003294894819909078,"iteration":2775,"mode":"shared32","passed":4,"qualified":false,"samples":64,"seed":42}
SHARED_CV_SCREEN {"gap":0.00033239089153663803,"iteration":2800,"mode":"shared32","passed":4,"qualified":false,"samples":64,"seed":42}
SHARED_CV_SCREEN {"gap":0.0003544580921167745,"iteration":2825,"mode":"shared32","passed":4,"qualified":false,"samples":64,"seed":42}
SHARED_CV_SCREEN {"gap":0.00037173858553181394,"iteration":2850,"mode":"shared32","passed":4,"qualified":false,"samples":64,"seed":42}
SHARED_CV_SCREEN {"gap":0.0003537241021326909,"iteration":2875,"mode":"shared32","passed":4,"qualified":false,"samples":64,"seed":42}
SHARED_CV_SCREEN {"gap":0.00034747472769301735,"iteration":2900,"mode":"shared32","passed":4,"qualified":false,"samples":64,"seed":42}
SHARED_CV_SCREEN {"gap":0.0003440738253813608,"iteration":2925,"mode":"shared32","passed":4,"qualified":false,"samples":64,"seed":42}
SHARED_CV_SCREEN {"gap":0.00033059744494087773,"iteration":2950,"mode":"shared32","passed":4,"qualified":false,"samples":64,"seed":42}
SHARED_CV_SCREEN {"gap":0.00032421886784354814,"iteration":2975,"mode":"shared32","passed":4,"qualified":false,"samples":64,"seed":42}
SHARED_CV_SCREEN {"gap":0.0003151865034905915,"iteration":3000,"mode":"shared32","passed":4,"qualified":false,"samples":64,"seed":42}
