preflop gpu: coupled multiway, 1024 particles, 10728 reach CDFs, 32-particle batches, 128 MB CDF scratch
preflop gpu: compact CDF slots 5890 of 10728, 0.3 MB immutable map
preflop gpu: deployed_prepass reference, 32-particle grouping and HU-cache=true with accurately budgeted storage
preflop gpu: 23038 nodes, 17 levels, 12168 terminals (1873 calibrated), 0 forced + 0 frozen nodes, ~263 MB VRAM
SHARED_CV_SCREEN {"gap":0.4466337291142025,"iteration":25,"mode":"control","passed":0,"qualified":false,"samples":1024,"seed":42}
SHARED_CV_SCREEN {"gap":0.15144781196350698,"iteration":50,"mode":"control","passed":0,"qualified":false,"samples":1024,"seed":42}
SHARED_CV_SCREEN {"gap":0.12476813221153765,"iteration":75,"mode":"control","passed":2,"qualified":false,"samples":1024,"seed":42}
SHARED_CV_SCREEN {"gap":0.0410999677740785,"iteration":100,"mode":"control","passed":1,"qualified":false,"samples":1024,"seed":42}
SHARED_CV_SCREEN {"gap":0.01605005108350306,"iteration":125,"mode":"control","passed":2,"qualified":false,"samples":1024,"seed":42}
SHARED_CV_SCREEN {"gap":0.010082994122947123,"iteration":150,"mode":"control","passed":1,"qualified":false,"samples":1024,"seed":42}
SHARED_CV_SCREEN {"gap":0.00860727170991546,"iteration":175,"mode":"control","passed":1,"qualified":false,"samples":1024,"seed":42}
SHARED_CV_SCREEN {"gap":0.006229966356361763,"iteration":200,"mode":"control","passed":2,"qualified":false,"samples":1024,"seed":42}
SHARED_CV_SCREEN {"gap":0.005511513968987997,"iteration":225,"mode":"control","passed":2,"qualified":false,"samples":1024,"seed":42}
SHARED_CV_SCREEN {"gap":0.004242726006576242,"iteration":250,"mode":"control","passed":2,"qualified":false,"samples":1024,"seed":42}
SHARED_CV_SCREEN {"gap":0.0037769511956521062,"iteration":275,"mode":"control","passed":2,"qualified":false,"samples":1024,"seed":42}
SHARED_CV_SCREEN {"gap":0.0034135839962264186,"iteration":300,"mode":"control","passed":2,"qualified":false,"samples":1024,"seed":42}
SHARED_CV_SCREEN {"gap":0.002882718378642457,"iteration":325,"mode":"control","passed":2,"qualified":false,"samples":1024,"seed":42}
SHARED_CV_SCREEN {"gap":0.0026553451537223577,"iteration":350,"mode":"control","passed":2,"qualified":false,"samples":1024,"seed":42}
SHARED_CV_SCREEN {"gap":0.002301031225035846,"iteration":375,"mode":"control","passed":2,"qualified":false,"samples":1024,"seed":42}
SHARED_CV_SCREEN {"gap":0.0020785225328020934,"iteration":400,"mode":"control","passed":2,"qualified":false,"samples":1024,"seed":42}
SHARED_CV_SCREEN {"gap":0.0020371342886577465,"iteration":425,"mode":"control","passed":2,"qualified":false,"samples":1024,"seed":42}
SHARED_CV_SCREEN {"gap":0.001888298900203672,"iteration":450,"mode":"control","passed":2,"qualified":false,"samples":1024,"seed":42}
SHARED_CV_SCREEN {"gap":0.0020200196421001765,"iteration":475,"mode":"control","passed":2,"qualified":false,"samples":1024,"seed":42}
SHARED_CV_SCREEN {"gap":0.0019064800480874389,"iteration":500,"mode":"control","passed":2,"qualified":false,"samples":1024,"seed":42}
SHARED_CV_SCREEN {"gap":0.0018525089585358367,"iteration":525,"mode":"control","passed":2,"qualified":false,"samples":1024,"seed":42}
SHARED_CV_SCREEN {"gap":0.0019837895239791653,"iteration":550,"mode":"control","passed":2,"qualified":false,"samples":1024,"seed":42}
SHARED_CV_SCREEN {"gap":0.0018237689422725967,"iteration":575,"mode":"control","passed":2,"qualified":false,"samples":1024,"seed":42}
SHARED_CV_SCREEN {"gap":0.00153836355600373,"iteration":600,"mode":"control","passed":2,"qualified":false,"samples":1024,"seed":42}
SHARED_CV_SCREEN {"gap":0.001547256702856048,"iteration":625,"mode":"control","passed":2,"qualified":false,"samples":1024,"seed":42}
SHARED_CV_SCREEN {"gap":0.0017020093925004254,"iteration":650,"mode":"control","passed":2,"qualified":false,"samples":1024,"seed":42}
SHARED_CV_SCREEN {"gap":0.001550930557311217,"iteration":675,"mode":"control","passed":3,"qualified":false,"samples":1024,"seed":42}
SHARED_CV_SCREEN {"gap":0.001396551565186352,"iteration":700,"mode":"control","passed":3,"qualified":false,"samples":1024,"seed":42}
SHARED_CV_SCREEN {"gap":0.001370025956232243,"iteration":725,"mode":"control","passed":3,"qualified":false,"samples":1024,"seed":42}
SHARED_CV_SCREEN {"gap":0.0014831299236983675,"iteration":750,"mode":"control","passed":3,"qualified":false,"samples":1024,"seed":42}
SHARED_CV_SCREEN {"gap":0.0014761437498832103,"iteration":775,"mode":"control","passed":3,"qualified":false,"samples":1024,"seed":42}
SHARED_CV_SCREEN {"gap":0.0012374569312992856,"iteration":800,"mode":"control","passed":3,"qualified":false,"samples":1024,"seed":42}
SHARED_CV_SCREEN {"gap":0.001143731676346349,"iteration":825,"mode":"control","passed":3,"qualified":false,"samples":1024,"seed":42}
SHARED_CV_SCREEN {"gap":0.001176464870010857,"iteration":850,"mode":"control","passed":3,"qualified":false,"samples":1024,"seed":42}
SHARED_CV_SCREEN {"gap":0.0011155922663163287,"iteration":875,"mode":"control","passed":3,"qualified":false,"samples":1024,"seed":42}
SHARED_CV_SCREEN {"gap":0.0010573827543471082,"iteration":900,"mode":"control","passed":2,"qualified":false,"samples":1024,"seed":42}
SHARED_CV_SCREEN {"gap":0.001025500389582365,"iteration":925,"mode":"control","passed":2,"qualified":false,"samples":1024,"seed":42}
SHARED_CV_SCREEN {"gap":0.0010082355319172565,"iteration":950,"mode":"control","passed":2,"qualified":false,"samples":1024,"seed":42}
SHARED_CV_SCREEN {"gap":0.0009676081513821516,"iteration":975,"mode":"control","passed":2,"qualified":false,"samples":1024,"seed":42}
SHARED_CV_SCREEN {"gap":0.0009402056681394877,"iteration":1000,"mode":"control","passed":2,"qualified":false,"samples":1024,"seed":42}
SHARED_CV_SCREEN {"gap":0.0009244585234094854,"iteration":1025,"mode":"control","passed":3,"qualified":false,"samples":1024,"seed":42}
SHARED_CV_SCREEN {"gap":0.0008523225187345579,"iteration":1050,"mode":"control","passed":2,"qualified":false,"samples":1024,"seed":42}
SHARED_CV_SCREEN {"gap":0.0008805588163713213,"iteration":1075,"mode":"control","passed":2,"qualified":false,"samples":1024,"seed":42}
SHARED_CV_SCREEN {"gap":0.0009178557737307552,"iteration":1100,"mode":"control","passed":2,"qualified":false,"samples":1024,"seed":42}
SHARED_CV_SCREEN {"gap":0.0008528106223795462,"iteration":1125,"mode":"control","passed":2,"qualified":false,"samples":1024,"seed":42}
SHARED_CV_SCREEN {"gap":0.0008221429360015797,"iteration":1150,"mode":"control","passed":2,"qualified":false,"samples":1024,"seed":42}
SHARED_CV_SCREEN {"gap":0.0008473907586219465,"iteration":1175,"mode":"control","passed":3,"qualified":false,"samples":1024,"seed":42}
SHARED_CV_SCREEN {"gap":0.0008921894051486245,"iteration":1200,"mode":"control","passed":3,"qualified":false,"samples":1024,"seed":42}
SHARED_CV_SCREEN {"gap":0.0008241904153091506,"iteration":1225,"mode":"control","passed":3,"qualified":false,"samples":1024,"seed":42}
SHARED_CV_SCREEN {"gap":0.000798405805340574,"iteration":1250,"mode":"control","passed":3,"qualified":false,"samples":1024,"seed":42}
SHARED_CV_SCREEN {"gap":0.0007296758737832254,"iteration":1275,"mode":"control","passed":3,"qualified":false,"samples":1024,"seed":42}
SHARED_CV_SCREEN {"gap":0.000697505413554414,"iteration":1300,"mode":"control","passed":3,"qualified":false,"samples":1024,"seed":42}
SHARED_CV_SCREEN {"gap":0.0007479787412027067,"iteration":1325,"mode":"control","passed":3,"qualified":false,"samples":1024,"seed":42}
SHARED_CV_SCREEN {"gap":0.000728106409269888,"iteration":1350,"mode":"control","passed":3,"qualified":false,"samples":1024,"seed":42}
SHARED_CV_SCREEN {"gap":0.0006664606109026278,"iteration":1375,"mode":"control","passed":3,"qualified":false,"samples":1024,"seed":42}
SHARED_CV_SCREEN {"gap":0.0006664364365178976,"iteration":1400,"mode":"control","passed":3,"qualified":false,"samples":1024,"seed":42}
SHARED_CV_SCREEN {"gap":0.0006426240370739217,"iteration":1425,"mode":"control","passed":3,"qualified":false,"samples":1024,"seed":42}
SHARED_CV_SCREEN {"gap":0.0005736487509137994,"iteration":1450,"mode":"control","passed":3,"qualified":false,"samples":1024,"seed":42}
SHARED_CV_SCREEN {"gap":0.0005753343473406669,"iteration":1475,"mode":"control","passed":3,"qualified":false,"samples":1024,"seed":42}
SHARED_CV_SCREEN {"gap":0.0005586149284877856,"iteration":1500,"mode":"control","passed":3,"qualified":false,"samples":1024,"seed":42}
SHARED_CV_SCREEN {"gap":0.000560102534125223,"iteration":1525,"mode":"control","passed":3,"qualified":false,"samples":1024,"seed":42}
SHARED_CV_SCREEN {"gap":0.0005718246187772502,"iteration":1550,"mode":"control","passed":3,"qualified":false,"samples":1024,"seed":42}
SHARED_CV_SCREEN {"gap":0.000569907542554815,"iteration":1575,"mode":"control","passed":3,"qualified":false,"samples":1024,"seed":42}
SHARED_CV_SCREEN {"gap":0.0005279111021805755,"iteration":1600,"mode":"control","passed":3,"qualified":false,"samples":1024,"seed":42}
SHARED_CV_SCREEN {"gap":0.0005366778932779093,"iteration":1625,"mode":"control","passed":3,"qualified":false,"samples":1024,"seed":42}
SHARED_CV_SCREEN {"gap":0.000511032951791085,"iteration":1650,"mode":"control","passed":3,"qualified":false,"samples":1024,"seed":42}
SHARED_CV_SCREEN {"gap":0.0004797578998402552,"iteration":1675,"mode":"control","passed":4,"qualified":false,"samples":1024,"seed":42}
SHARED_CV_SCREEN {"gap":0.0004783190346365068,"iteration":1700,"mode":"control","passed":4,"qualified":false,"samples":1024,"seed":42}
SHARED_CV_SCREEN {"gap":0.0004853501190416193,"iteration":1725,"mode":"control","passed":4,"qualified":false,"samples":1024,"seed":42}
SHARED_CV_SCREEN {"gap":0.0004518869836343392,"iteration":1750,"mode":"control","passed":4,"qualified":false,"samples":1024,"seed":42}
SHARED_CV_SCREEN {"gap":0.00046992144339810804,"iteration":1775,"mode":"control","passed":4,"qualified":false,"samples":1024,"seed":42}
SHARED_CV_SCREEN {"gap":0.00045548304863231304,"iteration":1800,"mode":"control","passed":4,"qualified":false,"samples":1024,"seed":42}
SHARED_CV_SCREEN {"gap":0.00043946695562076254,"iteration":1825,"mode":"control","passed":4,"qualified":false,"samples":1024,"seed":42}
SHARED_CV_SCREEN {"gap":0.0004297291978995754,"iteration":1850,"mode":"control","passed":4,"qualified":false,"samples":1024,"seed":42}
SHARED_CV_SCREEN {"gap":0.0004446195402330183,"iteration":1875,"mode":"control","passed":4,"qualified":false,"samples":1024,"seed":42}
SHARED_CV_SCREEN {"gap":0.00041900469431384313,"iteration":1900,"mode":"control","passed":4,"qualified":false,"samples":1024,"seed":42}
SHARED_CV_SCREEN {"gap":0.0004254122638507607,"iteration":1925,"mode":"control","passed":4,"qualified":false,"samples":1024,"seed":42}
SHARED_CV_SCREEN {"gap":0.0004118544895841403,"iteration":1950,"mode":"control","passed":4,"qualified":false,"samples":1024,"seed":42}
SHARED_CV_SCREEN {"gap":0.0003910292463851217,"iteration":1975,"mode":"control","passed":4,"qualified":false,"samples":1024,"seed":42}
SHARED_CV_SCREEN {"gap":0.0003882816190421967,"iteration":2000,"mode":"control","passed":4,"qualified":false,"samples":1024,"seed":42}
SHARED_CV_SCREEN {"gap":0.0004096817569071154,"iteration":2025,"mode":"control","passed":4,"qualified":false,"samples":1024,"seed":42}
SHARED_CV_SCREEN {"gap":0.00040572213062789464,"iteration":2050,"mode":"control","passed":4,"qualified":false,"samples":1024,"seed":42}
SHARED_CV_SCREEN {"gap":0.0003736199804169199,"iteration":2075,"mode":"control","passed":4,"qualified":false,"samples":1024,"seed":42}
SHARED_CV_SCREEN {"gap":0.00037534099560303236,"iteration":2100,"mode":"control","passed":4,"qualified":false,"samples":1024,"seed":42}
SHARED_CV_SCREEN {"gap":0.000366022724900425,"iteration":2125,"mode":"control","passed":4,"qualified":false,"samples":1024,"seed":42}
SHARED_CV_SCREEN {"gap":0.00036588434522148716,"iteration":2150,"mode":"control","passed":4,"qualified":false,"samples":1024,"seed":42}
SHARED_CV_SCREEN {"gap":0.0003650713608880918,"iteration":2175,"mode":"control","passed":4,"qualified":false,"samples":1024,"seed":42}
SHARED_CV_SCREEN {"gap":0.0003950186816858853,"iteration":2200,"mode":"control","passed":4,"qualified":false,"samples":1024,"seed":42}
SHARED_CV_SCREEN {"gap":0.0004062625780442697,"iteration":2225,"mode":"control","passed":4,"qualified":false,"samples":1024,"seed":42}
SHARED_CV_SCREEN {"gap":0.00038481845567080175,"iteration":2250,"mode":"control","passed":4,"qualified":false,"samples":1024,"seed":42}
SHARED_CV_SCREEN {"gap":0.0003362237036033111,"iteration":2275,"mode":"control","passed":4,"qualified":false,"samples":1024,"seed":42}
SHARED_CV_SCREEN {"gap":0.0003105053601384078,"iteration":2300,"mode":"control","passed":4,"qualified":false,"samples":1024,"seed":42}
SHARED_CV_SCREEN {"gap":0.0003102713338510865,"iteration":2325,"mode":"control","passed":4,"qualified":false,"samples":1024,"seed":42}
SHARED_CV_SCREEN {"gap":0.00032198560690367695,"iteration":2350,"mode":"control","passed":4,"qualified":false,"samples":1024,"seed":42}
SHARED_CV_SCREEN {"gap":0.00035156729208588033,"iteration":2375,"mode":"control","passed":4,"qualified":false,"samples":1024,"seed":42}
SHARED_CV_SCREEN {"gap":0.0003497786573484346,"iteration":2400,"mode":"control","passed":4,"qualified":false,"samples":1024,"seed":42}
SHARED_CV_SCREEN {"gap":0.00034848482487831456,"iteration":2425,"mode":"control","passed":4,"qualified":false,"samples":1024,"seed":42}
SHARED_CV_SCREEN {"gap":0.00032416565633278105,"iteration":2450,"mode":"control","passed":4,"qualified":false,"samples":1024,"seed":42}
SHARED_CV_SCREEN {"gap":0.0003017858422540848,"iteration":2475,"mode":"control","passed":4,"qualified":false,"samples":1024,"seed":42}
SHARED_CV_SCREEN {"gap":0.00028418853924915,"iteration":2500,"mode":"control","passed":4,"qualified":false,"samples":1024,"seed":42}
SHARED_CV_SCREEN {"gap":0.0002796037009326624,"iteration":2525,"mode":"control","passed":4,"qualified":false,"samples":1024,"seed":42}
SHARED_CV_SCREEN {"gap":0.00030274049381551205,"iteration":2550,"mode":"control","passed":4,"qualified":false,"samples":1024,"seed":42}
SHARED_CV_SCREEN {"gap":0.0003199887891207204,"iteration":2575,"mode":"control","passed":4,"qualified":false,"samples":1024,"seed":42}
SHARED_CV_SCREEN {"gap":0.0002879630933721594,"iteration":2600,"mode":"control","passed":4,"qualified":false,"samples":1024,"seed":42}
SHARED_CV_SCREEN {"gap":0.0002801258878680213,"iteration":2625,"mode":"control","passed":4,"qualified":false,"samples":1024,"seed":42}
SHARED_CV_SCREEN {"gap":0.0002658887023780643,"iteration":2650,"mode":"control","passed":4,"qualified":false,"samples":1024,"seed":42}
SHARED_CV_SCREEN {"gap":0.0002526609450997641,"iteration":2675,"mode":"control","passed":4,"qualified":false,"samples":1024,"seed":42}
SHARED_CV_SCREEN {"gap":0.0002558021369450797,"iteration":2700,"mode":"control","passed":4,"qualified":false,"samples":1024,"seed":42}
SHARED_CV_SCREEN {"gap":0.0002613607269229268,"iteration":2725,"mode":"control","passed":4,"qualified":false,"samples":1024,"seed":42}
SHARED_CV_SCREEN {"gap":0.00025966795055946956,"iteration":2750,"mode":"control","passed":4,"qualified":false,"samples":1024,"seed":42}
SHARED_CV_SCREEN {"gap":0.00029294026038249876,"iteration":2775,"mode":"control","passed":4,"qualified":false,"samples":1024,"seed":42}
SHARED_CV_SCREEN {"gap":0.00029110710886842694,"iteration":2800,"mode":"control","passed":4,"qualified":false,"samples":1024,"seed":42}
SHARED_CV_SCREEN {"gap":0.00027581125374044613,"iteration":2825,"mode":"control","passed":4,"qualified":false,"samples":1024,"seed":42}
SHARED_CV_SCREEN {"gap":0.0002646519380147955,"iteration":2850,"mode":"control","passed":4,"qualified":false,"samples":1024,"seed":42}
SHARED_CV_SCREEN {"gap":0.0002632935464286362,"iteration":2875,"mode":"control","passed":4,"qualified":false,"samples":1024,"seed":42}
SHARED_CV_SCREEN {"gap":0.00026949921677942024,"iteration":2900,"mode":"control","passed":4,"qualified":false,"samples":1024,"seed":42}
SHARED_CV_SCREEN {"gap":0.0002733974885860413,"iteration":2925,"mode":"control","passed":4,"qualified":false,"samples":1024,"seed":42}
SHARED_CV_SCREEN {"gap":0.0002768892265695294,"iteration":2950,"mode":"control","passed":4,"qualified":false,"samples":1024,"seed":42}
SHARED_CV_SCREEN {"gap":0.00028762023642177337,"iteration":2975,"mode":"control","passed":4,"qualified":false,"samples":1024,"seed":42}
SHARED_CV_SCREEN {"gap":0.00028435960997508225,"iteration":3000,"mode":"control","passed":4,"qualified":false,"samples":1024,"seed":42}
