preflop gpu: coupled multiway, 1024 particles, 10728 reach CDFs, 32-particle batches, 128 MB CDF scratch
preflop gpu: compact CDF slots 5890 of 10728, 0.3 MB immutable map
preflop gpu: deployed_prepass reference, 32-particle grouping and HU-cache=true with accurately budgeted storage
preflop gpu: 23038 nodes, 17 levels, 12168 terminals (1873 calibrated), 0 forced + 0 frozen nodes, ~263 MB VRAM
SHARED_CV_SCREEN {"gap":1.8908694376688886,"iteration":25,"mode":"control","passed":0,"qualified":false,"samples":64,"seed":42}
SHARED_CV_SCREEN {"gap":0.10455419124431134,"iteration":50,"mode":"control","passed":0,"qualified":false,"samples":64,"seed":42}
SHARED_CV_SCREEN {"gap":0.03887063296783705,"iteration":75,"mode":"control","passed":1,"qualified":false,"samples":64,"seed":42}
SHARED_CV_SCREEN {"gap":0.020107880762521596,"iteration":100,"mode":"control","passed":1,"qualified":false,"samples":64,"seed":42}
SHARED_CV_SCREEN {"gap":0.010968326390431632,"iteration":125,"mode":"control","passed":2,"qualified":false,"samples":64,"seed":42}
SHARED_CV_SCREEN {"gap":0.008380054876953952,"iteration":150,"mode":"control","passed":2,"qualified":false,"samples":64,"seed":42}
SHARED_CV_SCREEN {"gap":0.007617661023677974,"iteration":175,"mode":"control","passed":2,"qualified":false,"samples":64,"seed":42}
SHARED_CV_SCREEN {"gap":0.006247812979353298,"iteration":200,"mode":"control","passed":2,"qualified":false,"samples":64,"seed":42}
SHARED_CV_SCREEN {"gap":0.005218396543510154,"iteration":225,"mode":"control","passed":2,"qualified":false,"samples":64,"seed":42}
SHARED_CV_SCREEN {"gap":0.004891694866375959,"iteration":250,"mode":"control","passed":2,"qualified":false,"samples":64,"seed":42}
SHARED_CV_SCREEN {"gap":0.004110349873032423,"iteration":275,"mode":"control","passed":2,"qualified":false,"samples":64,"seed":42}
SHARED_CV_SCREEN {"gap":0.003875233676979145,"iteration":300,"mode":"control","passed":2,"qualified":false,"samples":64,"seed":42}
SHARED_CV_SCREEN {"gap":0.0034677052079147147,"iteration":325,"mode":"control","passed":2,"qualified":false,"samples":64,"seed":42}
SHARED_CV_SCREEN {"gap":0.0033664414383126062,"iteration":350,"mode":"control","passed":2,"qualified":false,"samples":64,"seed":42}
SHARED_CV_SCREEN {"gap":0.0031392596977596887,"iteration":375,"mode":"control","passed":2,"qualified":false,"samples":64,"seed":42}
SHARED_CV_SCREEN {"gap":0.0030378097253583314,"iteration":400,"mode":"control","passed":2,"qualified":false,"samples":64,"seed":42}
SHARED_CV_SCREEN {"gap":0.002862669448724764,"iteration":425,"mode":"control","passed":2,"qualified":false,"samples":64,"seed":42}
SHARED_CV_SCREEN {"gap":0.0025948445020625988,"iteration":450,"mode":"control","passed":2,"qualified":false,"samples":64,"seed":42}
SHARED_CV_SCREEN {"gap":0.0024235413023619284,"iteration":475,"mode":"control","passed":3,"qualified":false,"samples":64,"seed":42}
SHARED_CV_SCREEN {"gap":0.002577952952273449,"iteration":500,"mode":"control","passed":2,"qualified":false,"samples":64,"seed":42}
SHARED_CV_SCREEN {"gap":0.0025908124473862926,"iteration":525,"mode":"control","passed":2,"qualified":false,"samples":64,"seed":42}
SHARED_CV_SCREEN {"gap":0.002469072318706758,"iteration":550,"mode":"control","passed":2,"qualified":false,"samples":64,"seed":42}
SHARED_CV_SCREEN {"gap":0.0022917732047181977,"iteration":575,"mode":"control","passed":2,"qualified":false,"samples":64,"seed":42}
SHARED_CV_SCREEN {"gap":0.0023115711230328045,"iteration":600,"mode":"control","passed":2,"qualified":false,"samples":64,"seed":42}
SHARED_CV_SCREEN {"gap":0.002393790182554492,"iteration":625,"mode":"control","passed":2,"qualified":false,"samples":64,"seed":42}
SHARED_CV_SCREEN {"gap":0.0022881933482081784,"iteration":650,"mode":"control","passed":2,"qualified":false,"samples":64,"seed":42}
SHARED_CV_SCREEN {"gap":0.002256661760388426,"iteration":675,"mode":"control","passed":2,"qualified":false,"samples":64,"seed":42}
SHARED_CV_SCREEN {"gap":0.002223770914918363,"iteration":700,"mode":"control","passed":2,"qualified":false,"samples":64,"seed":42}
SHARED_CV_SCREEN {"gap":0.0020975488548499732,"iteration":725,"mode":"control","passed":2,"qualified":false,"samples":64,"seed":42}
SHARED_CV_SCREEN {"gap":0.002065501025722144,"iteration":750,"mode":"control","passed":3,"qualified":false,"samples":64,"seed":42}
SHARED_CV_SCREEN {"gap":0.0019490557044340023,"iteration":775,"mode":"control","passed":2,"qualified":false,"samples":64,"seed":42}
SHARED_CV_SCREEN {"gap":0.0018837060779157144,"iteration":800,"mode":"control","passed":2,"qualified":false,"samples":64,"seed":42}
SHARED_CV_SCREEN {"gap":0.0018326586368665188,"iteration":825,"mode":"control","passed":2,"qualified":false,"samples":64,"seed":42}
SHARED_CV_SCREEN {"gap":0.0017434909582736552,"iteration":850,"mode":"control","passed":3,"qualified":false,"samples":64,"seed":42}
SHARED_CV_SCREEN {"gap":0.0017122575536177437,"iteration":875,"mode":"control","passed":2,"qualified":false,"samples":64,"seed":42}
SHARED_CV_SCREEN {"gap":0.0016532813721864686,"iteration":900,"mode":"control","passed":3,"qualified":false,"samples":64,"seed":42}
SHARED_CV_SCREEN {"gap":0.0016698572187004712,"iteration":925,"mode":"control","passed":2,"qualified":false,"samples":64,"seed":42}
SHARED_CV_SCREEN {"gap":0.0017920642692697136,"iteration":950,"mode":"control","passed":2,"qualified":false,"samples":64,"seed":42}
SHARED_CV_SCREEN {"gap":0.00183450827683318,"iteration":975,"mode":"control","passed":2,"qualified":false,"samples":64,"seed":42}
SHARED_CV_SCREEN {"gap":0.001770707420362061,"iteration":1000,"mode":"control","passed":2,"qualified":false,"samples":64,"seed":42}
SHARED_CV_SCREEN {"gap":0.0017669996555740863,"iteration":1025,"mode":"control","passed":2,"qualified":false,"samples":64,"seed":42}
SHARED_CV_SCREEN {"gap":0.0018500136264496536,"iteration":1050,"mode":"control","passed":2,"qualified":false,"samples":64,"seed":42}
SHARED_CV_SCREEN {"gap":0.0017491392409442752,"iteration":1075,"mode":"control","passed":2,"qualified":false,"samples":64,"seed":42}
SHARED_CV_SCREEN {"gap":0.001730732680129271,"iteration":1100,"mode":"control","passed":3,"qualified":false,"samples":64,"seed":42}
SHARED_CV_SCREEN {"gap":0.0015716849201668215,"iteration":1125,"mode":"control","passed":2,"qualified":false,"samples":64,"seed":42}
SHARED_CV_SCREEN {"gap":0.0014391549685796867,"iteration":1150,"mode":"control","passed":3,"qualified":false,"samples":64,"seed":42}
SHARED_CV_SCREEN {"gap":0.0013734560125181344,"iteration":1175,"mode":"control","passed":3,"qualified":false,"samples":64,"seed":42}
SHARED_CV_SCREEN {"gap":0.0013763076986921252,"iteration":1200,"mode":"control","passed":3,"qualified":false,"samples":64,"seed":42}
SHARED_CV_SCREEN {"gap":0.0012965852772604536,"iteration":1225,"mode":"control","passed":3,"qualified":false,"samples":64,"seed":42}
SHARED_CV_SCREEN {"gap":0.001273198206058479,"iteration":1250,"mode":"control","passed":3,"qualified":false,"samples":64,"seed":42}
SHARED_CV_SCREEN {"gap":0.0012210670658397704,"iteration":1275,"mode":"control","passed":3,"qualified":false,"samples":64,"seed":42}
SHARED_CV_SCREEN {"gap":0.0011937084655351815,"iteration":1300,"mode":"control","passed":4,"qualified":false,"samples":64,"seed":42}
SHARED_CV_SCREEN {"gap":0.00114935698155344,"iteration":1325,"mode":"control","passed":4,"qualified":false,"samples":64,"seed":42}
SHARED_CV_SCREEN {"gap":0.0010933892055246808,"iteration":1350,"mode":"control","passed":4,"qualified":false,"samples":64,"seed":42}
SHARED_CV_SCREEN {"gap":0.001057059669677382,"iteration":1375,"mode":"control","passed":4,"qualified":false,"samples":64,"seed":42}
SHARED_CV_SCREEN {"gap":0.001068427679000214,"iteration":1400,"mode":"control","passed":3,"qualified":false,"samples":64,"seed":42}
SHARED_CV_SCREEN {"gap":0.0010600741202532044,"iteration":1425,"mode":"control","passed":3,"qualified":false,"samples":64,"seed":42}
SHARED_CV_SCREEN {"gap":0.0010293477372633614,"iteration":1450,"mode":"control","passed":3,"qualified":false,"samples":64,"seed":42}
SHARED_CV_SCREEN {"gap":0.001058082656867687,"iteration":1475,"mode":"control","passed":3,"qualified":false,"samples":64,"seed":42}
SHARED_CV_SCREEN {"gap":0.0010559034110795423,"iteration":1500,"mode":"control","passed":3,"qualified":false,"samples":64,"seed":42}
SHARED_CV_SCREEN {"gap":0.0010071148766781085,"iteration":1525,"mode":"control","passed":3,"qualified":false,"samples":64,"seed":42}
SHARED_CV_SCREEN {"gap":0.0009497999958587022,"iteration":1550,"mode":"control","passed":3,"qualified":false,"samples":64,"seed":42}
SHARED_CV_SCREEN {"gap":0.000916956791428003,"iteration":1575,"mode":"control","passed":5,"qualified":false,"samples":64,"seed":42}
SHARED_CV_SCREEN {"gap":0.0009248832971907039,"iteration":1600,"mode":"control","passed":5,"qualified":false,"samples":64,"seed":42}
SHARED_CV_SCREEN {"gap":0.0008929346913383179,"iteration":1625,"mode":"control","passed":4,"qualified":false,"samples":64,"seed":42}
SHARED_CV_SCREEN {"gap":0.0009231352249166741,"iteration":1650,"mode":"control","passed":3,"qualified":false,"samples":64,"seed":42}
SHARED_CV_SCREEN {"gap":0.0008978052747816434,"iteration":1675,"mode":"control","passed":3,"qualified":false,"samples":64,"seed":42}
SHARED_CV_SCREEN {"gap":0.0008920291939595593,"iteration":1700,"mode":"control","passed":3,"qualified":false,"samples":64,"seed":42}
SHARED_CV_SCREEN {"gap":0.0008682388874157038,"iteration":1725,"mode":"control","passed":3,"qualified":false,"samples":64,"seed":42}
SHARED_CV_SCREEN {"gap":0.0008496731007660019,"iteration":1750,"mode":"control","passed":3,"qualified":false,"samples":64,"seed":42}
SHARED_CV_SCREEN {"gap":0.0009108810491656599,"iteration":1775,"mode":"control","passed":3,"qualified":false,"samples":64,"seed":42}
SHARED_CV_SCREEN {"gap":0.0009477484908772676,"iteration":1800,"mode":"control","passed":3,"qualified":false,"samples":64,"seed":42}
SHARED_CV_SCREEN {"gap":0.0009163181439478391,"iteration":1825,"mode":"control","passed":3,"qualified":false,"samples":64,"seed":42}
SHARED_CV_SCREEN {"gap":0.0009011551383713845,"iteration":1850,"mode":"control","passed":3,"qualified":false,"samples":64,"seed":42}
SHARED_CV_SCREEN {"gap":0.0008342728022789764,"iteration":1875,"mode":"control","passed":3,"qualified":false,"samples":64,"seed":42}
SHARED_CV_SCREEN {"gap":0.0008052500663834894,"iteration":1900,"mode":"control","passed":3,"qualified":false,"samples":64,"seed":42}
SHARED_CV_SCREEN {"gap":0.0007773066893141389,"iteration":1925,"mode":"control","passed":3,"qualified":false,"samples":64,"seed":42}
SHARED_CV_SCREEN {"gap":0.0007778015350448503,"iteration":1950,"mode":"control","passed":3,"qualified":false,"samples":64,"seed":42}
SHARED_CV_SCREEN {"gap":0.0007898382897710554,"iteration":1975,"mode":"control","passed":3,"qualified":false,"samples":64,"seed":42}
SHARED_CV_SCREEN {"gap":0.0007780110111806487,"iteration":2000,"mode":"control","passed":3,"qualified":false,"samples":64,"seed":42}
SHARED_CV_SCREEN {"gap":0.0007593849176458917,"iteration":2025,"mode":"control","passed":3,"qualified":false,"samples":64,"seed":42}
SHARED_CV_SCREEN {"gap":0.0007632740325533571,"iteration":2050,"mode":"control","passed":3,"qualified":false,"samples":64,"seed":42}
SHARED_CV_SCREEN {"gap":0.0007293523057422951,"iteration":2075,"mode":"control","passed":3,"qualified":false,"samples":64,"seed":42}
SHARED_CV_SCREEN {"gap":0.0007156239732675901,"iteration":2100,"mode":"control","passed":3,"qualified":false,"samples":64,"seed":42}
SHARED_CV_SCREEN {"gap":0.0007189562044473269,"iteration":2125,"mode":"control","passed":3,"qualified":false,"samples":64,"seed":42}
SHARED_CV_SCREEN {"gap":0.0006852954062388367,"iteration":2150,"mode":"control","passed":3,"qualified":false,"samples":64,"seed":42}
SHARED_CV_SCREEN {"gap":0.0007134222520523009,"iteration":2175,"mode":"control","passed":4,"qualified":false,"samples":64,"seed":42}
SHARED_CV_SCREEN {"gap":0.0007070607567500331,"iteration":2200,"mode":"control","passed":4,"qualified":false,"samples":64,"seed":42}
SHARED_CV_SCREEN {"gap":0.0006865347360486135,"iteration":2225,"mode":"control","passed":3,"qualified":false,"samples":64,"seed":42}
SHARED_CV_SCREEN {"gap":0.0006946627765129637,"iteration":2250,"mode":"control","passed":3,"qualified":false,"samples":64,"seed":42}
SHARED_CV_SCREEN {"gap":0.0007061515391489082,"iteration":2275,"mode":"control","passed":3,"qualified":false,"samples":64,"seed":42}
SHARED_CV_SCREEN {"gap":0.000673827016302822,"iteration":2300,"mode":"control","passed":3,"qualified":false,"samples":64,"seed":42}
SHARED_CV_SCREEN {"gap":0.0006632378713211651,"iteration":2325,"mode":"control","passed":4,"qualified":false,"samples":64,"seed":42}
SHARED_CV_SCREEN {"gap":0.000653166934353841,"iteration":2350,"mode":"control","passed":3,"qualified":false,"samples":64,"seed":42}
SHARED_CV_SCREEN {"gap":0.0006762505989126588,"iteration":2375,"mode":"control","passed":3,"qualified":false,"samples":64,"seed":42}
SHARED_CV_SCREEN {"gap":0.0006833984199440396,"iteration":2400,"mode":"control","passed":4,"qualified":false,"samples":64,"seed":42}
SHARED_CV_SCREEN {"gap":0.0007086963851154621,"iteration":2425,"mode":"control","passed":5,"qualified":false,"samples":64,"seed":42}
SHARED_CV_SCREEN {"gap":0.0007211629749906273,"iteration":2450,"mode":"control","passed":5,"qualified":false,"samples":64,"seed":42}
SHARED_CV_SCREEN {"gap":0.0006994545129414553,"iteration":2475,"mode":"control","passed":5,"qualified":false,"samples":64,"seed":42}
SHARED_CV_SCREEN {"gap":0.0006962079024879497,"iteration":2500,"mode":"control","passed":6,"qualified":false,"samples":64,"seed":42}
SHARED_CV_SCREEN {"gap":0.0006921083330163752,"iteration":2525,"mode":"control","passed":5,"qualified":false,"samples":64,"seed":42}
SHARED_CV_SCREEN {"gap":0.0007007627786821402,"iteration":2550,"mode":"control","passed":5,"qualified":false,"samples":64,"seed":42}
SHARED_CV_SCREEN {"gap":0.0006920462702162816,"iteration":2575,"mode":"control","passed":5,"qualified":false,"samples":64,"seed":42}
SHARED_CV_SCREEN {"gap":0.0006881693285509943,"iteration":2600,"mode":"control","passed":5,"qualified":false,"samples":64,"seed":42}
SHARED_CV_SCREEN {"gap":0.00067191210435677,"iteration":2625,"mode":"control","passed":4,"qualified":false,"samples":64,"seed":42}
SHARED_CV_SCREEN {"gap":0.0006763792365919591,"iteration":2650,"mode":"control","passed":5,"qualified":false,"samples":64,"seed":42}
SHARED_CV_SCREEN {"gap":0.0006603602551130683,"iteration":2675,"mode":"control","passed":6,"qualified":false,"samples":64,"seed":42}
SHARED_CV_SCREEN {"gap":0.0006640598133084152,"iteration":2700,"mode":"control","passed":6,"qualified":true,"samples":64,"seed":42}
