preflop gpu: coupled multiway, 1024 particles, 10728 reach CDFs, 32-particle batches, 128 MB CDF scratch
preflop gpu: compact CDF slots 5890 of 10728, 0.3 MB immutable map
preflop gpu: deployed_prepass reference, 32-particle grouping and HU-cache=true with accurately budgeted storage
preflop gpu: 23038 nodes, 17 levels, 12168 terminals (1873 calibrated), 0 forced + 0 frozen nodes, ~263 MB VRAM
SHARED_CV_SCREEN {"gap":0.47754577776280943,"iteration":25,"mode":"old32","passed":0,"qualified":false,"samples":64,"seed":42}
SHARED_CV_SCREEN {"gap":0.18887121508462906,"iteration":50,"mode":"old32","passed":1,"qualified":false,"samples":64,"seed":42}
SHARED_CV_SCREEN {"gap":0.032546473682082064,"iteration":75,"mode":"old32","passed":1,"qualified":false,"samples":64,"seed":42}
SHARED_CV_SCREEN {"gap":0.04672425316168263,"iteration":100,"mode":"old32","passed":2,"qualified":false,"samples":64,"seed":42}
SHARED_CV_SCREEN {"gap":0.013256648438415203,"iteration":125,"mode":"old32","passed":1,"qualified":false,"samples":64,"seed":42}
SHARED_CV_SCREEN {"gap":0.009374598359472672,"iteration":150,"mode":"old32","passed":2,"qualified":false,"samples":64,"seed":42}
SHARED_CV_SCREEN {"gap":0.008261876917935743,"iteration":175,"mode":"old32","passed":2,"qualified":false,"samples":64,"seed":42}
SHARED_CV_SCREEN {"gap":0.006124986338596039,"iteration":200,"mode":"old32","passed":2,"qualified":false,"samples":64,"seed":42}
SHARED_CV_SCREEN {"gap":0.0050672535327001555,"iteration":225,"mode":"old32","passed":2,"qualified":false,"samples":64,"seed":42}
SHARED_CV_SCREEN {"gap":0.003999381590904655,"iteration":250,"mode":"old32","passed":2,"qualified":false,"samples":64,"seed":42}
SHARED_CV_SCREEN {"gap":0.003853989628314791,"iteration":275,"mode":"old32","passed":2,"qualified":false,"samples":64,"seed":42}
SHARED_CV_SCREEN {"gap":0.0034333991087544258,"iteration":300,"mode":"old32","passed":2,"qualified":false,"samples":64,"seed":42}
SHARED_CV_SCREEN {"gap":0.002918132357009634,"iteration":325,"mode":"old32","passed":2,"qualified":false,"samples":64,"seed":42}
SHARED_CV_SCREEN {"gap":0.002565019780296246,"iteration":350,"mode":"old32","passed":2,"qualified":false,"samples":64,"seed":42}
SHARED_CV_SCREEN {"gap":0.0025090833875665713,"iteration":375,"mode":"old32","passed":2,"qualified":false,"samples":64,"seed":42}
SHARED_CV_SCREEN {"gap":0.002447830140237431,"iteration":400,"mode":"old32","passed":2,"qualified":false,"samples":64,"seed":42}
SHARED_CV_SCREEN {"gap":0.0024702406322457404,"iteration":425,"mode":"old32","passed":2,"qualified":false,"samples":64,"seed":42}
SHARED_CV_SCREEN {"gap":0.002393831956875106,"iteration":450,"mode":"old32","passed":2,"qualified":false,"samples":64,"seed":42}
SHARED_CV_SCREEN {"gap":0.002244620058647867,"iteration":475,"mode":"old32","passed":2,"qualified":false,"samples":64,"seed":42}
SHARED_CV_SCREEN {"gap":0.002128454712778907,"iteration":500,"mode":"old32","passed":2,"qualified":false,"samples":64,"seed":42}
SHARED_CV_SCREEN {"gap":0.0020773162423509267,"iteration":525,"mode":"old32","passed":2,"qualified":false,"samples":64,"seed":42}
SHARED_CV_SCREEN {"gap":0.002139092926203151,"iteration":550,"mode":"old32","passed":2,"qualified":false,"samples":64,"seed":42}
SHARED_CV_SCREEN {"gap":0.002110705156469897,"iteration":575,"mode":"old32","passed":2,"qualified":false,"samples":64,"seed":42}
SHARED_CV_SCREEN {"gap":0.0019403641670414917,"iteration":600,"mode":"old32","passed":2,"qualified":false,"samples":64,"seed":42}
SHARED_CV_SCREEN {"gap":0.001728800718280979,"iteration":625,"mode":"old32","passed":2,"qualified":false,"samples":64,"seed":42}
SHARED_CV_SCREEN {"gap":0.0015955304379839524,"iteration":650,"mode":"old32","passed":2,"qualified":false,"samples":64,"seed":42}
SHARED_CV_SCREEN {"gap":0.0015597557370736204,"iteration":675,"mode":"old32","passed":2,"qualified":false,"samples":64,"seed":42}
SHARED_CV_SCREEN {"gap":0.0015170947278925345,"iteration":700,"mode":"old32","passed":2,"qualified":false,"samples":64,"seed":42}
SHARED_CV_SCREEN {"gap":0.00148025094558768,"iteration":725,"mode":"old32","passed":2,"qualified":false,"samples":64,"seed":42}
SHARED_CV_SCREEN {"gap":0.0014354474803278672,"iteration":750,"mode":"old32","passed":2,"qualified":false,"samples":64,"seed":42}
SHARED_CV_SCREEN {"gap":0.0013597893955185625,"iteration":775,"mode":"old32","passed":2,"qualified":false,"samples":64,"seed":42}
SHARED_CV_SCREEN {"gap":0.0012833749613206102,"iteration":800,"mode":"old32","passed":2,"qualified":false,"samples":64,"seed":42}
SHARED_CV_SCREEN {"gap":0.001261890226991677,"iteration":825,"mode":"old32","passed":2,"qualified":false,"samples":64,"seed":42}
SHARED_CV_SCREEN {"gap":0.0012582014676018327,"iteration":850,"mode":"old32","passed":2,"qualified":false,"samples":64,"seed":42}
SHARED_CV_SCREEN {"gap":0.0012594380284212947,"iteration":875,"mode":"old32","passed":2,"qualified":false,"samples":64,"seed":42}
SHARED_CV_SCREEN {"gap":0.0011755187388354654,"iteration":900,"mode":"old32","passed":2,"qualified":false,"samples":64,"seed":42}
SHARED_CV_SCREEN {"gap":0.001095404193615937,"iteration":925,"mode":"old32","passed":2,"qualified":false,"samples":64,"seed":42}
SHARED_CV_SCREEN {"gap":0.0010472901716763183,"iteration":950,"mode":"old32","passed":2,"qualified":false,"samples":64,"seed":42}
SHARED_CV_SCREEN {"gap":0.0010713740564572138,"iteration":975,"mode":"old32","passed":2,"qualified":false,"samples":64,"seed":42}
SHARED_CV_SCREEN {"gap":0.0010892541296249475,"iteration":1000,"mode":"old32","passed":3,"qualified":false,"samples":64,"seed":42}
SHARED_CV_SCREEN {"gap":0.0010658139179808707,"iteration":1025,"mode":"old32","passed":3,"qualified":false,"samples":64,"seed":42}
SHARED_CV_SCREEN {"gap":0.00104507852162318,"iteration":1050,"mode":"old32","passed":3,"qualified":false,"samples":64,"seed":42}
SHARED_CV_SCREEN {"gap":0.0010681726187210805,"iteration":1075,"mode":"old32","passed":3,"qualified":false,"samples":64,"seed":42}
SHARED_CV_SCREEN {"gap":0.0011314507032054444,"iteration":1100,"mode":"old32","passed":3,"qualified":false,"samples":64,"seed":42}
SHARED_CV_SCREEN {"gap":0.0011182797047876725,"iteration":1125,"mode":"old32","passed":3,"qualified":false,"samples":64,"seed":42}
SHARED_CV_SCREEN {"gap":0.0010490287045875346,"iteration":1150,"mode":"old32","passed":4,"qualified":false,"samples":64,"seed":42}
SHARED_CV_SCREEN {"gap":0.0009871560929689133,"iteration":1175,"mode":"old32","passed":4,"qualified":false,"samples":64,"seed":42}
SHARED_CV_SCREEN {"gap":0.0009991973296558515,"iteration":1200,"mode":"old32","passed":4,"qualified":false,"samples":64,"seed":42}
SHARED_CV_SCREEN {"gap":0.0009631051393995393,"iteration":1225,"mode":"old32","passed":4,"qualified":false,"samples":64,"seed":42}
SHARED_CV_SCREEN {"gap":0.0009574842969143627,"iteration":1250,"mode":"old32","passed":4,"qualified":false,"samples":64,"seed":42}
SHARED_CV_SCREEN {"gap":0.000893501097781968,"iteration":1275,"mode":"old32","passed":4,"qualified":false,"samples":64,"seed":42}
SHARED_CV_SCREEN {"gap":0.0008569226520132173,"iteration":1300,"mode":"old32","passed":5,"qualified":false,"samples":64,"seed":42}
SHARED_CV_SCREEN {"gap":0.0008224676847131684,"iteration":1325,"mode":"old32","passed":4,"qualified":false,"samples":64,"seed":42}
SHARED_CV_SCREEN {"gap":0.0007939998348097665,"iteration":1350,"mode":"old32","passed":4,"qualified":false,"samples":64,"seed":42}
SHARED_CV_SCREEN {"gap":0.000786477424031054,"iteration":1375,"mode":"old32","passed":4,"qualified":false,"samples":64,"seed":42}
SHARED_CV_SCREEN {"gap":0.0007967732983562847,"iteration":1400,"mode":"old32","passed":4,"qualified":false,"samples":64,"seed":42}
SHARED_CV_SCREEN {"gap":0.0008013888817234027,"iteration":1425,"mode":"old32","passed":4,"qualified":false,"samples":64,"seed":42}
SHARED_CV_SCREEN {"gap":0.0007671687821902279,"iteration":1450,"mode":"old32","passed":4,"qualified":false,"samples":64,"seed":42}
SHARED_CV_SCREEN {"gap":0.0007683084618012592,"iteration":1475,"mode":"old32","passed":4,"qualified":false,"samples":64,"seed":42}
SHARED_CV_SCREEN {"gap":0.0007656095944624519,"iteration":1500,"mode":"old32","passed":4,"qualified":false,"samples":64,"seed":42}
SHARED_CV_SCREEN {"gap":0.0007509298410541265,"iteration":1525,"mode":"old32","passed":4,"qualified":false,"samples":64,"seed":42}
SHARED_CV_SCREEN {"gap":0.0007326506422317552,"iteration":1550,"mode":"old32","passed":4,"qualified":false,"samples":64,"seed":42}
SHARED_CV_SCREEN {"gap":0.0006969880528015227,"iteration":1575,"mode":"old32","passed":3,"qualified":false,"samples":64,"seed":42}
SHARED_CV_SCREEN {"gap":0.0006808243995222452,"iteration":1600,"mode":"old32","passed":3,"qualified":false,"samples":64,"seed":42}
SHARED_CV_SCREEN {"gap":0.0006354771024647682,"iteration":1625,"mode":"old32","passed":3,"qualified":false,"samples":64,"seed":42}
SHARED_CV_SCREEN {"gap":0.0006178998974525618,"iteration":1650,"mode":"old32","passed":3,"qualified":false,"samples":64,"seed":42}
SHARED_CV_SCREEN {"gap":0.0006050704600800705,"iteration":1675,"mode":"old32","passed":3,"qualified":false,"samples":64,"seed":42}
SHARED_CV_SCREEN {"gap":0.0005845297294661683,"iteration":1700,"mode":"old32","passed":3,"qualified":false,"samples":64,"seed":42}
SHARED_CV_SCREEN {"gap":0.0005861381821410244,"iteration":1725,"mode":"old32","passed":3,"qualified":false,"samples":64,"seed":42}
SHARED_CV_SCREEN {"gap":0.0005756111077732246,"iteration":1750,"mode":"old32","passed":3,"qualified":false,"samples":64,"seed":42}
SHARED_CV_SCREEN {"gap":0.0005490269560742972,"iteration":1775,"mode":"old32","passed":3,"qualified":false,"samples":64,"seed":42}
SHARED_CV_SCREEN {"gap":0.0005032183723382294,"iteration":1800,"mode":"old32","passed":3,"qualified":false,"samples":64,"seed":42}
SHARED_CV_SCREEN {"gap":0.00047092689512648334,"iteration":1825,"mode":"old32","passed":3,"qualified":false,"samples":64,"seed":42}
SHARED_CV_SCREEN {"gap":0.00045254356221832714,"iteration":1850,"mode":"old32","passed":3,"qualified":false,"samples":64,"seed":42}
SHARED_CV_SCREEN {"gap":0.0004611061775924574,"iteration":1875,"mode":"old32","passed":3,"qualified":false,"samples":64,"seed":42}
SHARED_CV_SCREEN {"gap":0.00046014669127790453,"iteration":1900,"mode":"old32","passed":3,"qualified":false,"samples":64,"seed":42}
SHARED_CV_SCREEN {"gap":0.0004611569225620171,"iteration":1925,"mode":"old32","passed":3,"qualified":false,"samples":64,"seed":42}
SHARED_CV_SCREEN {"gap":0.00045061541176966147,"iteration":1950,"mode":"old32","passed":3,"qualified":false,"samples":64,"seed":42}
SHARED_CV_SCREEN {"gap":0.0004210026397598182,"iteration":1975,"mode":"old32","passed":3,"qualified":false,"samples":64,"seed":42}
SHARED_CV_SCREEN {"gap":0.00040564664364442504,"iteration":2000,"mode":"old32","passed":3,"qualified":false,"samples":64,"seed":42}
SHARED_CV_SCREEN {"gap":0.0004040223939335563,"iteration":2025,"mode":"old32","passed":3,"qualified":false,"samples":64,"seed":42}
SHARED_CV_SCREEN {"gap":0.00038168256483879504,"iteration":2050,"mode":"old32","passed":3,"qualified":false,"samples":64,"seed":42}
SHARED_CV_SCREEN {"gap":0.0003844400892338701,"iteration":2075,"mode":"old32","passed":3,"qualified":false,"samples":64,"seed":42}
SHARED_CV_SCREEN {"gap":0.0003774468525941793,"iteration":2100,"mode":"old32","passed":3,"qualified":false,"samples":64,"seed":42}
SHARED_CV_SCREEN {"gap":0.00036337208323379555,"iteration":2125,"mode":"old32","passed":3,"qualified":false,"samples":64,"seed":42}
SHARED_CV_SCREEN {"gap":0.0003706716143904304,"iteration":2150,"mode":"old32","passed":3,"qualified":false,"samples":64,"seed":42}
SHARED_CV_SCREEN {"gap":0.0003711389617715305,"iteration":2175,"mode":"old32","passed":3,"qualified":false,"samples":64,"seed":42}
SHARED_CV_SCREEN {"gap":0.0003835131124351604,"iteration":2200,"mode":"old32","passed":3,"qualified":false,"samples":64,"seed":42}
SHARED_CV_SCREEN {"gap":0.0004091188974096188,"iteration":2225,"mode":"old32","passed":3,"qualified":false,"samples":64,"seed":42}
SHARED_CV_SCREEN {"gap":0.0003927380325086799,"iteration":2250,"mode":"old32","passed":3,"qualified":false,"samples":64,"seed":42}
SHARED_CV_SCREEN {"gap":0.0003919390361155073,"iteration":2275,"mode":"old32","passed":3,"qualified":false,"samples":64,"seed":42}
SHARED_CV_SCREEN {"gap":0.0003597168383592392,"iteration":2300,"mode":"old32","passed":3,"qualified":false,"samples":64,"seed":42}
SHARED_CV_SCREEN {"gap":0.00033551330914331767,"iteration":2325,"mode":"old32","passed":3,"qualified":false,"samples":64,"seed":42}
SHARED_CV_SCREEN {"gap":0.0003291339444924518,"iteration":2350,"mode":"old32","passed":3,"qualified":false,"samples":64,"seed":42}
SHARED_CV_SCREEN {"gap":0.0003551460567266934,"iteration":2375,"mode":"old32","passed":4,"qualified":false,"samples":64,"seed":42}
SHARED_CV_SCREEN {"gap":0.00033768881420824515,"iteration":2400,"mode":"old32","passed":4,"qualified":false,"samples":64,"seed":42}
SHARED_CV_SCREEN {"gap":0.00032759916836593017,"iteration":2425,"mode":"old32","passed":4,"qualified":false,"samples":64,"seed":42}
SHARED_CV_SCREEN {"gap":0.00032502288301852755,"iteration":2450,"mode":"old32","passed":4,"qualified":false,"samples":64,"seed":42}
SHARED_CV_SCREEN {"gap":0.00031666737399274614,"iteration":2475,"mode":"old32","passed":4,"qualified":false,"samples":64,"seed":42}
SHARED_CV_SCREEN {"gap":0.00031300858414820554,"iteration":2500,"mode":"old32","passed":4,"qualified":false,"samples":64,"seed":42}
SHARED_CV_SCREEN {"gap":0.0002947270322332385,"iteration":2525,"mode":"old32","passed":4,"qualified":false,"samples":64,"seed":42}
SHARED_CV_SCREEN {"gap":0.00030612499938656446,"iteration":2550,"mode":"old32","passed":4,"qualified":false,"samples":64,"seed":42}
SHARED_CV_SCREEN {"gap":0.00032035881636933994,"iteration":2575,"mode":"old32","passed":4,"qualified":false,"samples":64,"seed":42}
SHARED_CV_SCREEN {"gap":0.00028479402158244904,"iteration":2600,"mode":"old32","passed":4,"qualified":false,"samples":64,"seed":42}
SHARED_CV_SCREEN {"gap":0.00030323788582957423,"iteration":2625,"mode":"old32","passed":4,"qualified":false,"samples":64,"seed":42}
SHARED_CV_SCREEN {"gap":0.00030042788435304113,"iteration":2650,"mode":"old32","passed":4,"qualified":false,"samples":64,"seed":42}
SHARED_CV_SCREEN {"gap":0.0002946423525517078,"iteration":2675,"mode":"old32","passed":4,"qualified":false,"samples":64,"seed":42}
SHARED_CV_SCREEN {"gap":0.000443864893491408,"iteration":2700,"mode":"old32","passed":4,"qualified":false,"samples":64,"seed":42}
SHARED_CV_SCREEN {"gap":0.0005591651783427298,"iteration":2725,"mode":"old32","passed":4,"qualified":false,"samples":64,"seed":42}
SHARED_CV_SCREEN {"gap":0.0006331512562823688,"iteration":2750,"mode":"old32","passed":4,"qualified":false,"samples":64,"seed":42}
SHARED_CV_SCREEN {"gap":0.0006755399449576982,"iteration":2775,"mode":"old32","passed":4,"qualified":false,"samples":64,"seed":42}
SHARED_CV_SCREEN {"gap":0.0007422313886770449,"iteration":2800,"mode":"old32","passed":4,"qualified":false,"samples":64,"seed":42}
SHARED_CV_SCREEN {"gap":0.0007723573083536911,"iteration":2825,"mode":"old32","passed":4,"qualified":false,"samples":64,"seed":42}
SHARED_CV_SCREEN {"gap":0.0007896559593439378,"iteration":2850,"mode":"old32","passed":4,"qualified":false,"samples":64,"seed":42}
SHARED_CV_SCREEN {"gap":0.000808937041315197,"iteration":2875,"mode":"old32","passed":4,"qualified":false,"samples":64,"seed":42}
SHARED_CV_SCREEN {"gap":0.0008196245557124948,"iteration":2900,"mode":"old32","passed":4,"qualified":false,"samples":64,"seed":42}
SHARED_CV_SCREEN {"gap":0.0007715300810332282,"iteration":2925,"mode":"old32","passed":4,"qualified":false,"samples":64,"seed":42}
SHARED_CV_SCREEN {"gap":0.0006949620551361529,"iteration":2950,"mode":"old32","passed":4,"qualified":false,"samples":64,"seed":42}
SHARED_CV_SCREEN {"gap":0.0006320990680871302,"iteration":2975,"mode":"old32","passed":4,"qualified":false,"samples":64,"seed":42}
SHARED_CV_SCREEN {"gap":0.0005670140183946237,"iteration":3000,"mode":"old32","passed":4,"qualified":false,"samples":64,"seed":42}
