preflop gpu: coupled multiway, 1024 particles, 198564 reach CDFs, 32-particle batches, 2079 MB CDF scratch
preflop gpu: compact CDF slots 95564 of 198564, 6.4 MB immutable map
preflop gpu: deployed_prepass reference, 32-particle grouping and HU-cache=true with accurately budgeted storage
preflop gpu: 410270 nodes, 23 levels, 211189 terminals (21534 calibrated), 0 forced + 0 frozen nodes, ~3418 MB VRAM
iteration 525 elapsed 24.05
iteration 550 elapsed 48.09
iteration 575 elapsed 72.58
iteration 600 elapsed 97.19
iteration 625 elapsed 121.55
iteration 650 elapsed 145.57
iteration 675 elapsed 169.58
iteration 700 elapsed 188.22
iteration 725 elapsed 206.12
iteration 750 elapsed 224.08
iteration 775 elapsed 242.30
iteration 800 elapsed 260.64
iteration 825 elapsed 278.61
iteration 850 elapsed 296.70
iteration 875 elapsed 314.60
iteration 900 elapsed 332.92
iteration 925 elapsed 352.41
iteration 950 elapsed 373.65
iteration 975 elapsed 392.55
iteration 1000 elapsed 410.75
completed 1000
