seat0 entry mass removed=0.000001620262771236195
seat1 entry mass removed=0.0000012845353565876034
gpu: 432881 nodes, 13 levels, staging+arenas 1323.0 MB
GPU_STORAGE_MAP active=165920 missing_active=0 all_tree_missing=3430
stored KsQs2d pot=39.5: bytes=338179856 disk=false workspace=1661170368
gpu: 432881 nodes, 13 levels, staging+arenas 1323.0 MB
GPU_STORAGE_MAP active=165920 missing_active=0 all_tree_missing=3430
stored KsQs2s pot=39.5: bytes=160269032 disk=false workspace=1661170368
gpu: 432881 nodes, 13 levels, staging+arenas 1320.5 MB
stored KsQh2d pot=39.5: bytes=565676720 disk=false workspace=1661170368
gpu: 143389 nodes, 11 levels, staging+arenas 434.4 MB
GPU_STORAGE_MAP active=52436 missing_active=0 all_tree_missing=1078
stored KsQs2d pot=93.5: bytes=99172752 disk=false workspace=1661170368
gpu: 143389 nodes, 11 levels, staging+arenas 434.4 MB
GPU_STORAGE_MAP active=52436 missing_active=0 all_tree_missing=1078
stored KsQs2s pot=93.5: bytes=47122936 disk=false workspace=1661170368
gpu: 143389 nodes, 11 levels, staging+arenas 433.6 MB
stored KsQh2d pot=93.5: bytes=165656400 disk=false workspace=1661170368
STUDY_PHASE {"elapsed_seconds":2.3007798,"phase":"construction_complete"}
planned_strategy_writes=0
STUDY_PHASE {"elapsed_seconds":2.981329,"iteration":1,"iteration_seconds":0.6805181,"phase":"iteration_complete","training_seconds":0.6805181}
STUDY_PHASE {"elapsed_seconds":2.9813678,"iteration":1,"phase":"evaluation_start"}
STUDY_PHASE {"elapsed_seconds":10.8653782,"evaluation_seconds":7.8840045,"iteration":1,"phase":"evaluation_complete"}
1 gap=77.88825484561856 elapsed=10.9
STUDY_PHASE {"elapsed_seconds":11.4860371,"iteration":2,"iteration_seconds":0.6185136,"phase":"iteration_complete","training_seconds":1.2990317}
STUDY_PHASE {"elapsed_seconds":12.152406,"iteration":3,"iteration_seconds":0.6663271,"phase":"iteration_complete","training_seconds":1.9653588}
STUDY_PHASE {"elapsed_seconds":12.8269835,"iteration":4,"iteration_seconds":0.6745349,"phase":"iteration_complete","training_seconds":2.6398937}
STUDY_PHASE {"elapsed_seconds":13.5319706,"iteration":5,"iteration_seconds":0.7049423,"phase":"iteration_complete","training_seconds":3.344836}
STUDY_PHASE {"elapsed_seconds":14.2724664,"iteration":6,"iteration_seconds":0.7404622,"phase":"iteration_complete","training_seconds":4.0852981999999995}
STUDY_PHASE {"elapsed_seconds":14.9265509,"iteration":7,"iteration_seconds":0.654042,"phase":"iteration_complete","training_seconds":4.739340199999999}
STUDY_PHASE {"elapsed_seconds":15.6064659,"iteration":8,"iteration_seconds":0.6798663,"phase":"iteration_complete","training_seconds":5.4192065}
STUDY_PHASE {"elapsed_seconds":16.2739396,"iteration":9,"iteration_seconds":0.6674274,"phase":"iteration_complete","training_seconds":6.0866339}
STUDY_PHASE {"elapsed_seconds":16.9342812,"iteration":10,"iteration_seconds":0.6603018,"phase":"iteration_complete","training_seconds":6.7469357}
STUDY_PHASE {"elapsed_seconds":17.5921314,"iteration":11,"iteration_seconds":0.6577927,"phase":"iteration_complete","training_seconds":7.4047284}
STUDY_PHASE {"elapsed_seconds":18.2991395,"iteration":12,"iteration_seconds":0.7069526,"phase":"iteration_complete","training_seconds":8.111680999999999}
STUDY_PHASE {"elapsed_seconds":18.946953399999998,"iteration":13,"iteration_seconds":0.64775,"phase":"iteration_complete","training_seconds":8.759431}
STUDY_PHASE {"elapsed_seconds":19.6049598,"iteration":14,"iteration_seconds":0.6579572,"phase":"iteration_complete","training_seconds":9.4173882}
STUDY_PHASE {"elapsed_seconds":20.3259625,"iteration":15,"iteration_seconds":0.7209601,"phase":"iteration_complete","training_seconds":10.138348299999999}
STUDY_PHASE {"elapsed_seconds":21.0379512,"iteration":16,"iteration_seconds":0.7119158,"phase":"iteration_complete","training_seconds":10.850264099999999}
STUDY_PHASE {"elapsed_seconds":21.7650906,"iteration":17,"iteration_seconds":0.7270974,"phase":"iteration_complete","training_seconds":11.577361499999999}
STUDY_PHASE {"elapsed_seconds":22.4882396,"iteration":18,"iteration_seconds":0.7231014,"phase":"iteration_complete","training_seconds":12.3004629}
STUDY_PHASE {"elapsed_seconds":23.1955091,"iteration":19,"iteration_seconds":0.7071835,"phase":"iteration_complete","training_seconds":13.007646399999999}
STUDY_PHASE {"elapsed_seconds":23.8601099,"iteration":20,"iteration_seconds":0.6645534,"phase":"iteration_complete","training_seconds":13.672199799999998}
STUDY_PHASE {"elapsed_seconds":23.8601591,"iteration":20,"phase":"evaluation_start"}
STUDY_PHASE {"elapsed_seconds":31.6050404,"evaluation_seconds":15.6288758,"iteration":20,"phase":"evaluation_complete"}
20 gap=4.161098797388908 elapsed=31.6
STUDY_PHASE {"elapsed_seconds":32.3395787,"iteration":21,"iteration_seconds":0.7314107,"phase":"iteration_complete","training_seconds":14.403610499999997}
STUDY_PHASE {"elapsed_seconds":33.1286427,"iteration":22,"iteration_seconds":0.7890194,"phase":"iteration_complete","training_seconds":15.192629899999998}
STUDY_PHASE {"elapsed_seconds":33.8626019,"iteration":23,"iteration_seconds":0.7339167,"phase":"iteration_complete","training_seconds":15.926546599999998}
STUDY_PHASE {"elapsed_seconds":34.5281918,"iteration":24,"iteration_seconds":0.665554,"phase":"iteration_complete","training_seconds":16.5921006}
STUDY_PHASE {"elapsed_seconds":35.2278763,"iteration":25,"iteration_seconds":0.699642,"phase":"iteration_complete","training_seconds":17.2917426}
STUDY_PHASE {"elapsed_seconds":35.937868,"iteration":26,"iteration_seconds":0.7099505,"phase":"iteration_complete","training_seconds":18.0016931}
STUDY_PHASE {"elapsed_seconds":36.7054358,"iteration":27,"iteration_seconds":0.7675317,"phase":"iteration_complete","training_seconds":18.7692248}
STUDY_PHASE {"elapsed_seconds":37.4213716,"iteration":28,"iteration_seconds":0.7159073,"phase":"iteration_complete","training_seconds":19.4851321}
STUDY_PHASE {"elapsed_seconds":38.151225,"iteration":29,"iteration_seconds":0.7298022,"phase":"iteration_complete","training_seconds":20.214934300000003}
STUDY_PHASE {"elapsed_seconds":38.8977987,"iteration":30,"iteration_seconds":0.7465179,"phase":"iteration_complete","training_seconds":20.961452200000004}
STUDY_PHASE {"elapsed_seconds":39.5692613,"iteration":31,"iteration_seconds":0.6714214,"phase":"iteration_complete","training_seconds":21.632873600000003}
STUDY_PHASE {"elapsed_seconds":40.2987661,"iteration":32,"iteration_seconds":0.7294577,"phase":"iteration_complete","training_seconds":22.362331300000005}
STUDY_PHASE {"elapsed_seconds":41.0709978,"iteration":33,"iteration_seconds":0.772183,"phase":"iteration_complete","training_seconds":23.134514300000003}
STUDY_PHASE {"elapsed_seconds":41.8361115,"iteration":34,"iteration_seconds":0.7650722,"phase":"iteration_complete","training_seconds":23.8995865}
STUDY_PHASE {"elapsed_seconds":42.5132193,"iteration":35,"iteration_seconds":0.6770657,"phase":"iteration_complete","training_seconds":24.5766522}
STUDY_PHASE {"elapsed_seconds":43.1735645,"iteration":36,"iteration_seconds":0.6603035,"phase":"iteration_complete","training_seconds":25.236955700000003}
STUDY_PHASE {"elapsed_seconds":43.9003753,"iteration":37,"iteration_seconds":0.7267731,"phase":"iteration_complete","training_seconds":25.963728800000002}
STUDY_PHASE {"elapsed_seconds":44.6244988,"iteration":38,"iteration_seconds":0.7240804,"phase":"iteration_complete","training_seconds":26.6878092}
STUDY_PHASE {"elapsed_seconds":45.3910453,"iteration":39,"iteration_seconds":0.7665061,"phase":"iteration_complete","training_seconds":27.4543153}
STUDY_PHASE {"elapsed_seconds":46.1029066,"iteration":40,"iteration_seconds":0.7118194,"phase":"iteration_complete","training_seconds":28.1661347}
STUDY_PHASE {"elapsed_seconds":46.785384,"iteration":41,"iteration_seconds":0.6824363,"phase":"iteration_complete","training_seconds":28.848571}
STUDY_PHASE {"elapsed_seconds":47.4200476,"iteration":42,"iteration_seconds":0.6346224,"phase":"iteration_complete","training_seconds":29.4831934}
STUDY_PHASE {"elapsed_seconds":48.0541604,"iteration":43,"iteration_seconds":0.6340654,"phase":"iteration_complete","training_seconds":30.117258800000002}
STUDY_PHASE {"elapsed_seconds":48.6688997,"iteration":44,"iteration_seconds":0.6146973,"phase":"iteration_complete","training_seconds":30.7319561}
STUDY_PHASE {"elapsed_seconds":49.2839845,"iteration":45,"iteration_seconds":0.6149619,"phase":"iteration_complete","training_seconds":31.346918000000002}
STUDY_PHASE {"elapsed_seconds":49.9195957,"iteration":46,"iteration_seconds":0.635553,"phase":"iteration_complete","training_seconds":31.982471000000004}
STUDY_PHASE {"elapsed_seconds":50.6695989,"iteration":47,"iteration_seconds":0.7499441,"phase":"iteration_complete","training_seconds":32.732415100000004}
STUDY_PHASE {"elapsed_seconds":51.3958609,"iteration":48,"iteration_seconds":0.7262032,"phase":"iteration_complete","training_seconds":33.458618300000005}
STUDY_PHASE {"elapsed_seconds":52.054133,"iteration":49,"iteration_seconds":0.658232,"phase":"iteration_complete","training_seconds":34.1168503}
STUDY_PHASE {"elapsed_seconds":52.6853514,"iteration":50,"iteration_seconds":0.6311775,"phase":"iteration_complete","training_seconds":34.7480278}
STUDY_PHASE {"elapsed_seconds":53.3437851,"iteration":51,"iteration_seconds":0.6583862,"phase":"iteration_complete","training_seconds":35.406414000000005}
STUDY_PHASE {"elapsed_seconds":53.9954795,"iteration":52,"iteration_seconds":0.6516339,"phase":"iteration_complete","training_seconds":36.058047900000005}
STUDY_PHASE {"elapsed_seconds":54.636452,"iteration":53,"iteration_seconds":0.6409315,"phase":"iteration_complete","training_seconds":36.698979400000006}
STUDY_PHASE {"elapsed_seconds":55.2842987,"iteration":54,"iteration_seconds":0.6478033,"phase":"iteration_complete","training_seconds":37.346782700000006}
STUDY_PHASE {"elapsed_seconds":55.9521132,"iteration":55,"iteration_seconds":0.6677599,"phase":"iteration_complete","training_seconds":38.014542600000006}
STUDY_PHASE {"elapsed_seconds":56.5593057,"iteration":56,"iteration_seconds":0.6071516,"phase":"iteration_complete","training_seconds":38.62169420000001}
STUDY_PHASE {"elapsed_seconds":57.1724138,"iteration":57,"iteration_seconds":0.6130681,"phase":"iteration_complete","training_seconds":39.23476230000001}
STUDY_PHASE {"elapsed_seconds":57.8281446,"iteration":58,"iteration_seconds":0.6556915,"phase":"iteration_complete","training_seconds":39.89045380000001}
STUDY_PHASE {"elapsed_seconds":58.5769102,"iteration":59,"iteration_seconds":0.7487107,"phase":"iteration_complete","training_seconds":40.63916450000001}
STUDY_PHASE {"elapsed_seconds":59.2723626,"iteration":60,"iteration_seconds":0.695408,"phase":"iteration_complete","training_seconds":41.33457250000001}
STUDY_PHASE {"elapsed_seconds":59.929869,"iteration":61,"iteration_seconds":0.6574658,"phase":"iteration_complete","training_seconds":41.992038300000004}
STUDY_PHASE {"elapsed_seconds":60.5933902,"iteration":62,"iteration_seconds":0.6634833,"phase":"iteration_complete","training_seconds":42.65552160000001}
STUDY_PHASE {"elapsed_seconds":61.3314038,"iteration":63,"iteration_seconds":0.7379581,"phase":"iteration_complete","training_seconds":43.39347970000001}
STUDY_PHASE {"elapsed_seconds":61.9901118,"iteration":64,"iteration_seconds":0.6586609,"phase":"iteration_complete","training_seconds":44.05214060000001}
STUDY_PHASE {"elapsed_seconds":62.6802989,"iteration":65,"iteration_seconds":0.6901455,"phase":"iteration_complete","training_seconds":44.74228610000001}
STUDY_PHASE {"elapsed_seconds":63.3625879,"iteration":66,"iteration_seconds":0.6822596,"phase":"iteration_complete","training_seconds":45.42454570000001}
STUDY_PHASE {"elapsed_seconds":63.9847626,"iteration":67,"iteration_seconds":0.6221202,"phase":"iteration_complete","training_seconds":46.04666590000001}
STUDY_PHASE {"elapsed_seconds":64.6200581,"iteration":68,"iteration_seconds":0.6352457,"phase":"iteration_complete","training_seconds":46.68191160000001}
STUDY_PHASE {"elapsed_seconds":65.2217588,"iteration":69,"iteration_seconds":0.6016491,"phase":"iteration_complete","training_seconds":47.28356070000001}
STUDY_PHASE {"elapsed_seconds":65.8857641,"iteration":70,"iteration_seconds":0.6639632,"phase":"iteration_complete","training_seconds":47.94752390000001}
STUDY_PHASE {"elapsed_seconds":66.5150852,"iteration":71,"iteration_seconds":0.6292722,"phase":"iteration_complete","training_seconds":48.57679610000001}
STUDY_PHASE {"elapsed_seconds":67.1908477,"iteration":72,"iteration_seconds":0.6757163,"phase":"iteration_complete","training_seconds":49.25251240000001}
STUDY_PHASE {"elapsed_seconds":67.8949035,"iteration":73,"iteration_seconds":0.7040138,"phase":"iteration_complete","training_seconds":49.956526200000006}
STUDY_PHASE {"elapsed_seconds":68.5239688,"iteration":74,"iteration_seconds":0.6290263,"phase":"iteration_complete","training_seconds":50.585552500000006}
STUDY_PHASE {"elapsed_seconds":69.2419103,"iteration":75,"iteration_seconds":0.7178985,"phase":"iteration_complete","training_seconds":51.303451}
STUDY_PHASE {"elapsed_seconds":69.938997,"iteration":76,"iteration_seconds":0.6970502,"phase":"iteration_complete","training_seconds":52.0005012}
STUDY_PHASE {"elapsed_seconds":70.5730351,"iteration":77,"iteration_seconds":0.6339961,"phase":"iteration_complete","training_seconds":52.6344973}
STUDY_PHASE {"elapsed_seconds":71.2127027,"iteration":78,"iteration_seconds":0.6396275,"phase":"iteration_complete","training_seconds":53.2741248}
STUDY_PHASE {"elapsed_seconds":71.9543702,"iteration":79,"iteration_seconds":0.7416284,"phase":"iteration_complete","training_seconds":54.015753200000006}
STUDY_PHASE {"elapsed_seconds":72.7403648,"iteration":80,"iteration_seconds":0.7859562,"phase":"iteration_complete","training_seconds":54.80170940000001}
STUDY_PHASE {"elapsed_seconds":73.4899461,"iteration":81,"iteration_seconds":0.749502,"phase":"iteration_complete","training_seconds":55.55121140000001}
STUDY_PHASE {"elapsed_seconds":74.2317038,"iteration":82,"iteration_seconds":0.74172,"phase":"iteration_complete","training_seconds":56.29293140000001}
STUDY_PHASE {"elapsed_seconds":74.9647264,"iteration":83,"iteration_seconds":0.7329802,"phase":"iteration_complete","training_seconds":57.02591160000001}
STUDY_PHASE {"elapsed_seconds":75.6280122,"iteration":84,"iteration_seconds":0.6632419,"phase":"iteration_complete","training_seconds":57.68915350000001}
STUDY_PHASE {"elapsed_seconds":76.2708835,"iteration":85,"iteration_seconds":0.6428294,"phase":"iteration_complete","training_seconds":58.33198290000001}
STUDY_PHASE {"elapsed_seconds":76.938567,"iteration":86,"iteration_seconds":0.6676444,"phase":"iteration_complete","training_seconds":58.99962730000001}
STUDY_PHASE {"elapsed_seconds":77.5762273,"iteration":87,"iteration_seconds":0.6376247,"phase":"iteration_complete","training_seconds":59.63725200000001}
STUDY_PHASE {"elapsed_seconds":78.261236,"iteration":88,"iteration_seconds":0.6849618,"phase":"iteration_complete","training_seconds":60.322213800000014}
STUDY_PHASE {"elapsed_seconds":78.899474,"iteration":89,"iteration_seconds":0.6381837,"phase":"iteration_complete","training_seconds":60.96039750000001}
STUDY_PHASE {"elapsed_seconds":79.5721142,"iteration":90,"iteration_seconds":0.672598,"phase":"iteration_complete","training_seconds":61.632995500000014}
STUDY_PHASE {"elapsed_seconds":80.2394283,"iteration":91,"iteration_seconds":0.6672744,"phase":"iteration_complete","training_seconds":62.30026990000001}
STUDY_PHASE {"elapsed_seconds":80.9279927,"iteration":92,"iteration_seconds":0.6885233,"phase":"iteration_complete","training_seconds":62.98879320000001}
STUDY_PHASE {"elapsed_seconds":81.5841705,"iteration":93,"iteration_seconds":0.6561284,"phase":"iteration_complete","training_seconds":63.64492160000001}
STUDY_PHASE {"elapsed_seconds":82.3078406,"iteration":94,"iteration_seconds":0.7236316,"phase":"iteration_complete","training_seconds":64.36855320000001}
STUDY_PHASE {"elapsed_seconds":83.0756502,"iteration":95,"iteration_seconds":0.7677721,"phase":"iteration_complete","training_seconds":65.13632530000001}
STUDY_PHASE {"elapsed_seconds":83.8306909,"iteration":96,"iteration_seconds":0.7550014,"phase":"iteration_complete","training_seconds":65.89132670000001}
STUDY_PHASE {"elapsed_seconds":84.6276119,"iteration":97,"iteration_seconds":0.7968702,"phase":"iteration_complete","training_seconds":66.68819690000001}
STUDY_PHASE {"elapsed_seconds":85.380492,"iteration":98,"iteration_seconds":0.7527432,"phase":"iteration_complete","training_seconds":67.4409401}
STUDY_PHASE {"elapsed_seconds":86.0954743,"iteration":99,"iteration_seconds":0.7149392,"phase":"iteration_complete","training_seconds":68.15587930000001}
STUDY_PHASE {"elapsed_seconds":86.810551,"iteration":100,"iteration_seconds":0.7150287,"phase":"iteration_complete","training_seconds":68.87090800000001}
STUDY_PHASE {"elapsed_seconds":86.8106106,"iteration":100,"phase":"evaluation_start"}
STUDY_PHASE {"elapsed_seconds":94.8347039,"evaluation_seconds":23.652960399999998,"iteration":100,"phase":"evaluation_complete"}
100 gap=0.4349045306831758 elapsed=94.8
STUDY_CHECKPOINT {"iteration":100,"payload_bytes":1376449008,"saved":"S:\\GTOpen-research\\checkpoint-long-v1\\at-100"}
