seat0 entry mass removed=0.000001620262771236195
seat1 entry mass removed=0.0000012845353565876034
gpu: 432881 nodes, 13 levels, staging+arenas 1323.0 MB
GPU_STORAGE_MAP active=165920 missing_active=0 all_tree_missing=3430
stored KsQs2d pot=39.5: bytes=338179856 disk=false workspace=1661170368
gpu: 432881 nodes, 13 levels, staging+arenas 1323.0 MB
GPU_STORAGE_MAP active=165920 missing_active=0 all_tree_missing=3430
stored KsQs2s pot=39.5: bytes=160269032 disk=false workspace=1661170368
gpu: 432881 nodes, 13 levels, staging+arenas 1320.5 MB
stored KsQh2d pot=39.5: bytes=565676720 disk=false workspace=1661170368
gpu: 143389 nodes, 11 levels, staging+arenas 434.4 MB
GPU_STORAGE_MAP active=52436 missing_active=0 all_tree_missing=1078
stored KsQs2d pot=93.5: bytes=99172752 disk=false workspace=1661170368
gpu: 143389 nodes, 11 levels, staging+arenas 434.4 MB
GPU_STORAGE_MAP active=52436 missing_active=0 all_tree_missing=1078
stored KsQs2s pot=93.5: bytes=47122936 disk=false workspace=1661170368
gpu: 143389 nodes, 11 levels, staging+arenas 433.6 MB
stored KsQh2d pot=93.5: bytes=165656400 disk=false workspace=1661170368
STUDY_CHECKPOINT {"iteration":100,"payload_bytes":1376449008,"restored":"S:\\GTOpen-research\\checkpoint-long-v1\\at-100"}
STUDY_PHASE {"elapsed_seconds":3.3213444,"phase":"construction_complete"}
planned_strategy_writes=0
STUDY_PHASE {"elapsed_seconds":3.3213778,"iteration":100,"iteration_seconds":1e-7,"phase":"iteration_complete","training_seconds":1e-7}
STUDY_PHASE {"elapsed_seconds":3.3213843,"iteration":100,"phase":"evaluation_start"}
STUDY_PHASE {"elapsed_seconds":12.0299165,"evaluation_seconds":8.7085259,"iteration":100,"phase":"evaluation_complete"}
100 gap=0.4349045306831758 elapsed=12.0

thread 'main' (88212) panicked at crates\solver\examples\integrated_continuation_stored.rs:286:87:
called `Result::unwrap()` on an `Err` value: "Cannot create a file when that file already exists. (os error 183)"
note: run with `RUST_BACKTRACE=1` environment variable to display a backtrace
