seat0 entry mass removed=0.000001620262771236195
seat1 entry mass removed=0.0000012845353565876034
gpu: 432881 nodes, 13 levels, staging+arenas 1323.0 MB
GPU_STORAGE_MAP active=165920 missing_active=0 all_tree_missing=3430
stored KsQs2d pot=39.5: bytes=338179856 disk=false workspace=1661170368
gpu: 432881 nodes, 13 levels, staging+arenas 1323.0 MB
GPU_STORAGE_MAP active=165920 missing_active=0 all_tree_missing=3430
stored KsQs2s pot=39.5: bytes=160269032 disk=false workspace=1661170368
gpu: 432881 nodes, 13 levels, staging+arenas 1320.5 MB
stored KsQh2d pot=39.5: bytes=565676720 disk=false workspace=1661170368
gpu: 143389 nodes, 11 levels, staging+arenas 434.4 MB
GPU_STORAGE_MAP active=52436 missing_active=0 all_tree_missing=1078
stored KsQs2d pot=93.5: bytes=99172752 disk=false workspace=1661170368
gpu: 143389 nodes, 11 levels, staging+arenas 434.4 MB
GPU_STORAGE_MAP active=52436 missing_active=0 all_tree_missing=1078
stored KsQs2s pot=93.5: bytes=47122936 disk=false workspace=1661170368
gpu: 143389 nodes, 11 levels, staging+arenas 433.6 MB
stored KsQh2d pot=93.5: bytes=165656400 disk=false workspace=1661170368
STUDY_PHASE {"elapsed_seconds":2.3558996,"phase":"construction_complete"}
planned_strategy_writes=0
STUDY_PHASE {"elapsed_seconds":2.9958811,"iteration":1,"iteration_seconds":0.6399544,"phase":"iteration_complete","training_seconds":0.6399544}
STUDY_PHASE {"elapsed_seconds":2.995922,"iteration":1,"phase":"evaluation_start"}
STUDY_PHASE {"elapsed_seconds":11.3646127,"evaluation_seconds":8.3686849,"iteration":1,"phase":"evaluation_complete"}
1 gap=77.88825484561856 elapsed=11.4
STUDY_PHASE {"elapsed_seconds":12.0212095,"iteration":2,"iteration_seconds":0.6543557,"phase":"iteration_complete","training_seconds":1.2943101000000001}
STUDY_PHASE {"elapsed_seconds":12.7002705,"iteration":3,"iteration_seconds":0.6790285,"phase":"iteration_complete","training_seconds":1.9733386000000002}
STUDY_PHASE {"elapsed_seconds":13.4197782,"iteration":4,"iteration_seconds":0.7194632,"phase":"iteration_complete","training_seconds":2.6928018000000002}
STUDY_PHASE {"elapsed_seconds":14.1916068,"iteration":5,"iteration_seconds":0.7717885,"phase":"iteration_complete","training_seconds":3.4645903000000002}
STUDY_PHASE {"elapsed_seconds":14.8782265,"iteration":6,"iteration_seconds":0.6865654,"phase":"iteration_complete","training_seconds":4.1511557}
STUDY_PHASE {"elapsed_seconds":15.623918,"iteration":7,"iteration_seconds":0.7456501,"phase":"iteration_complete","training_seconds":4.8968058}
STUDY_PHASE {"elapsed_seconds":16.351763,"iteration":8,"iteration_seconds":0.727794,"phase":"iteration_complete","training_seconds":5.6245998}
STUDY_PHASE {"elapsed_seconds":17.1187509,"iteration":9,"iteration_seconds":0.7669435,"phase":"iteration_complete","training_seconds":6.3915433}
STUDY_PHASE {"elapsed_seconds":17.9109732,"iteration":10,"iteration_seconds":0.7921633,"phase":"iteration_complete","training_seconds":7.183706600000001}
STUDY_PHASE {"elapsed_seconds":18.675261,"iteration":11,"iteration_seconds":0.7642418,"phase":"iteration_complete","training_seconds":7.9479484000000005}
STUDY_PHASE {"elapsed_seconds":19.4377182,"iteration":12,"iteration_seconds":0.7624127,"phase":"iteration_complete","training_seconds":8.7103611}
STUDY_PHASE {"elapsed_seconds":20.1641731,"iteration":13,"iteration_seconds":0.7264085,"phase":"iteration_complete","training_seconds":9.4367696}
STUDY_PHASE {"elapsed_seconds":20.8679929,"iteration":14,"iteration_seconds":0.7037733,"phase":"iteration_complete","training_seconds":10.1405429}
STUDY_PHASE {"elapsed_seconds":21.6827894,"iteration":15,"iteration_seconds":0.8147479,"phase":"iteration_complete","training_seconds":10.9552908}
STUDY_PHASE {"elapsed_seconds":22.5792382,"iteration":16,"iteration_seconds":0.8964019,"phase":"iteration_complete","training_seconds":11.851692700000001}
STUDY_PHASE {"elapsed_seconds":23.2793952,"iteration":17,"iteration_seconds":0.7001153,"phase":"iteration_complete","training_seconds":12.551808000000001}
STUDY_PHASE {"elapsed_seconds":24.0400954,"iteration":18,"iteration_seconds":0.7606478,"phase":"iteration_complete","training_seconds":13.3124558}
STUDY_PHASE {"elapsed_seconds":24.7521727,"iteration":19,"iteration_seconds":0.7119947,"phase":"iteration_complete","training_seconds":14.0244505}
STUDY_PHASE {"elapsed_seconds":25.4321861,"iteration":20,"iteration_seconds":0.6799588,"phase":"iteration_complete","training_seconds":14.7044093}
STUDY_PHASE {"elapsed_seconds":25.432224,"iteration":20,"phase":"evaluation_start"}
STUDY_PHASE {"elapsed_seconds":33.0609049,"evaluation_seconds":15.9973603,"iteration":20,"phase":"evaluation_complete"}
20 gap=4.161098797388908 elapsed=33.1
STUDY_PHASE {"elapsed_seconds":33.7763046,"iteration":21,"iteration_seconds":0.7123424,"phase":"iteration_complete","training_seconds":15.4167517}
STUDY_PHASE {"elapsed_seconds":34.4306148,"iteration":22,"iteration_seconds":0.6542703,"phase":"iteration_complete","training_seconds":16.071022}
STUDY_PHASE {"elapsed_seconds":35.223069,"iteration":23,"iteration_seconds":0.7924215,"phase":"iteration_complete","training_seconds":16.8634435}
STUDY_PHASE {"elapsed_seconds":35.9572235,"iteration":24,"iteration_seconds":0.7341149,"phase":"iteration_complete","training_seconds":17.5975584}
STUDY_PHASE {"elapsed_seconds":36.6383199,"iteration":25,"iteration_seconds":0.6810553,"phase":"iteration_complete","training_seconds":18.2786137}
STUDY_PHASE {"elapsed_seconds":37.3561637,"iteration":26,"iteration_seconds":0.7178037,"phase":"iteration_complete","training_seconds":18.996417400000002}
STUDY_PHASE {"elapsed_seconds":38.0701361,"iteration":27,"iteration_seconds":0.7139235,"phase":"iteration_complete","training_seconds":19.710340900000002}
STUDY_PHASE {"elapsed_seconds":38.7498977,"iteration":28,"iteration_seconds":0.6748675,"phase":"iteration_complete","training_seconds":20.385208400000003}
STUDY_PHASE {"elapsed_seconds":39.398998,"iteration":29,"iteration_seconds":0.6490447,"phase":"iteration_complete","training_seconds":21.034253100000004}
STUDY_PHASE {"elapsed_seconds":40.0493823,"iteration":30,"iteration_seconds":0.6503445,"phase":"iteration_complete","training_seconds":21.684597600000004}
STUDY_PHASE {"elapsed_seconds":40.6697476,"iteration":31,"iteration_seconds":0.6203288,"phase":"iteration_complete","training_seconds":22.304926400000003}
STUDY_PHASE {"elapsed_seconds":41.3313201,"iteration":32,"iteration_seconds":0.6615363,"phase":"iteration_complete","training_seconds":22.966462700000005}
STUDY_PHASE {"elapsed_seconds":42.0317301,"iteration":33,"iteration_seconds":0.7003685,"phase":"iteration_complete","training_seconds":23.666831200000004}
STUDY_PHASE {"elapsed_seconds":42.7334279,"iteration":34,"iteration_seconds":0.7016457,"phase":"iteration_complete","training_seconds":24.368476900000005}
STUDY_PHASE {"elapsed_seconds":43.3975255,"iteration":35,"iteration_seconds":0.6640495,"phase":"iteration_complete","training_seconds":25.032526400000005}
STUDY_PHASE {"elapsed_seconds":44.0387382,"iteration":36,"iteration_seconds":0.6411744,"phase":"iteration_complete","training_seconds":25.673700800000006}
STUDY_PHASE {"elapsed_seconds":44.8289054,"iteration":37,"iteration_seconds":0.7901262,"phase":"iteration_complete","training_seconds":26.463827000000006}
STUDY_PHASE {"elapsed_seconds":44.8289566,"iteration":37,"phase":"evaluation_start"}
STUDY_PHASE {"elapsed_seconds":52.6041345,"evaluation_seconds":23.772529300000002,"iteration":37,"phase":"evaluation_complete"}
37 gap=1.9829427017945287 elapsed=52.6
STUDY_CHECKPOINT {"iteration":37,"payload_bytes":1376449008,"saved":"S:\\GTOpen-research\\checkpoint-long-v1\\at-37"}
