seat0 entry mass removed=0.000001620262771236195
seat1 entry mass removed=0.0000012845353565876034
gpu: 432881 nodes, 13 levels, staging+arenas 1323.0 MB
GPU_STORAGE_MAP active=165920 missing_active=0 all_tree_missing=3430
stored KsQs2d pot=39.5: bytes=338179856 disk=false workspace=1661170368
gpu: 432881 nodes, 13 levels, staging+arenas 1323.0 MB
GPU_STORAGE_MAP active=165920 missing_active=0 all_tree_missing=3430
stored KsQs2s pot=39.5: bytes=160269032 disk=false workspace=1661170368
gpu: 432881 nodes, 13 levels, staging+arenas 1320.5 MB
stored KsQh2d pot=39.5: bytes=565676720 disk=false workspace=1661170368
gpu: 143389 nodes, 11 levels, staging+arenas 434.4 MB
GPU_STORAGE_MAP active=52436 missing_active=0 all_tree_missing=1078
stored KsQs2d pot=93.5: bytes=99172752 disk=false workspace=1661170368
gpu: 143389 nodes, 11 levels, staging+arenas 434.4 MB
GPU_STORAGE_MAP active=52436 missing_active=0 all_tree_missing=1078
stored KsQs2s pot=93.5: bytes=47122936 disk=false workspace=1661170368
gpu: 143389 nodes, 11 levels, staging+arenas 433.6 MB
stored KsQh2d pot=93.5: bytes=165656400 disk=false workspace=1661170368
STUDY_CHECKPOINT {"iteration":100,"payload_bytes":1376449008,"restored":"S:\\GTOpen-research\\checkpoint-long-v1\\at-100"}
STUDY_CHECKPOINT {"iteration":100,"payload_bytes":1376449008,"saved":"S:\\GTOpen-research\\checkpoint-long-v1\\reloaded-100"}
STUDY_PHASE {"elapsed_seconds":6.647162,"phase":"construction_complete"}
planned_strategy_writes=0
STUDY_PHASE {"elapsed_seconds":6.6471848,"iteration":100,"iteration_seconds":0.0,"phase":"iteration_complete","training_seconds":0.0}
STUDY_PHASE {"elapsed_seconds":6.6471891,"iteration":100,"phase":"evaluation_start"}
STUDY_PHASE {"elapsed_seconds":14.7198837,"evaluation_seconds":8.0726901,"iteration":100,"phase":"evaluation_complete"}
100 gap=0.4349045306831758 elapsed=14.7
STUDY_PHASE {"elapsed_seconds":15.4134489,"iteration":101,"iteration_seconds":0.6913374,"phase":"iteration_complete","training_seconds":0.6913374}
STUDY_PHASE {"elapsed_seconds":16.1024885,"iteration":102,"iteration_seconds":0.6890059,"phase":"iteration_complete","training_seconds":1.3803432999999998}
STUDY_PHASE {"elapsed_seconds":16.8710176,"iteration":103,"iteration_seconds":0.7684897,"phase":"iteration_complete","training_seconds":2.1488329999999998}
STUDY_PHASE {"elapsed_seconds":17.546404,"iteration":104,"iteration_seconds":0.6699223,"phase":"iteration_complete","training_seconds":2.8187553}
STUDY_PHASE {"elapsed_seconds":18.3313843,"iteration":105,"iteration_seconds":0.7849413,"phase":"iteration_complete","training_seconds":3.6036965999999997}
STUDY_PHASE {"elapsed_seconds":19.1057832,"iteration":106,"iteration_seconds":0.7743675,"phase":"iteration_complete","training_seconds":4.3780641}
STUDY_PHASE {"elapsed_seconds":19.7977868,"iteration":107,"iteration_seconds":0.6919547,"phase":"iteration_complete","training_seconds":5.0700188}
STUDY_PHASE {"elapsed_seconds":20.542852,"iteration":108,"iteration_seconds":0.7450248,"phase":"iteration_complete","training_seconds":5.8150436}
STUDY_PHASE {"elapsed_seconds":21.2307722,"iteration":109,"iteration_seconds":0.687863,"phase":"iteration_complete","training_seconds":6.5029066}
STUDY_PHASE {"elapsed_seconds":21.8715629,"iteration":110,"iteration_seconds":0.6407418,"phase":"iteration_complete","training_seconds":7.1436484}
STUDY_PHASE {"elapsed_seconds":22.6099427,"iteration":111,"iteration_seconds":0.7383301,"phase":"iteration_complete","training_seconds":7.8819785}
STUDY_PHASE {"elapsed_seconds":23.3111244,"iteration":112,"iteration_seconds":0.7011354,"phase":"iteration_complete","training_seconds":8.583113899999999}
STUDY_PHASE {"elapsed_seconds":23.9392536,"iteration":113,"iteration_seconds":0.6280789,"phase":"iteration_complete","training_seconds":9.2111928}
STUDY_PHASE {"elapsed_seconds":24.5619162,"iteration":114,"iteration_seconds":0.6226217,"phase":"iteration_complete","training_seconds":9.833814499999999}
STUDY_PHASE {"elapsed_seconds":25.1855572,"iteration":115,"iteration_seconds":0.6236006,"phase":"iteration_complete","training_seconds":10.457415099999999}
STUDY_PHASE {"elapsed_seconds":25.8066393,"iteration":116,"iteration_seconds":0.620976,"phase":"iteration_complete","training_seconds":11.0783911}
STUDY_PHASE {"elapsed_seconds":26.451238,"iteration":117,"iteration_seconds":0.644547,"phase":"iteration_complete","training_seconds":11.722938099999999}
STUDY_PHASE {"elapsed_seconds":27.1045068,"iteration":118,"iteration_seconds":0.6532092,"phase":"iteration_complete","training_seconds":12.3761473}
STUDY_PHASE {"elapsed_seconds":27.7356266,"iteration":119,"iteration_seconds":0.6310788,"phase":"iteration_complete","training_seconds":13.0072261}
STUDY_PHASE {"elapsed_seconds":28.3921082,"iteration":120,"iteration_seconds":0.6564412,"phase":"iteration_complete","training_seconds":13.6636673}
STUDY_PHASE {"elapsed_seconds":29.0963122,"iteration":121,"iteration_seconds":0.7041447,"phase":"iteration_complete","training_seconds":14.367812}
STUDY_PHASE {"elapsed_seconds":29.7475804,"iteration":122,"iteration_seconds":0.651229,"phase":"iteration_complete","training_seconds":15.019041000000001}
STUDY_PHASE {"elapsed_seconds":30.3689064,"iteration":123,"iteration_seconds":0.6212842,"phase":"iteration_complete","training_seconds":15.640325200000001}
STUDY_PHASE {"elapsed_seconds":30.9862286,"iteration":124,"iteration_seconds":0.6172781,"phase":"iteration_complete","training_seconds":16.2576033}
STUDY_PHASE {"elapsed_seconds":31.6174161,"iteration":125,"iteration_seconds":0.6311374,"phase":"iteration_complete","training_seconds":16.8887407}
STUDY_PHASE {"elapsed_seconds":32.2431485,"iteration":126,"iteration_seconds":0.6256764,"phase":"iteration_complete","training_seconds":17.5144171}
STUDY_PHASE {"elapsed_seconds":32.8731576,"iteration":127,"iteration_seconds":0.6299483,"phase":"iteration_complete","training_seconds":18.144365399999998}
STUDY_PHASE {"elapsed_seconds":33.5040381,"iteration":128,"iteration_seconds":0.6308439,"phase":"iteration_complete","training_seconds":18.775209299999997}
STUDY_PHASE {"elapsed_seconds":34.1272986,"iteration":129,"iteration_seconds":0.6232173,"phase":"iteration_complete","training_seconds":19.398426599999997}
STUDY_PHASE {"elapsed_seconds":34.8156225,"iteration":130,"iteration_seconds":0.6882711,"phase":"iteration_complete","training_seconds":20.0866977}
STUDY_PHASE {"elapsed_seconds":35.502445,"iteration":131,"iteration_seconds":0.6867811,"phase":"iteration_complete","training_seconds":20.7734788}
STUDY_PHASE {"elapsed_seconds":36.1649798,"iteration":132,"iteration_seconds":0.6624843,"phase":"iteration_complete","training_seconds":21.4359631}
STUDY_PHASE {"elapsed_seconds":36.8194031,"iteration":133,"iteration_seconds":0.6543799,"phase":"iteration_complete","training_seconds":22.090342999999997}
STUDY_PHASE {"elapsed_seconds":37.5835267,"iteration":134,"iteration_seconds":0.7640887,"phase":"iteration_complete","training_seconds":22.854431699999996}
STUDY_PHASE {"elapsed_seconds":38.2756062,"iteration":135,"iteration_seconds":0.6920301,"phase":"iteration_complete","training_seconds":23.546461799999996}
STUDY_PHASE {"elapsed_seconds":38.9006433,"iteration":136,"iteration_seconds":0.6248345,"phase":"iteration_complete","training_seconds":24.171296299999995}
STUDY_PHASE {"elapsed_seconds":39.5576743,"iteration":137,"iteration_seconds":0.65699,"phase":"iteration_complete","training_seconds":24.828286299999995}
STUDY_PHASE {"elapsed_seconds":40.1884726,"iteration":138,"iteration_seconds":0.6307568,"phase":"iteration_complete","training_seconds":25.459043099999995}
STUDY_PHASE {"elapsed_seconds":40.8334154,"iteration":139,"iteration_seconds":0.6448197,"phase":"iteration_complete","training_seconds":26.103862799999995}
STUDY_PHASE {"elapsed_seconds":41.4549931,"iteration":140,"iteration_seconds":0.6215373,"phase":"iteration_complete","training_seconds":26.725400099999995}
STUDY_PHASE {"elapsed_seconds":42.0674402,"iteration":141,"iteration_seconds":0.6124059,"phase":"iteration_complete","training_seconds":27.337805999999993}
STUDY_PHASE {"elapsed_seconds":42.7078412,"iteration":142,"iteration_seconds":0.6403626,"phase":"iteration_complete","training_seconds":27.978168599999993}
STUDY_PHASE {"elapsed_seconds":43.3334709,"iteration":143,"iteration_seconds":0.6255341,"phase":"iteration_complete","training_seconds":28.603702699999992}
STUDY_PHASE {"elapsed_seconds":43.9524242,"iteration":144,"iteration_seconds":0.6189067,"phase":"iteration_complete","training_seconds":29.222609399999993}
STUDY_PHASE {"elapsed_seconds":44.5705143,"iteration":145,"iteration_seconds":0.6180506,"phase":"iteration_complete","training_seconds":29.840659999999993}
STUDY_PHASE {"elapsed_seconds":45.2446596,"iteration":146,"iteration_seconds":0.6741101,"phase":"iteration_complete","training_seconds":30.514770099999993}
STUDY_PHASE {"elapsed_seconds":45.9384277,"iteration":147,"iteration_seconds":0.6937256,"phase":"iteration_complete","training_seconds":31.208495699999993}
STUDY_PHASE {"elapsed_seconds":46.5857309,"iteration":148,"iteration_seconds":0.6472591,"phase":"iteration_complete","training_seconds":31.855754799999993}
STUDY_PHASE {"elapsed_seconds":47.2915317,"iteration":149,"iteration_seconds":0.7057547,"phase":"iteration_complete","training_seconds":32.56150949999999}
STUDY_PHASE {"elapsed_seconds":48.0331519,"iteration":150,"iteration_seconds":0.7415832,"phase":"iteration_complete","training_seconds":33.30309269999999}
STUDY_PHASE {"elapsed_seconds":48.6639183,"iteration":151,"iteration_seconds":0.6307284,"phase":"iteration_complete","training_seconds":33.933821099999996}
STUDY_PHASE {"elapsed_seconds":49.3175158,"iteration":152,"iteration_seconds":0.6535558,"phase":"iteration_complete","training_seconds":34.587376899999995}
STUDY_PHASE {"elapsed_seconds":49.9842354,"iteration":153,"iteration_seconds":0.6666717,"phase":"iteration_complete","training_seconds":35.2540486}
STUDY_PHASE {"elapsed_seconds":50.6538783,"iteration":154,"iteration_seconds":0.6696013,"phase":"iteration_complete","training_seconds":35.923649899999994}
STUDY_PHASE {"elapsed_seconds":51.4787275,"iteration":155,"iteration_seconds":0.8248027,"phase":"iteration_complete","training_seconds":36.74845259999999}
STUDY_PHASE {"elapsed_seconds":52.2540495,"iteration":156,"iteration_seconds":0.775281,"phase":"iteration_complete","training_seconds":37.52373359999999}
STUDY_PHASE {"elapsed_seconds":52.8945978,"iteration":157,"iteration_seconds":0.6405039,"phase":"iteration_complete","training_seconds":38.16423749999999}
STUDY_PHASE {"elapsed_seconds":53.520387,"iteration":158,"iteration_seconds":0.6257569,"phase":"iteration_complete","training_seconds":38.78999439999999}
STUDY_PHASE {"elapsed_seconds":54.1469732,"iteration":159,"iteration_seconds":0.6265462,"phase":"iteration_complete","training_seconds":39.41654059999999}
STUDY_PHASE {"elapsed_seconds":54.8719327,"iteration":160,"iteration_seconds":0.7249189,"phase":"iteration_complete","training_seconds":40.14145949999999}
STUDY_PHASE {"elapsed_seconds":55.5456077,"iteration":161,"iteration_seconds":0.6736283,"phase":"iteration_complete","training_seconds":40.815087799999986}
STUDY_PHASE {"elapsed_seconds":56.1979811,"iteration":162,"iteration_seconds":0.6523312,"phase":"iteration_complete","training_seconds":41.467418999999985}
STUDY_PHASE {"elapsed_seconds":56.8382798,"iteration":163,"iteration_seconds":0.6402539,"phase":"iteration_complete","training_seconds":42.10767289999998}
STUDY_PHASE {"elapsed_seconds":57.4608398,"iteration":164,"iteration_seconds":0.6225184,"phase":"iteration_complete","training_seconds":42.73019129999998}
STUDY_PHASE {"elapsed_seconds":58.095654,"iteration":165,"iteration_seconds":0.6347615,"phase":"iteration_complete","training_seconds":43.36495279999998}
STUDY_PHASE {"elapsed_seconds":58.7443219,"iteration":166,"iteration_seconds":0.6486276,"phase":"iteration_complete","training_seconds":44.01358039999998}
STUDY_PHASE {"elapsed_seconds":59.4386084,"iteration":167,"iteration_seconds":0.6942459,"phase":"iteration_complete","training_seconds":44.70782629999998}
STUDY_PHASE {"elapsed_seconds":60.1008961,"iteration":168,"iteration_seconds":0.6622468,"phase":"iteration_complete","training_seconds":45.37007309999998}
STUDY_PHASE {"elapsed_seconds":60.745558,"iteration":169,"iteration_seconds":0.6446342,"phase":"iteration_complete","training_seconds":46.014707299999976}
STUDY_PHASE {"elapsed_seconds":61.5352362,"iteration":170,"iteration_seconds":0.7896287,"phase":"iteration_complete","training_seconds":46.80433599999998}
STUDY_PHASE {"elapsed_seconds":62.2432311,"iteration":171,"iteration_seconds":0.7079326,"phase":"iteration_complete","training_seconds":47.51226859999998}
STUDY_PHASE {"elapsed_seconds":62.8963188,"iteration":172,"iteration_seconds":0.6530392,"phase":"iteration_complete","training_seconds":48.16530779999998}
STUDY_PHASE {"elapsed_seconds":63.557577,"iteration":173,"iteration_seconds":0.6612189,"phase":"iteration_complete","training_seconds":48.82652669999998}
STUDY_PHASE {"elapsed_seconds":64.2074278,"iteration":174,"iteration_seconds":0.6498109,"phase":"iteration_complete","training_seconds":49.47633759999998}
STUDY_PHASE {"elapsed_seconds":64.8295501,"iteration":175,"iteration_seconds":0.6220919,"phase":"iteration_complete","training_seconds":50.09842949999998}
STUDY_PHASE {"elapsed_seconds":65.4891776,"iteration":176,"iteration_seconds":0.6595856,"phase":"iteration_complete","training_seconds":50.75801509999998}
STUDY_PHASE {"elapsed_seconds":66.1302353,"iteration":177,"iteration_seconds":0.6410178,"phase":"iteration_complete","training_seconds":51.39903289999998}
STUDY_PHASE {"elapsed_seconds":66.7894094,"iteration":178,"iteration_seconds":0.6591237,"phase":"iteration_complete","training_seconds":52.05815659999998}
STUDY_PHASE {"elapsed_seconds":67.4381925,"iteration":179,"iteration_seconds":0.6487441,"phase":"iteration_complete","training_seconds":52.706900699999984}
STUDY_PHASE {"elapsed_seconds":68.0519542,"iteration":180,"iteration_seconds":0.6137188,"phase":"iteration_complete","training_seconds":53.320619499999985}
STUDY_PHASE {"elapsed_seconds":68.6768098,"iteration":181,"iteration_seconds":0.6247986,"phase":"iteration_complete","training_seconds":53.94541809999998}
STUDY_PHASE {"elapsed_seconds":69.3029842,"iteration":182,"iteration_seconds":0.6261305,"phase":"iteration_complete","training_seconds":54.571548599999986}
STUDY_PHASE {"elapsed_seconds":69.9328,"iteration":183,"iteration_seconds":0.6297627,"phase":"iteration_complete","training_seconds":55.201311299999986}
STUDY_PHASE {"elapsed_seconds":70.5957608,"iteration":184,"iteration_seconds":0.6629199,"phase":"iteration_complete","training_seconds":55.864231199999985}
STUDY_PHASE {"elapsed_seconds":71.257782,"iteration":185,"iteration_seconds":0.6619793,"phase":"iteration_complete","training_seconds":56.52621049999998}
STUDY_PHASE {"elapsed_seconds":71.8867883,"iteration":186,"iteration_seconds":0.6289643,"phase":"iteration_complete","training_seconds":57.15517479999998}
STUDY_PHASE {"elapsed_seconds":72.5021505,"iteration":187,"iteration_seconds":0.615313,"phase":"iteration_complete","training_seconds":57.770487799999984}
STUDY_PHASE {"elapsed_seconds":73.1077948,"iteration":188,"iteration_seconds":0.6055946,"phase":"iteration_complete","training_seconds":58.37608239999999}
STUDY_PHASE {"elapsed_seconds":73.7930006,"iteration":189,"iteration_seconds":0.685169,"phase":"iteration_complete","training_seconds":59.06125139999999}
STUDY_PHASE {"elapsed_seconds":74.4598855,"iteration":190,"iteration_seconds":0.6668374,"phase":"iteration_complete","training_seconds":59.72808879999999}
STUDY_PHASE {"elapsed_seconds":75.0878455,"iteration":191,"iteration_seconds":0.6279169,"phase":"iteration_complete","training_seconds":60.35600569999999}
STUDY_PHASE {"elapsed_seconds":75.7118788,"iteration":192,"iteration_seconds":0.6239915,"phase":"iteration_complete","training_seconds":60.97999719999999}
STUDY_PHASE {"elapsed_seconds":76.4432651,"iteration":193,"iteration_seconds":0.7313445,"phase":"iteration_complete","training_seconds":61.71134169999999}
STUDY_PHASE {"elapsed_seconds":77.0924721,"iteration":194,"iteration_seconds":0.6491702,"phase":"iteration_complete","training_seconds":62.36051189999999}
STUDY_PHASE {"elapsed_seconds":77.7190746,"iteration":195,"iteration_seconds":0.6265615,"phase":"iteration_complete","training_seconds":62.98707339999999}
STUDY_PHASE {"elapsed_seconds":78.34835,"iteration":196,"iteration_seconds":0.6291794,"phase":"iteration_complete","training_seconds":63.61625279999999}
STUDY_PHASE {"elapsed_seconds":79.0341663,"iteration":197,"iteration_seconds":0.6857782,"phase":"iteration_complete","training_seconds":64.30203099999999}
STUDY_PHASE {"elapsed_seconds":79.6744141,"iteration":198,"iteration_seconds":0.6402104,"phase":"iteration_complete","training_seconds":64.94224139999999}
STUDY_PHASE {"elapsed_seconds":80.3204832,"iteration":199,"iteration_seconds":0.6460262,"phase":"iteration_complete","training_seconds":65.58826759999998}
STUDY_PHASE {"elapsed_seconds":80.9995657,"iteration":200,"iteration_seconds":0.6790328,"phase":"iteration_complete","training_seconds":66.26730039999998}
STUDY_PHASE {"elapsed_seconds":81.6688537,"iteration":201,"iteration_seconds":0.6692424,"phase":"iteration_complete","training_seconds":66.93654279999998}
STUDY_PHASE {"elapsed_seconds":82.3323698,"iteration":202,"iteration_seconds":0.6634645,"phase":"iteration_complete","training_seconds":67.60000729999999}
STUDY_PHASE {"elapsed_seconds":83.0156369,"iteration":203,"iteration_seconds":0.6832228,"phase":"iteration_complete","training_seconds":68.28323009999998}
STUDY_PHASE {"elapsed_seconds":83.7329805,"iteration":204,"iteration_seconds":0.7173028,"phase":"iteration_complete","training_seconds":69.00053289999998}
STUDY_PHASE {"elapsed_seconds":84.5243559,"iteration":205,"iteration_seconds":0.791336,"phase":"iteration_complete","training_seconds":69.79186889999998}
STUDY_PHASE {"elapsed_seconds":85.27599,"iteration":206,"iteration_seconds":0.7515297,"phase":"iteration_complete","training_seconds":70.54339859999999}
STUDY_PHASE {"elapsed_seconds":85.9672335,"iteration":207,"iteration_seconds":0.6911998,"phase":"iteration_complete","training_seconds":71.2345984}
STUDY_PHASE {"elapsed_seconds":86.6607948,"iteration":208,"iteration_seconds":0.6935159,"phase":"iteration_complete","training_seconds":71.92811429999999}
STUDY_PHASE {"elapsed_seconds":87.3326644,"iteration":209,"iteration_seconds":0.6718226,"phase":"iteration_complete","training_seconds":72.59993689999999}
STUDY_PHASE {"elapsed_seconds":88.0312561,"iteration":210,"iteration_seconds":0.6985495,"phase":"iteration_complete","training_seconds":73.29848639999999}
STUDY_PHASE {"elapsed_seconds":88.7233994,"iteration":211,"iteration_seconds":0.6921013,"phase":"iteration_complete","training_seconds":73.99058769999999}
STUDY_PHASE {"elapsed_seconds":89.4325483,"iteration":212,"iteration_seconds":0.7091057,"phase":"iteration_complete","training_seconds":74.69969339999999}
STUDY_PHASE {"elapsed_seconds":90.1426717,"iteration":213,"iteration_seconds":0.7100789,"phase":"iteration_complete","training_seconds":75.40977229999999}
STUDY_PHASE {"elapsed_seconds":90.86339889999999,"iteration":214,"iteration_seconds":0.7206799,"phase":"iteration_complete","training_seconds":76.13045219999998}
STUDY_PHASE {"elapsed_seconds":91.5874225,"iteration":215,"iteration_seconds":0.7239644,"phase":"iteration_complete","training_seconds":76.85441659999998}
STUDY_PHASE {"elapsed_seconds":92.3296622,"iteration":216,"iteration_seconds":0.7421953,"phase":"iteration_complete","training_seconds":77.59661189999998}
STUDY_PHASE {"elapsed_seconds":93.1833124,"iteration":217,"iteration_seconds":0.8536003,"phase":"iteration_complete","training_seconds":78.45021219999998}
STUDY_PHASE {"elapsed_seconds":93.9575002,"iteration":218,"iteration_seconds":0.7741488,"phase":"iteration_complete","training_seconds":79.22436099999999}
STUDY_PHASE {"elapsed_seconds":94.6921343,"iteration":219,"iteration_seconds":0.7345892,"phase":"iteration_complete","training_seconds":79.95895019999999}
STUDY_PHASE {"elapsed_seconds":95.4473022,"iteration":220,"iteration_seconds":0.7551281,"phase":"iteration_complete","training_seconds":80.71407829999998}
STUDY_PHASE {"elapsed_seconds":96.1606041,"iteration":221,"iteration_seconds":0.7132574,"phase":"iteration_complete","training_seconds":81.42733569999999}
STUDY_PHASE {"elapsed_seconds":96.8929619,"iteration":222,"iteration_seconds":0.7323084,"phase":"iteration_complete","training_seconds":82.15964409999998}
STUDY_PHASE {"elapsed_seconds":97.6087365,"iteration":223,"iteration_seconds":0.7157267,"phase":"iteration_complete","training_seconds":82.87537079999998}
STUDY_PHASE {"elapsed_seconds":98.2852411,"iteration":224,"iteration_seconds":0.6764611,"phase":"iteration_complete","training_seconds":83.55183189999998}
STUDY_PHASE {"elapsed_seconds":98.9907808,"iteration":225,"iteration_seconds":0.7054886,"phase":"iteration_complete","training_seconds":84.25732049999998}
STUDY_PHASE {"elapsed_seconds":99.6586383,"iteration":226,"iteration_seconds":0.667817,"phase":"iteration_complete","training_seconds":84.92513749999998}
STUDY_PHASE {"elapsed_seconds":100.3395215,"iteration":227,"iteration_seconds":0.6808443,"phase":"iteration_complete","training_seconds":85.60598179999998}
STUDY_PHASE {"elapsed_seconds":101.0396305,"iteration":228,"iteration_seconds":0.7000631,"phase":"iteration_complete","training_seconds":86.30604489999997}
STUDY_PHASE {"elapsed_seconds":101.7159416,"iteration":229,"iteration_seconds":0.6762757,"phase":"iteration_complete","training_seconds":86.98232059999998}
STUDY_PHASE {"elapsed_seconds":102.401401,"iteration":230,"iteration_seconds":0.6853967,"phase":"iteration_complete","training_seconds":87.66771729999998}
STUDY_PHASE {"elapsed_seconds":103.0732634,"iteration":231,"iteration_seconds":0.6718193,"phase":"iteration_complete","training_seconds":88.33953659999997}
STUDY_PHASE {"elapsed_seconds":103.7994785,"iteration":232,"iteration_seconds":0.7261667,"phase":"iteration_complete","training_seconds":89.06570329999997}
STUDY_PHASE {"elapsed_seconds":104.483192,"iteration":233,"iteration_seconds":0.6836742,"phase":"iteration_complete","training_seconds":89.74937749999997}
STUDY_PHASE {"elapsed_seconds":105.0998645,"iteration":234,"iteration_seconds":0.6166297,"phase":"iteration_complete","training_seconds":90.36600719999997}
STUDY_PHASE {"elapsed_seconds":105.7631766,"iteration":235,"iteration_seconds":0.6632752,"phase":"iteration_complete","training_seconds":91.02928239999997}
STUDY_PHASE {"elapsed_seconds":106.3996315,"iteration":236,"iteration_seconds":0.6364082,"phase":"iteration_complete","training_seconds":91.66569059999998}
STUDY_PHASE {"elapsed_seconds":107.0199995,"iteration":237,"iteration_seconds":0.6203279,"phase":"iteration_complete","training_seconds":92.28601849999998}
STUDY_PHASE {"elapsed_seconds":107.639684,"iteration":238,"iteration_seconds":0.6196297,"phase":"iteration_complete","training_seconds":92.90564819999999}
STUDY_PHASE {"elapsed_seconds":108.2800978,"iteration":239,"iteration_seconds":0.6403801,"phase":"iteration_complete","training_seconds":93.54602829999999}
STUDY_PHASE {"elapsed_seconds":108.9039115,"iteration":240,"iteration_seconds":0.6237587,"phase":"iteration_complete","training_seconds":94.16978699999999}
STUDY_PHASE {"elapsed_seconds":109.5442696,"iteration":241,"iteration_seconds":0.6403151,"phase":"iteration_complete","training_seconds":94.81010209999998}
STUDY_PHASE {"elapsed_seconds":110.176235,"iteration":242,"iteration_seconds":0.6319243,"phase":"iteration_complete","training_seconds":95.44202639999997}
STUDY_PHASE {"elapsed_seconds":110.8093727,"iteration":243,"iteration_seconds":0.6330768,"phase":"iteration_complete","training_seconds":96.07510319999997}
STUDY_PHASE {"elapsed_seconds":111.4380711,"iteration":244,"iteration_seconds":0.6286439,"phase":"iteration_complete","training_seconds":96.70374709999997}
STUDY_PHASE {"elapsed_seconds":112.0776769,"iteration":245,"iteration_seconds":0.6395619,"phase":"iteration_complete","training_seconds":97.34330899999998}
STUDY_PHASE {"elapsed_seconds":112.724801,"iteration":246,"iteration_seconds":0.6470891,"phase":"iteration_complete","training_seconds":97.99039809999998}
STUDY_PHASE {"elapsed_seconds":113.4350616,"iteration":247,"iteration_seconds":0.7102186,"phase":"iteration_complete","training_seconds":98.70061669999998}
STUDY_PHASE {"elapsed_seconds":114.166408,"iteration":248,"iteration_seconds":0.7313119,"phase":"iteration_complete","training_seconds":99.43192859999998}
STUDY_PHASE {"elapsed_seconds":114.860744,"iteration":249,"iteration_seconds":0.6942739,"phase":"iteration_complete","training_seconds":100.12620249999998}
STUDY_PHASE {"elapsed_seconds":115.4917758,"iteration":250,"iteration_seconds":0.6309879,"phase":"iteration_complete","training_seconds":100.75719039999997}
STUDY_PHASE {"elapsed_seconds":116.1290654,"iteration":251,"iteration_seconds":0.6372473,"phase":"iteration_complete","training_seconds":101.39443769999997}
STUDY_PHASE {"elapsed_seconds":116.8993003,"iteration":252,"iteration_seconds":0.7701879,"phase":"iteration_complete","training_seconds":102.16462559999997}
STUDY_PHASE {"elapsed_seconds":117.6033106,"iteration":253,"iteration_seconds":0.7039476,"phase":"iteration_complete","training_seconds":102.86857319999997}
STUDY_PHASE {"elapsed_seconds":118.2353243,"iteration":254,"iteration_seconds":0.6319616,"phase":"iteration_complete","training_seconds":103.50053479999997}
STUDY_PHASE {"elapsed_seconds":118.8670666,"iteration":255,"iteration_seconds":0.6317018,"phase":"iteration_complete","training_seconds":104.13223659999997}
STUDY_PHASE {"elapsed_seconds":119.4965959,"iteration":256,"iteration_seconds":0.6294914,"phase":"iteration_complete","training_seconds":104.76172799999998}
STUDY_PHASE {"elapsed_seconds":120.1418436,"iteration":257,"iteration_seconds":0.6452004,"phase":"iteration_complete","training_seconds":105.40692839999997}
STUDY_PHASE {"elapsed_seconds":120.848356,"iteration":258,"iteration_seconds":0.7064725,"phase":"iteration_complete","training_seconds":106.11340089999997}
STUDY_PHASE {"elapsed_seconds":121.5143476,"iteration":259,"iteration_seconds":0.665944,"phase":"iteration_complete","training_seconds":106.77934489999997}
STUDY_PHASE {"elapsed_seconds":122.1577316,"iteration":260,"iteration_seconds":0.6433396,"phase":"iteration_complete","training_seconds":107.42268449999997}
STUDY_PHASE {"elapsed_seconds":122.801587,"iteration":261,"iteration_seconds":0.6438056,"phase":"iteration_complete","training_seconds":108.06649009999997}
STUDY_PHASE {"elapsed_seconds":123.5170508,"iteration":262,"iteration_seconds":0.7154246,"phase":"iteration_complete","training_seconds":108.78191469999997}
STUDY_PHASE {"elapsed_seconds":124.3035564,"iteration":263,"iteration_seconds":0.7864631,"phase":"iteration_complete","training_seconds":109.56837779999998}
STUDY_PHASE {"elapsed_seconds":125.0678602,"iteration":264,"iteration_seconds":0.7642496,"phase":"iteration_complete","training_seconds":110.33262739999998}
STUDY_PHASE {"elapsed_seconds":125.7782602,"iteration":265,"iteration_seconds":0.7103624,"phase":"iteration_complete","training_seconds":111.04298979999997}
STUDY_PHASE {"elapsed_seconds":126.4437072,"iteration":266,"iteration_seconds":0.6654066,"phase":"iteration_complete","training_seconds":111.70839639999997}
STUDY_PHASE {"elapsed_seconds":127.2335968,"iteration":267,"iteration_seconds":0.789853,"phase":"iteration_complete","training_seconds":112.49824939999996}
STUDY_PHASE {"elapsed_seconds":127.8573835,"iteration":268,"iteration_seconds":0.6237461,"phase":"iteration_complete","training_seconds":113.12199549999997}
STUDY_PHASE {"elapsed_seconds":128.4912084,"iteration":269,"iteration_seconds":0.6337842,"phase":"iteration_complete","training_seconds":113.75577969999996}
STUDY_PHASE {"elapsed_seconds":129.1078747,"iteration":270,"iteration_seconds":0.6166307,"phase":"iteration_complete","training_seconds":114.37241039999996}
STUDY_PHASE {"elapsed_seconds":129.7447786,"iteration":271,"iteration_seconds":0.6368599,"phase":"iteration_complete","training_seconds":115.00927029999997}
STUDY_PHASE {"elapsed_seconds":130.3662255,"iteration":272,"iteration_seconds":0.6214079,"phase":"iteration_complete","training_seconds":115.63067819999996}
STUDY_PHASE {"elapsed_seconds":130.9801528,"iteration":273,"iteration_seconds":0.6138842,"phase":"iteration_complete","training_seconds":116.24456239999996}
STUDY_PHASE {"elapsed_seconds":131.6128499,"iteration":274,"iteration_seconds":0.6326556,"phase":"iteration_complete","training_seconds":116.87721799999997}
STUDY_PHASE {"elapsed_seconds":132.2618779,"iteration":275,"iteration_seconds":0.6489549,"phase":"iteration_complete","training_seconds":117.52617289999998}
STUDY_PHASE {"elapsed_seconds":132.9244352,"iteration":276,"iteration_seconds":0.6624949,"phase":"iteration_complete","training_seconds":118.18866779999998}
STUDY_PHASE {"elapsed_seconds":133.6198201,"iteration":277,"iteration_seconds":0.6953393,"phase":"iteration_complete","training_seconds":118.88400709999998}
STUDY_PHASE {"elapsed_seconds":134.2995786,"iteration":278,"iteration_seconds":0.6797284,"phase":"iteration_complete","training_seconds":119.56373549999998}
STUDY_PHASE {"elapsed_seconds":135.0117246,"iteration":279,"iteration_seconds":0.7120837,"phase":"iteration_complete","training_seconds":120.27581919999997}
STUDY_PHASE {"elapsed_seconds":135.710055,"iteration":280,"iteration_seconds":0.6982972,"phase":"iteration_complete","training_seconds":120.97411639999997}
STUDY_PHASE {"elapsed_seconds":136.3522139,"iteration":281,"iteration_seconds":0.642109,"phase":"iteration_complete","training_seconds":121.61622539999998}
STUDY_PHASE {"elapsed_seconds":137.051343,"iteration":282,"iteration_seconds":0.699089,"phase":"iteration_complete","training_seconds":122.31531439999998}
STUDY_PHASE {"elapsed_seconds":137.7232892,"iteration":283,"iteration_seconds":0.6719084,"phase":"iteration_complete","training_seconds":122.98722279999998}
STUDY_PHASE {"elapsed_seconds":138.3740701,"iteration":284,"iteration_seconds":0.650737,"phase":"iteration_complete","training_seconds":123.63795979999999}
STUDY_PHASE {"elapsed_seconds":138.9920136,"iteration":285,"iteration_seconds":0.6178881,"phase":"iteration_complete","training_seconds":124.25584789999999}
STUDY_PHASE {"elapsed_seconds":139.6087907,"iteration":286,"iteration_seconds":0.6167364,"phase":"iteration_complete","training_seconds":124.87258429999999}
STUDY_PHASE {"elapsed_seconds":140.2324658,"iteration":287,"iteration_seconds":0.6236336,"phase":"iteration_complete","training_seconds":125.49621789999999}
STUDY_PHASE {"elapsed_seconds":140.9047152,"iteration":288,"iteration_seconds":0.6722033,"phase":"iteration_complete","training_seconds":126.1684212}
STUDY_PHASE {"elapsed_seconds":141.5814855,"iteration":289,"iteration_seconds":0.6767166,"phase":"iteration_complete","training_seconds":126.8451378}
STUDY_PHASE {"elapsed_seconds":142.2615481,"iteration":290,"iteration_seconds":0.6800196,"phase":"iteration_complete","training_seconds":127.5251574}
STUDY_PHASE {"elapsed_seconds":142.9111267,"iteration":291,"iteration_seconds":0.6495414,"phase":"iteration_complete","training_seconds":128.1746988}
STUDY_PHASE {"elapsed_seconds":143.5539123,"iteration":292,"iteration_seconds":0.6427378,"phase":"iteration_complete","training_seconds":128.81743659999998}
STUDY_PHASE {"elapsed_seconds":144.2567245,"iteration":293,"iteration_seconds":0.7027636,"phase":"iteration_complete","training_seconds":129.52020019999998}
STUDY_PHASE {"elapsed_seconds":145.0647968,"iteration":294,"iteration_seconds":0.8080138,"phase":"iteration_complete","training_seconds":130.32821399999997}
STUDY_PHASE {"elapsed_seconds":145.7956442,"iteration":295,"iteration_seconds":0.7307974,"phase":"iteration_complete","training_seconds":131.05901139999997}
STUDY_PHASE {"elapsed_seconds":146.4474935,"iteration":296,"iteration_seconds":0.6518075,"phase":"iteration_complete","training_seconds":131.71081889999996}
STUDY_PHASE {"elapsed_seconds":147.1371402,"iteration":297,"iteration_seconds":0.6896055,"phase":"iteration_complete","training_seconds":132.40042439999996}
STUDY_PHASE {"elapsed_seconds":147.8744933,"iteration":298,"iteration_seconds":0.7373108,"phase":"iteration_complete","training_seconds":133.13773519999995}
STUDY_PHASE {"elapsed_seconds":148.5998241,"iteration":299,"iteration_seconds":0.7252815,"phase":"iteration_complete","training_seconds":133.86301669999995}
STUDY_PHASE {"elapsed_seconds":149.3220735,"iteration":300,"iteration_seconds":0.7222084,"phase":"iteration_complete","training_seconds":134.58522509999995}
STUDY_PHASE {"elapsed_seconds":149.9513201,"iteration":301,"iteration_seconds":0.6291109,"phase":"iteration_complete","training_seconds":135.21433599999995}
STUDY_PHASE {"elapsed_seconds":150.5775536,"iteration":302,"iteration_seconds":0.6261843,"phase":"iteration_complete","training_seconds":135.84052029999995}
STUDY_PHASE {"elapsed_seconds":151.2554718,"iteration":303,"iteration_seconds":0.6778766,"phase":"iteration_complete","training_seconds":136.51839689999994}
STUDY_PHASE {"elapsed_seconds":151.894894,"iteration":304,"iteration_seconds":0.6393622,"phase":"iteration_complete","training_seconds":137.15775909999994}
STUDY_PHASE {"elapsed_seconds":152.5209597,"iteration":305,"iteration_seconds":0.6260308,"phase":"iteration_complete","training_seconds":137.78378989999993}
STUDY_PHASE {"elapsed_seconds":153.1404724,"iteration":306,"iteration_seconds":0.6194747,"phase":"iteration_complete","training_seconds":138.40326459999994}
STUDY_PHASE {"elapsed_seconds":153.7769381,"iteration":307,"iteration_seconds":0.6364316,"phase":"iteration_complete","training_seconds":139.03969619999995}
STUDY_PHASE {"elapsed_seconds":154.4848784,"iteration":308,"iteration_seconds":0.7078927,"phase":"iteration_complete","training_seconds":139.74758889999995}
STUDY_PHASE {"elapsed_seconds":155.1490226,"iteration":309,"iteration_seconds":0.6641046,"phase":"iteration_complete","training_seconds":140.41169349999996}
STUDY_PHASE {"elapsed_seconds":155.7860386,"iteration":310,"iteration_seconds":0.6369764,"phase":"iteration_complete","training_seconds":141.04866989999996}
STUDY_PHASE {"elapsed_seconds":156.4766419,"iteration":311,"iteration_seconds":0.6905643,"phase":"iteration_complete","training_seconds":141.73923419999997}
STUDY_PHASE {"elapsed_seconds":157.1965091,"iteration":312,"iteration_seconds":0.719826,"phase":"iteration_complete","training_seconds":142.45906019999998}
STUDY_PHASE {"elapsed_seconds":157.8575517,"iteration":313,"iteration_seconds":0.6609795,"phase":"iteration_complete","training_seconds":143.12003969999998}
STUDY_PHASE {"elapsed_seconds":158.5391811,"iteration":314,"iteration_seconds":0.6815851,"phase":"iteration_complete","training_seconds":143.80162479999998}
STUDY_PHASE {"elapsed_seconds":159.1533692,"iteration":315,"iteration_seconds":0.6141379,"phase":"iteration_complete","training_seconds":144.4157627}
STUDY_PHASE {"elapsed_seconds":159.8291831,"iteration":316,"iteration_seconds":0.6757648,"phase":"iteration_complete","training_seconds":145.09152749999998}
STUDY_PHASE {"elapsed_seconds":160.4787395,"iteration":317,"iteration_seconds":0.6495141,"phase":"iteration_complete","training_seconds":145.7410416}
STUDY_PHASE {"elapsed_seconds":161.0931193,"iteration":318,"iteration_seconds":0.6143321,"phase":"iteration_complete","training_seconds":146.3553737}
STUDY_PHASE {"elapsed_seconds":161.7240209,"iteration":319,"iteration_seconds":0.6308575,"phase":"iteration_complete","training_seconds":146.9862312}
STUDY_PHASE {"elapsed_seconds":162.3541723,"iteration":320,"iteration_seconds":0.6301098,"phase":"iteration_complete","training_seconds":147.616341}
STUDY_PHASE {"elapsed_seconds":162.9945846,"iteration":321,"iteration_seconds":0.6403736,"phase":"iteration_complete","training_seconds":148.2567146}
STUDY_PHASE {"elapsed_seconds":163.6181082,"iteration":322,"iteration_seconds":0.6234826,"phase":"iteration_complete","training_seconds":148.8801972}
STUDY_PHASE {"elapsed_seconds":164.2390569,"iteration":323,"iteration_seconds":0.6209086,"phase":"iteration_complete","training_seconds":149.5011058}
STUDY_PHASE {"elapsed_seconds":164.8804972,"iteration":324,"iteration_seconds":0.6413972,"phase":"iteration_complete","training_seconds":150.142503}
STUDY_PHASE {"elapsed_seconds":165.5893054,"iteration":325,"iteration_seconds":0.7087672,"phase":"iteration_complete","training_seconds":150.85127020000002}
STUDY_PHASE {"elapsed_seconds":166.2835884,"iteration":326,"iteration_seconds":0.6942417,"phase":"iteration_complete","training_seconds":151.5455119}
STUDY_PHASE {"elapsed_seconds":167.0719491,"iteration":327,"iteration_seconds":0.788324,"phase":"iteration_complete","training_seconds":152.3338359}
STUDY_PHASE {"elapsed_seconds":167.8531774,"iteration":328,"iteration_seconds":0.7811771,"phase":"iteration_complete","training_seconds":153.115013}
STUDY_PHASE {"elapsed_seconds":168.5195962,"iteration":329,"iteration_seconds":0.6663795,"phase":"iteration_complete","training_seconds":153.7813925}
STUDY_PHASE {"elapsed_seconds":169.258157,"iteration":330,"iteration_seconds":0.7385261,"phase":"iteration_complete","training_seconds":154.5199186}
STUDY_PHASE {"elapsed_seconds":170.0326211,"iteration":331,"iteration_seconds":0.7744198,"phase":"iteration_complete","training_seconds":155.29433840000002}
STUDY_PHASE {"elapsed_seconds":170.6715865,"iteration":332,"iteration_seconds":0.6389261,"phase":"iteration_complete","training_seconds":155.9332645}
STUDY_PHASE {"elapsed_seconds":171.3011866,"iteration":333,"iteration_seconds":0.6295604,"phase":"iteration_complete","training_seconds":156.5628249}
STUDY_PHASE {"elapsed_seconds":171.9506683,"iteration":334,"iteration_seconds":0.6494473,"phase":"iteration_complete","training_seconds":157.2122722}
STUDY_PHASE {"elapsed_seconds":172.6320049,"iteration":335,"iteration_seconds":0.6813003,"phase":"iteration_complete","training_seconds":157.8935725}
STUDY_PHASE {"elapsed_seconds":173.3283786,"iteration":336,"iteration_seconds":0.6963335,"phase":"iteration_complete","training_seconds":158.589906}
STUDY_PHASE {"elapsed_seconds":174.0264934,"iteration":337,"iteration_seconds":0.6980731,"phase":"iteration_complete","training_seconds":159.2879791}
STUDY_PHASE {"elapsed_seconds":174.7735846,"iteration":338,"iteration_seconds":0.7470411,"phase":"iteration_complete","training_seconds":160.0350202}
STUDY_PHASE {"elapsed_seconds":175.5027042,"iteration":339,"iteration_seconds":0.7290216,"phase":"iteration_complete","training_seconds":160.7640418}
STUDY_PHASE {"elapsed_seconds":176.1602139,"iteration":340,"iteration_seconds":0.6574639,"phase":"iteration_complete","training_seconds":161.4215057}
STUDY_PHASE {"elapsed_seconds":176.866282,"iteration":341,"iteration_seconds":0.7060211,"phase":"iteration_complete","training_seconds":162.1275268}
STUDY_PHASE {"elapsed_seconds":177.5716191,"iteration":342,"iteration_seconds":0.705296,"phase":"iteration_complete","training_seconds":162.8328228}
STUDY_PHASE {"elapsed_seconds":178.2321209,"iteration":343,"iteration_seconds":0.6604628,"phase":"iteration_complete","training_seconds":163.4932856}
STUDY_PHASE {"elapsed_seconds":178.9710447,"iteration":344,"iteration_seconds":0.7388794,"phase":"iteration_complete","training_seconds":164.232165}
STUDY_PHASE {"elapsed_seconds":179.6603436,"iteration":345,"iteration_seconds":0.6892587,"phase":"iteration_complete","training_seconds":164.92142370000002}
STUDY_PHASE {"elapsed_seconds":180.3625703,"iteration":346,"iteration_seconds":0.7021878,"phase":"iteration_complete","training_seconds":165.6236115}
STUDY_PHASE {"elapsed_seconds":181.0722818,"iteration":347,"iteration_seconds":0.7096644,"phase":"iteration_complete","training_seconds":166.33327590000002}
STUDY_PHASE {"elapsed_seconds":181.763833,"iteration":348,"iteration_seconds":0.6914817,"phase":"iteration_complete","training_seconds":167.02475760000002}
STUDY_PHASE {"elapsed_seconds":182.4644506,"iteration":349,"iteration_seconds":0.7005699,"phase":"iteration_complete","training_seconds":167.72532750000002}
STUDY_PHASE {"elapsed_seconds":183.1372018,"iteration":350,"iteration_seconds":0.6727064,"phase":"iteration_complete","training_seconds":168.39803390000003}
STUDY_PHASE {"elapsed_seconds":183.8254633,"iteration":351,"iteration_seconds":0.6882223,"phase":"iteration_complete","training_seconds":169.08625620000004}
STUDY_PHASE {"elapsed_seconds":184.5144733,"iteration":352,"iteration_seconds":0.6889656,"phase":"iteration_complete","training_seconds":169.77522180000003}
STUDY_PHASE {"elapsed_seconds":185.1844737,"iteration":353,"iteration_seconds":0.669938,"phase":"iteration_complete","training_seconds":170.44515980000003}
STUDY_PHASE {"elapsed_seconds":185.8665865,"iteration":354,"iteration_seconds":0.6820654,"phase":"iteration_complete","training_seconds":171.12722520000003}
STUDY_PHASE {"elapsed_seconds":186.5604784,"iteration":355,"iteration_seconds":0.693839,"phase":"iteration_complete","training_seconds":171.82106420000002}
STUDY_PHASE {"elapsed_seconds":187.1949253,"iteration":356,"iteration_seconds":0.6344003,"phase":"iteration_complete","training_seconds":172.45546450000003}
STUDY_PHASE {"elapsed_seconds":187.8282636,"iteration":357,"iteration_seconds":0.6332983,"phase":"iteration_complete","training_seconds":173.08876280000004}
STUDY_PHASE {"elapsed_seconds":188.4921685,"iteration":358,"iteration_seconds":0.6638642,"phase":"iteration_complete","training_seconds":173.75262700000005}
STUDY_PHASE {"elapsed_seconds":189.1662828,"iteration":359,"iteration_seconds":0.6740739,"phase":"iteration_complete","training_seconds":174.42670090000004}
STUDY_PHASE {"elapsed_seconds":189.8402222,"iteration":360,"iteration_seconds":0.6738882,"phase":"iteration_complete","training_seconds":175.10058910000004}
STUDY_PHASE {"elapsed_seconds":190.527716,"iteration":361,"iteration_seconds":0.6874447,"phase":"iteration_complete","training_seconds":175.78803380000002}
STUDY_PHASE {"elapsed_seconds":191.1536507,"iteration":362,"iteration_seconds":0.625891,"phase":"iteration_complete","training_seconds":176.41392480000002}
STUDY_PHASE {"elapsed_seconds":191.7814454,"iteration":363,"iteration_seconds":0.6277644,"phase":"iteration_complete","training_seconds":177.0416892}
STUDY_PHASE {"elapsed_seconds":192.4312305,"iteration":364,"iteration_seconds":0.6497267,"phase":"iteration_complete","training_seconds":177.6914159}
STUDY_PHASE {"elapsed_seconds":193.1301206,"iteration":365,"iteration_seconds":0.6988307,"phase":"iteration_complete","training_seconds":178.3902466}
STUDY_PHASE {"elapsed_seconds":193.793306,"iteration":366,"iteration_seconds":0.6631443,"phase":"iteration_complete","training_seconds":179.0533909}
STUDY_PHASE {"elapsed_seconds":194.5090978,"iteration":367,"iteration_seconds":0.7157522,"phase":"iteration_complete","training_seconds":179.7691431}
STUDY_PHASE {"elapsed_seconds":195.1782283,"iteration":368,"iteration_seconds":0.6690826,"phase":"iteration_complete","training_seconds":180.4382257}
STUDY_PHASE {"elapsed_seconds":195.8592036,"iteration":369,"iteration_seconds":0.6809417,"phase":"iteration_complete","training_seconds":181.1191674}
STUDY_PHASE {"elapsed_seconds":196.4999425,"iteration":370,"iteration_seconds":0.6407027,"phase":"iteration_complete","training_seconds":181.7598701}
STUDY_PHASE {"elapsed_seconds":197.1505109,"iteration":371,"iteration_seconds":0.6505267,"phase":"iteration_complete","training_seconds":182.4103968}
STUDY_PHASE {"elapsed_seconds":197.8601419,"iteration":372,"iteration_seconds":0.7095867,"phase":"iteration_complete","training_seconds":183.1199835}
STUDY_PHASE {"elapsed_seconds":198.5099157,"iteration":373,"iteration_seconds":0.6497384,"phase":"iteration_complete","training_seconds":183.76972189999998}
STUDY_PHASE {"elapsed_seconds":199.1603919,"iteration":374,"iteration_seconds":0.6504343,"phase":"iteration_complete","training_seconds":184.42015619999998}
STUDY_PHASE {"elapsed_seconds":199.8138552,"iteration":375,"iteration_seconds":0.6534178,"phase":"iteration_complete","training_seconds":185.07357399999998}
STUDY_PHASE {"elapsed_seconds":200.4982396,"iteration":376,"iteration_seconds":0.6843444,"phase":"iteration_complete","training_seconds":185.75791839999997}
STUDY_PHASE {"elapsed_seconds":201.1579496,"iteration":377,"iteration_seconds":0.6596574,"phase":"iteration_complete","training_seconds":186.41757579999995}
STUDY_PHASE {"elapsed_seconds":201.8213498,"iteration":378,"iteration_seconds":0.6633426,"phase":"iteration_complete","training_seconds":187.08091839999994}
STUDY_PHASE {"elapsed_seconds":202.4923363,"iteration":379,"iteration_seconds":0.6709461,"phase":"iteration_complete","training_seconds":187.75186449999995}
STUDY_PHASE {"elapsed_seconds":203.1606354,"iteration":380,"iteration_seconds":0.6682556,"phase":"iteration_complete","training_seconds":188.42012009999996}
STUDY_PHASE {"elapsed_seconds":203.8019205,"iteration":381,"iteration_seconds":0.641249,"phase":"iteration_complete","training_seconds":189.06136909999995}
STUDY_PHASE {"elapsed_seconds":204.4141087,"iteration":382,"iteration_seconds":0.6121556,"phase":"iteration_complete","training_seconds":189.67352469999994}
STUDY_PHASE {"elapsed_seconds":205.0555654,"iteration":383,"iteration_seconds":0.6414198,"phase":"iteration_complete","training_seconds":190.31494449999994}
STUDY_PHASE {"elapsed_seconds":205.723808,"iteration":384,"iteration_seconds":0.668203,"phase":"iteration_complete","training_seconds":190.98314749999994}
STUDY_PHASE {"elapsed_seconds":206.3737862,"iteration":385,"iteration_seconds":0.6499215,"phase":"iteration_complete","training_seconds":191.63306899999995}
STUDY_PHASE {"elapsed_seconds":207.061346,"iteration":386,"iteration_seconds":0.6874983,"phase":"iteration_complete","training_seconds":192.32056729999994}
STUDY_PHASE {"elapsed_seconds":207.73582,"iteration":387,"iteration_seconds":0.6744336,"phase":"iteration_complete","training_seconds":192.99500089999992}
STUDY_PHASE {"elapsed_seconds":208.3920993,"iteration":388,"iteration_seconds":0.656237,"phase":"iteration_complete","training_seconds":193.65123789999993}
STUDY_PHASE {"elapsed_seconds":209.0205136,"iteration":389,"iteration_seconds":0.6283683,"phase":"iteration_complete","training_seconds":194.27960619999993}
STUDY_PHASE {"elapsed_seconds":209.6639598,"iteration":390,"iteration_seconds":0.6434059,"phase":"iteration_complete","training_seconds":194.92301209999994}
STUDY_PHASE {"elapsed_seconds":210.4552436,"iteration":391,"iteration_seconds":0.7912469,"phase":"iteration_complete","training_seconds":195.71425899999994}
STUDY_PHASE {"elapsed_seconds":211.1591303,"iteration":392,"iteration_seconds":0.7038486,"phase":"iteration_complete","training_seconds":196.41810759999993}
STUDY_PHASE {"elapsed_seconds":211.9490193,"iteration":393,"iteration_seconds":0.7898402,"phase":"iteration_complete","training_seconds":197.2079477999999}
STUDY_PHASE {"elapsed_seconds":212.6615261,"iteration":394,"iteration_seconds":0.7124487,"phase":"iteration_complete","training_seconds":197.92039649999992}
STUDY_PHASE {"elapsed_seconds":213.3553571,"iteration":395,"iteration_seconds":0.6937891,"phase":"iteration_complete","training_seconds":198.61418559999993}
STUDY_PHASE {"elapsed_seconds":214.0282565,"iteration":396,"iteration_seconds":0.6728542,"phase":"iteration_complete","training_seconds":199.28703979999992}
STUDY_PHASE {"elapsed_seconds":214.8374986,"iteration":397,"iteration_seconds":0.809198,"phase":"iteration_complete","training_seconds":200.09623779999993}
STUDY_PHASE {"elapsed_seconds":215.563081,"iteration":398,"iteration_seconds":0.7255436,"phase":"iteration_complete","training_seconds":200.82178139999994}
STUDY_PHASE {"elapsed_seconds":216.2289913,"iteration":399,"iteration_seconds":0.6658606,"phase":"iteration_complete","training_seconds":201.48764199999994}
STUDY_PHASE {"elapsed_seconds":216.9014727,"iteration":400,"iteration_seconds":0.6724389,"phase":"iteration_complete","training_seconds":202.16008089999994}
STUDY_PHASE {"elapsed_seconds":217.5847673,"iteration":401,"iteration_seconds":0.6832452,"phase":"iteration_complete","training_seconds":202.84332609999993}
STUDY_PHASE {"elapsed_seconds":218.2806433,"iteration":402,"iteration_seconds":0.6958378,"phase":"iteration_complete","training_seconds":203.53916389999992}
STUDY_PHASE {"elapsed_seconds":218.9580621,"iteration":403,"iteration_seconds":0.6773705,"phase":"iteration_complete","training_seconds":204.21653439999992}
STUDY_PHASE {"elapsed_seconds":219.6449385,"iteration":404,"iteration_seconds":0.6868268,"phase":"iteration_complete","training_seconds":204.90336119999992}
STUDY_PHASE {"elapsed_seconds":220.3276089,"iteration":405,"iteration_seconds":0.6826293,"phase":"iteration_complete","training_seconds":205.58599049999992}
STUDY_PHASE {"elapsed_seconds":221.0481108,"iteration":406,"iteration_seconds":0.7204601,"phase":"iteration_complete","training_seconds":206.30645059999992}
STUDY_PHASE {"elapsed_seconds":221.8359572,"iteration":407,"iteration_seconds":0.7878127,"phase":"iteration_complete","training_seconds":207.0942632999999}
STUDY_PHASE {"elapsed_seconds":222.5720902,"iteration":408,"iteration_seconds":0.7360969,"phase":"iteration_complete","training_seconds":207.83036019999992}
STUDY_PHASE {"elapsed_seconds":223.2223628,"iteration":409,"iteration_seconds":0.6502301,"phase":"iteration_complete","training_seconds":208.4805902999999}
STUDY_PHASE {"elapsed_seconds":223.960707,"iteration":410,"iteration_seconds":0.7383036,"phase":"iteration_complete","training_seconds":209.2188938999999}
STUDY_PHASE {"elapsed_seconds":224.6128309,"iteration":411,"iteration_seconds":0.6520848,"phase":"iteration_complete","training_seconds":209.8709786999999}
STUDY_PHASE {"elapsed_seconds":225.3174969,"iteration":412,"iteration_seconds":0.7046254,"phase":"iteration_complete","training_seconds":210.5756040999999}
STUDY_PHASE {"elapsed_seconds":225.9993326,"iteration":413,"iteration_seconds":0.6817876,"phase":"iteration_complete","training_seconds":211.2573916999999}
STUDY_PHASE {"elapsed_seconds":226.6903488,"iteration":414,"iteration_seconds":0.6909492,"phase":"iteration_complete","training_seconds":211.94834089999992}
STUDY_PHASE {"elapsed_seconds":227.3440613,"iteration":415,"iteration_seconds":0.6536572,"phase":"iteration_complete","training_seconds":212.60199809999992}
STUDY_PHASE {"elapsed_seconds":228.0160283,"iteration":416,"iteration_seconds":0.6719258,"phase":"iteration_complete","training_seconds":213.27392389999991}
STUDY_PHASE {"elapsed_seconds":228.7132158,"iteration":417,"iteration_seconds":0.697134,"phase":"iteration_complete","training_seconds":213.97105789999992}
STUDY_PHASE {"elapsed_seconds":229.4030524,"iteration":418,"iteration_seconds":0.6897858,"phase":"iteration_complete","training_seconds":214.66084369999993}
STUDY_PHASE {"elapsed_seconds":230.0776174,"iteration":419,"iteration_seconds":0.6745226,"phase":"iteration_complete","training_seconds":215.33536629999992}
STUDY_PHASE {"elapsed_seconds":230.7202851,"iteration":420,"iteration_seconds":0.6426262,"phase":"iteration_complete","training_seconds":215.9779924999999}
STUDY_PHASE {"elapsed_seconds":231.3465108,"iteration":421,"iteration_seconds":0.6261865,"phase":"iteration_complete","training_seconds":216.6041789999999}
STUDY_PHASE {"elapsed_seconds":232.0178946,"iteration":422,"iteration_seconds":0.6713425,"phase":"iteration_complete","training_seconds":217.2755214999999}
STUDY_PHASE {"elapsed_seconds":232.6562718,"iteration":423,"iteration_seconds":0.6383343,"phase":"iteration_complete","training_seconds":217.9138557999999}
STUDY_PHASE {"elapsed_seconds":233.3140526,"iteration":424,"iteration_seconds":0.6577405,"phase":"iteration_complete","training_seconds":218.5715962999999}
STUDY_PHASE {"elapsed_seconds":234.0215744,"iteration":425,"iteration_seconds":0.7074817,"phase":"iteration_complete","training_seconds":219.27907799999988}
STUDY_PHASE {"elapsed_seconds":234.7198523,"iteration":426,"iteration_seconds":0.6982365,"phase":"iteration_complete","training_seconds":219.9773144999999}
STUDY_PHASE {"elapsed_seconds":235.3813666,"iteration":427,"iteration_seconds":0.6614753,"phase":"iteration_complete","training_seconds":220.6387897999999}
STUDY_PHASE {"elapsed_seconds":236.0607399,"iteration":428,"iteration_seconds":0.6793329,"phase":"iteration_complete","training_seconds":221.3181226999999}
STUDY_PHASE {"elapsed_seconds":236.7173411,"iteration":429,"iteration_seconds":0.6565601,"phase":"iteration_complete","training_seconds":221.9746827999999}
STUDY_PHASE {"elapsed_seconds":237.3568789,"iteration":430,"iteration_seconds":0.6394952,"phase":"iteration_complete","training_seconds":222.6141779999999}
STUDY_PHASE {"elapsed_seconds":238.0397168,"iteration":431,"iteration_seconds":0.6827891,"phase":"iteration_complete","training_seconds":223.2969670999999}
STUDY_PHASE {"elapsed_seconds":238.8029063,"iteration":432,"iteration_seconds":0.7631439,"phase":"iteration_complete","training_seconds":224.0601109999999}
STUDY_PHASE {"elapsed_seconds":239.5391642,"iteration":433,"iteration_seconds":0.736223,"phase":"iteration_complete","training_seconds":224.7963339999999}
STUDY_PHASE {"elapsed_seconds":240.2358788,"iteration":434,"iteration_seconds":0.6966656,"phase":"iteration_complete","training_seconds":225.49299959999988}
STUDY_PHASE {"elapsed_seconds":240.8723148,"iteration":435,"iteration_seconds":0.6363955,"phase":"iteration_complete","training_seconds":226.12939509999987}
STUDY_PHASE {"elapsed_seconds":241.5217551,"iteration":436,"iteration_seconds":0.6494001,"phase":"iteration_complete","training_seconds":226.77879519999988}
STUDY_PHASE {"elapsed_seconds":242.1540978,"iteration":437,"iteration_seconds":0.6323018,"phase":"iteration_complete","training_seconds":227.41109699999987}
STUDY_PHASE {"elapsed_seconds":242.7880828,"iteration":438,"iteration_seconds":0.6339416,"phase":"iteration_complete","training_seconds":228.04503859999988}
STUDY_PHASE {"elapsed_seconds":243.4524253,"iteration":439,"iteration_seconds":0.664308,"phase":"iteration_complete","training_seconds":228.7093465999999}
STUDY_PHASE {"elapsed_seconds":244.1218759,"iteration":440,"iteration_seconds":0.669405,"phase":"iteration_complete","training_seconds":229.3787515999999}
STUDY_PHASE {"elapsed_seconds":244.7809752,"iteration":441,"iteration_seconds":0.6590585,"phase":"iteration_complete","training_seconds":230.0378100999999}
STUDY_PHASE {"elapsed_seconds":245.4934919,"iteration":442,"iteration_seconds":0.7124743,"phase":"iteration_complete","training_seconds":230.75028439999988}
STUDY_PHASE {"elapsed_seconds":246.1390248,"iteration":443,"iteration_seconds":0.6454912,"phase":"iteration_complete","training_seconds":231.3957755999999}
STUDY_PHASE {"elapsed_seconds":246.8023806,"iteration":444,"iteration_seconds":0.6633146,"phase":"iteration_complete","training_seconds":232.0590901999999}
STUDY_PHASE {"elapsed_seconds":247.4641917,"iteration":445,"iteration_seconds":0.6617676,"phase":"iteration_complete","training_seconds":232.7208577999999}
STUDY_PHASE {"elapsed_seconds":248.122969,"iteration":446,"iteration_seconds":0.6587357,"phase":"iteration_complete","training_seconds":233.37959349999988}
STUDY_PHASE {"elapsed_seconds":248.7783906,"iteration":447,"iteration_seconds":0.6553832,"phase":"iteration_complete","training_seconds":234.03497669999987}
STUDY_PHASE {"elapsed_seconds":249.4268587,"iteration":448,"iteration_seconds":0.6484249,"phase":"iteration_complete","training_seconds":234.68340159999988}
STUDY_PHASE {"elapsed_seconds":250.051245,"iteration":449,"iteration_seconds":0.6243473,"phase":"iteration_complete","training_seconds":235.3077488999999}
STUDY_PHASE {"elapsed_seconds":250.7264057,"iteration":450,"iteration_seconds":0.6751161,"phase":"iteration_complete","training_seconds":235.9828649999999}
STUDY_PHASE {"elapsed_seconds":251.3739867,"iteration":451,"iteration_seconds":0.6475401,"phase":"iteration_complete","training_seconds":236.63040509999988}
STUDY_PHASE {"elapsed_seconds":252.01449,"iteration":452,"iteration_seconds":0.6404647,"phase":"iteration_complete","training_seconds":237.27086979999987}
STUDY_PHASE {"elapsed_seconds":252.6935469,"iteration":453,"iteration_seconds":0.6790152,"phase":"iteration_complete","training_seconds":237.94988499999988}
STUDY_PHASE {"elapsed_seconds":253.361446,"iteration":454,"iteration_seconds":0.6678556,"phase":"iteration_complete","training_seconds":238.61774059999988}
STUDY_PHASE {"elapsed_seconds":254.0312503,"iteration":455,"iteration_seconds":0.6697632,"phase":"iteration_complete","training_seconds":239.28750379999988}
STUDY_PHASE {"elapsed_seconds":254.7113331,"iteration":456,"iteration_seconds":0.6800345,"phase":"iteration_complete","training_seconds":239.9675382999999}
STUDY_PHASE {"elapsed_seconds":255.4092838,"iteration":457,"iteration_seconds":0.6979045,"phase":"iteration_complete","training_seconds":240.66544279999988}
STUDY_PHASE {"elapsed_seconds":256.1172205,"iteration":458,"iteration_seconds":0.7078889,"phase":"iteration_complete","training_seconds":241.37333169999988}
STUDY_PHASE {"elapsed_seconds":256.8010705,"iteration":459,"iteration_seconds":0.6836636,"phase":"iteration_complete","training_seconds":242.05699529999987}
STUDY_PHASE {"elapsed_seconds":257.4389034,"iteration":460,"iteration_seconds":0.6377817,"phase":"iteration_complete","training_seconds":242.69477699999987}
STUDY_PHASE {"elapsed_seconds":258.059703,"iteration":461,"iteration_seconds":0.6207563,"phase":"iteration_complete","training_seconds":243.31553329999988}
STUDY_PHASE {"elapsed_seconds":258.6812314,"iteration":462,"iteration_seconds":0.6214896,"phase":"iteration_complete","training_seconds":243.93702289999987}
STUDY_PHASE {"elapsed_seconds":259.3419598,"iteration":463,"iteration_seconds":0.6606876,"phase":"iteration_complete","training_seconds":244.59771049999986}
STUDY_PHASE {"elapsed_seconds":259.9970902,"iteration":464,"iteration_seconds":0.6550743,"phase":"iteration_complete","training_seconds":245.25278479999986}
STUDY_PHASE {"elapsed_seconds":260.6916118,"iteration":465,"iteration_seconds":0.6944763,"phase":"iteration_complete","training_seconds":245.94726109999985}
STUDY_PHASE {"elapsed_seconds":261.3617723,"iteration":466,"iteration_seconds":0.6700929,"phase":"iteration_complete","training_seconds":246.61735399999984}
STUDY_PHASE {"elapsed_seconds":262.0262747,"iteration":467,"iteration_seconds":0.6644495,"phase":"iteration_complete","training_seconds":247.28180349999982}
STUDY_PHASE {"elapsed_seconds":262.6929285,"iteration":468,"iteration_seconds":0.6666086,"phase":"iteration_complete","training_seconds":247.9484120999998}
STUDY_PHASE {"elapsed_seconds":263.3496948,"iteration":469,"iteration_seconds":0.6567178,"phase":"iteration_complete","training_seconds":248.6051298999998}
STUDY_PHASE {"elapsed_seconds":264.0186155,"iteration":470,"iteration_seconds":0.6688682,"phase":"iteration_complete","training_seconds":249.2739980999998}
STUDY_PHASE {"elapsed_seconds":264.6517934,"iteration":471,"iteration_seconds":0.6331347,"phase":"iteration_complete","training_seconds":249.9071327999998}
STUDY_PHASE {"elapsed_seconds":265.2798833,"iteration":472,"iteration_seconds":0.6280459,"phase":"iteration_complete","training_seconds":250.5351786999998}
STUDY_PHASE {"elapsed_seconds":266.017215,"iteration":473,"iteration_seconds":0.7372805,"phase":"iteration_complete","training_seconds":251.2724591999998}
STUDY_PHASE {"elapsed_seconds":266.660928,"iteration":474,"iteration_seconds":0.6435405,"phase":"iteration_complete","training_seconds":251.9159996999998}
STUDY_PHASE {"elapsed_seconds":267.2986194,"iteration":475,"iteration_seconds":0.637643,"phase":"iteration_complete","training_seconds":252.55364269999978}
STUDY_PHASE {"elapsed_seconds":267.9615492,"iteration":476,"iteration_seconds":0.6628998,"phase":"iteration_complete","training_seconds":253.21654249999978}
STUDY_PHASE {"elapsed_seconds":268.6411001,"iteration":477,"iteration_seconds":0.679507,"phase":"iteration_complete","training_seconds":253.89604949999978}
STUDY_PHASE {"elapsed_seconds":269.3276667,"iteration":478,"iteration_seconds":0.6865281,"phase":"iteration_complete","training_seconds":254.58257759999978}
STUDY_PHASE {"elapsed_seconds":270.0901174,"iteration":479,"iteration_seconds":0.7624095,"phase":"iteration_complete","training_seconds":255.34498709999977}
STUDY_PHASE {"elapsed_seconds":270.7161992,"iteration":480,"iteration_seconds":0.6260261,"phase":"iteration_complete","training_seconds":255.97101319999976}
STUDY_PHASE {"elapsed_seconds":271.4114709,"iteration":481,"iteration_seconds":0.6952401,"phase":"iteration_complete","training_seconds":256.66625329999977}
STUDY_PHASE {"elapsed_seconds":272.0440847,"iteration":482,"iteration_seconds":0.6325626,"phase":"iteration_complete","training_seconds":257.2988158999998}
STUDY_PHASE {"elapsed_seconds":272.7231135,"iteration":483,"iteration_seconds":0.6789731,"phase":"iteration_complete","training_seconds":257.9777889999998}
STUDY_PHASE {"elapsed_seconds":273.3675002,"iteration":484,"iteration_seconds":0.6443456,"phase":"iteration_complete","training_seconds":258.6221345999998}
STUDY_PHASE {"elapsed_seconds":273.9871124,"iteration":485,"iteration_seconds":0.6195593,"phase":"iteration_complete","training_seconds":259.2416938999998}
STUDY_PHASE {"elapsed_seconds":274.6193331,"iteration":486,"iteration_seconds":0.63217,"phase":"iteration_complete","training_seconds":259.8738638999998}
STUDY_PHASE {"elapsed_seconds":275.287471,"iteration":487,"iteration_seconds":0.6680826,"phase":"iteration_complete","training_seconds":260.54194649999977}
STUDY_PHASE {"elapsed_seconds":275.9600446,"iteration":488,"iteration_seconds":0.6725259,"phase":"iteration_complete","training_seconds":261.21447239999975}
STUDY_PHASE {"elapsed_seconds":276.5957513,"iteration":489,"iteration_seconds":0.6356511,"phase":"iteration_complete","training_seconds":261.85012349999977}
STUDY_PHASE {"elapsed_seconds":277.2623225,"iteration":490,"iteration_seconds":0.6665341,"phase":"iteration_complete","training_seconds":262.51665759999975}
STUDY_PHASE {"elapsed_seconds":277.9555825,"iteration":491,"iteration_seconds":0.6932064,"phase":"iteration_complete","training_seconds":263.20986399999975}
STUDY_PHASE {"elapsed_seconds":278.5949506,"iteration":492,"iteration_seconds":0.6393302,"phase":"iteration_complete","training_seconds":263.8491941999998}
STUDY_PHASE {"elapsed_seconds":279.2889682,"iteration":493,"iteration_seconds":0.6850996,"phase":"iteration_complete","training_seconds":264.5342937999998}
STUDY_PHASE {"elapsed_seconds":279.9060293,"iteration":494,"iteration_seconds":0.6170232,"phase":"iteration_complete","training_seconds":265.1513169999998}
STUDY_PHASE {"elapsed_seconds":280.538495,"iteration":495,"iteration_seconds":0.632416,"phase":"iteration_complete","training_seconds":265.78373299999976}
STUDY_PHASE {"elapsed_seconds":281.2905025,"iteration":496,"iteration_seconds":0.7519561,"phase":"iteration_complete","training_seconds":266.53568909999973}
STUDY_PHASE {"elapsed_seconds":282.0317731,"iteration":497,"iteration_seconds":0.7412315,"phase":"iteration_complete","training_seconds":267.27692059999976}
STUDY_PHASE {"elapsed_seconds":282.6898596,"iteration":498,"iteration_seconds":0.6580444,"phase":"iteration_complete","training_seconds":267.93496499999975}
STUDY_PHASE {"elapsed_seconds":283.3910382,"iteration":499,"iteration_seconds":0.7011414,"phase":"iteration_complete","training_seconds":268.63610639999973}
STUDY_PHASE {"elapsed_seconds":284.0452831,"iteration":500,"iteration_seconds":0.6542006,"phase":"iteration_complete","training_seconds":269.29030699999976}
STUDY_PHASE {"elapsed_seconds":284.04667,"iteration":500,"phase":"evaluation_start"}
STUDY_PHASE {"elapsed_seconds":291.6738533,"evaluation_seconds":15.699844500000001,"iteration":500,"phase":"evaluation_complete"}
500 gap=0.019091958965665734 elapsed=291.7
STUDY_CHECKPOINT {"iteration":500,"payload_bytes":1376449008,"saved":"S:\\GTOpen-research\\checkpoint-long-v1\\final-from-100"}
