seat0 entry mass removed=0.000001620262771236195
seat1 entry mass removed=0.0000012845353565876034
gpu: 432881 nodes, 13 levels, staging+arenas 1323.0 MB
GPU_STORAGE_MAP active=165920 missing_active=0 all_tree_missing=3430
stored KsQs2d pot=39.5: bytes=338179856 disk=false workspace=1661170368
gpu: 432881 nodes, 13 levels, staging+arenas 1323.0 MB
GPU_STORAGE_MAP active=165920 missing_active=0 all_tree_missing=3430
stored KsQs2s pot=39.5: bytes=160269032 disk=false workspace=1661170368
gpu: 432881 nodes, 13 levels, staging+arenas 1320.5 MB
stored KsQh2d pot=39.5: bytes=565676720 disk=false workspace=1661170368
gpu: 143389 nodes, 11 levels, staging+arenas 434.4 MB
GPU_STORAGE_MAP active=52436 missing_active=0 all_tree_missing=1078
stored KsQs2d pot=93.5: bytes=99172752 disk=false workspace=1661170368
gpu: 143389 nodes, 11 levels, staging+arenas 434.4 MB
GPU_STORAGE_MAP active=52436 missing_active=0 all_tree_missing=1078
stored KsQs2s pot=93.5: bytes=47122936 disk=false workspace=1661170368
gpu: 143389 nodes, 11 levels, staging+arenas 433.6 MB
stored KsQh2d pot=93.5: bytes=165656400 disk=false workspace=1661170368
STUDY_PHASE {"elapsed_seconds":2.258749,"phase":"construction_complete"}
planned_strategy_writes=0
STUDY_PHASE {"elapsed_seconds":2.8998926000000003,"iteration":1,"iteration_seconds":0.6411186,"phase":"iteration_complete","training_seconds":0.6411186}
STUDY_PHASE {"elapsed_seconds":2.8999341,"iteration":1,"phase":"evaluation_start"}
STUDY_PHASE {"elapsed_seconds":10.4387782,"evaluation_seconds":7.5388386,"iteration":1,"phase":"evaluation_complete"}
1 gap=77.88825484561856 elapsed=10.4
STUDY_PHASE {"elapsed_seconds":11.0974841,"iteration":2,"iteration_seconds":0.6568363,"phase":"iteration_complete","training_seconds":1.2979549000000001}
STUDY_PHASE {"elapsed_seconds":11.7322599,"iteration":3,"iteration_seconds":0.6347385,"phase":"iteration_complete","training_seconds":1.9326934000000002}
STUDY_PHASE {"elapsed_seconds":12.4061132,"iteration":4,"iteration_seconds":0.6738146,"phase":"iteration_complete","training_seconds":2.6065080000000003}
STUDY_PHASE {"elapsed_seconds":13.0241026,"iteration":5,"iteration_seconds":0.6179474,"phase":"iteration_complete","training_seconds":3.2244554}
STUDY_PHASE {"elapsed_seconds":13.6579797,"iteration":6,"iteration_seconds":0.6338284,"phase":"iteration_complete","training_seconds":3.8582838}
STUDY_PHASE {"elapsed_seconds":14.3414568,"iteration":7,"iteration_seconds":0.6834298,"phase":"iteration_complete","training_seconds":4.5417136000000005}
STUDY_PHASE {"elapsed_seconds":14.9934424,"iteration":8,"iteration_seconds":0.6519441,"phase":"iteration_complete","training_seconds":5.1936577}
STUDY_PHASE {"elapsed_seconds":15.6416857,"iteration":9,"iteration_seconds":0.6482014,"phase":"iteration_complete","training_seconds":5.841859100000001}
STUDY_PHASE {"elapsed_seconds":16.4314194,"iteration":10,"iteration_seconds":0.789704,"phase":"iteration_complete","training_seconds":6.631563100000001}
STUDY_PHASE {"elapsed_seconds":17.2088775,"iteration":11,"iteration_seconds":0.7774186,"phase":"iteration_complete","training_seconds":7.408981700000001}
STUDY_PHASE {"elapsed_seconds":17.943197,"iteration":12,"iteration_seconds":0.7342901,"phase":"iteration_complete","training_seconds":8.1432718}
STUDY_PHASE {"elapsed_seconds":18.5898664,"iteration":13,"iteration_seconds":0.6466196,"phase":"iteration_complete","training_seconds":8.7898914}
STUDY_PHASE {"elapsed_seconds":19.2203121,"iteration":14,"iteration_seconds":0.6304081,"phase":"iteration_complete","training_seconds":9.4202995}
STUDY_PHASE {"elapsed_seconds":19.9112522,"iteration":15,"iteration_seconds":0.6909023,"phase":"iteration_complete","training_seconds":10.1112018}
STUDY_PHASE {"elapsed_seconds":20.5507923,"iteration":16,"iteration_seconds":0.6395004,"phase":"iteration_complete","training_seconds":10.7507022}
STUDY_PHASE {"elapsed_seconds":21.2305379,"iteration":17,"iteration_seconds":0.6797058,"phase":"iteration_complete","training_seconds":11.430408}
STUDY_PHASE {"elapsed_seconds":21.8456982,"iteration":18,"iteration_seconds":0.6151195,"phase":"iteration_complete","training_seconds":12.0455275}
STUDY_PHASE {"elapsed_seconds":22.4645469,"iteration":19,"iteration_seconds":0.6187543,"phase":"iteration_complete","training_seconds":12.664281800000001}
STUDY_PHASE {"elapsed_seconds":23.0882465,"iteration":20,"iteration_seconds":0.6236544,"phase":"iteration_complete","training_seconds":13.2879362}
STUDY_PHASE {"elapsed_seconds":23.0883066,"iteration":20,"phase":"evaluation_start"}
STUDY_PHASE {"elapsed_seconds":30.8582059,"evaluation_seconds":15.3087303,"iteration":20,"phase":"evaluation_complete"}
20 gap=4.161098797388908 elapsed=30.9
STUDY_PHASE {"elapsed_seconds":31.6005514,"iteration":21,"iteration_seconds":0.7380923,"phase":"iteration_complete","training_seconds":14.0260285}
STUDY_PHASE {"elapsed_seconds":32.2679784,"iteration":22,"iteration_seconds":0.6673892,"phase":"iteration_complete","training_seconds":14.693417700000001}
STUDY_PHASE {"elapsed_seconds":32.8997933,"iteration":23,"iteration_seconds":0.6317709,"phase":"iteration_complete","training_seconds":15.3251886}
STUDY_PHASE {"elapsed_seconds":33.5225384,"iteration":24,"iteration_seconds":0.6227151,"phase":"iteration_complete","training_seconds":15.947903700000001}
STUDY_PHASE {"elapsed_seconds":34.1776757,"iteration":25,"iteration_seconds":0.6550999,"phase":"iteration_complete","training_seconds":16.6030036}
STUDY_PHASE {"elapsed_seconds":34.7937326,"iteration":26,"iteration_seconds":0.6160003,"phase":"iteration_complete","training_seconds":17.2190039}
STUDY_PHASE {"elapsed_seconds":35.4431821,"iteration":27,"iteration_seconds":0.6493886,"phase":"iteration_complete","training_seconds":17.8683925}
STUDY_PHASE {"elapsed_seconds":36.0624191,"iteration":28,"iteration_seconds":0.6191968,"phase":"iteration_complete","training_seconds":18.4875893}
STUDY_PHASE {"elapsed_seconds":36.717025,"iteration":29,"iteration_seconds":0.6545574,"phase":"iteration_complete","training_seconds":19.1421467}
STUDY_PHASE {"elapsed_seconds":37.3991565,"iteration":30,"iteration_seconds":0.6820914,"phase":"iteration_complete","training_seconds":19.824238100000002}
STUDY_PHASE {"elapsed_seconds":38.0215008,"iteration":31,"iteration_seconds":0.6223054,"phase":"iteration_complete","training_seconds":20.4465435}
STUDY_PHASE {"elapsed_seconds":38.6763289,"iteration":32,"iteration_seconds":0.6547817,"phase":"iteration_complete","training_seconds":21.1013252}
STUDY_PHASE {"elapsed_seconds":39.3187813,"iteration":33,"iteration_seconds":0.6424069,"phase":"iteration_complete","training_seconds":21.743732100000003}
STUDY_PHASE {"elapsed_seconds":40.084519,"iteration":34,"iteration_seconds":0.7656869,"phase":"iteration_complete","training_seconds":22.509419}
STUDY_PHASE {"elapsed_seconds":40.8008276,"iteration":35,"iteration_seconds":0.7162682,"phase":"iteration_complete","training_seconds":23.225687200000003}
STUDY_PHASE {"elapsed_seconds":41.4266353,"iteration":36,"iteration_seconds":0.625759,"phase":"iteration_complete","training_seconds":23.8514462}
STUDY_PHASE {"elapsed_seconds":42.0748118,"iteration":37,"iteration_seconds":0.6481369,"phase":"iteration_complete","training_seconds":24.499583100000002}
STUDY_PHASE {"elapsed_seconds":42.7000698,"iteration":38,"iteration_seconds":0.6252159,"phase":"iteration_complete","training_seconds":25.124799000000003}
STUDY_PHASE {"elapsed_seconds":43.4018053,"iteration":39,"iteration_seconds":0.7017074,"phase":"iteration_complete","training_seconds":25.826506400000003}
STUDY_PHASE {"elapsed_seconds":44.1624084,"iteration":40,"iteration_seconds":0.7605594,"phase":"iteration_complete","training_seconds":26.587065800000005}
STUDY_PHASE {"elapsed_seconds":44.7940611,"iteration":41,"iteration_seconds":0.6316083,"phase":"iteration_complete","training_seconds":27.218674100000005}
STUDY_PHASE {"elapsed_seconds":45.494758,"iteration":42,"iteration_seconds":0.7006405,"phase":"iteration_complete","training_seconds":27.919314600000003}
STUDY_PHASE {"elapsed_seconds":46.1706264,"iteration":43,"iteration_seconds":0.6758288,"phase":"iteration_complete","training_seconds":28.595143400000005}
STUDY_PHASE {"elapsed_seconds":46.7780307,"iteration":44,"iteration_seconds":0.6073624,"phase":"iteration_complete","training_seconds":29.202505800000004}
STUDY_PHASE {"elapsed_seconds":47.3927236,"iteration":45,"iteration_seconds":0.614588,"phase":"iteration_complete","training_seconds":29.817093800000006}
STUDY_PHASE {"elapsed_seconds":48.0646608,"iteration":46,"iteration_seconds":0.6718947,"phase":"iteration_complete","training_seconds":30.488988500000005}
STUDY_PHASE {"elapsed_seconds":48.7259677,"iteration":47,"iteration_seconds":0.6612651,"phase":"iteration_complete","training_seconds":31.150253600000006}
STUDY_PHASE {"elapsed_seconds":49.3901371,"iteration":48,"iteration_seconds":0.6641298,"phase":"iteration_complete","training_seconds":31.814383400000008}
STUDY_PHASE {"elapsed_seconds":50.0221147,"iteration":49,"iteration_seconds":0.6319376,"phase":"iteration_complete","training_seconds":32.446321000000005}
STUDY_PHASE {"elapsed_seconds":50.6498182,"iteration":50,"iteration_seconds":0.6276566,"phase":"iteration_complete","training_seconds":33.073977600000006}
STUDY_PHASE {"elapsed_seconds":51.2795747,"iteration":51,"iteration_seconds":0.6296381,"phase":"iteration_complete","training_seconds":33.70361570000001}
STUDY_PHASE {"elapsed_seconds":51.91225,"iteration":52,"iteration_seconds":0.6326356,"phase":"iteration_complete","training_seconds":34.33625130000001}
STUDY_PHASE {"elapsed_seconds":52.5379993,"iteration":53,"iteration_seconds":0.6257031,"phase":"iteration_complete","training_seconds":34.96195440000001}
STUDY_PHASE {"elapsed_seconds":53.2034412,"iteration":54,"iteration_seconds":0.6653998,"phase":"iteration_complete","training_seconds":35.62735420000001}
STUDY_PHASE {"elapsed_seconds":53.8752651,"iteration":55,"iteration_seconds":0.6717692,"phase":"iteration_complete","training_seconds":36.29912340000001}
STUDY_PHASE {"elapsed_seconds":54.4930531,"iteration":56,"iteration_seconds":0.6177484,"phase":"iteration_complete","training_seconds":36.91687180000001}
STUDY_PHASE {"elapsed_seconds":55.1228637,"iteration":57,"iteration_seconds":0.6297698,"phase":"iteration_complete","training_seconds":37.54664160000001}
STUDY_PHASE {"elapsed_seconds":55.7487903,"iteration":58,"iteration_seconds":0.6258882,"phase":"iteration_complete","training_seconds":38.17252980000001}
STUDY_PHASE {"elapsed_seconds":56.3828302,"iteration":59,"iteration_seconds":0.6339978,"phase":"iteration_complete","training_seconds":38.80652760000001}
STUDY_PHASE {"elapsed_seconds":57.0171211,"iteration":60,"iteration_seconds":0.634255,"phase":"iteration_complete","training_seconds":39.44078260000001}
STUDY_PHASE {"elapsed_seconds":57.7526572,"iteration":61,"iteration_seconds":0.7353179,"phase":"iteration_complete","training_seconds":40.17610050000001}
STUDY_PHASE {"elapsed_seconds":58.4958389,"iteration":62,"iteration_seconds":0.743133,"phase":"iteration_complete","training_seconds":40.91923350000001}
STUDY_PHASE {"elapsed_seconds":59.1395308,"iteration":63,"iteration_seconds":0.6436518,"phase":"iteration_complete","training_seconds":41.56288530000001}
STUDY_PHASE {"elapsed_seconds":59.7953713,"iteration":64,"iteration_seconds":0.6558025,"phase":"iteration_complete","training_seconds":42.21868780000001}
STUDY_PHASE {"elapsed_seconds":60.4575856,"iteration":65,"iteration_seconds":0.6621524,"phase":"iteration_complete","training_seconds":42.88084020000001}
STUDY_PHASE {"elapsed_seconds":61.0726482,"iteration":66,"iteration_seconds":0.6150249,"phase":"iteration_complete","training_seconds":43.49586510000001}
STUDY_PHASE {"elapsed_seconds":61.755783,"iteration":67,"iteration_seconds":0.6830872,"phase":"iteration_complete","training_seconds":44.17895230000001}
STUDY_PHASE {"elapsed_seconds":62.4206711,"iteration":68,"iteration_seconds":0.6648443,"phase":"iteration_complete","training_seconds":44.84379660000001}
STUDY_PHASE {"elapsed_seconds":63.1030808,"iteration":69,"iteration_seconds":0.6823609,"phase":"iteration_complete","training_seconds":45.52615750000001}
STUDY_PHASE {"elapsed_seconds":63.74583,"iteration":70,"iteration_seconds":0.6426945,"phase":"iteration_complete","training_seconds":46.16885200000001}
STUDY_PHASE {"elapsed_seconds":64.3689246,"iteration":71,"iteration_seconds":0.6230384,"phase":"iteration_complete","training_seconds":46.79189040000001}
STUDY_PHASE {"elapsed_seconds":65.1230192,"iteration":72,"iteration_seconds":0.7540503,"phase":"iteration_complete","training_seconds":47.54594070000001}
STUDY_PHASE {"elapsed_seconds":65.8698955,"iteration":73,"iteration_seconds":0.7468307,"phase":"iteration_complete","training_seconds":48.29277140000001}
STUDY_PHASE {"elapsed_seconds":66.5140448,"iteration":74,"iteration_seconds":0.6440855,"phase":"iteration_complete","training_seconds":48.93685690000001}
STUDY_PHASE {"elapsed_seconds":67.1494943,"iteration":75,"iteration_seconds":0.6354091,"phase":"iteration_complete","training_seconds":49.572266000000006}
STUDY_PHASE {"elapsed_seconds":67.7693578,"iteration":76,"iteration_seconds":0.6198265,"phase":"iteration_complete","training_seconds":50.19209250000001}
STUDY_PHASE {"elapsed_seconds":68.3994972,"iteration":77,"iteration_seconds":0.6300999,"phase":"iteration_complete","training_seconds":50.822192400000006}
STUDY_PHASE {"elapsed_seconds":68.9942096,"iteration":78,"iteration_seconds":0.5946713,"phase":"iteration_complete","training_seconds":51.41686370000001}
STUDY_PHASE {"elapsed_seconds":69.6668236,"iteration":79,"iteration_seconds":0.6725687,"phase":"iteration_complete","training_seconds":52.08943240000001}
STUDY_PHASE {"elapsed_seconds":70.3958778,"iteration":80,"iteration_seconds":0.7290123,"phase":"iteration_complete","training_seconds":52.81844470000001}
STUDY_PHASE {"elapsed_seconds":71.0661333,"iteration":81,"iteration_seconds":0.6702045,"phase":"iteration_complete","training_seconds":53.488649200000005}
STUDY_PHASE {"elapsed_seconds":71.739102,"iteration":82,"iteration_seconds":0.6729179,"phase":"iteration_complete","training_seconds":54.161567100000006}
STUDY_PHASE {"elapsed_seconds":72.4174494,"iteration":83,"iteration_seconds":0.6783036,"phase":"iteration_complete","training_seconds":54.839870700000006}
STUDY_PHASE {"elapsed_seconds":73.0955556,"iteration":84,"iteration_seconds":0.6780649,"phase":"iteration_complete","training_seconds":55.51793560000001}
STUDY_PHASE {"elapsed_seconds":73.7646742,"iteration":85,"iteration_seconds":0.6690668,"phase":"iteration_complete","training_seconds":56.18700240000001}
STUDY_PHASE {"elapsed_seconds":74.4033267,"iteration":86,"iteration_seconds":0.6386084,"phase":"iteration_complete","training_seconds":56.825610800000014}
STUDY_PHASE {"elapsed_seconds":75.142923,"iteration":87,"iteration_seconds":0.7395574,"phase":"iteration_complete","training_seconds":57.565168200000016}
STUDY_PHASE {"elapsed_seconds":75.7762403,"iteration":88,"iteration_seconds":0.6332793,"phase":"iteration_complete","training_seconds":58.198447500000015}
STUDY_PHASE {"elapsed_seconds":76.394079,"iteration":89,"iteration_seconds":0.6178006,"phase":"iteration_complete","training_seconds":58.81624810000002}
STUDY_PHASE {"elapsed_seconds":77.0291765,"iteration":90,"iteration_seconds":0.6350529,"phase":"iteration_complete","training_seconds":59.451301000000015}
STUDY_PHASE {"elapsed_seconds":77.6575679,"iteration":91,"iteration_seconds":0.6283492,"phase":"iteration_complete","training_seconds":60.07965020000002}
STUDY_PHASE {"elapsed_seconds":78.3155545,"iteration":92,"iteration_seconds":0.6579464,"phase":"iteration_complete","training_seconds":60.73759660000002}
STUDY_PHASE {"elapsed_seconds":78.9342333,"iteration":93,"iteration_seconds":0.6186334,"phase":"iteration_complete","training_seconds":61.35623000000002}
STUDY_PHASE {"elapsed_seconds":79.5978495,"iteration":94,"iteration_seconds":0.6635777,"phase":"iteration_complete","training_seconds":62.019807700000015}
STUDY_PHASE {"elapsed_seconds":80.3113974,"iteration":95,"iteration_seconds":0.7135178,"phase":"iteration_complete","training_seconds":62.733325500000014}
STUDY_PHASE {"elapsed_seconds":80.937712,"iteration":96,"iteration_seconds":0.6262742,"phase":"iteration_complete","training_seconds":63.35959970000001}
STUDY_PHASE {"elapsed_seconds":81.5635227,"iteration":97,"iteration_seconds":0.6257628,"phase":"iteration_complete","training_seconds":63.98536250000001}
STUDY_PHASE {"elapsed_seconds":82.184586,"iteration":98,"iteration_seconds":0.6209605,"phase":"iteration_complete","training_seconds":64.606323}
STUDY_PHASE {"elapsed_seconds":82.8361027,"iteration":99,"iteration_seconds":0.6514715,"phase":"iteration_complete","training_seconds":65.2577945}
STUDY_PHASE {"elapsed_seconds":83.5635784,"iteration":100,"iteration_seconds":0.7274365,"phase":"iteration_complete","training_seconds":65.985231}
STUDY_PHASE {"elapsed_seconds":83.5636199,"iteration":100,"phase":"evaluation_start"}
STUDY_PHASE {"elapsed_seconds":91.1428902,"evaluation_seconds":22.887994,"iteration":100,"phase":"evaluation_complete"}
100 gap=0.4349045306831758 elapsed=91.1
STUDY_PHASE {"elapsed_seconds":91.8836617,"iteration":101,"iteration_seconds":0.7349449,"phase":"iteration_complete","training_seconds":66.7201759}
STUDY_PHASE {"elapsed_seconds":92.5776634,"iteration":102,"iteration_seconds":0.6939624,"phase":"iteration_complete","training_seconds":67.4141383}
STUDY_PHASE {"elapsed_seconds":93.2701194,"iteration":103,"iteration_seconds":0.6924133,"phase":"iteration_complete","training_seconds":68.1065516}
STUDY_PHASE {"elapsed_seconds":93.9051925,"iteration":104,"iteration_seconds":0.635033,"phase":"iteration_complete","training_seconds":68.74158460000001}
STUDY_PHASE {"elapsed_seconds":94.5281161,"iteration":105,"iteration_seconds":0.6228778,"phase":"iteration_complete","training_seconds":69.36446240000001}
STUDY_PHASE {"elapsed_seconds":95.1706829,"iteration":106,"iteration_seconds":0.6425277,"phase":"iteration_complete","training_seconds":70.00699010000001}
STUDY_PHASE {"elapsed_seconds":95.8394782,"iteration":107,"iteration_seconds":0.6687454,"phase":"iteration_complete","training_seconds":70.67573550000002}
STUDY_PHASE {"elapsed_seconds":96.4741478,"iteration":108,"iteration_seconds":0.6346203,"phase":"iteration_complete","training_seconds":71.31035580000001}
STUDY_PHASE {"elapsed_seconds":97.1788593,"iteration":109,"iteration_seconds":0.7046713,"phase":"iteration_complete","training_seconds":72.01502710000001}
STUDY_PHASE {"elapsed_seconds":97.8332241,"iteration":110,"iteration_seconds":0.654321,"phase":"iteration_complete","training_seconds":72.66934810000001}
STUDY_PHASE {"elapsed_seconds":98.4454623,"iteration":111,"iteration_seconds":0.6121934,"phase":"iteration_complete","training_seconds":73.2815415}
STUDY_PHASE {"elapsed_seconds":99.0604446,"iteration":112,"iteration_seconds":0.614937,"phase":"iteration_complete","training_seconds":73.8964785}
STUDY_PHASE {"elapsed_seconds":99.6673487,"iteration":113,"iteration_seconds":0.6068651,"phase":"iteration_complete","training_seconds":74.5033436}
STUDY_PHASE {"elapsed_seconds":100.3006508,"iteration":114,"iteration_seconds":0.6332621,"phase":"iteration_complete","training_seconds":75.13660569999999}
STUDY_PHASE {"elapsed_seconds":100.91136,"iteration":115,"iteration_seconds":0.610666,"phase":"iteration_complete","training_seconds":75.74727169999998}
STUDY_PHASE {"elapsed_seconds":101.5229536,"iteration":116,"iteration_seconds":0.6115575,"phase":"iteration_complete","training_seconds":76.35882919999999}
STUDY_PHASE {"elapsed_seconds":102.1449331,"iteration":117,"iteration_seconds":0.6219386,"phase":"iteration_complete","training_seconds":76.9807678}
STUDY_PHASE {"elapsed_seconds":102.7967923,"iteration":118,"iteration_seconds":0.6518281,"phase":"iteration_complete","training_seconds":77.6325959}
STUDY_PHASE {"elapsed_seconds":103.5007749,"iteration":119,"iteration_seconds":0.7039383,"phase":"iteration_complete","training_seconds":78.3365342}
STUDY_PHASE {"elapsed_seconds":104.2604032,"iteration":120,"iteration_seconds":0.7595882,"phase":"iteration_complete","training_seconds":79.0961224}
STUDY_PHASE {"elapsed_seconds":104.8939676,"iteration":121,"iteration_seconds":0.6335264,"phase":"iteration_complete","training_seconds":79.72964879999999}
STUDY_PHASE {"elapsed_seconds":105.5157292,"iteration":122,"iteration_seconds":0.6217054,"phase":"iteration_complete","training_seconds":80.35135419999999}
STUDY_PHASE {"elapsed_seconds":106.1591892,"iteration":123,"iteration_seconds":0.6434149,"phase":"iteration_complete","training_seconds":80.99476909999998}
STUDY_PHASE {"elapsed_seconds":106.8269727,"iteration":124,"iteration_seconds":0.6677395,"phase":"iteration_complete","training_seconds":81.66250859999998}
STUDY_PHASE {"elapsed_seconds":107.4782402,"iteration":125,"iteration_seconds":0.6512275,"phase":"iteration_complete","training_seconds":82.31373609999999}
STUDY_PHASE {"elapsed_seconds":108.219668,"iteration":126,"iteration_seconds":0.7413875,"phase":"iteration_complete","training_seconds":83.05512359999999}
STUDY_PHASE {"elapsed_seconds":108.827854,"iteration":127,"iteration_seconds":0.6081432,"phase":"iteration_complete","training_seconds":83.66326679999999}
STUDY_PHASE {"elapsed_seconds":109.450689,"iteration":128,"iteration_seconds":0.6227486,"phase":"iteration_complete","training_seconds":84.28601539999998}
STUDY_PHASE {"elapsed_seconds":110.0622077,"iteration":129,"iteration_seconds":0.6114777,"phase":"iteration_complete","training_seconds":84.89749309999998}
STUDY_PHASE {"elapsed_seconds":110.699136,"iteration":130,"iteration_seconds":0.6368899,"phase":"iteration_complete","training_seconds":85.53438299999998}
STUDY_PHASE {"elapsed_seconds":111.37817,"iteration":131,"iteration_seconds":0.6789936,"phase":"iteration_complete","training_seconds":86.21337659999998}
STUDY_PHASE {"elapsed_seconds":112.0385873,"iteration":132,"iteration_seconds":0.6603793,"phase":"iteration_complete","training_seconds":86.87375589999998}
STUDY_PHASE {"elapsed_seconds":112.6705639,"iteration":133,"iteration_seconds":0.6319159,"phase":"iteration_complete","training_seconds":87.50567179999997}
STUDY_PHASE {"elapsed_seconds":113.2843633,"iteration":134,"iteration_seconds":0.6137595,"phase":"iteration_complete","training_seconds":88.11943129999997}
STUDY_PHASE {"elapsed_seconds":113.8932843,"iteration":135,"iteration_seconds":0.6088736,"phase":"iteration_complete","training_seconds":88.72830489999997}
STUDY_PHASE {"elapsed_seconds":114.6077277,"iteration":136,"iteration_seconds":0.7144041,"phase":"iteration_complete","training_seconds":89.44270899999997}
STUDY_PHASE {"elapsed_seconds":115.2360838,"iteration":137,"iteration_seconds":0.6283142,"phase":"iteration_complete","training_seconds":90.07102319999997}
STUDY_PHASE {"elapsed_seconds":115.8917292,"iteration":138,"iteration_seconds":0.6556035,"phase":"iteration_complete","training_seconds":90.72662669999997}
STUDY_PHASE {"elapsed_seconds":116.5522337,"iteration":139,"iteration_seconds":0.6604603,"phase":"iteration_complete","training_seconds":91.38708699999997}
STUDY_PHASE {"elapsed_seconds":117.3032707,"iteration":140,"iteration_seconds":0.7509966,"phase":"iteration_complete","training_seconds":92.13808359999996}
STUDY_PHASE {"elapsed_seconds":117.9993042,"iteration":141,"iteration_seconds":0.6959944,"phase":"iteration_complete","training_seconds":92.83407799999996}
STUDY_PHASE {"elapsed_seconds":118.7528439,"iteration":142,"iteration_seconds":0.7534944,"phase":"iteration_complete","training_seconds":93.58757239999996}
STUDY_PHASE {"elapsed_seconds":119.4626036,"iteration":143,"iteration_seconds":0.7097154,"phase":"iteration_complete","training_seconds":94.29728779999995}
STUDY_PHASE {"elapsed_seconds":120.1016812,"iteration":144,"iteration_seconds":0.6390398,"phase":"iteration_complete","training_seconds":94.93632759999996}
STUDY_PHASE {"elapsed_seconds":120.7576574,"iteration":145,"iteration_seconds":0.6559342,"phase":"iteration_complete","training_seconds":95.59226179999996}
STUDY_PHASE {"elapsed_seconds":121.3861338,"iteration":146,"iteration_seconds":0.6284335,"phase":"iteration_complete","training_seconds":96.22069529999996}
STUDY_PHASE {"elapsed_seconds":122.0690292,"iteration":147,"iteration_seconds":0.6828548,"phase":"iteration_complete","training_seconds":96.90355009999996}
STUDY_PHASE {"elapsed_seconds":122.7000318,"iteration":148,"iteration_seconds":0.6309625,"phase":"iteration_complete","training_seconds":97.53451259999996}
STUDY_PHASE {"elapsed_seconds":123.3976191,"iteration":149,"iteration_seconds":0.6975428,"phase":"iteration_complete","training_seconds":98.23205539999995}
STUDY_PHASE {"elapsed_seconds":124.0452665,"iteration":150,"iteration_seconds":0.6475863,"phase":"iteration_complete","training_seconds":98.87964169999995}
STUDY_PHASE {"elapsed_seconds":124.7226859,"iteration":151,"iteration_seconds":0.677368,"phase":"iteration_complete","training_seconds":99.55700969999995}
STUDY_PHASE {"elapsed_seconds":125.3830385,"iteration":152,"iteration_seconds":0.6603005,"phase":"iteration_complete","training_seconds":100.21731019999996}
STUDY_PHASE {"elapsed_seconds":126.0843824,"iteration":153,"iteration_seconds":0.701314,"phase":"iteration_complete","training_seconds":100.91862419999995}
STUDY_PHASE {"elapsed_seconds":126.7603122,"iteration":154,"iteration_seconds":0.675888,"phase":"iteration_complete","training_seconds":101.59451219999995}
STUDY_PHASE {"elapsed_seconds":127.4235708,"iteration":155,"iteration_seconds":0.6632109,"phase":"iteration_complete","training_seconds":102.25772309999995}
STUDY_PHASE {"elapsed_seconds":128.1069047,"iteration":156,"iteration_seconds":0.6832808,"phase":"iteration_complete","training_seconds":102.94100389999996}
STUDY_PHASE {"elapsed_seconds":128.7627812,"iteration":157,"iteration_seconds":0.6558342,"phase":"iteration_complete","training_seconds":103.59683809999996}
STUDY_PHASE {"elapsed_seconds":129.3915502,"iteration":158,"iteration_seconds":0.6286475,"phase":"iteration_complete","training_seconds":104.22548559999996}
STUDY_PHASE {"elapsed_seconds":130.0191988,"iteration":159,"iteration_seconds":0.6276061,"phase":"iteration_complete","training_seconds":104.85309169999995}
STUDY_PHASE {"elapsed_seconds":130.7828261,"iteration":160,"iteration_seconds":0.7635731,"phase":"iteration_complete","training_seconds":105.61666479999995}
STUDY_PHASE {"elapsed_seconds":131.5362031,"iteration":161,"iteration_seconds":0.7533361,"phase":"iteration_complete","training_seconds":106.37000089999995}
STUDY_PHASE {"elapsed_seconds":132.2166155,"iteration":162,"iteration_seconds":0.6803731,"phase":"iteration_complete","training_seconds":107.05037399999995}
STUDY_PHASE {"elapsed_seconds":132.8286999,"iteration":163,"iteration_seconds":0.6120416,"phase":"iteration_complete","training_seconds":107.66241559999995}
STUDY_PHASE {"elapsed_seconds":133.4860018,"iteration":164,"iteration_seconds":0.65726,"phase":"iteration_complete","training_seconds":108.31967559999994}
STUDY_PHASE {"elapsed_seconds":134.2769944,"iteration":165,"iteration_seconds":0.7909505,"phase":"iteration_complete","training_seconds":109.11062609999993}
STUDY_PHASE {"elapsed_seconds":135.0510568,"iteration":166,"iteration_seconds":0.7740303,"phase":"iteration_complete","training_seconds":109.88465639999994}
STUDY_PHASE {"elapsed_seconds":135.8197812,"iteration":167,"iteration_seconds":0.7686836,"phase":"iteration_complete","training_seconds":110.65333999999994}
STUDY_PHASE {"elapsed_seconds":136.5875524,"iteration":168,"iteration_seconds":0.7677324,"phase":"iteration_complete","training_seconds":111.42107239999994}
STUDY_PHASE {"elapsed_seconds":137.3849308,"iteration":169,"iteration_seconds":0.7973395,"phase":"iteration_complete","training_seconds":112.21841189999995}
STUDY_PHASE {"elapsed_seconds":138.1568605,"iteration":170,"iteration_seconds":0.7718888,"phase":"iteration_complete","training_seconds":112.99030069999995}
STUDY_PHASE {"elapsed_seconds":138.9132617,"iteration":171,"iteration_seconds":0.7563597,"phase":"iteration_complete","training_seconds":113.74666039999995}
STUDY_PHASE {"elapsed_seconds":139.6776424,"iteration":172,"iteration_seconds":0.7639601,"phase":"iteration_complete","training_seconds":114.51062049999996}
STUDY_PHASE {"elapsed_seconds":140.4496397,"iteration":173,"iteration_seconds":0.7719587,"phase":"iteration_complete","training_seconds":115.28257919999996}
STUDY_PHASE {"elapsed_seconds":141.1883581,"iteration":174,"iteration_seconds":0.738676,"phase":"iteration_complete","training_seconds":116.02125519999996}
STUDY_PHASE {"elapsed_seconds":141.833188,"iteration":175,"iteration_seconds":0.6447834,"phase":"iteration_complete","training_seconds":116.66603859999995}
STUDY_PHASE {"elapsed_seconds":142.4774504,"iteration":176,"iteration_seconds":0.6442156,"phase":"iteration_complete","training_seconds":117.31025419999995}
STUDY_PHASE {"elapsed_seconds":143.1402526,"iteration":177,"iteration_seconds":0.6627591,"phase":"iteration_complete","training_seconds":117.97301329999995}
STUDY_PHASE {"elapsed_seconds":143.8067149,"iteration":178,"iteration_seconds":0.6664235,"phase":"iteration_complete","training_seconds":118.63943679999994}
STUDY_PHASE {"elapsed_seconds":144.4977496,"iteration":179,"iteration_seconds":0.6909815,"phase":"iteration_complete","training_seconds":119.33041829999995}
STUDY_PHASE {"elapsed_seconds":145.2203252,"iteration":180,"iteration_seconds":0.722522,"phase":"iteration_complete","training_seconds":120.05294029999995}
STUDY_PHASE {"elapsed_seconds":145.9988373,"iteration":181,"iteration_seconds":0.7784789,"phase":"iteration_complete","training_seconds":120.83141919999994}
STUDY_PHASE {"elapsed_seconds":146.6347915,"iteration":182,"iteration_seconds":0.6358969,"phase":"iteration_complete","training_seconds":121.46731609999995}
STUDY_PHASE {"elapsed_seconds":147.3040415,"iteration":183,"iteration_seconds":0.6692089,"phase":"iteration_complete","training_seconds":122.13652499999995}
STUDY_PHASE {"elapsed_seconds":147.9711405,"iteration":184,"iteration_seconds":0.6670602,"phase":"iteration_complete","training_seconds":122.80358519999994}
STUDY_PHASE {"elapsed_seconds":148.639833,"iteration":185,"iteration_seconds":0.6686459,"phase":"iteration_complete","training_seconds":123.47223109999995}
STUDY_PHASE {"elapsed_seconds":149.291185,"iteration":186,"iteration_seconds":0.6512912,"phase":"iteration_complete","training_seconds":124.12352229999995}
STUDY_PHASE {"elapsed_seconds":149.9960464,"iteration":187,"iteration_seconds":0.7048206,"phase":"iteration_complete","training_seconds":124.82834289999995}
STUDY_PHASE {"elapsed_seconds":150.6611356,"iteration":188,"iteration_seconds":0.6650489,"phase":"iteration_complete","training_seconds":125.49339179999996}
STUDY_PHASE {"elapsed_seconds":151.3370024,"iteration":189,"iteration_seconds":0.6758263,"phase":"iteration_complete","training_seconds":126.16921809999995}
STUDY_PHASE {"elapsed_seconds":152.0576155,"iteration":190,"iteration_seconds":0.72057,"phase":"iteration_complete","training_seconds":126.88978809999995}
STUDY_PHASE {"elapsed_seconds":152.7906594,"iteration":191,"iteration_seconds":0.7330051,"phase":"iteration_complete","training_seconds":127.62279319999995}
STUDY_PHASE {"elapsed_seconds":153.5111402,"iteration":192,"iteration_seconds":0.7204341,"phase":"iteration_complete","training_seconds":128.34322729999994}
STUDY_PHASE {"elapsed_seconds":154.1527754,"iteration":193,"iteration_seconds":0.6415955,"phase":"iteration_complete","training_seconds":128.98482279999993}
STUDY_PHASE {"elapsed_seconds":154.8259769,"iteration":194,"iteration_seconds":0.6731583,"phase":"iteration_complete","training_seconds":129.65798109999994}
STUDY_PHASE {"elapsed_seconds":155.6219155,"iteration":195,"iteration_seconds":0.7958973,"phase":"iteration_complete","training_seconds":130.45387839999995}
STUDY_PHASE {"elapsed_seconds":156.3081459,"iteration":196,"iteration_seconds":0.6861895,"phase":"iteration_complete","training_seconds":131.14006789999996}
STUDY_PHASE {"elapsed_seconds":157.0312593,"iteration":197,"iteration_seconds":0.7230738,"phase":"iteration_complete","training_seconds":131.86314169999997}
STUDY_PHASE {"elapsed_seconds":157.6942907,"iteration":198,"iteration_seconds":0.6629821,"phase":"iteration_complete","training_seconds":132.52612379999997}
STUDY_PHASE {"elapsed_seconds":158.3353504,"iteration":199,"iteration_seconds":0.6410197,"phase":"iteration_complete","training_seconds":133.16714349999995}
STUDY_PHASE {"elapsed_seconds":159.0650556,"iteration":200,"iteration_seconds":0.7296634,"phase":"iteration_complete","training_seconds":133.89680689999994}
STUDY_PHASE {"elapsed_seconds":159.8096692,"iteration":201,"iteration_seconds":0.7445715,"phase":"iteration_complete","training_seconds":134.64137839999995}
STUDY_PHASE {"elapsed_seconds":160.4701031,"iteration":202,"iteration_seconds":0.6603149,"phase":"iteration_complete","training_seconds":135.30169329999995}
STUDY_PHASE {"elapsed_seconds":161.1286373,"iteration":203,"iteration_seconds":0.6584906,"phase":"iteration_complete","training_seconds":135.96018389999995}
STUDY_PHASE {"elapsed_seconds":161.7613018,"iteration":204,"iteration_seconds":0.6326219,"phase":"iteration_complete","training_seconds":136.59280579999995}
STUDY_PHASE {"elapsed_seconds":162.3966191,"iteration":205,"iteration_seconds":0.6352761,"phase":"iteration_complete","training_seconds":137.22808189999995}
STUDY_PHASE {"elapsed_seconds":163.1425514,"iteration":206,"iteration_seconds":0.7458895,"phase":"iteration_complete","training_seconds":137.97397139999995}
STUDY_PHASE {"elapsed_seconds":164.0741566,"iteration":207,"iteration_seconds":0.9315716,"phase":"iteration_complete","training_seconds":138.90554299999997}
STUDY_PHASE {"elapsed_seconds":164.7456871,"iteration":208,"iteration_seconds":0.6714841,"phase":"iteration_complete","training_seconds":139.57702709999995}
STUDY_PHASE {"elapsed_seconds":165.4202442,"iteration":209,"iteration_seconds":0.6745166,"phase":"iteration_complete","training_seconds":140.25154369999996}
STUDY_PHASE {"elapsed_seconds":166.0715402,"iteration":210,"iteration_seconds":0.6512546,"phase":"iteration_complete","training_seconds":140.90279829999994}
STUDY_PHASE {"elapsed_seconds":166.7275641,"iteration":211,"iteration_seconds":0.6559887,"phase":"iteration_complete","training_seconds":141.55878699999994}
STUDY_PHASE {"elapsed_seconds":167.4077234,"iteration":212,"iteration_seconds":0.6801175,"phase":"iteration_complete","training_seconds":142.23890449999993}
STUDY_PHASE {"elapsed_seconds":168.0865591,"iteration":213,"iteration_seconds":0.6787953,"phase":"iteration_complete","training_seconds":142.91769979999992}
STUDY_PHASE {"elapsed_seconds":168.7533892,"iteration":214,"iteration_seconds":0.6667905,"phase":"iteration_complete","training_seconds":143.5844902999999}
STUDY_PHASE {"elapsed_seconds":169.4015448,"iteration":215,"iteration_seconds":0.6481138,"phase":"iteration_complete","training_seconds":144.23260409999992}
STUDY_PHASE {"elapsed_seconds":170.0865581,"iteration":216,"iteration_seconds":0.6849637,"phase":"iteration_complete","training_seconds":144.91756779999992}
STUDY_PHASE {"elapsed_seconds":170.8322598,"iteration":217,"iteration_seconds":0.745662,"phase":"iteration_complete","training_seconds":145.66322979999993}
STUDY_PHASE {"elapsed_seconds":171.5395793,"iteration":218,"iteration_seconds":0.7072705,"phase":"iteration_complete","training_seconds":146.37050029999992}
STUDY_PHASE {"elapsed_seconds":172.2421959,"iteration":219,"iteration_seconds":0.7025724,"phase":"iteration_complete","training_seconds":147.07307269999993}
STUDY_PHASE {"elapsed_seconds":173.0402761,"iteration":220,"iteration_seconds":0.7980383,"phase":"iteration_complete","training_seconds":147.87111099999993}
STUDY_PHASE {"elapsed_seconds":173.6977026,"iteration":221,"iteration_seconds":0.6573674,"phase":"iteration_complete","training_seconds":148.52847839999993}
STUDY_PHASE {"elapsed_seconds":174.3318619,"iteration":222,"iteration_seconds":0.6341219,"phase":"iteration_complete","training_seconds":149.16260029999992}
STUDY_PHASE {"elapsed_seconds":174.9493675,"iteration":223,"iteration_seconds":0.6174481,"phase":"iteration_complete","training_seconds":149.7800483999999}
STUDY_PHASE {"elapsed_seconds":175.6278945,"iteration":224,"iteration_seconds":0.6784681,"phase":"iteration_complete","training_seconds":150.45851649999992}
STUDY_PHASE {"elapsed_seconds":176.3263222,"iteration":225,"iteration_seconds":0.6983796,"phase":"iteration_complete","training_seconds":151.15689609999993}
STUDY_PHASE {"elapsed_seconds":176.9649365,"iteration":226,"iteration_seconds":0.6385729,"phase":"iteration_complete","training_seconds":151.79546899999994}
STUDY_PHASE {"elapsed_seconds":177.6290802,"iteration":227,"iteration_seconds":0.6639288,"phase":"iteration_complete","training_seconds":152.45939779999995}
STUDY_PHASE {"elapsed_seconds":178.2697412,"iteration":228,"iteration_seconds":0.6406164,"phase":"iteration_complete","training_seconds":153.10001419999995}
STUDY_PHASE {"elapsed_seconds":178.9510562,"iteration":229,"iteration_seconds":0.6812732,"phase":"iteration_complete","training_seconds":153.78128739999994}
STUDY_PHASE {"elapsed_seconds":179.6019901,"iteration":230,"iteration_seconds":0.6508937,"phase":"iteration_complete","training_seconds":154.43218109999995}
STUDY_PHASE {"elapsed_seconds":180.2495001,"iteration":231,"iteration_seconds":0.6474726,"phase":"iteration_complete","training_seconds":155.07965369999994}
STUDY_PHASE {"elapsed_seconds":180.9170401,"iteration":232,"iteration_seconds":0.6674733,"phase":"iteration_complete","training_seconds":155.74712699999995}
STUDY_PHASE {"elapsed_seconds":181.5733155,"iteration":233,"iteration_seconds":0.6562294,"phase":"iteration_complete","training_seconds":156.40335639999995}
STUDY_PHASE {"elapsed_seconds":182.3334475,"iteration":234,"iteration_seconds":0.7600737,"phase":"iteration_complete","training_seconds":157.16343009999994}
STUDY_PHASE {"elapsed_seconds":183.0140464,"iteration":235,"iteration_seconds":0.6805478,"phase":"iteration_complete","training_seconds":157.84397789999994}
STUDY_PHASE {"elapsed_seconds":183.7180049,"iteration":236,"iteration_seconds":0.7039115,"phase":"iteration_complete","training_seconds":158.54788939999995}
STUDY_PHASE {"elapsed_seconds":184.362998,"iteration":237,"iteration_seconds":0.6449614,"phase":"iteration_complete","training_seconds":159.19285079999995}
STUDY_PHASE {"elapsed_seconds":184.9965825,"iteration":238,"iteration_seconds":0.6335432,"phase":"iteration_complete","training_seconds":159.82639399999994}
STUDY_PHASE {"elapsed_seconds":185.7682164,"iteration":239,"iteration_seconds":0.7715845,"phase":"iteration_complete","training_seconds":160.59797849999993}
STUDY_PHASE {"elapsed_seconds":186.4650055,"iteration":240,"iteration_seconds":0.6967446,"phase":"iteration_complete","training_seconds":161.2947230999999}
STUDY_PHASE {"elapsed_seconds":187.152229,"iteration":241,"iteration_seconds":0.6871659,"phase":"iteration_complete","training_seconds":161.9818889999999}
STUDY_PHASE {"elapsed_seconds":187.8114915,"iteration":242,"iteration_seconds":0.6592174,"phase":"iteration_complete","training_seconds":162.6411063999999}
STUDY_PHASE {"elapsed_seconds":188.4480621,"iteration":243,"iteration_seconds":0.6365332,"phase":"iteration_complete","training_seconds":163.2776395999999}
STUDY_PHASE {"elapsed_seconds":189.0625651,"iteration":244,"iteration_seconds":0.6144624,"phase":"iteration_complete","training_seconds":163.8921019999999}
STUDY_PHASE {"elapsed_seconds":189.7484396,"iteration":245,"iteration_seconds":0.685837,"phase":"iteration_complete","training_seconds":164.5779389999999}
STUDY_PHASE {"elapsed_seconds":190.4115058,"iteration":246,"iteration_seconds":0.6630127,"phase":"iteration_complete","training_seconds":165.2409516999999}
STUDY_PHASE {"elapsed_seconds":191.0478863,"iteration":247,"iteration_seconds":0.6363415,"phase":"iteration_complete","training_seconds":165.87729319999988}
STUDY_PHASE {"elapsed_seconds":191.7119223,"iteration":248,"iteration_seconds":0.6639935,"phase":"iteration_complete","training_seconds":166.5412866999999}
STUDY_PHASE {"elapsed_seconds":192.3905002,"iteration":249,"iteration_seconds":0.6785292,"phase":"iteration_complete","training_seconds":167.2198158999999}
STUDY_PHASE {"elapsed_seconds":193.0886337,"iteration":250,"iteration_seconds":0.6980791,"phase":"iteration_complete","training_seconds":167.9178949999999}
STUDY_PHASE {"elapsed_seconds":193.7521961,"iteration":251,"iteration_seconds":0.663531,"phase":"iteration_complete","training_seconds":168.5814259999999}
STUDY_PHASE {"elapsed_seconds":194.4612636,"iteration":252,"iteration_seconds":0.7090244,"phase":"iteration_complete","training_seconds":169.2904503999999}
STUDY_PHASE {"elapsed_seconds":195.2790339,"iteration":253,"iteration_seconds":0.817733,"phase":"iteration_complete","training_seconds":170.10818339999992}
STUDY_PHASE {"elapsed_seconds":195.9478911,"iteration":254,"iteration_seconds":0.6688095,"phase":"iteration_complete","training_seconds":170.77699289999993}
STUDY_PHASE {"elapsed_seconds":196.6064775,"iteration":255,"iteration_seconds":0.658545,"phase":"iteration_complete","training_seconds":171.43553789999993}
STUDY_PHASE {"elapsed_seconds":197.2758892,"iteration":256,"iteration_seconds":0.6693781,"phase":"iteration_complete","training_seconds":172.10491599999992}
STUDY_PHASE {"elapsed_seconds":198.0009157,"iteration":257,"iteration_seconds":0.7249593,"phase":"iteration_complete","training_seconds":172.8298752999999}
STUDY_PHASE {"elapsed_seconds":198.6725666,"iteration":258,"iteration_seconds":0.6715973,"phase":"iteration_complete","training_seconds":173.50147259999991}
STUDY_PHASE {"elapsed_seconds":199.3329424,"iteration":259,"iteration_seconds":0.6603311,"phase":"iteration_complete","training_seconds":174.16180369999992}
STUDY_PHASE {"elapsed_seconds":199.9850983,"iteration":260,"iteration_seconds":0.6520984,"phase":"iteration_complete","training_seconds":174.81390209999992}
STUDY_PHASE {"elapsed_seconds":200.6558606,"iteration":261,"iteration_seconds":0.6707065,"phase":"iteration_complete","training_seconds":175.48460859999992}
STUDY_PHASE {"elapsed_seconds":201.3154462,"iteration":262,"iteration_seconds":0.6595332,"phase":"iteration_complete","training_seconds":176.14414179999991}
STUDY_PHASE {"elapsed_seconds":201.949604,"iteration":263,"iteration_seconds":0.634118,"phase":"iteration_complete","training_seconds":176.77825979999992}
STUDY_PHASE {"elapsed_seconds":202.6078564,"iteration":264,"iteration_seconds":0.6582009,"phase":"iteration_complete","training_seconds":177.4364606999999}
STUDY_PHASE {"elapsed_seconds":203.2697786,"iteration":265,"iteration_seconds":0.6618756,"phase":"iteration_complete","training_seconds":178.09833629999991}
STUDY_PHASE {"elapsed_seconds":203.9781441,"iteration":266,"iteration_seconds":0.7083235,"phase":"iteration_complete","training_seconds":178.80665979999992}
STUDY_PHASE {"elapsed_seconds":204.6605957,"iteration":267,"iteration_seconds":0.6824105,"phase":"iteration_complete","training_seconds":179.48907029999992}
STUDY_PHASE {"elapsed_seconds":205.3577606,"iteration":268,"iteration_seconds":0.6971102,"phase":"iteration_complete","training_seconds":180.18618049999992}
STUDY_PHASE {"elapsed_seconds":206.0938258,"iteration":269,"iteration_seconds":0.7359879,"phase":"iteration_complete","training_seconds":180.92216839999992}
STUDY_PHASE {"elapsed_seconds":206.8331299,"iteration":270,"iteration_seconds":0.7392667,"phase":"iteration_complete","training_seconds":181.66143509999992}
STUDY_PHASE {"elapsed_seconds":207.5764024,"iteration":271,"iteration_seconds":0.7432142,"phase":"iteration_complete","training_seconds":182.40464929999993}
STUDY_PHASE {"elapsed_seconds":208.2638848,"iteration":272,"iteration_seconds":0.6874376,"phase":"iteration_complete","training_seconds":183.09208689999994}
STUDY_PHASE {"elapsed_seconds":208.9336351,"iteration":273,"iteration_seconds":0.6697046,"phase":"iteration_complete","training_seconds":183.76179149999993}
STUDY_PHASE {"elapsed_seconds":209.6000085,"iteration":274,"iteration_seconds":0.6663154,"phase":"iteration_complete","training_seconds":184.42810689999993}
STUDY_PHASE {"elapsed_seconds":210.3107274,"iteration":275,"iteration_seconds":0.7106703,"phase":"iteration_complete","training_seconds":185.13877719999994}
STUDY_PHASE {"elapsed_seconds":210.9658301,"iteration":276,"iteration_seconds":0.6550581,"phase":"iteration_complete","training_seconds":185.79383529999993}
STUDY_PHASE {"elapsed_seconds":211.6178114,"iteration":277,"iteration_seconds":0.6519154,"phase":"iteration_complete","training_seconds":186.44575069999993}
STUDY_PHASE {"elapsed_seconds":212.2703643,"iteration":278,"iteration_seconds":0.6525099,"phase":"iteration_complete","training_seconds":187.09826059999995}
STUDY_PHASE {"elapsed_seconds":213.0076994,"iteration":279,"iteration_seconds":0.7372913,"phase":"iteration_complete","training_seconds":187.83555189999996}
STUDY_PHASE {"elapsed_seconds":213.7184767,"iteration":280,"iteration_seconds":0.7106345,"phase":"iteration_complete","training_seconds":188.54618639999995}
STUDY_PHASE {"elapsed_seconds":214.3945259,"iteration":281,"iteration_seconds":0.6759959,"phase":"iteration_complete","training_seconds":189.22218229999996}
STUDY_PHASE {"elapsed_seconds":215.065772,"iteration":282,"iteration_seconds":0.6711929,"phase":"iteration_complete","training_seconds":189.89337519999995}
STUDY_PHASE {"elapsed_seconds":215.7079313,"iteration":283,"iteration_seconds":0.642114,"phase":"iteration_complete","training_seconds":190.53548919999994}
STUDY_PHASE {"elapsed_seconds":216.4254627,"iteration":284,"iteration_seconds":0.7174723,"phase":"iteration_complete","training_seconds":191.25296149999994}
STUDY_PHASE {"elapsed_seconds":217.1105305,"iteration":285,"iteration_seconds":0.685016,"phase":"iteration_complete","training_seconds":191.93797749999993}
STUDY_PHASE {"elapsed_seconds":217.802562,"iteration":286,"iteration_seconds":0.6919902,"phase":"iteration_complete","training_seconds":192.62996769999992}
STUDY_PHASE {"elapsed_seconds":218.4815442,"iteration":287,"iteration_seconds":0.6789414,"phase":"iteration_complete","training_seconds":193.30890909999994}
STUDY_PHASE {"elapsed_seconds":219.1153149,"iteration":288,"iteration_seconds":0.6337267,"phase":"iteration_complete","training_seconds":193.94263579999995}
STUDY_PHASE {"elapsed_seconds":219.7482673,"iteration":289,"iteration_seconds":0.6329057,"phase":"iteration_complete","training_seconds":194.57554149999996}
STUDY_PHASE {"elapsed_seconds":220.3758465,"iteration":290,"iteration_seconds":0.6275292,"phase":"iteration_complete","training_seconds":195.20307069999996}
STUDY_PHASE {"elapsed_seconds":221.0535154,"iteration":291,"iteration_seconds":0.6776109,"phase":"iteration_complete","training_seconds":195.88068159999995}
STUDY_PHASE {"elapsed_seconds":221.7142469,"iteration":292,"iteration_seconds":0.6606825,"phase":"iteration_complete","training_seconds":196.54136409999995}
STUDY_PHASE {"elapsed_seconds":222.4507979,"iteration":293,"iteration_seconds":0.7365058,"phase":"iteration_complete","training_seconds":197.27786989999996}
STUDY_PHASE {"elapsed_seconds":223.1354021,"iteration":294,"iteration_seconds":0.6845543,"phase":"iteration_complete","training_seconds":197.96242419999996}
STUDY_PHASE {"elapsed_seconds":223.7954058,"iteration":295,"iteration_seconds":0.6599736,"phase":"iteration_complete","training_seconds":198.62239779999996}
STUDY_PHASE {"elapsed_seconds":224.4649056,"iteration":296,"iteration_seconds":0.6694577,"phase":"iteration_complete","training_seconds":199.29185549999997}
STUDY_PHASE {"elapsed_seconds":225.1573227,"iteration":297,"iteration_seconds":0.692376,"phase":"iteration_complete","training_seconds":199.98423149999996}
STUDY_PHASE {"elapsed_seconds":225.9393048,"iteration":298,"iteration_seconds":0.7819451,"phase":"iteration_complete","training_seconds":200.76617659999997}
STUDY_PHASE {"elapsed_seconds":226.6808838,"iteration":299,"iteration_seconds":0.7415318,"phase":"iteration_complete","training_seconds":201.50770839999996}
STUDY_PHASE {"elapsed_seconds":227.3486924,"iteration":300,"iteration_seconds":0.6677662,"phase":"iteration_complete","training_seconds":202.17547459999994}
STUDY_PHASE {"elapsed_seconds":228.0770374,"iteration":301,"iteration_seconds":0.7283045,"phase":"iteration_complete","training_seconds":202.90377909999995}
STUDY_PHASE {"elapsed_seconds":228.702688,"iteration":302,"iteration_seconds":0.6256081,"phase":"iteration_complete","training_seconds":203.52938719999995}
STUDY_PHASE {"elapsed_seconds":229.3374593,"iteration":303,"iteration_seconds":0.6347324,"phase":"iteration_complete","training_seconds":204.16411959999994}
STUDY_PHASE {"elapsed_seconds":229.9581665,"iteration":304,"iteration_seconds":0.620665,"phase":"iteration_complete","training_seconds":204.78478459999994}
STUDY_PHASE {"elapsed_seconds":230.6024737,"iteration":305,"iteration_seconds":0.6442541,"phase":"iteration_complete","training_seconds":205.42903869999995}
STUDY_PHASE {"elapsed_seconds":231.277534,"iteration":306,"iteration_seconds":0.6750126,"phase":"iteration_complete","training_seconds":206.10405129999995}
STUDY_PHASE {"elapsed_seconds":231.9556569,"iteration":307,"iteration_seconds":0.678081,"phase":"iteration_complete","training_seconds":206.78213229999994}
STUDY_PHASE {"elapsed_seconds":232.5908498,"iteration":308,"iteration_seconds":0.6351445,"phase":"iteration_complete","training_seconds":207.41727679999994}
STUDY_PHASE {"elapsed_seconds":233.2336877,"iteration":309,"iteration_seconds":0.6427999,"phase":"iteration_complete","training_seconds":208.06007669999994}
STUDY_PHASE {"elapsed_seconds":233.8861602,"iteration":310,"iteration_seconds":0.6524124,"phase":"iteration_complete","training_seconds":208.71248909999994}
STUDY_PHASE {"elapsed_seconds":234.5756222,"iteration":311,"iteration_seconds":0.6894225,"phase":"iteration_complete","training_seconds":209.40191159999995}
STUDY_PHASE {"elapsed_seconds":235.2328223,"iteration":312,"iteration_seconds":0.6571409,"phase":"iteration_complete","training_seconds":210.05905249999995}
STUDY_PHASE {"elapsed_seconds":235.9444202,"iteration":313,"iteration_seconds":0.7115595,"phase":"iteration_complete","training_seconds":210.77061199999994}
STUDY_PHASE {"elapsed_seconds":236.6728537,"iteration":314,"iteration_seconds":0.7283895,"phase":"iteration_complete","training_seconds":211.49900149999993}
STUDY_PHASE {"elapsed_seconds":237.3555988,"iteration":315,"iteration_seconds":0.6827057,"phase":"iteration_complete","training_seconds":212.18170719999995}
STUDY_PHASE {"elapsed_seconds":238.0022881,"iteration":316,"iteration_seconds":0.6466477,"phase":"iteration_complete","training_seconds":212.82835489999994}
STUDY_PHASE {"elapsed_seconds":238.6559465,"iteration":317,"iteration_seconds":0.653609,"phase":"iteration_complete","training_seconds":213.48196389999993}
STUDY_PHASE {"elapsed_seconds":239.368336,"iteration":318,"iteration_seconds":0.7123375,"phase":"iteration_complete","training_seconds":214.19430139999992}
STUDY_PHASE {"elapsed_seconds":240.0353948,"iteration":319,"iteration_seconds":0.6670071,"phase":"iteration_complete","training_seconds":214.86130849999992}
STUDY_PHASE {"elapsed_seconds":240.7289954,"iteration":320,"iteration_seconds":0.6935493,"phase":"iteration_complete","training_seconds":215.55485779999992}
STUDY_PHASE {"elapsed_seconds":241.4153643,"iteration":321,"iteration_seconds":0.6863265,"phase":"iteration_complete","training_seconds":216.24118429999993}
STUDY_PHASE {"elapsed_seconds":242.111063,"iteration":322,"iteration_seconds":0.6956566,"phase":"iteration_complete","training_seconds":216.93684089999994}
STUDY_PHASE {"elapsed_seconds":242.9050133,"iteration":323,"iteration_seconds":0.7939102,"phase":"iteration_complete","training_seconds":217.73075109999994}
STUDY_PHASE {"elapsed_seconds":243.6371548,"iteration":324,"iteration_seconds":0.7321001,"phase":"iteration_complete","training_seconds":218.46285119999993}
STUDY_PHASE {"elapsed_seconds":244.3249094,"iteration":325,"iteration_seconds":0.687701,"phase":"iteration_complete","training_seconds":219.15055219999994}
STUDY_PHASE {"elapsed_seconds":245.0651994,"iteration":326,"iteration_seconds":0.7402402,"phase":"iteration_complete","training_seconds":219.89079239999992}
STUDY_PHASE {"elapsed_seconds":245.9439179,"iteration":327,"iteration_seconds":0.8786807,"phase":"iteration_complete","training_seconds":220.7694730999999}
STUDY_PHASE {"elapsed_seconds":246.808185,"iteration":328,"iteration_seconds":0.8642234,"phase":"iteration_complete","training_seconds":221.6336964999999}
STUDY_PHASE {"elapsed_seconds":247.5709624,"iteration":329,"iteration_seconds":0.7627433,"phase":"iteration_complete","training_seconds":222.3964397999999}
STUDY_PHASE {"elapsed_seconds":248.3981769,"iteration":330,"iteration_seconds":0.8271637,"phase":"iteration_complete","training_seconds":223.2236034999999}
STUDY_PHASE {"elapsed_seconds":249.1540212,"iteration":331,"iteration_seconds":0.7557959,"phase":"iteration_complete","training_seconds":223.97939939999992}
STUDY_PHASE {"elapsed_seconds":249.8550029,"iteration":332,"iteration_seconds":0.7009349,"phase":"iteration_complete","training_seconds":224.6803342999999}
STUDY_PHASE {"elapsed_seconds":250.535761,"iteration":333,"iteration_seconds":0.6807039,"phase":"iteration_complete","training_seconds":225.3610381999999}
STUDY_PHASE {"elapsed_seconds":251.2497806,"iteration":334,"iteration_seconds":0.7139692,"phase":"iteration_complete","training_seconds":226.07500739999992}
STUDY_PHASE {"elapsed_seconds":251.9604254,"iteration":335,"iteration_seconds":0.7106029,"phase":"iteration_complete","training_seconds":226.78561029999992}
STUDY_PHASE {"elapsed_seconds":252.6839062,"iteration":336,"iteration_seconds":0.7234251,"phase":"iteration_complete","training_seconds":227.5090353999999}
STUDY_PHASE {"elapsed_seconds":253.4545621,"iteration":337,"iteration_seconds":0.7705905,"phase":"iteration_complete","training_seconds":228.2796258999999}
STUDY_PHASE {"elapsed_seconds":254.2868507,"iteration":338,"iteration_seconds":0.8322522,"phase":"iteration_complete","training_seconds":229.1118780999999}
STUDY_PHASE {"elapsed_seconds":255.1217931,"iteration":339,"iteration_seconds":0.8348924,"phase":"iteration_complete","training_seconds":229.9467704999999}
STUDY_PHASE {"elapsed_seconds":255.8802824,"iteration":340,"iteration_seconds":0.7584459,"phase":"iteration_complete","training_seconds":230.7052163999999}
STUDY_PHASE {"elapsed_seconds":256.5677145,"iteration":341,"iteration_seconds":0.687389,"phase":"iteration_complete","training_seconds":231.3926053999999}
STUDY_PHASE {"elapsed_seconds":257.2573871,"iteration":342,"iteration_seconds":0.6896156,"phase":"iteration_complete","training_seconds":232.0822209999999}
STUDY_PHASE {"elapsed_seconds":258.0456282,"iteration":343,"iteration_seconds":0.7881927,"phase":"iteration_complete","training_seconds":232.8704136999999}
STUDY_PHASE {"elapsed_seconds":258.717059,"iteration":344,"iteration_seconds":0.6713888,"phase":"iteration_complete","training_seconds":233.54180249999987}
STUDY_PHASE {"elapsed_seconds":259.4544643,"iteration":345,"iteration_seconds":0.7373632,"phase":"iteration_complete","training_seconds":234.27916569999988}
STUDY_PHASE {"elapsed_seconds":260.2211528,"iteration":346,"iteration_seconds":0.7666407,"phase":"iteration_complete","training_seconds":235.0458063999999}
STUDY_PHASE {"elapsed_seconds":260.9740999,"iteration":347,"iteration_seconds":0.7528938,"phase":"iteration_complete","training_seconds":235.7987001999999}
STUDY_PHASE {"elapsed_seconds":261.7218604,"iteration":348,"iteration_seconds":0.7477238,"phase":"iteration_complete","training_seconds":236.5464239999999}
STUDY_PHASE {"elapsed_seconds":262.4230222,"iteration":349,"iteration_seconds":0.7011184,"phase":"iteration_complete","training_seconds":237.2475423999999}
STUDY_PHASE {"elapsed_seconds":263.157319,"iteration":350,"iteration_seconds":0.7342663,"phase":"iteration_complete","training_seconds":237.9818086999999}
STUDY_PHASE {"elapsed_seconds":263.9363002,"iteration":351,"iteration_seconds":0.7789336,"phase":"iteration_complete","training_seconds":238.7607422999999}
STUDY_PHASE {"elapsed_seconds":264.696991,"iteration":352,"iteration_seconds":0.7606373,"phase":"iteration_complete","training_seconds":239.5213795999999}
STUDY_PHASE {"elapsed_seconds":265.4200445,"iteration":353,"iteration_seconds":0.7230058,"phase":"iteration_complete","training_seconds":240.2443853999999}
STUDY_PHASE {"elapsed_seconds":266.2134132,"iteration":354,"iteration_seconds":0.7933293,"phase":"iteration_complete","training_seconds":241.03771469999992}
STUDY_PHASE {"elapsed_seconds":266.9823256,"iteration":355,"iteration_seconds":0.7688777,"phase":"iteration_complete","training_seconds":241.80659239999991}
STUDY_PHASE {"elapsed_seconds":267.7417165,"iteration":356,"iteration_seconds":0.7593432,"phase":"iteration_complete","training_seconds":242.5659355999999}
STUDY_PHASE {"elapsed_seconds":268.4139205,"iteration":357,"iteration_seconds":0.6721607,"phase":"iteration_complete","training_seconds":243.2380962999999}
STUDY_PHASE {"elapsed_seconds":269.0881476,"iteration":358,"iteration_seconds":0.6741806,"phase":"iteration_complete","training_seconds":243.9122768999999}
STUDY_PHASE {"elapsed_seconds":269.7467543,"iteration":359,"iteration_seconds":0.6585489,"phase":"iteration_complete","training_seconds":244.5708257999999}
STUDY_PHASE {"elapsed_seconds":270.4111492,"iteration":360,"iteration_seconds":0.6643426,"phase":"iteration_complete","training_seconds":245.2351683999999}
STUDY_PHASE {"elapsed_seconds":271.0623563,"iteration":361,"iteration_seconds":0.6511662,"phase":"iteration_complete","training_seconds":245.8863345999999}
STUDY_PHASE {"elapsed_seconds":271.6834452,"iteration":362,"iteration_seconds":0.6210527,"phase":"iteration_complete","training_seconds":246.50738729999992}
STUDY_PHASE {"elapsed_seconds":272.4293798,"iteration":363,"iteration_seconds":0.7459002,"phase":"iteration_complete","training_seconds":247.2532874999999}
STUDY_PHASE {"elapsed_seconds":273.1775549,"iteration":364,"iteration_seconds":0.7481343,"phase":"iteration_complete","training_seconds":248.00142179999992}
STUDY_PHASE {"elapsed_seconds":273.7807975,"iteration":365,"iteration_seconds":0.603199,"phase":"iteration_complete","training_seconds":248.6046207999999}
STUDY_PHASE {"elapsed_seconds":274.411401,"iteration":366,"iteration_seconds":0.6305663,"phase":"iteration_complete","training_seconds":249.2351870999999}
STUDY_PHASE {"elapsed_seconds":275.0488101,"iteration":367,"iteration_seconds":0.6373681,"phase":"iteration_complete","training_seconds":249.8725551999999}
STUDY_PHASE {"elapsed_seconds":275.6838068,"iteration":368,"iteration_seconds":0.6349566,"phase":"iteration_complete","training_seconds":250.50751179999992}
STUDY_PHASE {"elapsed_seconds":276.3572612,"iteration":369,"iteration_seconds":0.6734145,"phase":"iteration_complete","training_seconds":251.18092629999992}
STUDY_PHASE {"elapsed_seconds":277.0793965,"iteration":370,"iteration_seconds":0.7220948,"phase":"iteration_complete","training_seconds":251.90302109999993}
STUDY_PHASE {"elapsed_seconds":277.8652965,"iteration":371,"iteration_seconds":0.7858535,"phase":"iteration_complete","training_seconds":252.68887459999993}
STUDY_PHASE {"elapsed_seconds":278.6519104,"iteration":372,"iteration_seconds":0.786576,"phase":"iteration_complete","training_seconds":253.47545059999993}
STUDY_PHASE {"elapsed_seconds":279.4419977,"iteration":373,"iteration_seconds":0.7900433,"phase":"iteration_complete","training_seconds":254.26549389999994}
STUDY_PHASE {"elapsed_seconds":280.1301132,"iteration":374,"iteration_seconds":0.6880726,"phase":"iteration_complete","training_seconds":254.95356649999994}
STUDY_PHASE {"elapsed_seconds":280.7589274,"iteration":375,"iteration_seconds":0.6287721,"phase":"iteration_complete","training_seconds":255.58233859999993}
STUDY_PHASE {"elapsed_seconds":281.3932577,"iteration":376,"iteration_seconds":0.6342883,"phase":"iteration_complete","training_seconds":256.21662689999994}
STUDY_PHASE {"elapsed_seconds":282.0207619,"iteration":377,"iteration_seconds":0.6274397,"phase":"iteration_complete","training_seconds":256.84406659999996}
STUDY_PHASE {"elapsed_seconds":282.7117335,"iteration":378,"iteration_seconds":0.6909264,"phase":"iteration_complete","training_seconds":257.534993}
STUDY_PHASE {"elapsed_seconds":283.4033137,"iteration":379,"iteration_seconds":0.6915432,"phase":"iteration_complete","training_seconds":258.2265362}
STUDY_PHASE {"elapsed_seconds":284.0624238,"iteration":380,"iteration_seconds":0.6590603,"phase":"iteration_complete","training_seconds":258.8855965}
STUDY_PHASE {"elapsed_seconds":284.7482216,"iteration":381,"iteration_seconds":0.6857557,"phase":"iteration_complete","training_seconds":259.57135220000004}
STUDY_PHASE {"elapsed_seconds":285.4327128,"iteration":382,"iteration_seconds":0.6844497,"phase":"iteration_complete","training_seconds":260.25580190000005}
STUDY_PHASE {"elapsed_seconds":286.1809173,"iteration":383,"iteration_seconds":0.7481612,"phase":"iteration_complete","training_seconds":261.0039631000001}
STUDY_PHASE {"elapsed_seconds":286.8727418,"iteration":384,"iteration_seconds":0.6917778,"phase":"iteration_complete","training_seconds":261.6957409000001}
STUDY_PHASE {"elapsed_seconds":287.5563669,"iteration":385,"iteration_seconds":0.6835856,"phase":"iteration_complete","training_seconds":262.3793265000001}
STUDY_PHASE {"elapsed_seconds":288.3085,"iteration":386,"iteration_seconds":0.752089,"phase":"iteration_complete","training_seconds":263.1314155000001}
STUDY_PHASE {"elapsed_seconds":288.9959067,"iteration":387,"iteration_seconds":0.6873664,"phase":"iteration_complete","training_seconds":263.8187819000001}
STUDY_PHASE {"elapsed_seconds":289.7623577,"iteration":388,"iteration_seconds":0.766408,"phase":"iteration_complete","training_seconds":264.5851899000001}
STUDY_PHASE {"elapsed_seconds":290.4511068,"iteration":389,"iteration_seconds":0.6887065,"phase":"iteration_complete","training_seconds":265.2738964000001}
STUDY_PHASE {"elapsed_seconds":291.1710372,"iteration":390,"iteration_seconds":0.7198902,"phase":"iteration_complete","training_seconds":265.99378660000013}
STUDY_PHASE {"elapsed_seconds":291.8387272,"iteration":391,"iteration_seconds":0.6676502,"phase":"iteration_complete","training_seconds":266.66143680000016}
STUDY_PHASE {"elapsed_seconds":292.4533996,"iteration":392,"iteration_seconds":0.6146311,"phase":"iteration_complete","training_seconds":267.27606790000016}
STUDY_PHASE {"elapsed_seconds":293.1634399,"iteration":393,"iteration_seconds":0.7099891,"phase":"iteration_complete","training_seconds":267.98605700000013}
STUDY_PHASE {"elapsed_seconds":293.829743,"iteration":394,"iteration_seconds":0.6662598,"phase":"iteration_complete","training_seconds":268.6523168000001}
STUDY_PHASE {"elapsed_seconds":294.4830814,"iteration":395,"iteration_seconds":0.653292,"phase":"iteration_complete","training_seconds":269.30560880000013}
STUDY_PHASE {"elapsed_seconds":295.1611399,"iteration":396,"iteration_seconds":0.6780174,"phase":"iteration_complete","training_seconds":269.9836262000001}
STUDY_PHASE {"elapsed_seconds":295.8675324,"iteration":397,"iteration_seconds":0.7063431,"phase":"iteration_complete","training_seconds":270.68996930000014}
STUDY_PHASE {"elapsed_seconds":296.6421418,"iteration":398,"iteration_seconds":0.7745699,"phase":"iteration_complete","training_seconds":271.46453920000016}
STUDY_PHASE {"elapsed_seconds":297.4086036,"iteration":399,"iteration_seconds":0.766421,"phase":"iteration_complete","training_seconds":272.23096020000014}
STUDY_PHASE {"elapsed_seconds":298.174661,"iteration":400,"iteration_seconds":0.7660153,"phase":"iteration_complete","training_seconds":272.99697550000013}
STUDY_PHASE {"elapsed_seconds":298.8205956,"iteration":401,"iteration_seconds":0.6458842,"phase":"iteration_complete","training_seconds":273.64285970000014}
STUDY_PHASE {"elapsed_seconds":299.4824582,"iteration":402,"iteration_seconds":0.6618215,"phase":"iteration_complete","training_seconds":274.3046812000001}
STUDY_PHASE {"elapsed_seconds":300.1610222,"iteration":403,"iteration_seconds":0.6785332,"phase":"iteration_complete","training_seconds":274.9832144000001}
STUDY_PHASE {"elapsed_seconds":300.8226325,"iteration":404,"iteration_seconds":0.6615647,"phase":"iteration_complete","training_seconds":275.6447791000001}
STUDY_PHASE {"elapsed_seconds":301.5145332,"iteration":405,"iteration_seconds":0.6918583,"phase":"iteration_complete","training_seconds":276.3366374000001}
STUDY_PHASE {"elapsed_seconds":302.2160222,"iteration":406,"iteration_seconds":0.7014397,"phase":"iteration_complete","training_seconds":277.03807710000007}
STUDY_PHASE {"elapsed_seconds":302.8915313,"iteration":407,"iteration_seconds":0.6754611,"phase":"iteration_complete","training_seconds":277.7135382000001}
STUDY_PHASE {"elapsed_seconds":303.580406,"iteration":408,"iteration_seconds":0.6888197,"phase":"iteration_complete","training_seconds":278.4023579000001}
STUDY_PHASE {"elapsed_seconds":304.2643824,"iteration":409,"iteration_seconds":0.6839341,"phase":"iteration_complete","training_seconds":279.08629200000007}
STUDY_PHASE {"elapsed_seconds":304.9517163,"iteration":410,"iteration_seconds":0.6872882,"phase":"iteration_complete","training_seconds":279.7735802000001}
STUDY_PHASE {"elapsed_seconds":305.636308,"iteration":411,"iteration_seconds":0.6844517,"phase":"iteration_complete","training_seconds":280.4580319000001}
STUDY_PHASE {"elapsed_seconds":306.3580912,"iteration":412,"iteration_seconds":0.7217134,"phase":"iteration_complete","training_seconds":281.1797453000001}
STUDY_PHASE {"elapsed_seconds":307.0563688,"iteration":413,"iteration_seconds":0.6982404,"phase":"iteration_complete","training_seconds":281.87798570000007}
STUDY_PHASE {"elapsed_seconds":307.7526088,"iteration":414,"iteration_seconds":0.6961915,"phase":"iteration_complete","training_seconds":282.57417720000007}
STUDY_PHASE {"elapsed_seconds":308.4499245,"iteration":415,"iteration_seconds":0.6972546,"phase":"iteration_complete","training_seconds":283.2714318000001}
STUDY_PHASE {"elapsed_seconds":309.1997605,"iteration":416,"iteration_seconds":0.7497869,"phase":"iteration_complete","training_seconds":284.0212187000001}
STUDY_PHASE {"elapsed_seconds":309.9416478,"iteration":417,"iteration_seconds":0.7418559,"phase":"iteration_complete","training_seconds":284.7630746000001}
STUDY_PHASE {"elapsed_seconds":310.7142675,"iteration":418,"iteration_seconds":0.7725816,"phase":"iteration_complete","training_seconds":285.5356562000001}
STUDY_PHASE {"elapsed_seconds":311.431338,"iteration":419,"iteration_seconds":0.7170274,"phase":"iteration_complete","training_seconds":286.2526836000001}
STUDY_PHASE {"elapsed_seconds":312.1831012,"iteration":420,"iteration_seconds":0.7517233,"phase":"iteration_complete","training_seconds":287.0044069000001}
STUDY_PHASE {"elapsed_seconds":312.9845399,"iteration":421,"iteration_seconds":0.801395,"phase":"iteration_complete","training_seconds":287.8058019000001}
STUDY_PHASE {"elapsed_seconds":313.623119,"iteration":422,"iteration_seconds":0.6385329,"phase":"iteration_complete","training_seconds":288.4443348000001}
STUDY_PHASE {"elapsed_seconds":314.2555274,"iteration":423,"iteration_seconds":0.6323575,"phase":"iteration_complete","training_seconds":289.0766923000001}
STUDY_PHASE {"elapsed_seconds":314.8799536,"iteration":424,"iteration_seconds":0.6243835,"phase":"iteration_complete","training_seconds":289.7010758000001}
STUDY_PHASE {"elapsed_seconds":315.5045817,"iteration":425,"iteration_seconds":0.624577,"phase":"iteration_complete","training_seconds":290.3256528000001}
STUDY_PHASE {"elapsed_seconds":316.1552568,"iteration":426,"iteration_seconds":0.6506279,"phase":"iteration_complete","training_seconds":290.97628070000013}
STUDY_PHASE {"elapsed_seconds":316.7861226,"iteration":427,"iteration_seconds":0.6308224,"phase":"iteration_complete","training_seconds":291.60710310000013}
STUDY_PHASE {"elapsed_seconds":317.3965469,"iteration":428,"iteration_seconds":0.6103734,"phase":"iteration_complete","training_seconds":292.21747650000015}
STUDY_PHASE {"elapsed_seconds":318.1266155,"iteration":429,"iteration_seconds":0.7300282,"phase":"iteration_complete","training_seconds":292.94750470000014}
STUDY_PHASE {"elapsed_seconds":318.8431672,"iteration":430,"iteration_seconds":0.7165115,"phase":"iteration_complete","training_seconds":293.66401620000016}
STUDY_PHASE {"elapsed_seconds":319.6293114,"iteration":431,"iteration_seconds":0.7861042,"phase":"iteration_complete","training_seconds":294.4501204000002}
STUDY_PHASE {"elapsed_seconds":320.4319665,"iteration":432,"iteration_seconds":0.8026135,"phase":"iteration_complete","training_seconds":295.2527339000002}
STUDY_PHASE {"elapsed_seconds":321.2422024,"iteration":433,"iteration_seconds":0.8101936,"phase":"iteration_complete","training_seconds":296.06292750000017}
STUDY_PHASE {"elapsed_seconds":322.0031258,"iteration":434,"iteration_seconds":0.7608839,"phase":"iteration_complete","training_seconds":296.8238114000002}
STUDY_PHASE {"elapsed_seconds":322.7728346,"iteration":435,"iteration_seconds":0.769646,"phase":"iteration_complete","training_seconds":297.5934574000002}
STUDY_PHASE {"elapsed_seconds":323.5344604,"iteration":436,"iteration_seconds":0.7615869,"phase":"iteration_complete","training_seconds":298.3550443000002}
STUDY_PHASE {"elapsed_seconds":324.2834592,"iteration":437,"iteration_seconds":0.7489557,"phase":"iteration_complete","training_seconds":299.1040000000002}
STUDY_PHASE {"elapsed_seconds":324.9724282,"iteration":438,"iteration_seconds":0.6889231,"phase":"iteration_complete","training_seconds":299.7929231000002}
STUDY_PHASE {"elapsed_seconds":325.760309,"iteration":439,"iteration_seconds":0.7878371,"phase":"iteration_complete","training_seconds":300.5807602000002}
STUDY_PHASE {"elapsed_seconds":326.4521041,"iteration":440,"iteration_seconds":0.691753,"phase":"iteration_complete","training_seconds":301.2725132000002}
STUDY_PHASE {"elapsed_seconds":327.1584945,"iteration":441,"iteration_seconds":0.7063533,"phase":"iteration_complete","training_seconds":301.9788665000002}
STUDY_PHASE {"elapsed_seconds":327.8260362,"iteration":442,"iteration_seconds":0.6675033,"phase":"iteration_complete","training_seconds":302.64636980000023}
STUDY_PHASE {"elapsed_seconds":328.4622137,"iteration":443,"iteration_seconds":0.6361375,"phase":"iteration_complete","training_seconds":303.28250730000025}
STUDY_PHASE {"elapsed_seconds":329.1144803,"iteration":444,"iteration_seconds":0.6522109,"phase":"iteration_complete","training_seconds":303.93471820000025}
STUDY_PHASE {"elapsed_seconds":329.7885546,"iteration":445,"iteration_seconds":0.6740378,"phase":"iteration_complete","training_seconds":304.60875600000026}
STUDY_PHASE {"elapsed_seconds":330.4535862,"iteration":446,"iteration_seconds":0.6649906,"phase":"iteration_complete","training_seconds":305.27374660000027}
STUDY_PHASE {"elapsed_seconds":331.1297674,"iteration":447,"iteration_seconds":0.6761345,"phase":"iteration_complete","training_seconds":305.94988110000025}
STUDY_PHASE {"elapsed_seconds":331.7819455,"iteration":448,"iteration_seconds":0.6521238,"phase":"iteration_complete","training_seconds":306.6020049000003}
STUDY_PHASE {"elapsed_seconds":332.4660328,"iteration":449,"iteration_seconds":0.6840449,"phase":"iteration_complete","training_seconds":307.2860498000003}
STUDY_PHASE {"elapsed_seconds":333.1154172,"iteration":450,"iteration_seconds":0.6493481,"phase":"iteration_complete","training_seconds":307.9353979000003}
STUDY_PHASE {"elapsed_seconds":333.751885,"iteration":451,"iteration_seconds":0.6364261,"phase":"iteration_complete","training_seconds":308.5718240000003}
STUDY_PHASE {"elapsed_seconds":334.3802552,"iteration":452,"iteration_seconds":0.6283388,"phase":"iteration_complete","training_seconds":309.20016280000027}
STUDY_PHASE {"elapsed_seconds":335.0160044,"iteration":453,"iteration_seconds":0.6356972,"phase":"iteration_complete","training_seconds":309.83586000000025}
STUDY_PHASE {"elapsed_seconds":335.6429697,"iteration":454,"iteration_seconds":0.6269237,"phase":"iteration_complete","training_seconds":310.4627837000003}
STUDY_PHASE {"elapsed_seconds":336.2710096,"iteration":455,"iteration_seconds":0.6280038,"phase":"iteration_complete","training_seconds":311.09078750000026}
STUDY_PHASE {"elapsed_seconds":336.9074072,"iteration":456,"iteration_seconds":0.6363472,"phase":"iteration_complete","training_seconds":311.72713470000025}
STUDY_PHASE {"elapsed_seconds":337.5498722,"iteration":457,"iteration_seconds":0.6424037,"phase":"iteration_complete","training_seconds":312.36953840000024}
STUDY_PHASE {"elapsed_seconds":338.2335323,"iteration":458,"iteration_seconds":0.6836169,"phase":"iteration_complete","training_seconds":313.05315530000024}
STUDY_PHASE {"elapsed_seconds":338.9197753,"iteration":459,"iteration_seconds":0.6862056,"phase":"iteration_complete","training_seconds":313.73936090000024}
STUDY_PHASE {"elapsed_seconds":339.5469554,"iteration":460,"iteration_seconds":0.6271422,"phase":"iteration_complete","training_seconds":314.3665031000002}
STUDY_PHASE {"elapsed_seconds":340.2053885,"iteration":461,"iteration_seconds":0.6583784,"phase":"iteration_complete","training_seconds":315.0248815000002}
STUDY_PHASE {"elapsed_seconds":340.8711131,"iteration":462,"iteration_seconds":0.6656789,"phase":"iteration_complete","training_seconds":315.6905604000002}
STUDY_PHASE {"elapsed_seconds":341.5105599,"iteration":463,"iteration_seconds":0.6394029,"phase":"iteration_complete","training_seconds":316.3299633000002}
STUDY_PHASE {"elapsed_seconds":342.1362377,"iteration":464,"iteration_seconds":0.6256219,"phase":"iteration_complete","training_seconds":316.9555852000002}
STUDY_PHASE {"elapsed_seconds":342.8482702,"iteration":465,"iteration_seconds":0.7119862,"phase":"iteration_complete","training_seconds":317.6675714000002}
STUDY_PHASE {"elapsed_seconds":343.5027037,"iteration":466,"iteration_seconds":0.6543877,"phase":"iteration_complete","training_seconds":318.3219591000002}
STUDY_PHASE {"elapsed_seconds":344.2027286,"iteration":467,"iteration_seconds":0.6999827,"phase":"iteration_complete","training_seconds":319.0219418000002}
STUDY_PHASE {"elapsed_seconds":345.0027359,"iteration":468,"iteration_seconds":0.7999693,"phase":"iteration_complete","training_seconds":319.8219111000002}
STUDY_PHASE {"elapsed_seconds":346.1197945,"iteration":469,"iteration_seconds":1.1170203,"phase":"iteration_complete","training_seconds":320.9389314000002}
STUDY_PHASE {"elapsed_seconds":346.8817114,"iteration":470,"iteration_seconds":0.7618607,"phase":"iteration_complete","training_seconds":321.70079210000017}
STUDY_PHASE {"elapsed_seconds":347.6462669,"iteration":471,"iteration_seconds":0.7645067,"phase":"iteration_complete","training_seconds":322.4652988000002}
STUDY_PHASE {"elapsed_seconds":348.4099699,"iteration":472,"iteration_seconds":0.7636625,"phase":"iteration_complete","training_seconds":323.2289613000002}
STUDY_PHASE {"elapsed_seconds":349.1978818,"iteration":473,"iteration_seconds":0.7878688,"phase":"iteration_complete","training_seconds":324.0168301000002}
STUDY_PHASE {"elapsed_seconds":350.1730415,"iteration":474,"iteration_seconds":0.9751123,"phase":"iteration_complete","training_seconds":324.9919424000002}
STUDY_PHASE {"elapsed_seconds":351.0268022,"iteration":475,"iteration_seconds":0.8537092,"phase":"iteration_complete","training_seconds":325.8456516000002}
STUDY_PHASE {"elapsed_seconds":351.7963664,"iteration":476,"iteration_seconds":0.7695207,"phase":"iteration_complete","training_seconds":326.6151723000002}
STUDY_PHASE {"elapsed_seconds":352.5089251,"iteration":477,"iteration_seconds":0.7125159,"phase":"iteration_complete","training_seconds":327.32768820000024}
STUDY_PHASE {"elapsed_seconds":353.2271162,"iteration":478,"iteration_seconds":0.718144,"phase":"iteration_complete","training_seconds":328.04583220000023}
STUDY_PHASE {"elapsed_seconds":353.9210775,"iteration":479,"iteration_seconds":0.6939126,"phase":"iteration_complete","training_seconds":328.7397448000002}
STUDY_PHASE {"elapsed_seconds":354.597342,"iteration":480,"iteration_seconds":0.6762072,"phase":"iteration_complete","training_seconds":329.41595200000023}
STUDY_PHASE {"elapsed_seconds":355.2591208,"iteration":481,"iteration_seconds":0.6617321,"phase":"iteration_complete","training_seconds":330.0776841000002}
STUDY_PHASE {"elapsed_seconds":355.8916632,"iteration":482,"iteration_seconds":0.6325048,"phase":"iteration_complete","training_seconds":330.7101889000002}
STUDY_PHASE {"elapsed_seconds":356.5678278,"iteration":483,"iteration_seconds":0.6761167,"phase":"iteration_complete","training_seconds":331.38630560000024}
STUDY_PHASE {"elapsed_seconds":357.2745936,"iteration":484,"iteration_seconds":0.7067262,"phase":"iteration_complete","training_seconds":332.09303180000023}
STUDY_PHASE {"elapsed_seconds":357.8888665,"iteration":485,"iteration_seconds":0.6142335,"phase":"iteration_complete","training_seconds":332.70726530000024}
STUDY_PHASE {"elapsed_seconds":358.5175347,"iteration":486,"iteration_seconds":0.6286271,"phase":"iteration_complete","training_seconds":333.33589240000026}
STUDY_PHASE {"elapsed_seconds":359.1503501,"iteration":487,"iteration_seconds":0.6327757,"phase":"iteration_complete","training_seconds":333.9686681000003}
STUDY_PHASE {"elapsed_seconds":359.7792169,"iteration":488,"iteration_seconds":0.6288278,"phase":"iteration_complete","training_seconds":334.5974959000003}
STUDY_PHASE {"elapsed_seconds":360.4703859,"iteration":489,"iteration_seconds":0.6911145,"phase":"iteration_complete","training_seconds":335.2886104000003}
STUDY_PHASE {"elapsed_seconds":361.2338096,"iteration":490,"iteration_seconds":0.7633774,"phase":"iteration_complete","training_seconds":336.05198780000035}
STUDY_PHASE {"elapsed_seconds":361.9628719,"iteration":491,"iteration_seconds":0.7290201,"phase":"iteration_complete","training_seconds":336.78100790000036}
STUDY_PHASE {"elapsed_seconds":362.6303171,"iteration":492,"iteration_seconds":0.6674076,"phase":"iteration_complete","training_seconds":337.44841550000035}
STUDY_PHASE {"elapsed_seconds":363.3792257,"iteration":493,"iteration_seconds":0.7488492,"phase":"iteration_complete","training_seconds":338.19726470000035}
STUDY_PHASE {"elapsed_seconds":364.1351603,"iteration":494,"iteration_seconds":0.7558847,"phase":"iteration_complete","training_seconds":338.95314940000037}
STUDY_PHASE {"elapsed_seconds":364.8279822,"iteration":495,"iteration_seconds":0.6927846,"phase":"iteration_complete","training_seconds":339.64593400000035}
STUDY_PHASE {"elapsed_seconds":365.5125464,"iteration":496,"iteration_seconds":0.6845246,"phase":"iteration_complete","training_seconds":340.3304586000003}
STUDY_PHASE {"elapsed_seconds":366.1823398,"iteration":497,"iteration_seconds":0.6697375,"phase":"iteration_complete","training_seconds":341.0001961000003}
STUDY_PHASE {"elapsed_seconds":366.8395767,"iteration":498,"iteration_seconds":0.6571979,"phase":"iteration_complete","training_seconds":341.65739400000035}
STUDY_PHASE {"elapsed_seconds":367.51173,"iteration":499,"iteration_seconds":0.6721033,"phase":"iteration_complete","training_seconds":342.32949730000036}
STUDY_PHASE {"elapsed_seconds":368.1365725,"iteration":500,"iteration_seconds":0.6248031,"phase":"iteration_complete","training_seconds":342.95430040000036}
STUDY_PHASE {"elapsed_seconds":368.1366039,"iteration":500,"phase":"evaluation_start"}
STUDY_PHASE {"elapsed_seconds":375.9665758,"evaluation_seconds":30.717959,"iteration":500,"phase":"evaluation_complete"}
500 gap=0.019091958965665734 elapsed=376.0
STUDY_CHECKPOINT {"iteration":500,"payload_bytes":1376449008,"saved":"S:\\GTOpen-research\\checkpoint-long-v1\\full-final"}
