seat0 entry mass removed=0.000001620262771236195
seat1 entry mass removed=0.0000012845353565876034
gpu: 432881 nodes, 13 levels, staging+arenas 1323.0 MB
GPU_STORAGE_MAP active=165920 missing_active=0 all_tree_missing=3430
stored KsQs2d pot=39.5: bytes=338179856 disk=false workspace=1661170368
gpu: 432881 nodes, 13 levels, staging+arenas 1323.0 MB
GPU_STORAGE_MAP active=165920 missing_active=0 all_tree_missing=3430
stored KsQs2s pot=39.5: bytes=160269032 disk=false workspace=1661170368
gpu: 432881 nodes, 13 levels, staging+arenas 1320.5 MB
stored KsQh2d pot=39.5: bytes=565676720 disk=false workspace=1661170368
gpu: 143389 nodes, 11 levels, staging+arenas 434.4 MB
GPU_STORAGE_MAP active=52436 missing_active=0 all_tree_missing=1078
stored KsQs2d pot=93.5: bytes=99172752 disk=false workspace=1661170368
gpu: 143389 nodes, 11 levels, staging+arenas 434.4 MB
GPU_STORAGE_MAP active=52436 missing_active=0 all_tree_missing=1078
stored KsQs2s pot=93.5: bytes=47122936 disk=false workspace=1661170368
gpu: 143389 nodes, 11 levels, staging+arenas 433.6 MB
stored KsQh2d pot=93.5: bytes=165656400 disk=false workspace=1661170368
STUDY_CHECKPOINT {"iteration":37,"payload_bytes":1376449008,"restored":"S:\\GTOpen-research\\checkpoint-long-v1\\at-37"}
STUDY_CHECKPOINT {"iteration":37,"payload_bytes":1376449008,"saved":"S:\\GTOpen-research\\checkpoint-long-v1\\reloaded-37"}
STUDY_PHASE {"elapsed_seconds":6.4655644,"phase":"construction_complete"}
planned_strategy_writes=0
STUDY_PHASE {"elapsed_seconds":6.4655943,"iteration":37,"iteration_seconds":0.0,"phase":"iteration_complete","training_seconds":0.0}
STUDY_PHASE {"elapsed_seconds":6.4656039,"iteration":37,"phase":"evaluation_start"}
STUDY_PHASE {"elapsed_seconds":14.0386818,"evaluation_seconds":7.5730699,"iteration":37,"phase":"evaluation_complete"}
37 gap=1.9829427017945287 elapsed=14.0
STUDY_PHASE {"elapsed_seconds":14.7404086,"iteration":38,"iteration_seconds":0.6987904,"phase":"iteration_complete","training_seconds":0.6987904}
STUDY_PHASE {"elapsed_seconds":15.4176703,"iteration":39,"iteration_seconds":0.6772183,"phase":"iteration_complete","training_seconds":1.3760087}
STUDY_PHASE {"elapsed_seconds":16.0941117,"iteration":40,"iteration_seconds":0.676401,"phase":"iteration_complete","training_seconds":2.0524097}
STUDY_PHASE {"elapsed_seconds":16.8044136,"iteration":41,"iteration_seconds":0.7102625,"phase":"iteration_complete","training_seconds":2.7626722}
STUDY_PHASE {"elapsed_seconds":17.4757812,"iteration":42,"iteration_seconds":0.6713259,"phase":"iteration_complete","training_seconds":3.4339981}
STUDY_PHASE {"elapsed_seconds":18.1599266,"iteration":43,"iteration_seconds":0.6841072,"phase":"iteration_complete","training_seconds":4.1181053}
STUDY_PHASE {"elapsed_seconds":18.821871,"iteration":44,"iteration_seconds":0.6619046,"phase":"iteration_complete","training_seconds":4.7800099}
STUDY_PHASE {"elapsed_seconds":19.5372453,"iteration":45,"iteration_seconds":0.7153344,"phase":"iteration_complete","training_seconds":5.495344299999999}
STUDY_PHASE {"elapsed_seconds":20.3388926,"iteration":46,"iteration_seconds":0.8016047,"phase":"iteration_complete","training_seconds":6.296949}
STUDY_PHASE {"elapsed_seconds":21.1367641,"iteration":47,"iteration_seconds":0.7978304,"phase":"iteration_complete","training_seconds":7.0947794}
STUDY_PHASE {"elapsed_seconds":21.8262039,"iteration":48,"iteration_seconds":0.689386,"phase":"iteration_complete","training_seconds":7.7841654}
STUDY_PHASE {"elapsed_seconds":22.5202391,"iteration":49,"iteration_seconds":0.6939888,"phase":"iteration_complete","training_seconds":8.4781542}
STUDY_PHASE {"elapsed_seconds":23.1796697,"iteration":50,"iteration_seconds":0.6593874,"phase":"iteration_complete","training_seconds":9.1375416}
STUDY_PHASE {"elapsed_seconds":23.8307829,"iteration":51,"iteration_seconds":0.6510602,"phase":"iteration_complete","training_seconds":9.7886018}
STUDY_PHASE {"elapsed_seconds":24.479108,"iteration":52,"iteration_seconds":0.6482841,"phase":"iteration_complete","training_seconds":10.4368859}
STUDY_PHASE {"elapsed_seconds":25.131258,"iteration":53,"iteration_seconds":0.6521097,"phase":"iteration_complete","training_seconds":11.0889956}
STUDY_PHASE {"elapsed_seconds":25.8081034,"iteration":54,"iteration_seconds":0.676754,"phase":"iteration_complete","training_seconds":11.765749600000001}
STUDY_PHASE {"elapsed_seconds":26.4984293,"iteration":55,"iteration_seconds":0.6902746,"phase":"iteration_complete","training_seconds":12.456024200000002}
STUDY_PHASE {"elapsed_seconds":27.2043766,"iteration":56,"iteration_seconds":0.7059051,"phase":"iteration_complete","training_seconds":13.161929300000002}
STUDY_PHASE {"elapsed_seconds":27.9192518,"iteration":57,"iteration_seconds":0.7148244,"phase":"iteration_complete","training_seconds":13.876753700000002}
STUDY_PHASE {"elapsed_seconds":28.5960525,"iteration":58,"iteration_seconds":0.6767491,"phase":"iteration_complete","training_seconds":14.553502800000002}
STUDY_PHASE {"elapsed_seconds":29.2814117,"iteration":59,"iteration_seconds":0.68532,"phase":"iteration_complete","training_seconds":15.238822800000003}
STUDY_PHASE {"elapsed_seconds":30.0141298,"iteration":60,"iteration_seconds":0.7326744,"phase":"iteration_complete","training_seconds":15.971497200000004}
STUDY_PHASE {"elapsed_seconds":30.7549345,"iteration":61,"iteration_seconds":0.7407688,"phase":"iteration_complete","training_seconds":16.712266000000003}
STUDY_PHASE {"elapsed_seconds":31.4547213,"iteration":62,"iteration_seconds":0.6997459,"phase":"iteration_complete","training_seconds":17.412011900000003}
STUDY_PHASE {"elapsed_seconds":32.203798,"iteration":63,"iteration_seconds":0.7490396,"phase":"iteration_complete","training_seconds":18.161051500000003}
STUDY_PHASE {"elapsed_seconds":32.919076,"iteration":64,"iteration_seconds":0.7152337,"phase":"iteration_complete","training_seconds":18.8762852}
STUDY_PHASE {"elapsed_seconds":33.766155499999996,"iteration":65,"iteration_seconds":0.8470027,"phase":"iteration_complete","training_seconds":19.723287900000003}
STUDY_PHASE {"elapsed_seconds":34.5606713,"iteration":66,"iteration_seconds":0.7944504,"phase":"iteration_complete","training_seconds":20.5177383}
STUDY_PHASE {"elapsed_seconds":35.3015452,"iteration":67,"iteration_seconds":0.7408215,"phase":"iteration_complete","training_seconds":21.2585598}
STUDY_PHASE {"elapsed_seconds":36.1884201,"iteration":68,"iteration_seconds":0.8868112,"phase":"iteration_complete","training_seconds":22.145371}
STUDY_PHASE {"elapsed_seconds":36.8855298,"iteration":69,"iteration_seconds":0.697065,"phase":"iteration_complete","training_seconds":22.842436}
STUDY_PHASE {"elapsed_seconds":37.5522458,"iteration":70,"iteration_seconds":0.6666692,"phase":"iteration_complete","training_seconds":23.5091052}
STUDY_PHASE {"elapsed_seconds":38.294732,"iteration":71,"iteration_seconds":0.7424255,"phase":"iteration_complete","training_seconds":24.2515307}
STUDY_PHASE {"elapsed_seconds":39.0185389,"iteration":72,"iteration_seconds":0.7237648,"phase":"iteration_complete","training_seconds":24.9752955}
STUDY_PHASE {"elapsed_seconds":39.8715234,"iteration":73,"iteration_seconds":0.8529233,"phase":"iteration_complete","training_seconds":25.828218800000002}
STUDY_PHASE {"elapsed_seconds":40.6138376,"iteration":74,"iteration_seconds":0.7422708,"phase":"iteration_complete","training_seconds":26.570489600000002}
STUDY_PHASE {"elapsed_seconds":41.3825072,"iteration":75,"iteration_seconds":0.7686281,"phase":"iteration_complete","training_seconds":27.339117700000003}
STUDY_PHASE {"elapsed_seconds":42.2466384,"iteration":76,"iteration_seconds":0.8640765,"phase":"iteration_complete","training_seconds":28.203194200000002}
STUDY_PHASE {"elapsed_seconds":43.0765846,"iteration":77,"iteration_seconds":0.8299035,"phase":"iteration_complete","training_seconds":29.033097700000003}
STUDY_PHASE {"elapsed_seconds":43.846705,"iteration":78,"iteration_seconds":0.7700755,"phase":"iteration_complete","training_seconds":29.803173200000003}
STUDY_PHASE {"elapsed_seconds":44.6585337,"iteration":79,"iteration_seconds":0.8117881,"phase":"iteration_complete","training_seconds":30.614961300000004}
STUDY_PHASE {"elapsed_seconds":45.5419192,"iteration":80,"iteration_seconds":0.883299,"phase":"iteration_complete","training_seconds":31.498260300000005}
STUDY_PHASE {"elapsed_seconds":46.3264729,"iteration":81,"iteration_seconds":0.7843912,"phase":"iteration_complete","training_seconds":32.28265150000001}
STUDY_PHASE {"elapsed_seconds":47.1163282,"iteration":82,"iteration_seconds":0.7897821,"phase":"iteration_complete","training_seconds":33.07243360000001}
STUDY_PHASE {"elapsed_seconds":47.956724,"iteration":83,"iteration_seconds":0.8403494,"phase":"iteration_complete","training_seconds":33.91278300000001}
STUDY_PHASE {"elapsed_seconds":48.7632921,"iteration":84,"iteration_seconds":0.8065222,"phase":"iteration_complete","training_seconds":34.719305200000015}
STUDY_PHASE {"elapsed_seconds":49.5485467,"iteration":85,"iteration_seconds":0.7852097,"phase":"iteration_complete","training_seconds":35.50451490000002}
STUDY_PHASE {"elapsed_seconds":50.3987909,"iteration":86,"iteration_seconds":0.8501957,"phase":"iteration_complete","training_seconds":36.35471060000002}
STUDY_PHASE {"elapsed_seconds":51.1826812,"iteration":87,"iteration_seconds":0.7838399,"phase":"iteration_complete","training_seconds":37.138550500000015}
STUDY_PHASE {"elapsed_seconds":51.9615992,"iteration":88,"iteration_seconds":0.778874,"phase":"iteration_complete","training_seconds":37.91742450000002}
STUDY_PHASE {"elapsed_seconds":52.7312435,"iteration":89,"iteration_seconds":0.7696015,"phase":"iteration_complete","training_seconds":38.68702600000002}
STUDY_PHASE {"elapsed_seconds":53.5229159,"iteration":90,"iteration_seconds":0.7916312,"phase":"iteration_complete","training_seconds":39.478657200000015}
STUDY_PHASE {"elapsed_seconds":54.2763298,"iteration":91,"iteration_seconds":0.75337,"phase":"iteration_complete","training_seconds":40.23202720000001}
STUDY_PHASE {"elapsed_seconds":55.0653809,"iteration":92,"iteration_seconds":0.7889907,"phase":"iteration_complete","training_seconds":41.02101790000001}
STUDY_PHASE {"elapsed_seconds":55.8221207,"iteration":93,"iteration_seconds":0.7566819,"phase":"iteration_complete","training_seconds":41.77769980000001}
STUDY_PHASE {"elapsed_seconds":56.5089694,"iteration":94,"iteration_seconds":0.6867994,"phase":"iteration_complete","training_seconds":42.464499200000006}
STUDY_PHASE {"elapsed_seconds":57.196814,"iteration":95,"iteration_seconds":0.6877845,"phase":"iteration_complete","training_seconds":43.152283700000005}
STUDY_PHASE {"elapsed_seconds":57.9427373,"iteration":96,"iteration_seconds":0.74589,"phase":"iteration_complete","training_seconds":43.89817370000001}
STUDY_PHASE {"elapsed_seconds":58.7085307,"iteration":97,"iteration_seconds":0.7657322,"phase":"iteration_complete","training_seconds":44.66390590000001}
STUDY_PHASE {"elapsed_seconds":59.4353523,"iteration":98,"iteration_seconds":0.7267826,"phase":"iteration_complete","training_seconds":45.39068850000001}
STUDY_PHASE {"elapsed_seconds":60.159419,"iteration":99,"iteration_seconds":0.724002,"phase":"iteration_complete","training_seconds":46.11469050000001}
STUDY_PHASE {"elapsed_seconds":60.8868166,"iteration":100,"iteration_seconds":0.7273445,"phase":"iteration_complete","training_seconds":46.84203500000001}
STUDY_PHASE {"elapsed_seconds":60.8868681,"iteration":100,"phase":"evaluation_start"}
STUDY_PHASE {"elapsed_seconds":69.2146304,"evaluation_seconds":15.9008222,"iteration":100,"phase":"evaluation_complete"}
100 gap=0.4349045306831758 elapsed=69.2
STUDY_PHASE {"elapsed_seconds":69.9846691,"iteration":101,"iteration_seconds":0.7643161,"phase":"iteration_complete","training_seconds":47.60635110000001}
STUDY_PHASE {"elapsed_seconds":70.7181693,"iteration":102,"iteration_seconds":0.7334525,"phase":"iteration_complete","training_seconds":48.33980360000001}
STUDY_PHASE {"elapsed_seconds":71.4244204,"iteration":103,"iteration_seconds":0.7061998,"phase":"iteration_complete","training_seconds":49.04600340000001}
STUDY_PHASE {"elapsed_seconds":72.1758563,"iteration":104,"iteration_seconds":0.7513944,"phase":"iteration_complete","training_seconds":49.79739780000001}
STUDY_PHASE {"elapsed_seconds":72.9509842,"iteration":105,"iteration_seconds":0.7750668,"phase":"iteration_complete","training_seconds":50.57246460000001}
STUDY_PHASE {"elapsed_seconds":73.7759545,"iteration":106,"iteration_seconds":0.8249165,"phase":"iteration_complete","training_seconds":51.39738110000001}
STUDY_PHASE {"elapsed_seconds":74.4903474,"iteration":107,"iteration_seconds":0.7143364,"phase":"iteration_complete","training_seconds":52.11171750000001}
STUDY_PHASE {"elapsed_seconds":75.2581915,"iteration":108,"iteration_seconds":0.7678002,"phase":"iteration_complete","training_seconds":52.879517700000015}
STUDY_PHASE {"elapsed_seconds":75.9830265,"iteration":109,"iteration_seconds":0.7247982,"phase":"iteration_complete","training_seconds":53.60431590000002}
STUDY_PHASE {"elapsed_seconds":76.705411,"iteration":110,"iteration_seconds":0.7223343,"phase":"iteration_complete","training_seconds":54.32665020000002}
STUDY_PHASE {"elapsed_seconds":77.4457191,"iteration":111,"iteration_seconds":0.7402601,"phase":"iteration_complete","training_seconds":55.06691030000002}
STUDY_PHASE {"elapsed_seconds":78.1743671,"iteration":112,"iteration_seconds":0.7286007,"phase":"iteration_complete","training_seconds":55.79551100000002}
STUDY_PHASE {"elapsed_seconds":78.891423,"iteration":113,"iteration_seconds":0.7170106,"phase":"iteration_complete","training_seconds":56.51252160000002}
STUDY_PHASE {"elapsed_seconds":79.5339179,"iteration":114,"iteration_seconds":0.6424538,"phase":"iteration_complete","training_seconds":57.15497540000002}
STUDY_PHASE {"elapsed_seconds":80.1993586,"iteration":115,"iteration_seconds":0.6654015,"phase":"iteration_complete","training_seconds":57.82037690000002}
STUDY_PHASE {"elapsed_seconds":80.8899136,"iteration":116,"iteration_seconds":0.6905059,"phase":"iteration_complete","training_seconds":58.51088280000002}
STUDY_PHASE {"elapsed_seconds":81.6903623,"iteration":117,"iteration_seconds":0.800408,"phase":"iteration_complete","training_seconds":59.311290800000016}
STUDY_PHASE {"elapsed_seconds":82.4401484,"iteration":118,"iteration_seconds":0.7497526,"phase":"iteration_complete","training_seconds":60.06104340000002}
STUDY_PHASE {"elapsed_seconds":83.1755007,"iteration":119,"iteration_seconds":0.735311,"phase":"iteration_complete","training_seconds":60.79635440000002}
STUDY_PHASE {"elapsed_seconds":83.8460993,"iteration":120,"iteration_seconds":0.6705551,"phase":"iteration_complete","training_seconds":61.46690950000002}
STUDY_PHASE {"elapsed_seconds":84.5040432,"iteration":121,"iteration_seconds":0.6578894,"phase":"iteration_complete","training_seconds":62.12479890000002}
STUDY_PHASE {"elapsed_seconds":85.1681256,"iteration":122,"iteration_seconds":0.6640358,"phase":"iteration_complete","training_seconds":62.788834700000024}
STUDY_PHASE {"elapsed_seconds":85.8114292,"iteration":123,"iteration_seconds":0.6432308,"phase":"iteration_complete","training_seconds":63.43206550000002}
STUDY_PHASE {"elapsed_seconds":86.479222,"iteration":124,"iteration_seconds":0.6677264,"phase":"iteration_complete","training_seconds":64.09979190000003}
STUDY_PHASE {"elapsed_seconds":87.1605031,"iteration":125,"iteration_seconds":0.681233,"phase":"iteration_complete","training_seconds":64.78102490000003}
STUDY_PHASE {"elapsed_seconds":87.8036961,"iteration":126,"iteration_seconds":0.6431572,"phase":"iteration_complete","training_seconds":65.42418210000004}
STUDY_PHASE {"elapsed_seconds":88.445628,"iteration":127,"iteration_seconds":0.6418905,"phase":"iteration_complete","training_seconds":66.06607260000004}
STUDY_PHASE {"elapsed_seconds":89.1388705,"iteration":128,"iteration_seconds":0.6932008,"phase":"iteration_complete","training_seconds":66.75927340000004}
STUDY_PHASE {"elapsed_seconds":89.834161,"iteration":129,"iteration_seconds":0.6952463,"phase":"iteration_complete","training_seconds":67.45451970000003}
STUDY_PHASE {"elapsed_seconds":90.5874321,"iteration":130,"iteration_seconds":0.7532393,"phase":"iteration_complete","training_seconds":68.20775900000004}
STUDY_PHASE {"elapsed_seconds":91.3754924,"iteration":131,"iteration_seconds":0.7880149,"phase":"iteration_complete","training_seconds":68.99577390000003}
STUDY_PHASE {"elapsed_seconds":92.1576685,"iteration":132,"iteration_seconds":0.7820876,"phase":"iteration_complete","training_seconds":69.77786150000003}
STUDY_PHASE {"elapsed_seconds":92.8070143,"iteration":133,"iteration_seconds":0.6493012,"phase":"iteration_complete","training_seconds":70.42716270000003}
STUDY_PHASE {"elapsed_seconds":93.4791287,"iteration":134,"iteration_seconds":0.6720721,"phase":"iteration_complete","training_seconds":71.09923480000002}
STUDY_PHASE {"elapsed_seconds":94.1411784,"iteration":135,"iteration_seconds":0.6620149,"phase":"iteration_complete","training_seconds":71.76124970000002}
STUDY_PHASE {"elapsed_seconds":94.8029502,"iteration":136,"iteration_seconds":0.6617244,"phase":"iteration_complete","training_seconds":72.42297410000002}
STUDY_PHASE {"elapsed_seconds":95.4571707,"iteration":137,"iteration_seconds":0.65417,"phase":"iteration_complete","training_seconds":73.07714410000001}
STUDY_PHASE {"elapsed_seconds":96.1891327,"iteration":138,"iteration_seconds":0.7319202,"phase":"iteration_complete","training_seconds":73.80906430000002}
STUDY_PHASE {"elapsed_seconds":96.8688222,"iteration":139,"iteration_seconds":0.6796465,"phase":"iteration_complete","training_seconds":74.48871080000002}
STUDY_PHASE {"elapsed_seconds":97.5985096,"iteration":140,"iteration_seconds":0.7296172,"phase":"iteration_complete","training_seconds":75.21832800000003}
STUDY_PHASE {"elapsed_seconds":98.3224837,"iteration":141,"iteration_seconds":0.723927,"phase":"iteration_complete","training_seconds":75.94225500000003}
STUDY_PHASE {"elapsed_seconds":98.9974349,"iteration":142,"iteration_seconds":0.6749101,"phase":"iteration_complete","training_seconds":76.61716510000004}
STUDY_PHASE {"elapsed_seconds":99.7645911,"iteration":143,"iteration_seconds":0.7671097,"phase":"iteration_complete","training_seconds":77.38427480000004}
STUDY_PHASE {"elapsed_seconds":100.4219145,"iteration":144,"iteration_seconds":0.6572858,"phase":"iteration_complete","training_seconds":78.04156060000004}
STUDY_PHASE {"elapsed_seconds":101.1210831,"iteration":145,"iteration_seconds":0.6991208,"phase":"iteration_complete","training_seconds":78.74068140000004}
STUDY_PHASE {"elapsed_seconds":101.8171437,"iteration":146,"iteration_seconds":0.6960062,"phase":"iteration_complete","training_seconds":79.43668760000004}
STUDY_PHASE {"elapsed_seconds":102.5334786,"iteration":147,"iteration_seconds":0.7162968,"phase":"iteration_complete","training_seconds":80.15298440000004}
STUDY_PHASE {"elapsed_seconds":103.1959681,"iteration":148,"iteration_seconds":0.6624457,"phase":"iteration_complete","training_seconds":80.81543010000004}
STUDY_PHASE {"elapsed_seconds":103.8905985,"iteration":149,"iteration_seconds":0.6945828,"phase":"iteration_complete","training_seconds":81.51001290000005}
STUDY_PHASE {"elapsed_seconds":104.6003186,"iteration":150,"iteration_seconds":0.7064485,"phase":"iteration_complete","training_seconds":82.21646140000004}
STUDY_PHASE {"elapsed_seconds":105.3081942,"iteration":151,"iteration_seconds":0.7078156,"phase":"iteration_complete","training_seconds":82.92427700000005}
STUDY_PHASE {"elapsed_seconds":106.026421,"iteration":152,"iteration_seconds":0.7181858,"phase":"iteration_complete","training_seconds":83.64246280000005}
STUDY_PHASE {"elapsed_seconds":106.7627361,"iteration":153,"iteration_seconds":0.7362743,"phase":"iteration_complete","training_seconds":84.37873710000005}
STUDY_PHASE {"elapsed_seconds":107.483161,"iteration":154,"iteration_seconds":0.7203726,"phase":"iteration_complete","training_seconds":85.09910970000006}
STUDY_PHASE {"elapsed_seconds":108.1761293,"iteration":155,"iteration_seconds":0.6929298,"phase":"iteration_complete","training_seconds":85.79203950000006}
STUDY_PHASE {"elapsed_seconds":108.8820987,"iteration":156,"iteration_seconds":0.7059304,"phase":"iteration_complete","training_seconds":86.49796990000006}
STUDY_PHASE {"elapsed_seconds":109.6368617,"iteration":157,"iteration_seconds":0.7547212,"phase":"iteration_complete","training_seconds":87.25269110000006}
STUDY_PHASE {"elapsed_seconds":110.371365,"iteration":158,"iteration_seconds":0.7344449,"phase":"iteration_complete","training_seconds":87.98713600000006}
STUDY_PHASE {"elapsed_seconds":111.0684061,"iteration":159,"iteration_seconds":0.6969733,"phase":"iteration_complete","training_seconds":88.68410930000006}
STUDY_PHASE {"elapsed_seconds":111.7797002,"iteration":160,"iteration_seconds":0.7112463,"phase":"iteration_complete","training_seconds":89.39535560000006}
STUDY_PHASE {"elapsed_seconds":112.484142,"iteration":161,"iteration_seconds":0.7043906,"phase":"iteration_complete","training_seconds":90.09974620000006}
STUDY_PHASE {"elapsed_seconds":113.2221297,"iteration":162,"iteration_seconds":0.7379471,"phase":"iteration_complete","training_seconds":90.83769330000005}
STUDY_PHASE {"elapsed_seconds":113.9458729,"iteration":163,"iteration_seconds":0.7236921,"phase":"iteration_complete","training_seconds":91.56138540000005}
STUDY_PHASE {"elapsed_seconds":114.6747996,"iteration":164,"iteration_seconds":0.7288762,"phase":"iteration_complete","training_seconds":92.29026160000005}
STUDY_PHASE {"elapsed_seconds":115.3572317,"iteration":165,"iteration_seconds":0.6823925,"phase":"iteration_complete","training_seconds":92.97265410000006}
STUDY_PHASE {"elapsed_seconds":116.0562914,"iteration":166,"iteration_seconds":0.6990119,"phase":"iteration_complete","training_seconds":93.67166600000006}
STUDY_PHASE {"elapsed_seconds":116.7430144,"iteration":167,"iteration_seconds":0.6866819,"phase":"iteration_complete","training_seconds":94.35834790000006}
STUDY_PHASE {"elapsed_seconds":117.4536706,"iteration":168,"iteration_seconds":0.710606,"phase":"iteration_complete","training_seconds":95.06895390000005}
STUDY_PHASE {"elapsed_seconds":118.1900765,"iteration":169,"iteration_seconds":0.7363568,"phase":"iteration_complete","training_seconds":95.80531070000005}
STUDY_PHASE {"elapsed_seconds":118.9552052,"iteration":170,"iteration_seconds":0.7650873,"phase":"iteration_complete","training_seconds":96.57039800000005}
STUDY_PHASE {"elapsed_seconds":119.6703343,"iteration":171,"iteration_seconds":0.7150762,"phase":"iteration_complete","training_seconds":97.28547420000005}
STUDY_PHASE {"elapsed_seconds":120.4269183,"iteration":172,"iteration_seconds":0.7565182,"phase":"iteration_complete","training_seconds":98.04199240000005}
STUDY_PHASE {"elapsed_seconds":121.2236489,"iteration":173,"iteration_seconds":0.7966958,"phase":"iteration_complete","training_seconds":98.83868820000005}
STUDY_PHASE {"elapsed_seconds":121.9412257,"iteration":174,"iteration_seconds":0.7175427,"phase":"iteration_complete","training_seconds":99.55623090000005}
STUDY_PHASE {"elapsed_seconds":122.6512341,"iteration":175,"iteration_seconds":0.7099745,"phase":"iteration_complete","training_seconds":100.26620540000005}
STUDY_PHASE {"elapsed_seconds":123.3783779,"iteration":176,"iteration_seconds":0.7271107,"phase":"iteration_complete","training_seconds":100.99331610000004}
STUDY_PHASE {"elapsed_seconds":124.1097547,"iteration":177,"iteration_seconds":0.7313372,"phase":"iteration_complete","training_seconds":101.72465330000004}
STUDY_PHASE {"elapsed_seconds":124.8510815,"iteration":178,"iteration_seconds":0.7412952,"phase":"iteration_complete","training_seconds":102.46594850000004}
STUDY_PHASE {"elapsed_seconds":125.5983736,"iteration":179,"iteration_seconds":0.7472582,"phase":"iteration_complete","training_seconds":103.21320670000004}
STUDY_PHASE {"elapsed_seconds":126.4190533,"iteration":180,"iteration_seconds":0.820634,"phase":"iteration_complete","training_seconds":104.03384070000004}
STUDY_PHASE {"elapsed_seconds":127.1837629,"iteration":181,"iteration_seconds":0.7646653,"phase":"iteration_complete","training_seconds":104.79850600000005}
STUDY_PHASE {"elapsed_seconds":127.8965728,"iteration":182,"iteration_seconds":0.7127676,"phase":"iteration_complete","training_seconds":105.51127360000005}
STUDY_PHASE {"elapsed_seconds":128.6404479,"iteration":183,"iteration_seconds":0.7437864,"phase":"iteration_complete","training_seconds":106.25506000000006}
STUDY_PHASE {"elapsed_seconds":129.3450575,"iteration":184,"iteration_seconds":0.7045545,"phase":"iteration_complete","training_seconds":106.95961450000006}
STUDY_PHASE {"elapsed_seconds":130.1083782,"iteration":185,"iteration_seconds":0.7632574,"phase":"iteration_complete","training_seconds":107.72287190000006}
STUDY_PHASE {"elapsed_seconds":130.875079,"iteration":186,"iteration_seconds":0.7666624,"phase":"iteration_complete","training_seconds":108.48953430000006}
STUDY_PHASE {"elapsed_seconds":131.6279188,"iteration":187,"iteration_seconds":0.7528067,"phase":"iteration_complete","training_seconds":109.24234100000005}
STUDY_PHASE {"elapsed_seconds":132.3266243,"iteration":188,"iteration_seconds":0.6986335,"phase":"iteration_complete","training_seconds":109.94097450000005}
STUDY_PHASE {"elapsed_seconds":133.0754519,"iteration":189,"iteration_seconds":0.7487876,"phase":"iteration_complete","training_seconds":110.68976210000005}
STUDY_PHASE {"elapsed_seconds":133.7940269,"iteration":190,"iteration_seconds":0.7185307,"phase":"iteration_complete","training_seconds":111.40829280000005}
STUDY_PHASE {"elapsed_seconds":134.5166976,"iteration":191,"iteration_seconds":0.7226231,"phase":"iteration_complete","training_seconds":112.13091590000006}
STUDY_PHASE {"elapsed_seconds":135.2274287,"iteration":192,"iteration_seconds":0.7106917,"phase":"iteration_complete","training_seconds":112.84160760000006}
STUDY_PHASE {"elapsed_seconds":135.9412825,"iteration":193,"iteration_seconds":0.7072522,"phase":"iteration_complete","training_seconds":113.54885980000006}
STUDY_PHASE {"elapsed_seconds":136.6855325,"iteration":194,"iteration_seconds":0.7442042,"phase":"iteration_complete","training_seconds":114.29306400000006}
STUDY_PHASE {"elapsed_seconds":137.4017396,"iteration":195,"iteration_seconds":0.7161647,"phase":"iteration_complete","training_seconds":115.00922870000005}
STUDY_PHASE {"elapsed_seconds":138.1547219,"iteration":196,"iteration_seconds":0.7529413,"phase":"iteration_complete","training_seconds":115.76217000000005}
STUDY_PHASE {"elapsed_seconds":138.9253451,"iteration":197,"iteration_seconds":0.7705672,"phase":"iteration_complete","training_seconds":116.53273720000006}
STUDY_PHASE {"elapsed_seconds":139.6856381,"iteration":198,"iteration_seconds":0.7602528,"phase":"iteration_complete","training_seconds":117.29299000000006}
STUDY_PHASE {"elapsed_seconds":140.4253054,"iteration":199,"iteration_seconds":0.7396246,"phase":"iteration_complete","training_seconds":118.03261460000006}
STUDY_PHASE {"elapsed_seconds":141.1566454,"iteration":200,"iteration_seconds":0.7312917,"phase":"iteration_complete","training_seconds":118.76390630000006}
STUDY_PHASE {"elapsed_seconds":141.9693391,"iteration":201,"iteration_seconds":0.8126518,"phase":"iteration_complete","training_seconds":119.57655810000006}
STUDY_PHASE {"elapsed_seconds":142.681695,"iteration":202,"iteration_seconds":0.712315,"phase":"iteration_complete","training_seconds":120.28887310000006}
STUDY_PHASE {"elapsed_seconds":143.4237213,"iteration":203,"iteration_seconds":0.7419895,"phase":"iteration_complete","training_seconds":121.03086260000006}
STUDY_PHASE {"elapsed_seconds":144.1010523,"iteration":204,"iteration_seconds":0.6772944,"phase":"iteration_complete","training_seconds":121.70815700000006}
STUDY_PHASE {"elapsed_seconds":144.8755252,"iteration":205,"iteration_seconds":0.7744164,"phase":"iteration_complete","training_seconds":122.48257340000006}
STUDY_PHASE {"elapsed_seconds":145.7147478,"iteration":206,"iteration_seconds":0.8391851,"phase":"iteration_complete","training_seconds":123.32175850000006}
STUDY_PHASE {"elapsed_seconds":146.4470687,"iteration":207,"iteration_seconds":0.7322807,"phase":"iteration_complete","training_seconds":124.05403920000006}
STUDY_PHASE {"elapsed_seconds":147.1515731,"iteration":208,"iteration_seconds":0.7044651,"phase":"iteration_complete","training_seconds":124.75850430000006}
STUDY_PHASE {"elapsed_seconds":147.8523083,"iteration":209,"iteration_seconds":0.7006947,"phase":"iteration_complete","training_seconds":125.45919900000005}
STUDY_PHASE {"elapsed_seconds":148.5094911,"iteration":210,"iteration_seconds":0.6571316,"phase":"iteration_complete","training_seconds":126.11633060000005}
STUDY_PHASE {"elapsed_seconds":149.1772353,"iteration":211,"iteration_seconds":0.6676934,"phase":"iteration_complete","training_seconds":126.78402400000006}
STUDY_PHASE {"elapsed_seconds":149.8203833,"iteration":212,"iteration_seconds":0.6431005,"phase":"iteration_complete","training_seconds":127.42712450000006}
STUDY_PHASE {"elapsed_seconds":150.5940054,"iteration":213,"iteration_seconds":0.7735879,"phase":"iteration_complete","training_seconds":128.20071240000007}
STUDY_PHASE {"elapsed_seconds":151.273037,"iteration":214,"iteration_seconds":0.6789864,"phase":"iteration_complete","training_seconds":128.87969880000009}
STUDY_PHASE {"elapsed_seconds":152.0007476,"iteration":215,"iteration_seconds":0.7276714,"phase":"iteration_complete","training_seconds":129.60737020000008}
STUDY_PHASE {"elapsed_seconds":152.6692994,"iteration":216,"iteration_seconds":0.668516,"phase":"iteration_complete","training_seconds":130.2758862000001}
STUDY_PHASE {"elapsed_seconds":153.3556168,"iteration":217,"iteration_seconds":0.686279,"phase":"iteration_complete","training_seconds":130.9621652000001}
STUDY_PHASE {"elapsed_seconds":154.0233393,"iteration":218,"iteration_seconds":0.6676802,"phase":"iteration_complete","training_seconds":131.6298454000001}
STUDY_PHASE {"elapsed_seconds":154.7144438,"iteration":219,"iteration_seconds":0.6910607,"phase":"iteration_complete","training_seconds":132.32090610000012}
STUDY_PHASE {"elapsed_seconds":155.38056,"iteration":220,"iteration_seconds":0.6660618,"phase":"iteration_complete","training_seconds":132.9869679000001}
STUDY_PHASE {"elapsed_seconds":156.0347878,"iteration":221,"iteration_seconds":0.654189,"phase":"iteration_complete","training_seconds":133.6411569000001}
STUDY_PHASE {"elapsed_seconds":156.7170951,"iteration":222,"iteration_seconds":0.6822671,"phase":"iteration_complete","training_seconds":134.3234240000001}
STUDY_PHASE {"elapsed_seconds":157.4165383,"iteration":223,"iteration_seconds":0.6993961,"phase":"iteration_complete","training_seconds":135.0228201000001}
STUDY_PHASE {"elapsed_seconds":158.1346189,"iteration":224,"iteration_seconds":0.7180372,"phase":"iteration_complete","training_seconds":135.7408573000001}
STUDY_PHASE {"elapsed_seconds":158.9728612,"iteration":225,"iteration_seconds":0.8382026,"phase":"iteration_complete","training_seconds":136.5790599000001}
STUDY_PHASE {"elapsed_seconds":159.713134,"iteration":226,"iteration_seconds":0.7402293,"phase":"iteration_complete","training_seconds":137.3192892000001}
STUDY_PHASE {"elapsed_seconds":160.4684027,"iteration":227,"iteration_seconds":0.7552084,"phase":"iteration_complete","training_seconds":138.0744976000001}
STUDY_PHASE {"elapsed_seconds":161.1907482,"iteration":228,"iteration_seconds":0.7222937,"phase":"iteration_complete","training_seconds":138.79679130000008}
STUDY_PHASE {"elapsed_seconds":161.8776058,"iteration":229,"iteration_seconds":0.6868171,"phase":"iteration_complete","training_seconds":139.4836084000001}
STUDY_PHASE {"elapsed_seconds":162.6020706,"iteration":230,"iteration_seconds":0.7244227,"phase":"iteration_complete","training_seconds":140.20803110000008}
STUDY_PHASE {"elapsed_seconds":163.3220948,"iteration":231,"iteration_seconds":0.7199715,"phase":"iteration_complete","training_seconds":140.9280026000001}
STUDY_PHASE {"elapsed_seconds":163.9821003,"iteration":232,"iteration_seconds":0.6599644,"phase":"iteration_complete","training_seconds":141.5879670000001}
STUDY_PHASE {"elapsed_seconds":164.5951654,"iteration":233,"iteration_seconds":0.6130244,"phase":"iteration_complete","training_seconds":142.2009914000001}
STUDY_PHASE {"elapsed_seconds":165.2124269,"iteration":234,"iteration_seconds":0.6172117,"phase":"iteration_complete","training_seconds":142.81820310000012}
STUDY_PHASE {"elapsed_seconds":165.9308461,"iteration":235,"iteration_seconds":0.7183462,"phase":"iteration_complete","training_seconds":143.53654930000013}
STUDY_PHASE {"elapsed_seconds":166.6501505,"iteration":236,"iteration_seconds":0.7192539,"phase":"iteration_complete","training_seconds":144.25580320000014}
STUDY_PHASE {"elapsed_seconds":167.2983938,"iteration":237,"iteration_seconds":0.648159,"phase":"iteration_complete","training_seconds":144.90396220000014}
STUDY_PHASE {"elapsed_seconds":168.0286717,"iteration":238,"iteration_seconds":0.7302322,"phase":"iteration_complete","training_seconds":145.63419440000013}
STUDY_PHASE {"elapsed_seconds":168.7517288,"iteration":239,"iteration_seconds":0.7230087,"phase":"iteration_complete","training_seconds":146.35720310000013}
STUDY_PHASE {"elapsed_seconds":169.484568,"iteration":240,"iteration_seconds":0.7327998,"phase":"iteration_complete","training_seconds":147.09000290000014}
STUDY_PHASE {"elapsed_seconds":170.2039982,"iteration":241,"iteration_seconds":0.7193881,"phase":"iteration_complete","training_seconds":147.80939100000015}
STUDY_PHASE {"elapsed_seconds":170.893271,"iteration":242,"iteration_seconds":0.6892142,"phase":"iteration_complete","training_seconds":148.49860520000016}
STUDY_PHASE {"elapsed_seconds":171.6142512,"iteration":243,"iteration_seconds":0.7209397,"phase":"iteration_complete","training_seconds":149.21954490000016}
STUDY_PHASE {"elapsed_seconds":172.3200853,"iteration":244,"iteration_seconds":0.7057642,"phase":"iteration_complete","training_seconds":149.92530910000016}
STUDY_PHASE {"elapsed_seconds":173.0450042,"iteration":245,"iteration_seconds":0.7248751,"phase":"iteration_complete","training_seconds":150.65018420000015}
STUDY_PHASE {"elapsed_seconds":173.7486671,"iteration":246,"iteration_seconds":0.7036226,"phase":"iteration_complete","training_seconds":151.35380680000014}
STUDY_PHASE {"elapsed_seconds":174.4285858,"iteration":247,"iteration_seconds":0.6798685,"phase":"iteration_complete","training_seconds":152.03367530000014}
STUDY_PHASE {"elapsed_seconds":175.1491711,"iteration":248,"iteration_seconds":0.7205444,"phase":"iteration_complete","training_seconds":152.75421970000014}
STUDY_PHASE {"elapsed_seconds":175.8740156,"iteration":249,"iteration_seconds":0.7247991,"phase":"iteration_complete","training_seconds":153.47901880000015}
STUDY_PHASE {"elapsed_seconds":176.6139317,"iteration":250,"iteration_seconds":0.7398707,"phase":"iteration_complete","training_seconds":154.21888950000016}
STUDY_PHASE {"elapsed_seconds":177.3413456,"iteration":251,"iteration_seconds":0.7273425,"phase":"iteration_complete","training_seconds":154.94623200000015}
STUDY_PHASE {"elapsed_seconds":178.1168205,"iteration":252,"iteration_seconds":0.7754338,"phase":"iteration_complete","training_seconds":155.72166580000015}
STUDY_PHASE {"elapsed_seconds":178.8667623,"iteration":253,"iteration_seconds":0.7498996,"phase":"iteration_complete","training_seconds":156.47156540000015}
STUDY_PHASE {"elapsed_seconds":179.6057747,"iteration":254,"iteration_seconds":0.7389648,"phase":"iteration_complete","training_seconds":157.21053020000014}
STUDY_PHASE {"elapsed_seconds":180.3161232,"iteration":255,"iteration_seconds":0.7102851,"phase":"iteration_complete","training_seconds":157.92081530000013}
STUDY_PHASE {"elapsed_seconds":181.017434,"iteration":256,"iteration_seconds":0.7012684,"phase":"iteration_complete","training_seconds":158.62208370000013}
STUDY_PHASE {"elapsed_seconds":181.7599296,"iteration":257,"iteration_seconds":0.742455,"phase":"iteration_complete","training_seconds":159.36453870000014}
STUDY_PHASE {"elapsed_seconds":182.6240664,"iteration":258,"iteration_seconds":0.8640839,"phase":"iteration_complete","training_seconds":160.22862260000014}
STUDY_PHASE {"elapsed_seconds":183.4618077,"iteration":259,"iteration_seconds":0.837701,"phase":"iteration_complete","training_seconds":161.06632360000015}
STUDY_PHASE {"elapsed_seconds":184.3373271,"iteration":260,"iteration_seconds":0.8754718,"phase":"iteration_complete","training_seconds":161.94179540000016}
STUDY_PHASE {"elapsed_seconds":185.0842705,"iteration":261,"iteration_seconds":0.7469025,"phase":"iteration_complete","training_seconds":162.68869790000016}
STUDY_PHASE {"elapsed_seconds":185.8026833,"iteration":262,"iteration_seconds":0.7183724,"phase":"iteration_complete","training_seconds":163.40707030000016}
STUDY_PHASE {"elapsed_seconds":186.5700456,"iteration":263,"iteration_seconds":0.7673143,"phase":"iteration_complete","training_seconds":164.17438460000017}
STUDY_PHASE {"elapsed_seconds":187.2995332,"iteration":264,"iteration_seconds":0.7294473,"phase":"iteration_complete","training_seconds":164.90383190000017}
STUDY_PHASE {"elapsed_seconds":188.0421678,"iteration":265,"iteration_seconds":0.7425938,"phase":"iteration_complete","training_seconds":165.64642570000018}
STUDY_PHASE {"elapsed_seconds":188.8003248,"iteration":266,"iteration_seconds":0.7581157,"phase":"iteration_complete","training_seconds":166.40454140000017}
STUDY_PHASE {"elapsed_seconds":189.5292457,"iteration":267,"iteration_seconds":0.7288726,"phase":"iteration_complete","training_seconds":167.13341400000016}
STUDY_PHASE {"elapsed_seconds":190.2734602,"iteration":268,"iteration_seconds":0.7441713,"phase":"iteration_complete","training_seconds":167.87758530000016}
STUDY_PHASE {"elapsed_seconds":191.0359007,"iteration":269,"iteration_seconds":0.7623949,"phase":"iteration_complete","training_seconds":168.63998020000017}
STUDY_PHASE {"elapsed_seconds":191.8076748,"iteration":270,"iteration_seconds":0.7717347,"phase":"iteration_complete","training_seconds":169.41171490000016}
STUDY_PHASE {"elapsed_seconds":192.6300777,"iteration":271,"iteration_seconds":0.8223538,"phase":"iteration_complete","training_seconds":170.23406870000017}
STUDY_PHASE {"elapsed_seconds":193.5486134,"iteration":272,"iteration_seconds":0.9184603,"phase":"iteration_complete","training_seconds":171.15252900000016}
STUDY_PHASE {"elapsed_seconds":194.2834909,"iteration":273,"iteration_seconds":0.7348205,"phase":"iteration_complete","training_seconds":171.88734950000017}
STUDY_PHASE {"elapsed_seconds":195.0521545,"iteration":274,"iteration_seconds":0.7686187,"phase":"iteration_complete","training_seconds":172.65596820000016}
STUDY_PHASE {"elapsed_seconds":195.9093606,"iteration":275,"iteration_seconds":0.8571714,"phase":"iteration_complete","training_seconds":173.51313960000016}
STUDY_PHASE {"elapsed_seconds":196.749382,"iteration":276,"iteration_seconds":0.8399617,"phase":"iteration_complete","training_seconds":174.35310130000016}
STUDY_PHASE {"elapsed_seconds":197.5003586,"iteration":277,"iteration_seconds":0.750934,"phase":"iteration_complete","training_seconds":175.10403530000016}
STUDY_PHASE {"elapsed_seconds":198.2435487,"iteration":278,"iteration_seconds":0.7431351,"phase":"iteration_complete","training_seconds":175.84717040000015}
STUDY_PHASE {"elapsed_seconds":199.0325002,"iteration":279,"iteration_seconds":0.7889041,"phase":"iteration_complete","training_seconds":176.63607450000015}
STUDY_PHASE {"elapsed_seconds":199.8204814,"iteration":280,"iteration_seconds":0.7879289,"phase":"iteration_complete","training_seconds":177.42400340000015}
STUDY_PHASE {"elapsed_seconds":200.611895,"iteration":281,"iteration_seconds":0.7913833,"phase":"iteration_complete","training_seconds":178.21538670000015}
STUDY_PHASE {"elapsed_seconds":201.387736,"iteration":282,"iteration_seconds":0.7757961,"phase":"iteration_complete","training_seconds":178.99118280000016}
STUDY_PHASE {"elapsed_seconds":202.0941843,"iteration":283,"iteration_seconds":0.7064001,"phase":"iteration_complete","training_seconds":179.69758290000016}
STUDY_PHASE {"elapsed_seconds":202.8109356,"iteration":284,"iteration_seconds":0.7167122,"phase":"iteration_complete","training_seconds":180.41429510000015}
STUDY_PHASE {"elapsed_seconds":203.5718805,"iteration":285,"iteration_seconds":0.7608948,"phase":"iteration_complete","training_seconds":181.17518990000013}
STUDY_PHASE {"elapsed_seconds":204.322199,"iteration":286,"iteration_seconds":0.7502576,"phase":"iteration_complete","training_seconds":181.92544750000013}
STUDY_PHASE {"elapsed_seconds":205.1094839,"iteration":287,"iteration_seconds":0.7872155,"phase":"iteration_complete","training_seconds":182.71266300000013}
STUDY_PHASE {"elapsed_seconds":205.8338575,"iteration":288,"iteration_seconds":0.7243309,"phase":"iteration_complete","training_seconds":183.43699390000015}
STUDY_PHASE {"elapsed_seconds":206.5529007,"iteration":289,"iteration_seconds":0.7189819,"phase":"iteration_complete","training_seconds":184.15597580000014}
STUDY_PHASE {"elapsed_seconds":207.2707345,"iteration":290,"iteration_seconds":0.7177921,"phase":"iteration_complete","training_seconds":184.87376790000013}
STUDY_PHASE {"elapsed_seconds":208.0069567,"iteration":291,"iteration_seconds":0.7361828,"phase":"iteration_complete","training_seconds":185.60995070000013}
STUDY_PHASE {"elapsed_seconds":208.7947855,"iteration":292,"iteration_seconds":0.7877804,"phase":"iteration_complete","training_seconds":186.39773110000013}
STUDY_PHASE {"elapsed_seconds":209.5396041,"iteration":293,"iteration_seconds":0.7447776,"phase":"iteration_complete","training_seconds":187.14250870000012}
STUDY_PHASE {"elapsed_seconds":210.2959314,"iteration":294,"iteration_seconds":0.7562659,"phase":"iteration_complete","training_seconds":187.8987746000001}
STUDY_PHASE {"elapsed_seconds":211.0301127,"iteration":295,"iteration_seconds":0.7341387,"phase":"iteration_complete","training_seconds":188.6329133000001}
STUDY_PHASE {"elapsed_seconds":211.8713204,"iteration":296,"iteration_seconds":0.8411517,"phase":"iteration_complete","training_seconds":189.4740650000001}
STUDY_PHASE {"elapsed_seconds":212.6423569,"iteration":297,"iteration_seconds":0.7709894,"phase":"iteration_complete","training_seconds":190.2450544000001}
STUDY_PHASE {"elapsed_seconds":213.3843801,"iteration":298,"iteration_seconds":0.7419781,"phase":"iteration_complete","training_seconds":190.9870325000001}
STUDY_PHASE {"elapsed_seconds":214.0956794,"iteration":299,"iteration_seconds":0.7112573,"phase":"iteration_complete","training_seconds":191.6982898000001}
STUDY_PHASE {"elapsed_seconds":214.8167047,"iteration":300,"iteration_seconds":0.720985,"phase":"iteration_complete","training_seconds":192.41927480000012}
STUDY_PHASE {"elapsed_seconds":215.5178188,"iteration":301,"iteration_seconds":0.7010626,"phase":"iteration_complete","training_seconds":193.12033740000012}
STUDY_PHASE {"elapsed_seconds":216.2653969,"iteration":302,"iteration_seconds":0.7475367,"phase":"iteration_complete","training_seconds":193.86787410000014}
STUDY_PHASE {"elapsed_seconds":217.0087025,"iteration":303,"iteration_seconds":0.7432468,"phase":"iteration_complete","training_seconds":194.61112090000015}
STUDY_PHASE {"elapsed_seconds":217.7237191,"iteration":304,"iteration_seconds":0.7149724,"phase":"iteration_complete","training_seconds":195.32609330000014}
STUDY_PHASE {"elapsed_seconds":218.4580368,"iteration":305,"iteration_seconds":0.7342652,"phase":"iteration_complete","training_seconds":196.06035850000015}
STUDY_PHASE {"elapsed_seconds":219.1816905,"iteration":306,"iteration_seconds":0.7236083,"phase":"iteration_complete","training_seconds":196.78396680000014}
STUDY_PHASE {"elapsed_seconds":219.9181731,"iteration":307,"iteration_seconds":0.7364386,"phase":"iteration_complete","training_seconds":197.52040540000016}
STUDY_PHASE {"elapsed_seconds":220.6141849,"iteration":308,"iteration_seconds":0.6959678,"phase":"iteration_complete","training_seconds":198.21637320000016}
STUDY_PHASE {"elapsed_seconds":221.3233032,"iteration":309,"iteration_seconds":0.7090574,"phase":"iteration_complete","training_seconds":198.92543060000017}
STUDY_PHASE {"elapsed_seconds":222.0496486,"iteration":310,"iteration_seconds":0.7262683,"phase":"iteration_complete","training_seconds":199.65169890000016}
STUDY_PHASE {"elapsed_seconds":222.923995,"iteration":311,"iteration_seconds":0.8743037,"phase":"iteration_complete","training_seconds":200.52600260000017}
STUDY_PHASE {"elapsed_seconds":223.718019,"iteration":312,"iteration_seconds":0.7939517,"phase":"iteration_complete","training_seconds":201.31995430000018}
STUDY_PHASE {"elapsed_seconds":224.4566315,"iteration":313,"iteration_seconds":0.7385713,"phase":"iteration_complete","training_seconds":202.05852560000017}
STUDY_PHASE {"elapsed_seconds":225.1847551,"iteration":314,"iteration_seconds":0.7280666,"phase":"iteration_complete","training_seconds":202.78659220000017}
STUDY_PHASE {"elapsed_seconds":225.9643619,"iteration":315,"iteration_seconds":0.7795593,"phase":"iteration_complete","training_seconds":203.56615150000016}
STUDY_PHASE {"elapsed_seconds":226.7526017,"iteration":316,"iteration_seconds":0.7881495,"phase":"iteration_complete","training_seconds":204.35430100000016}
STUDY_PHASE {"elapsed_seconds":227.564145,"iteration":317,"iteration_seconds":0.8114818,"phase":"iteration_complete","training_seconds":205.16578280000016}
STUDY_PHASE {"elapsed_seconds":228.3256273,"iteration":318,"iteration_seconds":0.7614266,"phase":"iteration_complete","training_seconds":205.92720940000015}
STUDY_PHASE {"elapsed_seconds":229.125669,"iteration":319,"iteration_seconds":0.7999908,"phase":"iteration_complete","training_seconds":206.72720020000014}
STUDY_PHASE {"elapsed_seconds":229.91537,"iteration":320,"iteration_seconds":0.7896473,"phase":"iteration_complete","training_seconds":207.51684750000015}
STUDY_PHASE {"elapsed_seconds":230.6491903,"iteration":321,"iteration_seconds":0.7337584,"phase":"iteration_complete","training_seconds":208.25060590000015}
STUDY_PHASE {"elapsed_seconds":231.4753782,"iteration":322,"iteration_seconds":0.8261202,"phase":"iteration_complete","training_seconds":209.07672610000014}
STUDY_PHASE {"elapsed_seconds":232.1799085,"iteration":323,"iteration_seconds":0.7044788,"phase":"iteration_complete","training_seconds":209.78120490000015}
STUDY_PHASE {"elapsed_seconds":232.9190216,"iteration":324,"iteration_seconds":0.7390722,"phase":"iteration_complete","training_seconds":210.52027710000016}
STUDY_PHASE {"elapsed_seconds":233.6703639,"iteration":325,"iteration_seconds":0.7512919,"phase":"iteration_complete","training_seconds":211.27156900000017}
STUDY_PHASE {"elapsed_seconds":234.4157868,"iteration":326,"iteration_seconds":0.7453713,"phase":"iteration_complete","training_seconds":212.01694030000016}
STUDY_PHASE {"elapsed_seconds":235.1293934,"iteration":327,"iteration_seconds":0.7135525,"phase":"iteration_complete","training_seconds":212.73049280000015}
STUDY_PHASE {"elapsed_seconds":235.9354848,"iteration":328,"iteration_seconds":0.8060506,"phase":"iteration_complete","training_seconds":213.53654340000014}
STUDY_PHASE {"elapsed_seconds":236.6979273,"iteration":329,"iteration_seconds":0.7623866,"phase":"iteration_complete","training_seconds":214.29893000000015}
STUDY_PHASE {"elapsed_seconds":237.4500075,"iteration":330,"iteration_seconds":0.7519798,"phase":"iteration_complete","training_seconds":215.05090980000014}
STUDY_PHASE {"elapsed_seconds":238.2046725,"iteration":331,"iteration_seconds":0.7546127,"phase":"iteration_complete","training_seconds":215.80552250000014}
STUDY_PHASE {"elapsed_seconds":239.0222021,"iteration":332,"iteration_seconds":0.8174871,"phase":"iteration_complete","training_seconds":216.62300960000013}
STUDY_PHASE {"elapsed_seconds":239.7913853,"iteration":333,"iteration_seconds":0.7691422,"phase":"iteration_complete","training_seconds":217.39215180000014}
STUDY_PHASE {"elapsed_seconds":240.6081152,"iteration":334,"iteration_seconds":0.816676,"phase":"iteration_complete","training_seconds":218.20882780000014}
STUDY_PHASE {"elapsed_seconds":241.3630976,"iteration":335,"iteration_seconds":0.7549257,"phase":"iteration_complete","training_seconds":218.96375350000014}
STUDY_PHASE {"elapsed_seconds":242.2179142,"iteration":336,"iteration_seconds":0.8547761,"phase":"iteration_complete","training_seconds":219.81852960000015}
STUDY_PHASE {"elapsed_seconds":242.9637664,"iteration":337,"iteration_seconds":0.7457866,"phase":"iteration_complete","training_seconds":220.56431620000015}
STUDY_PHASE {"elapsed_seconds":243.7070598,"iteration":338,"iteration_seconds":0.7432506,"phase":"iteration_complete","training_seconds":221.30756680000016}
STUDY_PHASE {"elapsed_seconds":244.5696116,"iteration":339,"iteration_seconds":0.8624826,"phase":"iteration_complete","training_seconds":222.17004940000015}
STUDY_PHASE {"elapsed_seconds":245.306266,"iteration":340,"iteration_seconds":0.7366141,"phase":"iteration_complete","training_seconds":222.90666350000015}
STUDY_PHASE {"elapsed_seconds":246.0995951,"iteration":341,"iteration_seconds":0.7932729,"phase":"iteration_complete","training_seconds":223.69993640000015}
STUDY_PHASE {"elapsed_seconds":246.8640712,"iteration":342,"iteration_seconds":0.7644217,"phase":"iteration_complete","training_seconds":224.46435810000017}
STUDY_PHASE {"elapsed_seconds":247.6707308,"iteration":343,"iteration_seconds":0.8065951,"phase":"iteration_complete","training_seconds":225.27095320000018}
STUDY_PHASE {"elapsed_seconds":248.5118837,"iteration":344,"iteration_seconds":0.8411057,"phase":"iteration_complete","training_seconds":226.1120589000002}
STUDY_PHASE {"elapsed_seconds":249.3483099,"iteration":345,"iteration_seconds":0.8363712,"phase":"iteration_complete","training_seconds":226.9484301000002}
STUDY_PHASE {"elapsed_seconds":250.1996287,"iteration":346,"iteration_seconds":0.8512606,"phase":"iteration_complete","training_seconds":227.79969070000018}
STUDY_PHASE {"elapsed_seconds":251.0167299,"iteration":347,"iteration_seconds":0.8170514,"phase":"iteration_complete","training_seconds":228.61674210000018}
STUDY_PHASE {"elapsed_seconds":251.7912937,"iteration":348,"iteration_seconds":0.7744992,"phase":"iteration_complete","training_seconds":229.3912413000002}
STUDY_PHASE {"elapsed_seconds":252.6008795,"iteration":349,"iteration_seconds":0.8095188,"phase":"iteration_complete","training_seconds":230.2007601000002}
STUDY_PHASE {"elapsed_seconds":253.4046448,"iteration":350,"iteration_seconds":0.8037105,"phase":"iteration_complete","training_seconds":231.0044706000002}
STUDY_PHASE {"elapsed_seconds":254.2061216,"iteration":351,"iteration_seconds":0.8014381,"phase":"iteration_complete","training_seconds":231.8059087000002}
STUDY_PHASE {"elapsed_seconds":254.9985317,"iteration":352,"iteration_seconds":0.7923524,"phase":"iteration_complete","training_seconds":232.5982611000002}
STUDY_PHASE {"elapsed_seconds":255.8677981,"iteration":353,"iteration_seconds":0.8691965,"phase":"iteration_complete","training_seconds":233.4674576000002}
STUDY_PHASE {"elapsed_seconds":256.7086105,"iteration":354,"iteration_seconds":0.8407579,"phase":"iteration_complete","training_seconds":234.3082155000002}
STUDY_PHASE {"elapsed_seconds":257.4435255,"iteration":355,"iteration_seconds":0.7348597,"phase":"iteration_complete","training_seconds":235.04307520000017}
STUDY_PHASE {"elapsed_seconds":258.1394551,"iteration":356,"iteration_seconds":0.6958878,"phase":"iteration_complete","training_seconds":235.73896300000018}
STUDY_PHASE {"elapsed_seconds":258.8757546,"iteration":357,"iteration_seconds":0.7362577,"phase":"iteration_complete","training_seconds":236.4752207000002}
STUDY_PHASE {"elapsed_seconds":259.6814172,"iteration":358,"iteration_seconds":0.8056185,"phase":"iteration_complete","training_seconds":237.2808392000002}
STUDY_PHASE {"elapsed_seconds":260.3937193,"iteration":359,"iteration_seconds":0.7122508,"phase":"iteration_complete","training_seconds":237.9930900000002}
STUDY_PHASE {"elapsed_seconds":261.1104992,"iteration":360,"iteration_seconds":0.7167345,"phase":"iteration_complete","training_seconds":238.7098245000002}
STUDY_PHASE {"elapsed_seconds":261.8593232,"iteration":361,"iteration_seconds":0.7487827,"phase":"iteration_complete","training_seconds":239.4586072000002}
STUDY_PHASE {"elapsed_seconds":262.6131935,"iteration":362,"iteration_seconds":0.7538269,"phase":"iteration_complete","training_seconds":240.2124341000002}
STUDY_PHASE {"elapsed_seconds":263.4840598,"iteration":363,"iteration_seconds":0.8708242,"phase":"iteration_complete","training_seconds":241.08325830000018}
STUDY_PHASE {"elapsed_seconds":264.2965025,"iteration":364,"iteration_seconds":0.812398,"phase":"iteration_complete","training_seconds":241.89565630000018}
STUDY_PHASE {"elapsed_seconds":265.0431185,"iteration":365,"iteration_seconds":0.7465799,"phase":"iteration_complete","training_seconds":242.64223620000018}
STUDY_PHASE {"elapsed_seconds":265.8043588,"iteration":366,"iteration_seconds":0.7611932,"phase":"iteration_complete","training_seconds":243.4034294000002}
STUDY_PHASE {"elapsed_seconds":266.5865413,"iteration":367,"iteration_seconds":0.7821409,"phase":"iteration_complete","training_seconds":244.1855703000002}
STUDY_PHASE {"elapsed_seconds":267.3364559,"iteration":368,"iteration_seconds":0.7498663,"phase":"iteration_complete","training_seconds":244.9354366000002}
STUDY_PHASE {"elapsed_seconds":268.0947154,"iteration":369,"iteration_seconds":0.7582203,"phase":"iteration_complete","training_seconds":245.6936569000002}
STUDY_PHASE {"elapsed_seconds":268.8208677,"iteration":370,"iteration_seconds":0.726112,"phase":"iteration_complete","training_seconds":246.4197689000002}
STUDY_PHASE {"elapsed_seconds":269.7095137,"iteration":371,"iteration_seconds":0.8795809,"phase":"iteration_complete","training_seconds":247.29934980000021}
STUDY_PHASE {"elapsed_seconds":270.5579822,"iteration":372,"iteration_seconds":0.8484215,"phase":"iteration_complete","training_seconds":248.14777130000022}
STUDY_PHASE {"elapsed_seconds":271.3424104,"iteration":373,"iteration_seconds":0.7843457,"phase":"iteration_complete","training_seconds":248.9321170000002}
STUDY_PHASE {"elapsed_seconds":272.0901508,"iteration":374,"iteration_seconds":0.7476873,"phase":"iteration_complete","training_seconds":249.6798043000002}
STUDY_PHASE {"elapsed_seconds":272.9050277,"iteration":375,"iteration_seconds":0.8148291,"phase":"iteration_complete","training_seconds":250.4946334000002}
STUDY_PHASE {"elapsed_seconds":273.7637416,"iteration":376,"iteration_seconds":0.8586852,"phase":"iteration_complete","training_seconds":251.3533186000002}
STUDY_PHASE {"elapsed_seconds":274.6044407,"iteration":377,"iteration_seconds":0.8406641,"phase":"iteration_complete","training_seconds":252.1939827000002}
STUDY_PHASE {"elapsed_seconds":275.3594374,"iteration":378,"iteration_seconds":0.7549488,"phase":"iteration_complete","training_seconds":252.94893150000019}
STUDY_PHASE {"elapsed_seconds":276.1418877,"iteration":379,"iteration_seconds":0.7823958,"phase":"iteration_complete","training_seconds":253.73132730000017}
STUDY_PHASE {"elapsed_seconds":276.9933759,"iteration":380,"iteration_seconds":0.8514306,"phase":"iteration_complete","training_seconds":254.58275790000016}
STUDY_PHASE {"elapsed_seconds":277.7473035,"iteration":381,"iteration_seconds":0.7538779,"phase":"iteration_complete","training_seconds":255.33663580000015}
STUDY_PHASE {"elapsed_seconds":278.4944605,"iteration":382,"iteration_seconds":0.747112,"phase":"iteration_complete","training_seconds":256.08374780000014}
STUDY_PHASE {"elapsed_seconds":279.3069145,"iteration":383,"iteration_seconds":0.8123972,"phase":"iteration_complete","training_seconds":256.89614500000016}
STUDY_PHASE {"elapsed_seconds":280.0695099,"iteration":384,"iteration_seconds":0.7625533,"phase":"iteration_complete","training_seconds":257.65869830000014}
STUDY_PHASE {"elapsed_seconds":280.8069191,"iteration":385,"iteration_seconds":0.7373416,"phase":"iteration_complete","training_seconds":258.3960399000001}
STUDY_PHASE {"elapsed_seconds":281.5627863,"iteration":386,"iteration_seconds":0.7558274,"phase":"iteration_complete","training_seconds":259.1518673000001}
STUDY_PHASE {"elapsed_seconds":282.4557533,"iteration":387,"iteration_seconds":0.8928923,"phase":"iteration_complete","training_seconds":260.04475960000013}
STUDY_PHASE {"elapsed_seconds":283.3168877,"iteration":388,"iteration_seconds":0.8610867,"phase":"iteration_complete","training_seconds":260.9058463000001}
STUDY_PHASE {"elapsed_seconds":284.0953514,"iteration":389,"iteration_seconds":0.7784025,"phase":"iteration_complete","training_seconds":261.68424880000015}
STUDY_PHASE {"elapsed_seconds":284.8650127,"iteration":390,"iteration_seconds":0.7696113,"phase":"iteration_complete","training_seconds":262.45386010000016}
STUDY_PHASE {"elapsed_seconds":285.6741888,"iteration":391,"iteration_seconds":0.8091409,"phase":"iteration_complete","training_seconds":263.26300100000014}
STUDY_PHASE {"elapsed_seconds":286.473702,"iteration":392,"iteration_seconds":0.7994553,"phase":"iteration_complete","training_seconds":264.0624563000001}
STUDY_PHASE {"elapsed_seconds":287.2745006,"iteration":393,"iteration_seconds":0.8007574,"phase":"iteration_complete","training_seconds":264.86321370000013}
STUDY_PHASE {"elapsed_seconds":288.0701229,"iteration":394,"iteration_seconds":0.7955429,"phase":"iteration_complete","training_seconds":265.6587566000001}
STUDY_PHASE {"elapsed_seconds":288.901768,"iteration":395,"iteration_seconds":0.8315884,"phase":"iteration_complete","training_seconds":266.4903450000001}
STUDY_PHASE {"elapsed_seconds":289.6123189,"iteration":396,"iteration_seconds":0.7105079,"phase":"iteration_complete","training_seconds":267.2008529000001}
STUDY_PHASE {"elapsed_seconds":290.4041001,"iteration":397,"iteration_seconds":0.7917394,"phase":"iteration_complete","training_seconds":267.99259230000007}
STUDY_PHASE {"elapsed_seconds":291.1822329,"iteration":398,"iteration_seconds":0.7780919,"phase":"iteration_complete","training_seconds":268.77068420000006}
STUDY_PHASE {"elapsed_seconds":291.9225985,"iteration":399,"iteration_seconds":0.7403231,"phase":"iteration_complete","training_seconds":269.5110073000001}
STUDY_PHASE {"elapsed_seconds":292.6458556,"iteration":400,"iteration_seconds":0.7232169,"phase":"iteration_complete","training_seconds":270.2342242000001}
STUDY_PHASE {"elapsed_seconds":293.3442684,"iteration":401,"iteration_seconds":0.6983688,"phase":"iteration_complete","training_seconds":270.9325930000001}
STUDY_PHASE {"elapsed_seconds":294.0404672,"iteration":402,"iteration_seconds":0.6961512,"phase":"iteration_complete","training_seconds":271.6287442000001}
STUDY_PHASE {"elapsed_seconds":294.7708407,"iteration":403,"iteration_seconds":0.7303317,"phase":"iteration_complete","training_seconds":272.3590759000001}
STUDY_PHASE {"elapsed_seconds":295.522001,"iteration":404,"iteration_seconds":0.7511053,"phase":"iteration_complete","training_seconds":273.1101812000001}
STUDY_PHASE {"elapsed_seconds":296.2599915,"iteration":405,"iteration_seconds":0.737952,"phase":"iteration_complete","training_seconds":273.8481332000001}
STUDY_PHASE {"elapsed_seconds":296.9871451,"iteration":406,"iteration_seconds":0.7271055,"phase":"iteration_complete","training_seconds":274.5752387000001}
STUDY_PHASE {"elapsed_seconds":297.6899853,"iteration":407,"iteration_seconds":0.7027979,"phase":"iteration_complete","training_seconds":275.2780366000001}
STUDY_PHASE {"elapsed_seconds":298.3856736,"iteration":408,"iteration_seconds":0.6956463,"phase":"iteration_complete","training_seconds":275.97368290000014}
STUDY_PHASE {"elapsed_seconds":299.1263193,"iteration":409,"iteration_seconds":0.7406019,"phase":"iteration_complete","training_seconds":276.71428480000014}
STUDY_PHASE {"elapsed_seconds":299.9159958,"iteration":410,"iteration_seconds":0.7896269,"phase":"iteration_complete","training_seconds":277.5039117000001}
STUDY_PHASE {"elapsed_seconds":300.6798233,"iteration":411,"iteration_seconds":0.7637842,"phase":"iteration_complete","training_seconds":278.2676959000001}
STUDY_PHASE {"elapsed_seconds":301.3916145,"iteration":412,"iteration_seconds":0.7117483,"phase":"iteration_complete","training_seconds":278.9794442000001}
STUDY_PHASE {"elapsed_seconds":302.1521742,"iteration":413,"iteration_seconds":0.7604886,"phase":"iteration_complete","training_seconds":279.7399328000001}
STUDY_PHASE {"elapsed_seconds":302.8845901,"iteration":414,"iteration_seconds":0.7323665,"phase":"iteration_complete","training_seconds":280.4722993000001}
STUDY_PHASE {"elapsed_seconds":303.6610037,"iteration":415,"iteration_seconds":0.7763523,"phase":"iteration_complete","training_seconds":281.2486516000001}
STUDY_PHASE {"elapsed_seconds":304.4180383,"iteration":416,"iteration_seconds":0.7569847,"phase":"iteration_complete","training_seconds":282.00563630000005}
STUDY_PHASE {"elapsed_seconds":305.1619691,"iteration":417,"iteration_seconds":0.7438686,"phase":"iteration_complete","training_seconds":282.74950490000003}
STUDY_PHASE {"elapsed_seconds":305.8837322,"iteration":418,"iteration_seconds":0.7217115,"phase":"iteration_complete","training_seconds":283.47121640000006}
STUDY_PHASE {"elapsed_seconds":306.590787,"iteration":419,"iteration_seconds":0.7069841,"phase":"iteration_complete","training_seconds":284.17820050000006}
STUDY_PHASE {"elapsed_seconds":307.3052043,"iteration":420,"iteration_seconds":0.7143707,"phase":"iteration_complete","training_seconds":284.8925712000001}
STUDY_PHASE {"elapsed_seconds":308.098358,"iteration":421,"iteration_seconds":0.7931093,"phase":"iteration_complete","training_seconds":285.6856805000001}
STUDY_PHASE {"elapsed_seconds":308.9503757,"iteration":422,"iteration_seconds":0.8519774,"phase":"iteration_complete","training_seconds":286.5376579000001}
STUDY_PHASE {"elapsed_seconds":309.7016864,"iteration":423,"iteration_seconds":0.7512431,"phase":"iteration_complete","training_seconds":287.2889010000001}
STUDY_PHASE {"elapsed_seconds":310.4207459,"iteration":424,"iteration_seconds":0.7189911,"phase":"iteration_complete","training_seconds":288.0078921000001}
STUDY_PHASE {"elapsed_seconds":311.1318686,"iteration":425,"iteration_seconds":0.7110797,"phase":"iteration_complete","training_seconds":288.71897180000013}
STUDY_PHASE {"elapsed_seconds":311.897262,"iteration":426,"iteration_seconds":0.76535,"phase":"iteration_complete","training_seconds":289.48432180000015}
STUDY_PHASE {"elapsed_seconds":312.6633894,"iteration":427,"iteration_seconds":0.7660867,"phase":"iteration_complete","training_seconds":290.25040850000016}
STUDY_PHASE {"elapsed_seconds":313.4005976,"iteration":428,"iteration_seconds":0.7371461,"phase":"iteration_complete","training_seconds":290.9875546000002}
STUDY_PHASE {"elapsed_seconds":314.1654561,"iteration":429,"iteration_seconds":0.7647773,"phase":"iteration_complete","training_seconds":291.7523319000002}
STUDY_PHASE {"elapsed_seconds":314.9632906,"iteration":430,"iteration_seconds":0.7977932,"phase":"iteration_complete","training_seconds":292.5501251000002}
STUDY_PHASE {"elapsed_seconds":315.7557887,"iteration":431,"iteration_seconds":0.792457,"phase":"iteration_complete","training_seconds":293.3425821000002}
STUDY_PHASE {"elapsed_seconds":316.496559,"iteration":432,"iteration_seconds":0.7407171,"phase":"iteration_complete","training_seconds":294.08329920000017}
STUDY_PHASE {"elapsed_seconds":317.3130624,"iteration":433,"iteration_seconds":0.8164634,"phase":"iteration_complete","training_seconds":294.89976260000014}
STUDY_PHASE {"elapsed_seconds":318.1093207,"iteration":434,"iteration_seconds":0.7962124,"phase":"iteration_complete","training_seconds":295.69597500000015}
STUDY_PHASE {"elapsed_seconds":318.883472,"iteration":435,"iteration_seconds":0.7740828,"phase":"iteration_complete","training_seconds":296.4700578000001}
STUDY_PHASE {"elapsed_seconds":319.6906439,"iteration":436,"iteration_seconds":0.8071341,"phase":"iteration_complete","training_seconds":297.2771919000001}
STUDY_PHASE {"elapsed_seconds":320.4993295,"iteration":437,"iteration_seconds":0.8086245,"phase":"iteration_complete","training_seconds":298.0858164000001}
STUDY_PHASE {"elapsed_seconds":321.3317226,"iteration":438,"iteration_seconds":0.832347,"phase":"iteration_complete","training_seconds":298.91816340000014}
STUDY_PHASE {"elapsed_seconds":322.1908785,"iteration":439,"iteration_seconds":0.8591108,"phase":"iteration_complete","training_seconds":299.77727420000014}
STUDY_PHASE {"elapsed_seconds":322.9393943,"iteration":440,"iteration_seconds":0.748472,"phase":"iteration_complete","training_seconds":300.5257462000001}
STUDY_PHASE {"elapsed_seconds":323.7033445,"iteration":441,"iteration_seconds":0.7639006,"phase":"iteration_complete","training_seconds":301.2896468000001}
STUDY_PHASE {"elapsed_seconds":324.456259,"iteration":442,"iteration_seconds":0.7528646,"phase":"iteration_complete","training_seconds":302.04251140000014}
STUDY_PHASE {"elapsed_seconds":325.2512775,"iteration":443,"iteration_seconds":0.7949768,"phase":"iteration_complete","training_seconds":302.8374882000001}
STUDY_PHASE {"elapsed_seconds":326.1437688,"iteration":444,"iteration_seconds":0.8924375,"phase":"iteration_complete","training_seconds":303.72992570000014}
STUDY_PHASE {"elapsed_seconds":326.972601,"iteration":445,"iteration_seconds":0.8287891,"phase":"iteration_complete","training_seconds":304.55871480000013}
STUDY_PHASE {"elapsed_seconds":327.8781804,"iteration":446,"iteration_seconds":0.9055365,"phase":"iteration_complete","training_seconds":305.4642513000001}
STUDY_PHASE {"elapsed_seconds":328.7648137,"iteration":447,"iteration_seconds":0.8865163,"phase":"iteration_complete","training_seconds":306.3507676000001}
STUDY_PHASE {"elapsed_seconds":329.6497195,"iteration":448,"iteration_seconds":0.8848712,"phase":"iteration_complete","training_seconds":307.2356388000001}
STUDY_PHASE {"elapsed_seconds":330.5090233,"iteration":449,"iteration_seconds":0.8592682,"phase":"iteration_complete","training_seconds":308.0949070000001}
STUDY_PHASE {"elapsed_seconds":331.3917782,"iteration":450,"iteration_seconds":0.8826961,"phase":"iteration_complete","training_seconds":308.97760310000007}
STUDY_PHASE {"elapsed_seconds":332.246136,"iteration":451,"iteration_seconds":0.8543127,"phase":"iteration_complete","training_seconds":309.83191580000005}
STUDY_PHASE {"elapsed_seconds":333.0900013,"iteration":452,"iteration_seconds":0.8438274,"phase":"iteration_complete","training_seconds":310.67574320000006}
STUDY_PHASE {"elapsed_seconds":333.9387089,"iteration":453,"iteration_seconds":0.8486652,"phase":"iteration_complete","training_seconds":311.5244084000001}
STUDY_PHASE {"elapsed_seconds":334.8251967,"iteration":454,"iteration_seconds":0.8864519,"phase":"iteration_complete","training_seconds":312.4108603000001}
STUDY_PHASE {"elapsed_seconds":335.6915535,"iteration":455,"iteration_seconds":0.8663075,"phase":"iteration_complete","training_seconds":313.2771678000001}
STUDY_PHASE {"elapsed_seconds":336.5688388,"iteration":456,"iteration_seconds":0.8772507,"phase":"iteration_complete","training_seconds":314.1544185000001}
STUDY_PHASE {"elapsed_seconds":337.3955746,"iteration":457,"iteration_seconds":0.8266802,"phase":"iteration_complete","training_seconds":314.9810987000001}
STUDY_PHASE {"elapsed_seconds":338.2507251,"iteration":458,"iteration_seconds":0.8551059,"phase":"iteration_complete","training_seconds":315.8362046000001}
STUDY_PHASE {"elapsed_seconds":339.1390247,"iteration":459,"iteration_seconds":0.8882595,"phase":"iteration_complete","training_seconds":316.7244641000001}
STUDY_PHASE {"elapsed_seconds":340.0562739,"iteration":460,"iteration_seconds":0.9172037,"phase":"iteration_complete","training_seconds":317.6416678000001}
STUDY_PHASE {"elapsed_seconds":340.8302971,"iteration":461,"iteration_seconds":0.773975,"phase":"iteration_complete","training_seconds":318.4156428000001}
STUDY_PHASE {"elapsed_seconds":341.6324468,"iteration":462,"iteration_seconds":0.8021111,"phase":"iteration_complete","training_seconds":319.2177539000001}
STUDY_PHASE {"elapsed_seconds":342.560158,"iteration":463,"iteration_seconds":0.9276655,"phase":"iteration_complete","training_seconds":320.1454194000001}
STUDY_PHASE {"elapsed_seconds":343.5407857,"iteration":464,"iteration_seconds":0.9805714,"phase":"iteration_complete","training_seconds":321.12599080000007}
STUDY_PHASE {"elapsed_seconds":344.4292838,"iteration":465,"iteration_seconds":0.8884639,"phase":"iteration_complete","training_seconds":322.01445470000004}
STUDY_PHASE {"elapsed_seconds":345.3231861,"iteration":466,"iteration_seconds":0.8938484,"phase":"iteration_complete","training_seconds":322.90830310000007}
STUDY_PHASE {"elapsed_seconds":346.1241769,"iteration":467,"iteration_seconds":0.8009564,"phase":"iteration_complete","training_seconds":323.7092595000001}
STUDY_PHASE {"elapsed_seconds":346.9093579,"iteration":468,"iteration_seconds":0.7851419,"phase":"iteration_complete","training_seconds":324.4944014000001}
STUDY_PHASE {"elapsed_seconds":347.7479534,"iteration":469,"iteration_seconds":0.8385598,"phase":"iteration_complete","training_seconds":325.33296120000006}
STUDY_PHASE {"elapsed_seconds":348.5464443,"iteration":470,"iteration_seconds":0.7984494,"phase":"iteration_complete","training_seconds":326.13141060000004}
STUDY_PHASE {"elapsed_seconds":349.3222743,"iteration":471,"iteration_seconds":0.7757807,"phase":"iteration_complete","training_seconds":326.9071913}
STUDY_PHASE {"elapsed_seconds":350.1508231,"iteration":472,"iteration_seconds":0.8285122,"phase":"iteration_complete","training_seconds":327.7357035}
STUDY_PHASE {"elapsed_seconds":350.9298973,"iteration":473,"iteration_seconds":0.7790261,"phase":"iteration_complete","training_seconds":328.5147296}
STUDY_PHASE {"elapsed_seconds":351.6512422,"iteration":474,"iteration_seconds":0.72129,"phase":"iteration_complete","training_seconds":329.2360196}
STUDY_PHASE {"elapsed_seconds":352.3503498,"iteration":475,"iteration_seconds":0.6990662,"phase":"iteration_complete","training_seconds":329.9350858}
STUDY_PHASE {"elapsed_seconds":353.0368922,"iteration":476,"iteration_seconds":0.6865014,"phase":"iteration_complete","training_seconds":330.6215872}
STUDY_PHASE {"elapsed_seconds":353.6987372,"iteration":477,"iteration_seconds":0.6617965,"phase":"iteration_complete","training_seconds":331.2833837}
STUDY_PHASE {"elapsed_seconds":354.3829136,"iteration":478,"iteration_seconds":0.6841328,"phase":"iteration_complete","training_seconds":331.9675165}
STUDY_PHASE {"elapsed_seconds":355.0826242,"iteration":479,"iteration_seconds":0.6996506,"phase":"iteration_complete","training_seconds":332.6671671}
STUDY_PHASE {"elapsed_seconds":355.7522364,"iteration":480,"iteration_seconds":0.6695675,"phase":"iteration_complete","training_seconds":333.3367346}
STUDY_PHASE {"elapsed_seconds":356.4371409,"iteration":481,"iteration_seconds":0.6848455,"phase":"iteration_complete","training_seconds":334.0215801}
STUDY_PHASE {"elapsed_seconds":357.1172715,"iteration":482,"iteration_seconds":0.6800867,"phase":"iteration_complete","training_seconds":334.7016668}
STUDY_PHASE {"elapsed_seconds":357.7828774,"iteration":483,"iteration_seconds":0.6655646,"phase":"iteration_complete","training_seconds":335.3672314}
STUDY_PHASE {"elapsed_seconds":358.5317489,"iteration":484,"iteration_seconds":0.7488322,"phase":"iteration_complete","training_seconds":336.11606359999996}
STUDY_PHASE {"elapsed_seconds":359.2890379,"iteration":485,"iteration_seconds":0.7572461,"phase":"iteration_complete","training_seconds":336.87330969999994}
STUDY_PHASE {"elapsed_seconds":360.0622106,"iteration":486,"iteration_seconds":0.7731197,"phase":"iteration_complete","training_seconds":337.64642939999993}
STUDY_PHASE {"elapsed_seconds":360.7982515,"iteration":487,"iteration_seconds":0.7359942,"phase":"iteration_complete","training_seconds":338.3824235999999}
STUDY_PHASE {"elapsed_seconds":361.514397,"iteration":488,"iteration_seconds":0.7160961,"phase":"iteration_complete","training_seconds":339.09851969999994}
STUDY_PHASE {"elapsed_seconds":362.2264423,"iteration":489,"iteration_seconds":0.7120048,"phase":"iteration_complete","training_seconds":339.81052449999993}
STUDY_PHASE {"elapsed_seconds":362.9603633,"iteration":490,"iteration_seconds":0.7338801,"phase":"iteration_complete","training_seconds":340.54440459999995}
STUDY_PHASE {"elapsed_seconds":363.6765189,"iteration":491,"iteration_seconds":0.7160961,"phase":"iteration_complete","training_seconds":341.26050069999997}
STUDY_PHASE {"elapsed_seconds":364.4432986,"iteration":492,"iteration_seconds":0.7667414,"phase":"iteration_complete","training_seconds":342.02724209999997}
STUDY_PHASE {"elapsed_seconds":365.1500357,"iteration":493,"iteration_seconds":0.7066937,"phase":"iteration_complete","training_seconds":342.7339358}
STUDY_PHASE {"elapsed_seconds":365.8400892,"iteration":494,"iteration_seconds":0.6900031,"phase":"iteration_complete","training_seconds":343.4239389}
STUDY_PHASE {"elapsed_seconds":366.6677436,"iteration":495,"iteration_seconds":0.827607,"phase":"iteration_complete","training_seconds":344.2515459}
STUDY_PHASE {"elapsed_seconds":367.375611,"iteration":496,"iteration_seconds":0.707818,"phase":"iteration_complete","training_seconds":344.95936389999997}
STUDY_PHASE {"elapsed_seconds":368.0707729,"iteration":497,"iteration_seconds":0.6951213,"phase":"iteration_complete","training_seconds":345.65448519999995}
STUDY_PHASE {"elapsed_seconds":368.7542205,"iteration":498,"iteration_seconds":0.683399,"phase":"iteration_complete","training_seconds":346.33788419999996}
STUDY_PHASE {"elapsed_seconds":369.4331377,"iteration":499,"iteration_seconds":0.6788533,"phase":"iteration_complete","training_seconds":347.0167375}
STUDY_PHASE {"elapsed_seconds":370.1448586,"iteration":500,"iteration_seconds":0.7116866,"phase":"iteration_complete","training_seconds":347.7284241}
STUDY_PHASE {"elapsed_seconds":370.1449297,"iteration":500,"phase":"evaluation_start"}
STUDY_PHASE {"elapsed_seconds":378.3117135,"evaluation_seconds":24.0675915,"iteration":500,"phase":"evaluation_complete"}
500 gap=0.019091958965665734 elapsed=378.3
STUDY_CHECKPOINT {"iteration":500,"payload_bytes":1376449008,"saved":"S:\\GTOpen-research\\checkpoint-long-v1\\final-from-37"}
