capacity AdAcJc 39.5: 1 entries, state 0.292 GB, retained GPU 0.048 GB
capacity AdAcJc 93.5: 2 entries, state 0.377 GB, retained GPU 0.069 GB
capacity AdAc3c 39.5: 3 entries, state 0.686 GB, retained GPU 0.117 GB
capacity AdAc3c 93.5: 4 entries, state 0.777 GB, retained GPU 0.139 GB
capacity AcKd9h 39.5: 5 entries, state 1.297 GB, retained GPU 0.188 GB
capacity AcKd9h 93.5: 6 entries, state 1.449 GB, retained GPU 0.210 GB
capacity AcKd5h 39.5: 7 entries, state 1.981 GB, retained GPU 0.259 GB
capacity AcKd5h 93.5: 8 entries, state 2.137 GB, retained GPU 0.281 GB
capacity AcKcQc 39.5: 9 entries, state 2.281 GB, retained GPU 0.329 GB
capacity AcKcQc 93.5: 10 entries, state 2.324 GB, retained GPU 0.350 GB
capacity AcQdJh 39.5: 11 entries, state 2.841 GB, retained GPU 0.399 GB
capacity AcQdJh 93.5: 12 entries, state 2.992 GB, retained GPU 0.421 GB
capacity AcQd7h 39.5: 13 entries, state 3.532 GB, retained GPU 0.471 GB
capacity AcQd7h 93.5: 14 entries, state 3.690 GB, retained GPU 0.493 GB
capacity AcQd3h 39.5: 15 entries, state 4.237 GB, retained GPU 0.542 GB
capacity AcQd3h 93.5: 16 entries, state 4.397 GB, retained GPU 0.565 GB
capacity AcQc4d 39.5: 17 entries, state 4.723 GB, retained GPU 0.613 GB
capacity AcQc4d 93.5: 18 entries, state 4.818 GB, retained GPU 0.635 GB
capacity AcJd8c 39.5: 19 entries, state 5.134 GB, retained GPU 0.684 GB
capacity AcJd8c 93.5: 20 entries, state 5.226 GB, retained GPU 0.706 GB
capacity AcJd4c 39.5: 21 entries, state 5.551 GB, retained GPU 0.754 GB
capacity AcJd4c 93.5: 22 entries, state 5.646 GB, retained GPU 0.776 GB
capacity AcJc4d 39.5: 23 entries, state 5.970 GB, retained GPU 0.825 GB
capacity AcJc4d 93.5: 24 entries, state 6.066 GB, retained GPU 0.847 GB
capacity AcTd7d 39.5: 25 entries, state 6.387 GB, retained GPU 0.896 GB
capacity AcTd7d 93.5: 26 entries, state 6.482 GB, retained GPU 0.918 GB
capacity AcTd3c 39.5: 27 entries, state 6.809 GB, retained GPU 0.966 GB
capacity AcTd3c 93.5: 28 entries, state 6.905 GB, retained GPU 0.988 GB
capacity Ac9h9d 39.5: 29 entries, state 7.449 GB, retained GPU 1.038 GB
capacity Ac9h9d 93.5: 30 entries, state 7.609 GB, retained GPU 1.060 GB
capacity Ac9d5c 39.5: 31 entries, state 7.940 GB, retained GPU 1.109 GB
capacity Ac9d5c 93.5: 32 entries, state 8.038 GB, retained GPU 1.131 GB
capacity Ac9c6c 39.5: 33 entries, state 8.194 GB, retained GPU 1.179 GB
capacity Ac9c6c 93.5: 34 entries, state 8.241 GB, retained GPU 1.201 GB
capacity Ac8d5h 39.5: 35 entries, state 8.794 GB, retained GPU 1.251 GB
capacity Ac8d5h 93.5: 36 entries, state 8.956 GB, retained GPU 1.273 GB
capacity Ac8c7c 39.5: 37 entries, state 9.113 GB, retained GPU 1.321 GB
capacity Ac8c7c 93.5: 38 entries, state 9.160 GB, retained GPU 1.343 GB
capacity Ac7d5c 39.5: 39 entries, state 9.497 GB, retained GPU 1.392 GB
capacity Ac7d5c 93.5: 40 entries, state 9.596 GB, retained GPU 1.415 GB
capacity Ac7c3d 39.5: 41 entries, state 9.935 GB, retained GPU 1.464 GB
capacity Ac7c3d 93.5: 42 entries, state 10.034 GB, retained GPU 1.486 GB
capacity Ac6d3c 39.5: 43 entries, state 10.375 GB, retained GPU 1.535 GB
capacity Ac6d3c 93.5: 44 entries, state 10.475 GB, retained GPU 1.557 GB
capacity Ac5d3h 39.5: 45 entries, state 11.045 GB, retained GPU 1.607 GB
capacity Ac5d3h 93.5: 46 entries, state 11.212 GB, retained GPU 1.630 GB
capacity Ac4d3c 39.5: 47 entries, state 11.555 GB, retained GPU 1.679 GB
capacity Ac4d3c 93.5: 48 entries, state 11.656 GB, retained GPU 1.701 GB
capacity Ac2d2c 39.5: 49 entries, state 12.000 GB, retained GPU 1.751 GB
capacity Ac2d2c 93.5: 50 entries, state 12.101 GB, retained GPU 1.773 GB
capacity KdKc4h 39.5: 51 entries, state 12.656 GB, retained GPU 1.823 GB
capacity KdKc4h 93.5: 52 entries, state 12.819 GB, retained GPU 1.845 GB
capacity KcQd9h 39.5: 53 entries, state 13.366 GB, retained GPU 1.895 GB
capacity KcQd9h 93.5: 54 entries, state 13.526 GB, retained GPU 1.917 GB
capacity KcQd5h 39.5: 55 entries, state 14.087 GB, retained GPU 1.967 GB
capacity KcQd5h 93.5: 56 entries, state 14.252 GB, retained GPU 1.989 GB
capacity KcQcTd 39.5: 57 entries, state 14.574 GB, retained GPU 2.038 GB
capacity KcQcTd 93.5: 58 entries, state 14.668 GB, retained GPU 2.060 GB
capacity KcJdTd 39.5: 59 entries, state 14.990 GB, retained GPU 2.108 GB
capacity KcJdTd 93.5: 60 entries, state 15.084 GB, retained GPU 2.130 GB
capacity KcJd6d 39.5: 61 entries, state 15.418 GB, retained GPU 2.179 GB
capacity KcJd6d 93.5: 62 entries, state 15.515 GB, retained GPU 2.201 GB
capacity KcJd2c 39.5: 63 entries, state 15.852 GB, retained GPU 2.250 GB
capacity KcJd2c 93.5: 64 entries, state 15.950 GB, retained GPU 2.272 GB
capacity KcTd9h 39.5: 65 entries, state 16.499 GB, retained GPU 2.322 GB
capacity KcTd9h 93.5: 66 entries, state 16.660 GB, retained GPU 2.344 GB
capacity KcTd5d 39.5: 67 entries, state 16.996 GB, retained GPU 2.393 GB
capacity KcTd5d 93.5: 68 entries, state 17.094 GB, retained GPU 2.416 GB
capacity KcTc7d 39.5: 69 entries, state 17.428 GB, retained GPU 2.464 GB
capacity KcTc7d 93.5: 70 entries, state 17.525 GB, retained GPU 2.487 GB
capacity Kc9d7d 39.5: 71 entries, state 17.865 GB, retained GPU 2.536 GB
capacity Kc9d7d 93.5: 72 entries, state 17.965 GB, retained GPU 2.558 GB
capacity Kc9d3d 39.5: 73 entries, state 18.309 GB, retained GPU 2.607 GB
capacity Kc9d3d 93.5: 74 entries, state 18.409 GB, retained GPU 2.630 GB
capacity Kc8d7h 39.5: 75 entries, state 18.980 GB, retained GPU 2.679 GB
capacity Kc8d7h 93.5: 76 entries, state 19.147 GB, retained GPU 2.702 GB
capacity Kc8d3h 39.5: 77 entries, state 19.725 GB, retained GPU 2.752 GB
capacity Kc8d3h 93.5: 78 entries, state 19.894 GB, retained GPU 2.775 GB
capacity Kc7h7d 39.5: 79 entries, state 20.475 GB, retained GPU 2.825 GB
capacity Kc7h7d 93.5: 80 entries, state 20.645 GB, retained GPU 2.847 GB
capacity Kc7d3c 39.5: 81 entries, state 20.995 GB, retained GPU 2.897 GB
capacity Kc7d3c 93.5: 82 entries, state 21.098 GB, retained GPU 2.919 GB
capacity Kc6d5c 39.5: 83 entries, state 21.447 GB, retained GPU 2.969 GB
capacity Kc6d5c 93.5: 84 entries, state 21.549 GB, retained GPU 2.991 GB
capacity Kc6c3d 39.5: 85 entries, state 21.901 GB, retained GPU 3.041 GB
capacity Kc6c3d 93.5: 86 entries, state 22.004 GB, retained GPU 3.063 GB
capacity Kc5c4d 39.5: 87 entries, state 22.355 GB, retained GPU 3.113 GB
capacity Kc5c4d 93.5: 88 entries, state 22.458 GB, retained GPU 3.135 GB
capacity Kc3h3d 39.5: 89 entries, state 23.054 GB, retained GPU 3.185 GB
capacity Kc3h3d 93.5: 90 entries, state 23.229 GB, retained GPU 3.208 GB
capacity QdQc8c 39.5: 91 entries, state 23.564 GB, retained GPU 3.257 GB
capacity QdQc8c 93.5: 92 entries, state 23.663 GB, retained GPU 3.279 GB
capacity QcJdTh 39.5: 93 entries, state 24.209 GB, retained GPU 3.329 GB
capacity QcJdTh 93.5: 94 entries, state 24.368 GB, retained GPU 3.351 GB
capacity QcJd6d 39.5: 95 entries, state 24.707 GB, retained GPU 3.400 GB
capacity QcJd6d 93.5: 96 entries, state 24.807 GB, retained GPU 3.423 GB
capacity QcJd2d 39.5: 97 entries, state 25.149 GB, retained GPU 3.472 GB
capacity QcJd2d 93.5: 98 entries, state 25.249 GB, retained GPU 3.494 GB
capacity QcTd9h 39.5: 99 entries, state 25.807 GB, retained GPU 3.544 GB
capacity QcTd9h 93.5: 100 entries, state 25.970 GB, retained GPU 3.566 GB
capacity QcTd5h 39.5: 101 entries, state 26.542 GB, retained GPU 3.616 GB
capacity QcTd5h 93.5: 102 entries, state 26.710 GB, retained GPU 3.639 GB
capacity QcTc8d 39.5: 103 entries, state 27.044 GB, retained GPU 3.688 GB
capacity QcTc8d 93.5: 104 entries, state 27.142 GB, retained GPU 3.710 GB
capacity Qc9d7h 39.5: 105 entries, state 27.722 GB, retained GPU 3.760 GB
capacity Qc9d7h 93.5: 106 entries, state 27.891 GB, retained GPU 3.783 GB
capacity Qc9d3d 39.5: 107 entries, state 28.241 GB, retained GPU 3.832 GB
capacity Qc9d3d 93.5: 108 entries, state 28.344 GB, retained GPU 3.854 GB
capacity Qc8d8c 39.5: 109 entries, state 28.688 GB, retained GPU 3.904 GB
capacity Qc8d8c 93.5: 110 entries, state 28.789 GB, retained GPU 3.926 GB
capacity Qc8d4c 39.5: 111 entries, state 29.139 GB, retained GPU 3.975 GB
capacity Qc8d4c 93.5: 112 entries, state 29.241 GB, retained GPU 3.998 GB
capacity Qc7h7d 39.5: 113 entries, state 29.833 GB, retained GPU 4.048 GB
capacity Qc7h7d 93.5: 114 entries, state 30.006 GB, retained GPU 4.071 GB
capacity Qc7d3d 39.5: 115 entries, state 30.363 GB, retained GPU 4.120 GB
capacity Qc7d3d 93.5: 116 entries, state 30.467 GB, retained GPU 4.143 GB
capacity Qc6d5d 39.5: 117 entries, state 30.823 GB, retained GPU 4.193 GB
capacity Qc6d5d 93.5: 118 entries, state 30.928 GB, retained GPU 4.215 GB
capacity Qc6c3d 39.5: 119 entries, state 31.286 GB, retained GPU 4.265 GB
capacity Qc6c3d 93.5: 120 entries, state 31.391 GB, retained GPU 4.288 GB
capacity Qc5d2c 39.5: 121 entries, state 31.750 GB, retained GPU 4.337 GB
capacity Qc5d2c 93.5: 122 entries, state 31.855 GB, retained GPU 4.360 GB
capacity Qc4c2d 39.5: 123 entries, state 32.215 GB, retained GPU 4.409 GB
capacity Qc4c2d 93.5: 124 entries, state 32.320 GB, retained GPU 4.432 GB
capacity JdJc7h 39.5: 125 entries, state 32.887 GB, retained GPU 4.482 GB
capacity JdJc7h 93.5: 126 entries, state 33.054 GB, retained GPU 4.505 GB
capacity JcTd9d 39.5: 127 entries, state 33.387 GB, retained GPU 4.554 GB
capacity JcTd9d 93.5: 128 entries, state 33.485 GB, retained GPU 4.576 GB
capacity JcTd5c 39.5: 129 entries, state 33.826 GB, retained GPU 4.625 GB
capacity JcTd5c 93.5: 130 entries, state 33.926 GB, retained GPU 4.647 GB
capacity JcTc7c 39.5: 131 entries, state 34.087 GB, retained GPU 4.696 GB
capacity JcTc7c 93.5: 132 entries, state 34.134 GB, retained GPU 4.718 GB
capacity Jc9d7c 39.5: 133 entries, state 34.479 GB, retained GPU 4.767 GB
capacity Jc9d7c 93.5: 134 entries, state 34.580 GB, retained GPU 4.789 GB
capacity Jc9d3c 39.5: 135 entries, state 34.929 GB, retained GPU 4.839 GB
capacity Jc9d3c 93.5: 136 entries, state 35.031 GB, retained GPU 4.861 GB
capacity Jc8d7h 39.5: 137 entries, state 35.611 GB, retained GPU 4.911 GB
capacity Jc8d7h 93.5: 138 entries, state 35.781 GB, retained GPU 4.934 GB
capacity Jc8d3h 39.5: 139 entries, state 36.368 GB, retained GPU 4.984 GB
capacity Jc8d3h 93.5: 140 entries, state 36.540 GB, retained GPU 5.007 GB
capacity Jc7d7c 39.5: 141 entries, state 36.891 GB, retained GPU 5.056 GB
capacity Jc7d7c 93.5: 142 entries, state 36.995 GB, retained GPU 5.079 GB
capacity Jc7d2h 39.5: 143 entries, state 37.591 GB, retained GPU 5.129 GB
capacity Jc7d2h 93.5: 144 entries, state 37.766 GB, retained GPU 5.152 GB
capacity Jc6d4h 39.5: 145 entries, state 38.363 GB, retained GPU 5.202 GB
capacity Jc6d4h 93.5: 146 entries, state 38.538 GB, retained GPU 5.225 GB
capacity Jc6c2d 39.5: 147 entries, state 38.896 GB, retained GPU 5.275 GB
capacity Jc6c2d 93.5: 148 entries, state 39.000 GB, retained GPU 5.297 GB
capacity Jc5c3d 39.5: 149 entries, state 39.358 GB, retained GPU 5.347 GB
capacity Jc5c3d 93.5: 150 entries, state 39.463 GB, retained GPU 5.370 GB
capacity Jc3d3c 39.5: 151 entries, state 39.824 GB, retained GPU 5.419 GB
capacity Jc3d3c 93.5: 152 entries, state 39.929 GB, retained GPU 5.442 GB
capacity TdTc5h 39.5: 153 entries, state 40.506 GB, retained GPU 5.492 GB
capacity TdTc5h 93.5: 154 entries, state 40.675 GB, retained GPU 5.515 GB
capacity Tc9d7d 39.5: 155 entries, state 41.022 GB, retained GPU 5.564 GB
capacity Tc9d7d 93.5: 156 entries, state 41.124 GB, retained GPU 5.586 GB
capacity Tc9d3c 39.5: 157 entries, state 41.475 GB, retained GPU 5.636 GB
capacity Tc9d3c 93.5: 158 entries, state 41.578 GB, retained GPU 5.658 GB
capacity Tc8d7h 39.5: 159 entries, state 42.160 GB, retained GPU 5.708 GB
capacity Tc8d7h 93.5: 160 entries, state 42.331 GB, retained GPU 5.731 GB
capacity Tc8d3h 39.5: 161 entries, state 42.921 GB, retained GPU 5.781 GB
capacity Tc8d3h 93.5: 162 entries, state 43.094 GB, retained GPU 5.804 GB
capacity Tc7d7c 39.5: 163 entries, state 43.447 GB, retained GPU 5.854 GB
capacity Tc7d7c 93.5: 164 entries, state 43.551 GB, retained GPU 5.876 GB
capacity Tc7d3c 39.5: 165 entries, state 43.908 GB, retained GPU 5.926 GB
capacity Tc7d3c 93.5: 166 entries, state 44.013 GB, retained GPU 5.948 GB
capacity Tc6d5c 39.5: 167 entries, state 44.370 GB, retained GPU 5.998 GB
capacity Tc6d5c 93.5: 168 entries, state 44.474 GB, retained GPU 6.021 GB
capacity Tc6c3c 39.5: 169 entries, state 44.644 GB, retained GPU 6.070 GB
capacity Tc6c3c 93.5: 170 entries, state 44.694 GB, retained GPU 6.092 GB
capacity Tc5c4d 39.5: 171 entries, state 45.053 GB, retained GPU 6.142 GB
capacity Tc5c4d 93.5: 172 entries, state 45.158 GB, retained GPU 6.164 GB
capacity Tc3h3d 39.5: 173 entries, state 45.766 GB, retained GPU 6.215 GB
capacity Tc3h3d 93.5: 174 entries, state 45.944 GB, retained GPU 6.238 GB
capacity 9d9c5c 39.5: 175 entries, state 46.301 GB, retained GPU 6.287 GB
capacity 9d9c5c 93.5: 176 entries, state 46.405 GB, retained GPU 6.310 GB
capacity 9c8d6c 39.5: 177 entries, state 46.761 GB, retained GPU 6.360 GB
capacity 9c8d6c 93.5: 178 entries, state 46.865 GB, retained GPU 6.382 GB
capacity 9c8c7d 39.5: 179 entries, state 47.220 GB, retained GPU 6.432 GB
capacity 9c8c7d 93.5: 180 entries, state 47.323 GB, retained GPU 6.454 GB
capacity 9c7d5d 39.5: 181 entries, state 47.684 GB, retained GPU 6.504 GB
capacity 9c7d5d 93.5: 182 entries, state 47.790 GB, retained GPU 6.527 GB
capacity 9c7c4d 39.5: 183 entries, state 48.154 GB, retained GPU 6.576 GB
capacity 9c7c4d 93.5: 184 entries, state 48.261 GB, retained GPU 6.599 GB
capacity 9c6d3c 39.5: 185 entries, state 48.626 GB, retained GPU 6.649 GB
capacity 9c6d3c 93.5: 186 entries, state 48.733 GB, retained GPU 6.672 GB
capacity 9c5d3h 39.5: 187 entries, state 49.346 GB, retained GPU 6.722 GB
capacity 9c5d3h 93.5: 188 entries, state 49.526 GB, retained GPU 6.746 GB
capacity 9c4d3d 39.5: 189 entries, state 49.893 GB, retained GPU 6.795 GB
capacity 9c4d3d 93.5: 190 entries, state 50.001 GB, retained GPU 6.818 GB
capacity 9c2d2c 39.5: 191 entries, state 50.370 GB, retained GPU 6.868 GB
capacity 9c2d2c 93.5: 192 entries, state 50.479 GB, retained GPU 6.891 GB
capacity 8c7d6h 39.5: 193 entries, state 51.085 GB, retained GPU 6.942 GB
capacity 8c7d6h 93.5: 194 entries, state 51.263 GB, retained GPU 6.965 GB
capacity 8c7d2h 39.5: 195 entries, state 51.875 GB, retained GPU 7.015 GB
capacity 8c7d2h 93.5: 196 entries, state 52.054 GB, retained GPU 7.038 GB
capacity 8c6d4h 39.5: 197 entries, state 52.667 GB, retained GPU 7.089 GB
capacity 8c6d4h 93.5: 198 entries, state 52.846 GB, retained GPU 7.112 GB
capacity 8c5h5d 39.5: 199 entries, state 53.458 GB, retained GPU 7.162 GB
capacity 8c5h5d 93.5: 200 entries, state 53.637 GB, retained GPU 7.186 GB
capacity 8c5c2d 39.5: 201 entries, state 54.004 GB, retained GPU 7.235 GB
capacity 8c5c2d 93.5: 202 entries, state 54.111 GB, retained GPU 7.258 GB
capacity 8c3d2h 39.5: 203 entries, state 54.730 GB, retained GPU 7.309 GB
capacity 8c3d2h 93.5: 204 entries, state 54.911 GB, retained GPU 7.332 GB
capacity 7d7c2c 39.5: 205 entries, state 55.282 GB, retained GPU 7.382 GB
capacity 7d7c2c 93.5: 206 entries, state 55.391 GB, retained GPU 7.405 GB
capacity 7c6d2h 39.5: 207 entries, state 56.015 GB, retained GPU 7.456 GB
capacity 7c6d2h 93.5: 208 entries, state 56.198 GB, retained GPU 7.479 GB
capacity 7c5d3c 39.5: 209 entries, state 56.570 GB, retained GPU 7.529 GB
capacity 7c5d3c 93.5: 210 entries, state 56.679 GB, retained GPU 7.552 GB
capacity 7c4d2h 39.5: 211 entries, state 57.306 GB, retained GPU 7.602 GB
capacity 7c4d2h 93.5: 212 entries, state 57.489 GB, retained GPU 7.626 GB
capacity 6d6c5c 39.5: 213 entries, state 57.862 GB, retained GPU 7.676 GB
capacity 6d6c5c 93.5: 214 entries, state 57.971 GB, retained GPU 7.699 GB
capacity 6c5d2h 39.5: 215 entries, state 58.598 GB, retained GPU 7.749 GB
capacity 6c5d2h 93.5: 216 entries, state 58.782 GB, retained GPU 7.773 GB
capacity 6c4d2d 39.5: 217 entries, state 59.157 GB, retained GPU 7.823 GB
capacity 6c4d2d 93.5: 218 entries, state 59.267 GB, retained GPU 7.846 GB
capacity 5d5c3h 39.5: 219 entries, state 59.896 GB, retained GPU 7.897 GB
capacity 5d5c3h 93.5: 220 entries, state 60.080 GB, retained GPU 7.920 GB
capacity 5c3h3d 39.5: 221 entries, state 60.713 GB, retained GPU 7.971 GB
capacity 5c3h3d 93.5: 222 entries, state 60.898 GB, retained GPU 7.994 GB
capacity 4c3d2h 39.5: 223 entries, state 61.532 GB, retained GPU 8.045 GB
capacity 4c3d2h 93.5: 224 entries, state 61.718 GB, retained GPU 8.069 GB
