capacity AdAcTh 39.5: 1 entries, state 0.491 GB, retained GPU 0.049 GB
capacity AdAcTh 93.5: 2 entries, state 0.634 GB, retained GPU 0.070 GB
capacity AcKdKc 39.5: 3 entries, state 0.933 GB, retained GPU 0.118 GB
capacity AcKdKc 93.5: 4 entries, state 1.021 GB, retained GPU 0.140 GB
capacity AcKd8d 39.5: 5 entries, state 1.332 GB, retained GPU 0.188 GB
capacity AcKd8d 93.5: 6 entries, state 1.423 GB, retained GPU 0.210 GB
capacity AcKd3h 39.5: 7 entries, state 1.960 GB, retained GPU 0.259 GB
capacity AcKd3h 93.5: 8 entries, state 2.117 GB, retained GPU 0.281 GB
capacity AcKc3d 39.5: 9 entries, state 2.437 GB, retained GPU 0.330 GB
capacity AcKc3d 93.5: 10 entries, state 2.531 GB, retained GPU 0.352 GB
capacity AcQd8c 39.5: 11 entries, state 2.848 GB, retained GPU 0.400 GB
capacity AcQd8c 93.5: 12 entries, state 2.941 GB, retained GPU 0.422 GB
capacity AcQd3d 39.5: 13 entries, state 3.267 GB, retained GPU 0.471 GB
capacity AcQd3d 93.5: 14 entries, state 3.363 GB, retained GPU 0.493 GB
capacity AcJhJd 39.5: 15 entries, state 3.880 GB, retained GPU 0.542 GB
capacity AcJhJd 93.5: 16 entries, state 4.031 GB, retained GPU 0.564 GB
capacity AcJd6h 39.5: 17 entries, state 4.571 GB, retained GPU 0.613 GB
capacity AcJd6h 93.5: 18 entries, state 4.729 GB, retained GPU 0.635 GB
capacity AcJcTd 39.5: 19 entries, state 5.039 GB, retained GPU 0.684 GB
capacity AcJcTd 93.5: 20 entries, state 5.130 GB, retained GPU 0.705 GB
capacity AcTd8d 39.5: 21 entries, state 5.447 GB, retained GPU 0.754 GB
capacity AcTd8d 93.5: 22 entries, state 5.540 GB, retained GPU 0.776 GB
capacity AcTd3h 39.5: 23 entries, state 6.087 GB, retained GPU 0.825 GB
capacity AcTd3h 93.5: 24 entries, state 6.247 GB, retained GPU 0.847 GB
capacity Ac9d9c 39.5: 25 entries, state 6.572 GB, retained GPU 0.896 GB
capacity Ac9d9c 93.5: 26 entries, state 6.667 GB, retained GPU 0.918 GB
capacity Ac9d4d 39.5: 27 entries, state 6.999 GB, retained GPU 0.967 GB
capacity Ac9d4d 93.5: 28 entries, state 7.096 GB, retained GPU 0.989 GB
capacity Ac8h8d 39.5: 29 entries, state 7.640 GB, retained GPU 1.038 GB
capacity Ac8h8d 93.5: 30 entries, state 7.800 GB, retained GPU 1.061 GB
capacity Ac8d3h 39.5: 31 entries, state 8.358 GB, retained GPU 1.110 GB
capacity Ac8d3h 93.5: 32 entries, state 8.521 GB, retained GPU 1.133 GB
capacity Ac7d6c 39.5: 33 entries, state 8.858 GB, retained GPU 1.182 GB
capacity Ac7d6c 93.5: 34 entries, state 8.956 GB, retained GPU 1.204 GB
capacity Ac7c5d 39.5: 35 entries, state 9.293 GB, retained GPU 1.253 GB
capacity Ac7c5d 93.5: 36 entries, state 9.391 GB, retained GPU 1.275 GB
capacity Ac6d2h 39.5: 37 entries, state 9.962 GB, retained GPU 1.325 GB
capacity Ac6d2h 93.5: 38 entries, state 10.129 GB, retained GPU 1.348 GB
capacity Ac5d2h 39.5: 39 entries, state 10.699 GB, retained GPU 1.398 GB
capacity Ac5d2h 93.5: 40 entries, state 10.866 GB, retained GPU 1.420 GB
capacity Ac4c2d 39.5: 41 entries, state 11.209 GB, retained GPU 1.469 GB
capacity Ac4c2d 93.5: 42 entries, state 11.309 GB, retained GPU 1.492 GB
capacity KdKc8h 39.5: 43 entries, state 11.849 GB, retained GPU 1.541 GB
capacity KdKc8h 93.5: 44 entries, state 12.007 GB, retained GPU 1.563 GB
capacity KcQdJc 39.5: 45 entries, state 12.327 GB, retained GPU 1.612 GB
capacity KcQdJc 93.5: 46 entries, state 12.421 GB, retained GPU 1.634 GB
capacity KcQd6c 39.5: 47 entries, state 12.755 GB, retained GPU 1.683 GB
capacity KcQd6c 93.5: 48 entries, state 12.853 GB, retained GPU 1.705 GB
capacity KcQcTd 39.5: 49 entries, state 13.175 GB, retained GPU 1.754 GB
capacity KcQcTd 93.5: 50 entries, state 13.269 GB, retained GPU 1.775 GB
capacity KcJd9d 39.5: 51 entries, state 13.596 GB, retained GPU 1.824 GB
capacity KcJd9d 93.5: 52 entries, state 13.691 GB, retained GPU 1.846 GB
capacity KcJd4h 39.5: 53 entries, state 14.254 GB, retained GPU 1.896 GB
capacity KcJd4h 93.5: 54 entries, state 14.419 GB, retained GPU 1.918 GB
capacity KcJc4d 39.5: 55 entries, state 14.755 GB, retained GPU 1.967 GB
capacity KcJc4d 93.5: 56 entries, state 14.854 GB, retained GPU 1.990 GB
capacity KcTd6h 39.5: 57 entries, state 15.416 GB, retained GPU 2.039 GB
capacity KcTd6h 93.5: 58 entries, state 15.581 GB, retained GPU 2.062 GB
capacity KcTc9d 39.5: 59 entries, state 15.908 GB, retained GPU 2.111 GB
capacity KcTc9d 93.5: 60 entries, state 16.004 GB, retained GPU 2.133 GB
capacity Kc9d7c 39.5: 61 entries, state 16.344 GB, retained GPU 2.182 GB
capacity Kc9d7c 93.5: 62 entries, state 16.444 GB, retained GPU 2.204 GB
capacity Kc9d2d 39.5: 63 entries, state 16.788 GB, retained GPU 2.253 GB
capacity Kc9d2d 93.5: 64 entries, state 16.888 GB, retained GPU 2.276 GB
capacity Kc8d6d 39.5: 65 entries, state 17.231 GB, retained GPU 2.325 GB
capacity Kc8d6d 93.5: 66 entries, state 17.332 GB, retained GPU 2.347 GB
capacity Kc8c6d 39.5: 67 entries, state 17.674 GB, retained GPU 2.396 GB
capacity Kc8c6d 93.5: 68 entries, state 17.775 GB, retained GPU 2.419 GB
capacity Kc7d4d 39.5: 69 entries, state 18.124 GB, retained GPU 2.468 GB
capacity Kc7d4d 93.5: 70 entries, state 18.226 GB, retained GPU 2.491 GB
capacity Kc6d5h 39.5: 71 entries, state 18.812 GB, retained GPU 2.541 GB
capacity Kc6d5h 93.5: 72 entries, state 18.983 GB, retained GPU 2.563 GB
capacity Kc6c2d 39.5: 73 entries, state 19.335 GB, retained GPU 2.613 GB
capacity Kc6c2d 93.5: 74 entries, state 19.439 GB, retained GPU 2.635 GB
capacity Kc4h4d 39.5: 75 entries, state 20.032 GB, retained GPU 2.686 GB
capacity Kc4h4d 93.5: 76 entries, state 20.205 GB, retained GPU 2.709 GB
capacity Kc3c2d 39.5: 77 entries, state 20.560 GB, retained GPU 2.758 GB
capacity Kc3c2d 93.5: 78 entries, state 20.664 GB, retained GPU 2.781 GB
capacity QdQc3h 39.5: 79 entries, state 21.242 GB, retained GPU 2.831 GB
capacity QdQc3h 93.5: 80 entries, state 21.411 GB, retained GPU 2.853 GB
capacity QcJd7h 39.5: 81 entries, state 21.977 GB, retained GPU 2.903 GB
capacity QcJd7h 93.5: 82 entries, state 22.142 GB, retained GPU 2.926 GB
capacity QcJd2h 39.5: 83 entries, state 22.716 GB, retained GPU 2.976 GB
capacity QcJd2h 93.5: 84 entries, state 22.884 GB, retained GPU 2.998 GB
capacity QcTd9h 39.5: 85 entries, state 23.442 GB, retained GPU 3.048 GB
capacity QcTd9h 93.5: 86 entries, state 23.605 GB, retained GPU 3.070 GB
capacity QcTd4h 39.5: 87 entries, state 24.180 GB, retained GPU 3.120 GB
capacity QcTd4h 93.5: 88 entries, state 24.348 GB, retained GPU 3.143 GB
capacity QcTc3d 39.5: 89 entries, state 24.693 GB, retained GPU 3.192 GB
capacity QcTc3d 93.5: 90 entries, state 24.794 GB, retained GPU 3.214 GB
capacity Qc9d5d 39.5: 91 entries, state 25.141 GB, retained GPU 3.264 GB
capacity Qc9d5d 93.5: 92 entries, state 25.243 GB, retained GPU 3.286 GB
capacity Qc9c4d 39.5: 93 entries, state 25.593 GB, retained GPU 3.336 GB
capacity Qc9c4d 93.5: 94 entries, state 25.696 GB, retained GPU 3.358 GB
capacity Qc8d4h 39.5: 95 entries, state 26.283 GB, retained GPU 3.408 GB
capacity Qc8d4h 93.5: 96 entries, state 26.455 GB, retained GPU 3.431 GB
capacity Qc7d7c 39.5: 97 entries, state 26.808 GB, retained GPU 3.480 GB
capacity Qc7d7c 93.5: 98 entries, state 26.911 GB, retained GPU 3.503 GB
capacity Qc7d2d 39.5: 99 entries, state 27.267 GB, retained GPU 3.552 GB
capacity Qc7d2d 93.5: 100 entries, state 27.372 GB, retained GPU 3.575 GB
capacity Qc6d3h 39.5: 101 entries, state 27.973 GB, retained GPU 3.626 GB
capacity Qc6d3h 93.5: 102 entries, state 28.149 GB, retained GPU 3.649 GB
capacity Qc5d3h 39.5: 103 entries, state 28.750 GB, retained GPU 3.699 GB
capacity Qc5d3h 93.5: 104 entries, state 28.926 GB, retained GPU 3.722 GB
capacity Qc4d2h 39.5: 105 entries, state 29.529 GB, retained GPU 3.772 GB
capacity Qc4d2h 93.5: 106 entries, state 29.706 GB, retained GPU 3.795 GB
capacity JdJc8h 39.5: 107 entries, state 30.264 GB, retained GPU 3.845 GB
capacity JdJc8h 93.5: 108 entries, state 30.428 GB, retained GPU 3.867 GB
capacity JcTd9c 39.5: 109 entries, state 30.761 GB, retained GPU 3.916 GB
capacity JcTd9c 93.5: 110 entries, state 30.859 GB, retained GPU 3.938 GB
capacity JcTd4d 39.5: 111 entries, state 31.202 GB, retained GPU 3.988 GB
capacity JcTd4d 93.5: 112 entries, state 31.302 GB, retained GPU 4.010 GB
capacity JcTc2d 39.5: 113 entries, state 31.647 GB, retained GPU 4.059 GB
capacity JcTc2d 93.5: 114 entries, state 31.748 GB, retained GPU 4.082 GB
capacity Jc9d4h 39.5: 115 entries, state 32.332 GB, retained GPU 4.132 GB
capacity Jc9d4h 93.5: 116 entries, state 32.503 GB, retained GPU 4.154 GB
capacity Jc9c3c 39.5: 117 entries, state 32.669 GB, retained GPU 4.203 GB
capacity Jc9c3c 93.5: 118 entries, state 32.718 GB, retained GPU 4.225 GB
capacity Jc8d4c 39.5: 119 entries, state 33.067 GB, retained GPU 4.275 GB
capacity Jc8d4c 93.5: 120 entries, state 33.169 GB, retained GPU 4.297 GB
capacity Jc7d6h 39.5: 121 entries, state 33.761 GB, retained GPU 4.347 GB
capacity Jc7d6h 93.5: 122 entries, state 33.934 GB, retained GPU 4.370 GB
capacity Jc7c6d 39.5: 123 entries, state 34.287 GB, retained GPU 4.420 GB
capacity Jc7c6d 93.5: 124 entries, state 34.390 GB, retained GPU 4.442 GB
capacity Jc6d3d 39.5: 125 entries, state 34.748 GB, retained GPU 4.492 GB
capacity Jc6d3d 93.5: 126 entries, state 34.852 GB, retained GPU 4.515 GB
capacity Jc5d3d 39.5: 127 entries, state 35.210 GB, retained GPU 4.564 GB
capacity Jc5d3d 93.5: 128 entries, state 35.315 GB, retained GPU 4.587 GB
capacity Jc4d2c 39.5: 129 entries, state 35.674 GB, retained GPU 4.636 GB
capacity Jc4d2c 93.5: 130 entries, state 35.779 GB, retained GPU 4.659 GB
capacity TdTc6h 39.5: 131 entries, state 36.355 GB, retained GPU 4.709 GB
capacity TdTc6h 93.5: 132 entries, state 36.524 GB, retained GPU 4.732 GB
capacity Tc9d7c 39.5: 133 entries, state 36.871 GB, retained GPU 4.781 GB
capacity Tc9d7c 93.5: 134 entries, state 36.972 GB, retained GPU 4.804 GB
capacity Tc9d2d 39.5: 135 entries, state 37.323 GB, retained GPU 4.853 GB
capacity Tc9d2d 93.5: 136 entries, state 37.426 GB, retained GPU 4.875 GB
capacity Tc8d6d 39.5: 137 entries, state 37.776 GB, retained GPU 4.925 GB
capacity Tc8d6d 93.5: 138 entries, state 37.879 GB, retained GPU 4.947 GB
capacity Tc8c6d 39.5: 139 entries, state 38.229 GB, retained GPU 4.997 GB
capacity Tc8c6d 93.5: 140 entries, state 38.331 GB, retained GPU 5.019 GB
capacity Tc7d4c 39.5: 141 entries, state 38.688 GB, retained GPU 5.069 GB
capacity Tc7d4c 93.5: 142 entries, state 38.792 GB, retained GPU 5.091 GB
capacity Tc6d5h 39.5: 143 entries, state 39.390 GB, retained GPU 5.142 GB
capacity Tc6d5h 93.5: 144 entries, state 39.565 GB, retained GPU 5.165 GB
capacity Tc6c2d 39.5: 145 entries, state 39.924 GB, retained GPU 5.214 GB
capacity Tc6c2d 93.5: 146 entries, state 40.030 GB, retained GPU 5.237 GB
capacity Tc4h4d 39.5: 147 entries, state 40.635 GB, retained GPU 5.287 GB
capacity Tc4h4d 93.5: 148 entries, state 40.812 GB, retained GPU 5.310 GB
capacity Tc3c2c 39.5: 149 entries, state 40.984 GB, retained GPU 5.359 GB
capacity Tc3c2c 93.5: 150 entries, state 41.034 GB, retained GPU 5.382 GB
capacity 9c8d7h 39.5: 151 entries, state 41.627 GB, retained GPU 5.432 GB
capacity 9c8d7h 93.5: 152 entries, state 41.801 GB, retained GPU 5.455 GB
capacity 9c8d3c 39.5: 153 entries, state 42.159 GB, retained GPU 5.505 GB
capacity 9c8d3c 93.5: 154 entries, state 42.264 GB, retained GPU 5.527 GB
capacity 9c7d5h 39.5: 155 entries, state 42.870 GB, retained GPU 5.578 GB
capacity 9c7d5h 93.5: 156 entries, state 43.047 GB, retained GPU 5.601 GB
capacity 9c7c3d 39.5: 157 entries, state 43.412 GB, retained GPU 5.650 GB
capacity 9c7c3d 93.5: 158 entries, state 43.519 GB, retained GPU 5.673 GB
capacity 9c6d2d 39.5: 159 entries, state 43.884 GB, retained GPU 5.723 GB
capacity 9c6d2d 93.5: 160 entries, state 43.991 GB, retained GPU 5.746 GB
capacity 9c5d2d 39.5: 161 entries, state 44.357 GB, retained GPU 5.796 GB
capacity 9c5d2d 93.5: 162 entries, state 44.464 GB, retained GPU 5.819 GB
capacity 9c3d3c 39.5: 163 entries, state 44.833 GB, retained GPU 5.868 GB
capacity 9c3d3c 93.5: 164 entries, state 44.942 GB, retained GPU 5.891 GB
capacity 8d8c2h 39.5: 165 entries, state 45.547 GB, retained GPU 5.942 GB
capacity 8d8c2h 93.5: 166 entries, state 45.724 GB, retained GPU 5.965 GB
capacity 8c7d3c 39.5: 167 entries, state 46.089 GB, retained GPU 6.015 GB
capacity 8c7d3c 93.5: 168 entries, state 46.196 GB, retained GPU 6.037 GB
capacity 8c6d4d 39.5: 169 entries, state 46.561 GB, retained GPU 6.087 GB
capacity 8c6d4d 93.5: 170 entries, state 46.669 GB, retained GPU 6.110 GB
capacity 8c5d4d 39.5: 171 entries, state 47.035 GB, retained GPU 6.160 GB
capacity 8c5d4d 93.5: 172 entries, state 47.143 GB, retained GPU 6.183 GB
capacity 8c4d3c 39.5: 173 entries, state 47.511 GB, retained GPU 6.233 GB
capacity 8c4d3c 93.5: 174 entries, state 47.619 GB, retained GPU 6.256 GB
capacity 7d7c5h 39.5: 175 entries, state 48.236 GB, retained GPU 6.306 GB
capacity 7d7c5h 93.5: 176 entries, state 48.417 GB, retained GPU 6.329 GB
capacity 7c6d3h 39.5: 177 entries, state 49.041 GB, retained GPU 6.380 GB
capacity 7c6d3h 93.5: 178 entries, state 49.224 GB, retained GPU 6.403 GB
capacity 7c5d3h 39.5: 179 entries, state 49.848 GB, retained GPU 6.454 GB
capacity 7c5d3h 93.5: 180 entries, state 50.030 GB, retained GPU 6.477 GB
capacity 7c4d2d 39.5: 181 entries, state 50.404 GB, retained GPU 6.527 GB
capacity 7c4d2d 93.5: 182 entries, state 50.514 GB, retained GPU 6.550 GB
capacity 6d6c3c 39.5: 183 entries, state 50.888 GB, retained GPU 6.600 GB
capacity 6d6c3c 93.5: 184 entries, state 50.998 GB, retained GPU 6.623 GB
capacity 6c5c3c 39.5: 185 entries, state 51.176 GB, retained GPU 6.673 GB
capacity 6c5c3c 93.5: 186 entries, state 51.228 GB, retained GPU 6.696 GB
capacity 6c3d2d 39.5: 187 entries, state 51.604 GB, retained GPU 6.746 GB
capacity 6c3d2d 93.5: 188 entries, state 51.715 GB, retained GPU 6.769 GB
capacity 5c4d2d 39.5: 189 entries, state 52.090 GB, retained GPU 6.819 GB
capacity 5c4d2d 93.5: 190 entries, state 52.200 GB, retained GPU 6.842 GB
capacity 4c3d3c 39.5: 191 entries, state 52.580 GB, retained GPU 6.892 GB
capacity 4c3d3c 93.5: 192 entries, state 52.691 GB, retained GPU 6.915 GB
