capacity AdAcJh 39.5: 1 entries, state 0.488 GB, retained GPU 0.049 GB
capacity AdAcJh 93.5: 2 entries, state 0.631 GB, retained GPU 0.070 GB
capacity AdAc4h 39.5: 3 entries, state 1.146 GB, retained GPU 0.119 GB
capacity AdAc4h 93.5: 4 entries, state 1.297 GB, retained GPU 0.141 GB
capacity AcKdJc 39.5: 5 entries, state 1.600 GB, retained GPU 0.189 GB
capacity AcKdJc 93.5: 6 entries, state 1.689 GB, retained GPU 0.211 GB
capacity AcKd7h 39.5: 7 entries, state 2.218 GB, retained GPU 0.260 GB
capacity AcKd7h 93.5: 8 entries, state 2.373 GB, retained GPU 0.282 GB
capacity AcKd3h 39.5: 9 entries, state 2.910 GB, retained GPU 0.331 GB
capacity AcKd3h 93.5: 10 entries, state 3.067 GB, retained GPU 0.353 GB
capacity AcKc8c 39.5: 11 entries, state 3.215 GB, retained GPU 0.401 GB
capacity AcKc8c 93.5: 12 entries, state 3.258 GB, retained GPU 0.423 GB
capacity AcQdTh 39.5: 13 entries, state 3.778 GB, retained GPU 0.472 GB
capacity AcQdTh 93.5: 14 entries, state 3.930 GB, retained GPU 0.494 GB
capacity AcQd7d 39.5: 15 entries, state 4.252 GB, retained GPU 0.542 GB
capacity AcQd7d 93.5: 16 entries, state 4.346 GB, retained GPU 0.564 GB
capacity AcQd3h 39.5: 17 entries, state 4.894 GB, retained GPU 0.614 GB
capacity AcQd3h 93.5: 18 entries, state 5.054 GB, retained GPU 0.636 GB
capacity AcQc6d 39.5: 19 entries, state 5.377 GB, retained GPU 0.685 GB
capacity AcQc6d 93.5: 20 entries, state 5.472 GB, retained GPU 0.707 GB
capacity AcJd9d 39.5: 21 entries, state 5.788 GB, retained GPU 0.755 GB
capacity AcJd9d 93.5: 22 entries, state 5.880 GB, retained GPU 0.777 GB
capacity AcJd5h 39.5: 23 entries, state 6.420 GB, retained GPU 0.826 GB
capacity AcJd5h 93.5: 24 entries, state 6.578 GB, retained GPU 0.848 GB
capacity AcJd2c 39.5: 25 entries, state 6.903 GB, retained GPU 0.897 GB
capacity AcJd2c 93.5: 26 entries, state 6.999 GB, retained GPU 0.919 GB
capacity AcTdTc 39.5: 27 entries, state 7.311 GB, retained GPU 0.968 GB
capacity AcTdTc 93.5: 28 entries, state 7.403 GB, retained GPU 0.989 GB
capacity AcTd6h 39.5: 29 entries, state 7.946 GB, retained GPU 1.039 GB
capacity AcTd6h 93.5: 30 entries, state 8.105 GB, retained GPU 1.061 GB
capacity AcTd2h 39.5: 31 entries, state 8.652 GB, retained GPU 1.110 GB
capacity AcTd2h 93.5: 32 entries, state 8.812 GB, retained GPU 1.133 GB
capacity Ac9h9d 39.5: 33 entries, state 9.357 GB, retained GPU 1.182 GB
capacity Ac9h9d 93.5: 34 entries, state 9.516 GB, retained GPU 1.204 GB
capacity Ac9d5h 39.5: 35 entries, state 10.070 GB, retained GPU 1.254 GB
capacity Ac9d5h 93.5: 36 entries, state 10.232 GB, retained GPU 1.276 GB
capacity Ac9d2d 39.5: 37 entries, state 10.564 GB, retained GPU 1.325 GB
capacity Ac9d2d 93.5: 38 entries, state 10.662 GB, retained GPU 1.347 GB
capacity Ac8d7h 39.5: 39 entries, state 11.212 GB, retained GPU 1.397 GB
capacity Ac8d7h 93.5: 40 entries, state 11.373 GB, retained GPU 1.419 GB
capacity Ac8d3h 39.5: 41 entries, state 11.931 GB, retained GPU 1.469 GB
capacity Ac8d3h 93.5: 42 entries, state 12.095 GB, retained GPU 1.491 GB
capacity Ac8c2d 39.5: 43 entries, state 12.429 GB, retained GPU 1.540 GB
capacity Ac8c2d 93.5: 44 entries, state 12.526 GB, retained GPU 1.563 GB
capacity Ac7d4c 39.5: 45 entries, state 12.865 GB, retained GPU 1.612 GB
capacity Ac7d4c 93.5: 46 entries, state 12.964 GB, retained GPU 1.634 GB
capacity Ac7c2d 39.5: 47 entries, state 13.303 GB, retained GPU 1.683 GB
capacity Ac7c2d 93.5: 48 entries, state 13.402 GB, retained GPU 1.705 GB
capacity Ac6d3c 39.5: 49 entries, state 13.743 GB, retained GPU 1.754 GB
capacity Ac6d3c 93.5: 50 entries, state 13.843 GB, retained GPU 1.777 GB
capacity Ac5d4d 39.5: 51 entries, state 14.183 GB, retained GPU 1.826 GB
capacity Ac5d4d 93.5: 52 entries, state 14.283 GB, retained GPU 1.848 GB
capacity Ac4h4d 39.5: 53 entries, state 14.856 GB, retained GPU 1.898 GB
capacity Ac4h4d 93.5: 54 entries, state 15.024 GB, retained GPU 1.921 GB
capacity Ac3d2h 39.5: 55 entries, state 15.599 GB, retained GPU 1.971 GB
capacity Ac3d2h 93.5: 56 entries, state 15.767 GB, retained GPU 1.993 GB
capacity KdKc9c 39.5: 57 entries, state 16.089 GB, retained GPU 2.042 GB
capacity KdKc9c 93.5: 58 entries, state 16.183 GB, retained GPU 2.064 GB
capacity KdKc2c 39.5: 59 entries, state 16.515 GB, retained GPU 2.113 GB
capacity KdKc2c 93.5: 60 entries, state 16.612 GB, retained GPU 2.135 GB
capacity KcQd9c 39.5: 61 entries, state 16.940 GB, retained GPU 2.184 GB
capacity KcQd9c 93.5: 62 entries, state 17.036 GB, retained GPU 2.206 GB
capacity KcQd5d 39.5: 63 entries, state 17.370 GB, retained GPU 2.255 GB
capacity KcQd5d 93.5: 64 entries, state 17.468 GB, retained GPU 2.277 GB
capacity KcQcJd 39.5: 65 entries, state 17.788 GB, retained GPU 2.325 GB
capacity KcQcJd 93.5: 66 entries, state 17.882 GB, retained GPU 2.347 GB
capacity KcJdJc 39.5: 67 entries, state 18.203 GB, retained GPU 2.396 GB
capacity KcJdJc 93.5: 68 entries, state 18.297 GB, retained GPU 2.418 GB
capacity KcJd7d 39.5: 69 entries, state 18.629 GB, retained GPU 2.467 GB
capacity KcJd7d 93.5: 70 entries, state 18.726 GB, retained GPU 2.489 GB
capacity KcJd3h 39.5: 71 entries, state 19.290 GB, retained GPU 2.538 GB
capacity KcJd3h 93.5: 72 entries, state 19.456 GB, retained GPU 2.561 GB
capacity KcJc5d 39.5: 73 entries, state 19.790 GB, retained GPU 2.610 GB
capacity KcJc5d 93.5: 74 entries, state 19.888 GB, retained GPU 2.632 GB
capacity KcTd8c 39.5: 75 entries, state 20.217 GB, retained GPU 2.681 GB
capacity KcTd8c 93.5: 76 entries, state 20.314 GB, retained GPU 2.703 GB
capacity KcTd4h 39.5: 77 entries, state 20.879 GB, retained GPU 2.753 GB
capacity KcTd4h 93.5: 78 entries, state 21.045 GB, retained GPU 2.775 GB
capacity KcTc6d 39.5: 79 entries, state 21.380 GB, retained GPU 2.824 GB
capacity KcTc6d 93.5: 80 entries, state 21.479 GB, retained GPU 2.847 GB
capacity Kc9d7h 39.5: 81 entries, state 22.048 GB, retained GPU 2.896 GB
capacity Kc9d7h 93.5: 82 entries, state 22.214 GB, retained GPU 2.919 GB
capacity Kc9d3h 39.5: 83 entries, state 22.791 GB, retained GPU 2.969 GB
capacity Kc9d3h 93.5: 84 entries, state 22.959 GB, retained GPU 2.992 GB
capacity Kc9c4c 39.5: 85 entries, state 23.122 GB, retained GPU 3.040 GB
capacity Kc9c4c 93.5: 86 entries, state 23.170 GB, retained GPU 3.062 GB
capacity Kc8d5h 39.5: 87 entries, state 23.743 GB, retained GPU 3.112 GB
capacity Kc8d5h 93.5: 88 entries, state 23.911 GB, retained GPU 3.135 GB
capacity Kc8d2c 39.5: 89 entries, state 24.256 GB, retained GPU 3.184 GB
capacity Kc8d2c 93.5: 90 entries, state 24.357 GB, retained GPU 3.206 GB
capacity Kc7d5h 39.5: 91 entries, state 24.939 GB, retained GPU 3.256 GB
capacity Kc7d5h 93.5: 92 entries, state 25.110 GB, retained GPU 3.279 GB
capacity Kc7d2d 39.5: 93 entries, state 25.460 GB, retained GPU 3.329 GB
capacity Kc7d2d 93.5: 94 entries, state 25.563 GB, retained GPU 3.351 GB
capacity Kc6d4h 39.5: 95 entries, state 26.151 GB, retained GPU 3.401 GB
capacity Kc6d4h 93.5: 96 entries, state 26.324 GB, retained GPU 3.424 GB
capacity Kc6c3d 39.5: 97 entries, state 26.675 GB, retained GPU 3.473 GB
capacity Kc6c3d 93.5: 98 entries, state 26.779 GB, retained GPU 3.496 GB
capacity Kc5d2h 39.5: 99 entries, state 27.369 GB, retained GPU 3.546 GB
capacity Kc5d2h 93.5: 100 entries, state 27.542 GB, retained GPU 3.569 GB
capacity Kc4d2d 39.5: 101 entries, state 27.895 GB, retained GPU 3.618 GB
capacity Kc4d2d 93.5: 102 entries, state 27.999 GB, retained GPU 3.641 GB
capacity QdQcJh 39.5: 103 entries, state 28.545 GB, retained GPU 3.691 GB
capacity QdQcJh 93.5: 104 entries, state 28.705 GB, retained GPU 3.713 GB
capacity QdQc4h 39.5: 105 entries, state 29.281 GB, retained GPU 3.763 GB
capacity QdQc4h 93.5: 106 entries, state 29.450 GB, retained GPU 3.785 GB
capacity QcJd9c 39.5: 107 entries, state 29.782 GB, retained GPU 3.834 GB
capacity QcJd9c 93.5: 108 entries, state 29.879 GB, retained GPU 3.856 GB
capacity QcJd5h 39.5: 109 entries, state 30.448 GB, retained GPU 3.906 GB
capacity QcJd5h 93.5: 110 entries, state 30.614 GB, retained GPU 3.929 GB
capacity QcJd2c 39.5: 111 entries, state 30.956 GB, retained GPU 3.978 GB
capacity QcJd2c 93.5: 112 entries, state 31.056 GB, retained GPU 4.000 GB
capacity QcTd9h 39.5: 113 entries, state 31.614 GB, retained GPU 4.050 GB
capacity QcTd9h 93.5: 114 entries, state 31.778 GB, retained GPU 4.072 GB
capacity QcTd6d 39.5: 115 entries, state 32.119 GB, retained GPU 4.122 GB
capacity QcTd6d 93.5: 116 entries, state 32.219 GB, retained GPU 4.144 GB
capacity QcTd2h 39.5: 117 entries, state 32.795 GB, retained GPU 4.194 GB
capacity QcTd2h 93.5: 118 entries, state 32.964 GB, retained GPU 4.217 GB
capacity Qc9h9d 39.5: 119 entries, state 33.536 GB, retained GPU 4.266 GB
capacity Qc9h9d 93.5: 120 entries, state 33.703 GB, retained GPU 4.289 GB
capacity Qc9d5h 39.5: 121 entries, state 34.286 GB, retained GPU 4.339 GB
capacity Qc9d5h 93.5: 122 entries, state 34.456 GB, retained GPU 4.362 GB
capacity Qc9d2c 39.5: 123 entries, state 34.806 GB, retained GPU 4.411 GB
capacity Qc9d2c 93.5: 124 entries, state 34.909 GB, retained GPU 4.434 GB
capacity Qc8d7d 39.5: 125 entries, state 35.257 GB, retained GPU 4.483 GB
capacity Qc8d7d 93.5: 126 entries, state 35.359 GB, retained GPU 4.506 GB
capacity Qc8d3h 39.5: 127 entries, state 35.948 GB, retained GPU 4.556 GB
capacity Qc8d3h 93.5: 128 entries, state 36.120 GB, retained GPU 4.578 GB
capacity Qc8c2d 39.5: 129 entries, state 36.472 GB, retained GPU 4.628 GB
capacity Qc8c2d 93.5: 130 entries, state 36.575 GB, retained GPU 4.650 GB
capacity Qc7d4c 39.5: 131 entries, state 36.931 GB, retained GPU 4.700 GB
capacity Qc7d4c 93.5: 132 entries, state 37.035 GB, retained GPU 4.723 GB
capacity Qc7c2d 39.5: 133 entries, state 37.391 GB, retained GPU 4.772 GB
capacity Qc7c2d 93.5: 134 entries, state 37.496 GB, retained GPU 4.795 GB
capacity Qc6d3c 39.5: 135 entries, state 37.854 GB, retained GPU 4.844 GB
capacity Qc6d3c 93.5: 136 entries, state 37.959 GB, retained GPU 4.867 GB
capacity Qc5d4d 39.5: 137 entries, state 38.317 GB, retained GPU 4.917 GB
capacity Qc5d4d 93.5: 138 entries, state 38.422 GB, retained GPU 4.939 GB
capacity Qc4d4c 39.5: 139 entries, state 38.782 GB, retained GPU 4.989 GB
capacity Qc4d4c 93.5: 140 entries, state 38.888 GB, retained GPU 5.012 GB
capacity Qc3d2h 39.5: 141 entries, state 39.493 GB, retained GPU 5.062 GB
capacity Qc3d2h 93.5: 142 entries, state 39.671 GB, retained GPU 5.085 GB
capacity JdJc7c 39.5: 143 entries, state 40.009 GB, retained GPU 5.134 GB
capacity JdJc7c 93.5: 144 entries, state 40.108 GB, retained GPU 5.156 GB
capacity JcTd9d 39.5: 145 entries, state 40.442 GB, retained GPU 5.205 GB
capacity JcTd9d 93.5: 146 entries, state 40.540 GB, retained GPU 5.228 GB
capacity JcTd5h 39.5: 147 entries, state 41.111 GB, retained GPU 5.277 GB
capacity JcTd5h 93.5: 148 entries, state 41.279 GB, retained GPU 5.300 GB
capacity JcTd2d 39.5: 149 entries, state 41.622 GB, retained GPU 5.349 GB
capacity JcTd2d 93.5: 150 entries, state 41.723 GB, retained GPU 5.372 GB
capacity Jc9d8h 39.5: 151 entries, state 42.292 GB, retained GPU 5.421 GB
capacity Jc9d8h 93.5: 152 entries, state 42.458 GB, retained GPU 5.444 GB
capacity Jc9d5c 39.5: 153 entries, state 42.805 GB, retained GPU 5.493 GB
capacity Jc9d5c 93.5: 154 entries, state 42.906 GB, retained GPU 5.516 GB
capacity Jc9c7d 39.5: 155 entries, state 43.252 GB, retained GPU 5.565 GB
capacity Jc9c7d 93.5: 156 entries, state 43.353 GB, retained GPU 5.587 GB
capacity Jc8d6h 39.5: 157 entries, state 43.936 GB, retained GPU 5.637 GB
capacity Jc8d6h 93.5: 158 entries, state 44.106 GB, retained GPU 5.660 GB
capacity Jc8d3d 39.5: 159 entries, state 44.456 GB, retained GPU 5.710 GB
capacity Jc8d3d 93.5: 160 entries, state 44.559 GB, retained GPU 5.732 GB
capacity Jc7d7c 39.5: 161 entries, state 44.911 GB, retained GPU 5.781 GB
capacity Jc7d7c 93.5: 162 entries, state 45.014 GB, retained GPU 5.804 GB
capacity Jc7d3h 39.5: 163 entries, state 45.610 GB, retained GPU 5.854 GB
capacity Jc7d3h 93.5: 164 entries, state 45.785 GB, retained GPU 5.877 GB
capacity Jc6d6c 39.5: 165 entries, state 46.140 GB, retained GPU 5.927 GB
capacity Jc6d6c 93.5: 166 entries, state 46.245 GB, retained GPU 5.949 GB
capacity Jc6d2h 39.5: 167 entries, state 46.844 GB, retained GPU 6.000 GB
capacity Jc6d2h 93.5: 168 entries, state 47.019 GB, retained GPU 6.023 GB
capacity Jc5d3h 39.5: 169 entries, state 47.619 GB, retained GPU 6.073 GB
capacity Jc5d3h 93.5: 170 entries, state 47.794 GB, retained GPU 6.096 GB
capacity Jc4d3h 39.5: 171 entries, state 48.397 GB, retained GPU 6.146 GB
capacity Jc4d3h 93.5: 172 entries, state 48.573 GB, retained GPU 6.169 GB
capacity Jc3d2d 39.5: 173 entries, state 48.933 GB, retained GPU 6.219 GB
capacity Jc3d2d 93.5: 174 entries, state 49.039 GB, retained GPU 6.242 GB
capacity TdTc5c 39.5: 175 entries, state 49.382 GB, retained GPU 6.291 GB
capacity TdTc5c 93.5: 176 entries, state 49.483 GB, retained GPU 6.313 GB
capacity Tc9d7d 39.5: 177 entries, state 49.830 GB, retained GPU 6.362 GB
capacity Tc9d7d 93.5: 178 entries, state 49.932 GB, retained GPU 6.385 GB
capacity Tc9d3h 39.5: 179 entries, state 50.521 GB, retained GPU 6.435 GB
capacity Tc9d3h 93.5: 180 entries, state 50.693 GB, retained GPU 6.458 GB
capacity Tc9c3d 39.5: 181 entries, state 51.045 GB, retained GPU 6.507 GB
capacity Tc9c3d 93.5: 182 entries, state 51.148 GB, retained GPU 6.530 GB
capacity Tc8d5h 39.5: 183 entries, state 51.734 GB, retained GPU 6.580 GB
capacity Tc8d5h 93.5: 184 entries, state 51.905 GB, retained GPU 6.603 GB
capacity Tc8c7d 39.5: 185 entries, state 52.254 GB, retained GPU 6.652 GB
capacity Tc8c7d 93.5: 186 entries, state 52.356 GB, retained GPU 6.675 GB
capacity Tc7d5h 39.5: 187 entries, state 52.950 GB, retained GPU 6.725 GB
capacity Tc7d5h 93.5: 188 entries, state 53.125 GB, retained GPU 6.748 GB
capacity Tc7d2c 39.5: 189 entries, state 53.482 GB, retained GPU 6.797 GB
capacity Tc7d2c 93.5: 190 entries, state 53.587 GB, retained GPU 6.820 GB
capacity Tc6d4h 39.5: 191 entries, state 54.187 GB, retained GPU 6.870 GB
capacity Tc6d4h 93.5: 192 entries, state 54.363 GB, retained GPU 6.893 GB
capacity Tc6c3d 39.5: 193 entries, state 54.723 GB, retained GPU 6.943 GB
capacity Tc6c3d 93.5: 194 entries, state 54.828 GB, retained GPU 6.966 GB
capacity Tc5d2d 39.5: 195 entries, state 55.187 GB, retained GPU 7.015 GB
capacity Tc5d2d 93.5: 196 entries, state 55.292 GB, retained GPU 7.038 GB
capacity Tc4d2d 39.5: 197 entries, state 55.653 GB, retained GPU 7.088 GB
capacity Tc4d2d 93.5: 198 entries, state 55.759 GB, retained GPU 7.110 GB
capacity 9d9c8h 39.5: 199 entries, state 56.345 GB, retained GPU 7.160 GB
capacity 9d9c8h 93.5: 200 entries, state 56.516 GB, retained GPU 7.183 GB
capacity 9c8d8c 39.5: 201 entries, state 56.867 GB, retained GPU 7.233 GB
capacity 9c8d8c 93.5: 202 entries, state 56.970 GB, retained GPU 7.255 GB
capacity 9c8d4h 39.5: 203 entries, state 57.569 GB, retained GPU 7.305 GB
capacity 9c8d4h 93.5: 204 entries, state 57.745 GB, retained GPU 7.328 GB
capacity 9c8c5c 39.5: 205 entries, state 57.914 GB, retained GPU 7.377 GB
capacity 9c8c5c 93.5: 206 entries, state 57.963 GB, retained GPU 7.400 GB
capacity 9c7d4h 39.5: 207 entries, state 58.572 GB, retained GPU 7.450 GB
capacity 9c7d4h 93.5: 208 entries, state 58.750 GB, retained GPU 7.473 GB
capacity 9c7c5c 39.5: 209 entries, state 58.922 GB, retained GPU 7.522 GB
capacity 9c7c5c 93.5: 210 entries, state 58.972 GB, retained GPU 7.545 GB
capacity 9c6d3h 39.5: 211 entries, state 59.585 GB, retained GPU 7.595 GB
capacity 9c6d3h 93.5: 212 entries, state 59.765 GB, retained GPU 7.619 GB
capacity 9c5d5c 39.5: 213 entries, state 60.128 GB, retained GPU 7.668 GB
capacity 9c5d5c 93.5: 214 entries, state 60.235 GB, retained GPU 7.691 GB
capacity 9c5c3d 39.5: 215 entries, state 60.601 GB, retained GPU 7.741 GB
capacity 9c5c3d 93.5: 216 entries, state 60.708 GB, retained GPU 7.764 GB
capacity 9c4c2d 39.5: 217 entries, state 61.075 GB, retained GPU 7.813 GB
capacity 9c4c2d 93.5: 218 entries, state 61.183 GB, retained GPU 7.836 GB
capacity 8d8c5h 39.5: 219 entries, state 61.784 GB, retained GPU 7.887 GB
capacity 8d8c5h 93.5: 220 entries, state 61.960 GB, retained GPU 7.910 GB
capacity 8c7d5h 39.5: 221 entries, state 62.567 GB, retained GPU 7.960 GB
capacity 8c7d5h 93.5: 222 entries, state 62.744 GB, retained GPU 7.983 GB
capacity 8c7d2d 39.5: 223 entries, state 63.109 GB, retained GPU 8.033 GB
capacity 8c7d2d 93.5: 224 entries, state 63.216 GB, retained GPU 8.056 GB
capacity 8c6d4h 39.5: 225 entries, state 63.829 GB, retained GPU 8.106 GB
capacity 8c6d4h 93.5: 226 entries, state 64.008 GB, retained GPU 8.129 GB
capacity 8c6c3d 39.5: 227 entries, state 64.376 GB, retained GPU 8.179 GB
capacity 8c6c3d 93.5: 228 entries, state 64.484 GB, retained GPU 8.202 GB
capacity 8c5d2d 39.5: 229 entries, state 64.850 GB, retained GPU 8.252 GB
capacity 8c5d2d 93.5: 230 entries, state 64.957 GB, retained GPU 8.275 GB
capacity 8c4d2d 39.5: 231 entries, state 65.326 GB, retained GPU 8.325 GB
capacity 8c4d2d 93.5: 232 entries, state 65.434 GB, retained GPU 8.348 GB
capacity 7d7c6h 39.5: 233 entries, state 66.051 GB, retained GPU 8.398 GB
capacity 7d7c6h 93.5: 234 entries, state 66.232 GB, retained GPU 8.421 GB
capacity 7c6d5d 39.5: 235 entries, state 66.602 GB, retained GPU 8.471 GB
capacity 7c6d5d 93.5: 236 entries, state 66.711 GB, retained GPU 8.494 GB
capacity 7c6c4d 39.5: 237 entries, state 67.083 GB, retained GPU 8.544 GB
capacity 7c6c4d 93.5: 238 entries, state 67.192 GB, retained GPU 8.567 GB
capacity 7c5d2h 39.5: 239 entries, state 67.816 GB, retained GPU 8.618 GB
capacity 7c5d2h 93.5: 240 entries, state 67.998 GB, retained GPU 8.641 GB
capacity 7c4d2h 39.5: 241 entries, state 68.625 GB, retained GPU 8.692 GB
capacity 7c4d2h 93.5: 242 entries, state 68.809 GB, retained GPU 8.715 GB
capacity 7c2d2c 39.5: 243 entries, state 69.184 GB, retained GPU 8.765 GB
capacity 7c2d2c 93.5: 244 entries, state 69.294 GB, retained GPU 8.788 GB
capacity 6c5d4c 39.5: 245 entries, state 69.667 GB, retained GPU 8.838 GB
capacity 6c5d4c 93.5: 246 entries, state 69.776 GB, retained GPU 8.861 GB
capacity 6c4d4c 39.5: 247 entries, state 70.152 GB, retained GPU 8.911 GB
capacity 6c4d4c 93.5: 248 entries, state 70.262 GB, retained GPU 8.934 GB
capacity 6c3d2h 39.5: 249 entries, state 70.894 GB, retained GPU 8.985 GB
capacity 6c3d2h 93.5: 250 entries, state 71.078 GB, retained GPU 9.009 GB
capacity 5c4d3h 39.5: 251 entries, state 71.708 GB, retained GPU 9.059 GB
capacity 5c4d3h 93.5: 252 entries, state 71.893 GB, retained GPU 9.083 GB
capacity 5c3d2h 39.5: 253 entries, state 72.524 GB, retained GPU 9.133 GB
capacity 5c3d2h 93.5: 254 entries, state 72.709 GB, retained GPU 9.157 GB
capacity 4c3d2d 39.5: 255 entries, state 73.087 GB, retained GPU 9.207 GB
capacity 4c3d2d 93.5: 256 entries, state 73.198 GB, retained GPU 9.230 GB
