
running 1 test
test gpu::continuation::replay_tests::identical_state_gpu_replay_separates_local_updates_from_trajectory_drift ... gpu: 195813 nodes, 12 levels, staging+arenas 48.3 MB
gpu: 195813 nodes, 12 levels, staging+arenas 80.2 MB
GPU_REPLAY {"board":"KsQs2d","iteration":1,"mode":"abrupt_pair","passed":true,"player":0,"post_avg_br_difference_per_mass":0.0,"post_root_difference":0.0,"prestate_all_arrays_bitwise_equal":true,"same_state_cfv_per_mass":0.0}
GPU_REPLAY {"board":"KsQs2d","iteration":1,"mode":"abrupt_pair","passed":true,"player":1,"post_avg_br_difference_per_mass":0.0,"post_root_difference":0.0,"prestate_all_arrays_bitwise_equal":true,"same_state_cfv_per_mass":0.0}
GPU_REPLAY {"board":"KsQs2d","iteration":2,"mode":"abrupt_pair","passed":true,"player":0,"post_avg_br_difference_per_mass":0.0,"post_root_difference":0.0,"prestate_all_arrays_bitwise_equal":true,"same_state_cfv_per_mass":0.0}
GPU_REPLAY {"board":"KsQs2d","iteration":2,"mode":"abrupt_pair","passed":true,"player":1,"post_avg_br_difference_per_mass":0.0,"post_root_difference":0.0,"prestate_all_arrays_bitwise_equal":true,"same_state_cfv_per_mass":2.404769929853501e-6}
GPU_REPLAY {"board":"KsQs2d","iteration":16,"mode":"abrupt_pair","passed":true,"player":0,"post_avg_br_difference_per_mass":0.0,"post_root_difference":0.0,"prestate_all_arrays_bitwise_equal":true,"same_state_cfv_per_mass":3.623479642556049e-6}
GPU_REPLAY {"board":"KsQs2d","iteration":16,"mode":"abrupt_pair","passed":true,"player":1,"post_avg_br_difference_per_mass":0.0,"post_root_difference":0.0,"prestate_all_arrays_bitwise_equal":true,"same_state_cfv_per_mass":7.050629733384994e-7}
GPU_REPLAY {"board":"KsQs2d","iteration":17,"mode":"abrupt_pair","passed":true,"player":0,"post_avg_br_difference_per_mass":0.0,"post_root_difference":0.0,"prestate_all_arrays_bitwise_equal":true,"same_state_cfv_per_mass":0.0}
GPU_REPLAY {"board":"KsQs2d","iteration":17,"mode":"abrupt_pair","passed":true,"player":1,"post_avg_br_difference_per_mass":0.0,"post_root_difference":0.0,"prestate_all_arrays_bitwise_equal":true,"same_state_cfv_per_mass":1.3299684269441059e-6}
GPU_REPLAY {"board":"KsQs2d","iteration":50,"mode":"abrupt_pair","passed":true,"player":0,"post_avg_br_difference_per_mass":0.0,"post_root_difference":0.0,"prestate_all_arrays_bitwise_equal":true,"same_state_cfv_per_mass":7.208776651168591e-7}
GPU_REPLAY {"board":"KsQs2d","iteration":50,"mode":"abrupt_pair","passed":true,"player":1,"post_avg_br_difference_per_mass":0.0,"post_root_difference":0.0,"prestate_all_arrays_bitwise_equal":true,"same_state_cfv_per_mass":1.3878211575502064e-6}
GPU_REPLAY {"board":"KsQs2d","iteration":100,"mode":"abrupt_pair","passed":true,"player":0,"post_avg_br_difference_per_mass":0.0,"post_root_difference":0.0,"prestate_all_arrays_bitwise_equal":true,"same_state_cfv_per_mass":1.9474621240078704e-6}
GPU_REPLAY {"board":"KsQs2d","iteration":100,"mode":"abrupt_pair","passed":true,"player":1,"post_avg_br_difference_per_mass":0.0,"post_root_difference":0.0,"prestate_all_arrays_bitwise_equal":true,"same_state_cfv_per_mass":1.9558187887014356e-6}
gpu: 195813 nodes, 12 levels, staging+arenas 22.9 MB
gpu: 195813 nodes, 12 levels, staging+arenas 80.2 MB
GPU_REPLAY {"board":"KsQs2s","iteration":1,"mode":"abrupt_pair","passed":true,"player":0,"post_avg_br_difference_per_mass":0.0,"post_root_difference":0.0,"prestate_all_arrays_bitwise_equal":true,"same_state_cfv_per_mass":0.0}
GPU_REPLAY {"board":"KsQs2s","iteration":1,"mode":"abrupt_pair","passed":true,"player":1,"post_avg_br_difference_per_mass":0.0,"post_root_difference":0.0,"prestate_all_arrays_bitwise_equal":true,"same_state_cfv_per_mass":0.0}
GPU_REPLAY {"board":"KsQs2s","iteration":2,"mode":"abrupt_pair","passed":true,"player":0,"post_avg_br_difference_per_mass":0.0,"post_root_difference":0.0,"prestate_all_arrays_bitwise_equal":true,"same_state_cfv_per_mass":0.0}
GPU_REPLAY {"board":"KsQs2s","iteration":2,"mode":"abrupt_pair","passed":true,"player":1,"post_avg_br_difference_per_mass":0.0,"post_root_difference":0.0,"prestate_all_arrays_bitwise_equal":true,"same_state_cfv_per_mass":2.404769929853501e-6}
GPU_REPLAY {"board":"KsQs2s","iteration":16,"mode":"abrupt_pair","passed":true,"player":0,"post_avg_br_difference_per_mass":0.0,"post_root_difference":0.0,"prestate_all_arrays_bitwise_equal":true,"same_state_cfv_per_mass":1.8117398212780245e-6}
GPU_REPLAY {"board":"KsQs2s","iteration":16,"mode":"abrupt_pair","passed":true,"player":1,"post_avg_br_difference_per_mass":0.0,"post_root_difference":0.0,"prestate_all_arrays_bitwise_equal":true,"same_state_cfv_per_mass":1.4101259466769989e-6}
GPU_REPLAY {"board":"KsQs2s","iteration":17,"mode":"abrupt_pair","passed":true,"player":0,"post_avg_br_difference_per_mass":0.0,"post_root_difference":0.0,"prestate_all_arrays_bitwise_equal":true,"same_state_cfv_per_mass":0.0}
GPU_REPLAY {"board":"KsQs2s","iteration":17,"mode":"abrupt_pair","passed":true,"player":1,"post_avg_br_difference_per_mass":0.0,"post_root_difference":0.0,"prestate_all_arrays_bitwise_equal":true,"same_state_cfv_per_mass":6.649842134720529e-7}
GPU_REPLAY {"board":"KsQs2s","iteration":50,"mode":"abrupt_pair","passed":true,"player":0,"post_avg_br_difference_per_mass":0.0,"post_root_difference":0.0,"prestate_all_arrays_bitwise_equal":true,"same_state_cfv_per_mass":7.208776651168591e-7}
GPU_REPLAY {"board":"KsQs2s","iteration":50,"mode":"abrupt_pair","passed":true,"player":1,"post_avg_br_difference_per_mass":0.0,"post_root_difference":0.0,"prestate_all_arrays_bitwise_equal":true,"same_state_cfv_per_mass":4.163463472650619e-6}
GPU_REPLAY {"board":"KsQs2s","iteration":100,"mode":"abrupt_pair","passed":true,"player":0,"post_avg_br_difference_per_mass":0.0,"post_root_difference":0.0,"prestate_all_arrays_bitwise_equal":true,"same_state_cfv_per_mass":1.9474621240078704e-6}
GPU_REPLAY {"board":"KsQs2s","iteration":100,"mode":"abrupt_pair","passed":true,"player":1,"post_avg_br_difference_per_mass":0.0,"post_root_difference":0.0,"prestate_all_arrays_bitwise_equal":true,"same_state_cfv_per_mass":1.9558187887014356e-6}
gpu: 195813 nodes, 12 levels, staging+arenas 82.0 MB
gpu: 195813 nodes, 12 levels, staging+arenas 82.0 MB
GPU_REPLAY {"board":"KsQh2d","iteration":1,"mode":"abrupt_pair","passed":true,"player":0,"post_avg_br_difference_per_mass":0.0,"post_root_difference":0.0,"prestate_all_arrays_bitwise_equal":true,"same_state_cfv_per_mass":0.0}
GPU_REPLAY {"board":"KsQh2d","iteration":1,"mode":"abrupt_pair","passed":true,"player":1,"post_avg_br_difference_per_mass":0.0,"post_root_difference":0.0,"prestate_all_arrays_bitwise_equal":true,"same_state_cfv_per_mass":0.0}
GPU_REPLAY {"board":"KsQh2d","iteration":2,"mode":"abrupt_pair","passed":true,"player":0,"post_avg_br_difference_per_mass":0.0,"post_root_difference":0.0,"prestate_all_arrays_bitwise_equal":true,"same_state_cfv_per_mass":0.0}
GPU_REPLAY {"board":"KsQh2d","iteration":2,"mode":"abrupt_pair","passed":true,"player":1,"post_avg_br_difference_per_mass":0.0,"post_root_difference":0.0,"prestate_all_arrays_bitwise_equal":true,"same_state_cfv_per_mass":0.0}
GPU_REPLAY {"board":"KsQh2d","iteration":16,"mode":"abrupt_pair","passed":true,"player":0,"post_avg_br_difference_per_mass":0.0,"post_root_difference":0.0,"prestate_all_arrays_bitwise_equal":true,"same_state_cfv_per_mass":0.0}
GPU_REPLAY {"board":"KsQh2d","iteration":16,"mode":"abrupt_pair","passed":true,"player":1,"post_avg_br_difference_per_mass":0.0,"post_root_difference":0.0,"prestate_all_arrays_bitwise_equal":true,"same_state_cfv_per_mass":0.0}
GPU_REPLAY {"board":"KsQh2d","iteration":17,"mode":"abrupt_pair","passed":true,"player":0,"post_avg_br_difference_per_mass":0.0,"post_root_difference":0.0,"prestate_all_arrays_bitwise_equal":true,"same_state_cfv_per_mass":0.0}
GPU_REPLAY {"board":"KsQh2d","iteration":17,"mode":"abrupt_pair","passed":true,"player":1,"post_avg_br_difference_per_mass":0.0,"post_root_difference":0.0,"prestate_all_arrays_bitwise_equal":true,"same_state_cfv_per_mass":0.0}
GPU_REPLAY {"board":"KsQh2d","iteration":50,"mode":"abrupt_pair","passed":true,"player":0,"post_avg_br_difference_per_mass":0.0,"post_root_difference":0.0,"prestate_all_arrays_bitwise_equal":true,"same_state_cfv_per_mass":0.0}
GPU_REPLAY {"board":"KsQh2d","iteration":50,"mode":"abrupt_pair","passed":true,"player":1,"post_avg_br_difference_per_mass":0.0,"post_root_difference":0.0,"prestate_all_arrays_bitwise_equal":true,"same_state_cfv_per_mass":0.0}
GPU_REPLAY {"board":"KsQh2d","iteration":100,"mode":"abrupt_pair","passed":true,"player":0,"post_avg_br_difference_per_mass":0.0,"post_root_difference":0.0,"prestate_all_arrays_bitwise_equal":true,"same_state_cfv_per_mass":0.0}
GPU_REPLAY {"board":"KsQh2d","iteration":100,"mode":"abrupt_pair","passed":true,"player":1,"post_avg_br_difference_per_mass":0.0,"post_root_difference":0.0,"prestate_all_arrays_bitwise_equal":true,"same_state_cfv_per_mass":0.0}
gpu: 195813 nodes, 12 levels, staging+arenas 48.3 MB
gpu: 195813 nodes, 12 levels, staging+arenas 80.2 MB
GPU_REPLAY {"board":"KsQs2d","iteration":1,"mode":"smooth_pair","passed":true,"player":0,"post_avg_br_difference_per_mass":0.0,"post_root_difference":0.0,"prestate_all_arrays_bitwise_equal":true,"same_state_cfv_per_mass":0.0}
GPU_REPLAY {"board":"KsQs2d","iteration":1,"mode":"smooth_pair","passed":true,"player":1,"post_avg_br_difference_per_mass":0.0,"post_root_difference":0.0,"prestate_all_arrays_bitwise_equal":true,"same_state_cfv_per_mass":1.9558187887014356e-6}
GPU_REPLAY {"board":"KsQs2d","iteration":2,"mode":"smooth_pair","passed":true,"player":0,"post_avg_br_difference_per_mass":0.0,"post_root_difference":0.0,"prestate_all_arrays_bitwise_equal":true,"same_state_cfv_per_mass":0.0}
GPU_REPLAY {"board":"KsQs2d","iteration":2,"mode":"smooth_pair","passed":true,"player":1,"post_avg_br_difference_per_mass":0.0,"post_root_difference":0.0,"prestate_all_arrays_bitwise_equal":true,"same_state_cfv_per_mass":0.0}
GPU_REPLAY {"board":"KsQs2d","iteration":16,"mode":"smooth_pair","passed":true,"player":0,"post_avg_br_difference_per_mass":0.0,"post_root_difference":0.0,"prestate_all_arrays_bitwise_equal":true,"same_state_cfv_per_mass":3.8084688185335835e-6}
GPU_REPLAY {"board":"KsQs2d","iteration":16,"mode":"smooth_pair","passed":true,"player":1,"post_avg_br_difference_per_mass":0.0,"post_root_difference":0.0,"prestate_all_arrays_bitwise_equal":true,"same_state_cfv_per_mass":2.0889931420242647e-6}
GPU_REPLAY {"board":"KsQs2d","iteration":17,"mode":"smooth_pair","passed":true,"player":0,"post_avg_br_difference_per_mass":0.0,"post_root_difference":0.0,"prestate_all_arrays_bitwise_equal":true,"same_state_cfv_per_mass":3.8028413200663636e-6}
GPU_REPLAY {"board":"KsQs2d","iteration":17,"mode":"smooth_pair","passed":true,"player":1,"post_avg_br_difference_per_mass":0.0,"post_root_difference":0.0,"prestate_all_arrays_bitwise_equal":true,"same_state_cfv_per_mass":3.1477791253564646e-6}
GPU_REPLAY {"board":"KsQs2d","iteration":50,"mode":"smooth_pair","passed":true,"player":0,"post_avg_br_difference_per_mass":0.0,"post_root_difference":0.0,"prestate_all_arrays_bitwise_equal":true,"same_state_cfv_per_mass":3.626032821557601e-6}
GPU_REPLAY {"board":"KsQs2d","iteration":50,"mode":"smooth_pair","passed":true,"player":1,"post_avg_br_difference_per_mass":0.0,"post_root_difference":0.0,"prestate_all_arrays_bitwise_equal":true,"same_state_cfv_per_mass":1.235126660503738e-6}
GPU_REPLAY {"board":"KsQs2d","iteration":100,"mode":"smooth_pair","passed":true,"player":0,"post_avg_br_difference_per_mass":0.0,"post_root_difference":0.0,"prestate_all_arrays_bitwise_equal":true,"same_state_cfv_per_mass":1.6937029840846662e-6}
GPU_REPLAY {"board":"KsQs2d","iteration":100,"mode":"smooth_pair","passed":true,"player":1,"post_avg_br_difference_per_mass":0.0,"post_root_difference":0.0,"prestate_all_arrays_bitwise_equal":true,"same_state_cfv_per_mass":8.44121927912056e-7}
gpu: 195813 nodes, 12 levels, staging+arenas 22.9 MB
gpu: 195813 nodes, 12 levels, staging+arenas 80.2 MB
GPU_REPLAY {"board":"KsQs2s","iteration":1,"mode":"smooth_pair","passed":true,"player":0,"post_avg_br_difference_per_mass":0.0,"post_root_difference":0.0,"prestate_all_arrays_bitwise_equal":true,"same_state_cfv_per_mass":0.0}
GPU_REPLAY {"board":"KsQs2s","iteration":1,"mode":"smooth_pair","passed":true,"player":1,"post_avg_br_difference_per_mass":0.0,"post_root_difference":0.0,"prestate_all_arrays_bitwise_equal":true,"same_state_cfv_per_mass":0.0}
GPU_REPLAY {"board":"KsQs2s","iteration":2,"mode":"smooth_pair","passed":true,"player":0,"post_avg_br_difference_per_mass":0.0,"post_root_difference":0.0,"prestate_all_arrays_bitwise_equal":true,"same_state_cfv_per_mass":0.0}
GPU_REPLAY {"board":"KsQs2s","iteration":2,"mode":"smooth_pair","passed":true,"player":1,"post_avg_br_difference_per_mass":0.0,"post_root_difference":0.0,"prestate_all_arrays_bitwise_equal":true,"same_state_cfv_per_mass":1.9641665858216584e-6}
GPU_REPLAY {"board":"KsQs2s","iteration":16,"mode":"smooth_pair","passed":true,"player":0,"post_avg_br_difference_per_mass":0.0,"post_root_difference":0.0,"prestate_all_arrays_bitwise_equal":true,"same_state_cfv_per_mass":2.856351557056769e-6}
GPU_REPLAY {"board":"KsQs2s","iteration":16,"mode":"smooth_pair","passed":true,"player":1,"post_avg_br_difference_per_mass":0.0,"post_root_difference":0.0,"prestate_all_arrays_bitwise_equal":true,"same_state_cfv_per_mass":2.0889931420242647e-6}
GPU_REPLAY {"board":"KsQs2s","iteration":17,"mode":"smooth_pair","passed":true,"player":0,"post_avg_br_difference_per_mass":0.0,"post_root_difference":0.0,"prestate_all_arrays_bitwise_equal":true,"same_state_cfv_per_mass":3.8028413200663636e-6}
GPU_REPLAY {"board":"KsQs2s","iteration":17,"mode":"smooth_pair","passed":true,"player":1,"post_avg_br_difference_per_mass":0.0,"post_root_difference":0.0,"prestate_all_arrays_bitwise_equal":true,"same_state_cfv_per_mass":1.0492597084521549e-6}
GPU_REPLAY {"board":"KsQs2s","iteration":50,"mode":"smooth_pair","passed":true,"player":0,"post_avg_br_difference_per_mass":0.0,"post_root_difference":0.0,"prestate_all_arrays_bitwise_equal":true,"same_state_cfv_per_mass":3.626032821557601e-6}
GPU_REPLAY {"board":"KsQs2s","iteration":50,"mode":"smooth_pair","passed":true,"player":1,"post_avg_br_difference_per_mass":0.0,"post_root_difference":0.0,"prestate_all_arrays_bitwise_equal":true,"same_state_cfv_per_mass":2.470253321007476e-6}
GPU_REPLAY {"board":"KsQs2s","iteration":100,"mode":"smooth_pair","passed":true,"player":0,"post_avg_br_difference_per_mass":0.0,"post_root_difference":0.0,"prestate_all_arrays_bitwise_equal":true,"same_state_cfv_per_mass":1.6937029840846662e-6}
GPU_REPLAY {"board":"KsQs2s","iteration":100,"mode":"smooth_pair","passed":true,"player":1,"post_avg_br_difference_per_mass":0.0,"post_root_difference":0.0,"prestate_all_arrays_bitwise_equal":true,"same_state_cfv_per_mass":8.44121927912056e-7}
gpu: 195813 nodes, 12 levels, staging+arenas 82.0 MB
gpu: 195813 nodes, 12 levels, staging+arenas 82.0 MB
GPU_REPLAY {"board":"KsQh2d","iteration":1,"mode":"smooth_pair","passed":true,"player":0,"post_avg_br_difference_per_mass":0.0,"post_root_difference":0.0,"prestate_all_arrays_bitwise_equal":true,"same_state_cfv_per_mass":0.0}
GPU_REPLAY {"board":"KsQh2d","iteration":1,"mode":"smooth_pair","passed":true,"player":1,"post_avg_br_difference_per_mass":0.0,"post_root_difference":0.0,"prestate_all_arrays_bitwise_equal":true,"same_state_cfv_per_mass":0.0}
GPU_REPLAY {"board":"KsQh2d","iteration":2,"mode":"smooth_pair","passed":true,"player":0,"post_avg_br_difference_per_mass":0.0,"post_root_difference":0.0,"prestate_all_arrays_bitwise_equal":true,"same_state_cfv_per_mass":0.0}
GPU_REPLAY {"board":"KsQh2d","iteration":2,"mode":"smooth_pair","passed":true,"player":1,"post_avg_br_difference_per_mass":0.0,"post_root_difference":0.0,"prestate_all_arrays_bitwise_equal":true,"same_state_cfv_per_mass":0.0}
GPU_REPLAY {"board":"KsQh2d","iteration":16,"mode":"smooth_pair","passed":true,"player":0,"post_avg_br_difference_per_mass":0.0,"post_root_difference":0.0,"prestate_all_arrays_bitwise_equal":true,"same_state_cfv_per_mass":0.0}
GPU_REPLAY {"board":"KsQh2d","iteration":16,"mode":"smooth_pair","passed":true,"player":1,"post_avg_br_difference_per_mass":0.0,"post_root_difference":0.0,"prestate_all_arrays_bitwise_equal":true,"same_state_cfv_per_mass":0.0}
GPU_REPLAY {"board":"KsQh2d","iteration":17,"mode":"smooth_pair","passed":true,"player":0,"post_avg_br_difference_per_mass":0.0,"post_root_difference":0.0,"prestate_all_arrays_bitwise_equal":true,"same_state_cfv_per_mass":0.0}
GPU_REPLAY {"board":"KsQh2d","iteration":17,"mode":"smooth_pair","passed":true,"player":1,"post_avg_br_difference_per_mass":0.0,"post_root_difference":0.0,"prestate_all_arrays_bitwise_equal":true,"same_state_cfv_per_mass":0.0}
GPU_REPLAY {"board":"KsQh2d","iteration":50,"mode":"smooth_pair","passed":true,"player":0,"post_avg_br_difference_per_mass":0.0,"post_root_difference":0.0,"prestate_all_arrays_bitwise_equal":true,"same_state_cfv_per_mass":0.0}
GPU_REPLAY {"board":"KsQh2d","iteration":50,"mode":"smooth_pair","passed":true,"player":1,"post_avg_br_difference_per_mass":0.0,"post_root_difference":0.0,"prestate_all_arrays_bitwise_equal":true,"same_state_cfv_per_mass":0.0}
GPU_REPLAY {"board":"KsQh2d","iteration":100,"mode":"smooth_pair","passed":true,"player":0,"post_avg_br_difference_per_mass":0.0,"post_root_difference":0.0,"prestate_all_arrays_bitwise_equal":true,"same_state_cfv_per_mass":0.0}
GPU_REPLAY {"board":"KsQh2d","iteration":100,"mode":"smooth_pair","passed":true,"player":1,"post_avg_br_difference_per_mass":0.0,"post_root_difference":0.0,"prestate_all_arrays_bitwise_equal":true,"same_state_cfv_per_mass":0.0}
ok

test result: ok. 1 passed; 0 failed; 0 ignored; 0 measured; 188 filtered out; finished in 9.95s

