
running 1 test
test larger_host_orbit_storage_restores_and_resumes_exactly ... gpu: 432881 nodes, 13 levels, staging+arenas 1468.2 MB
gpu: 432881 nodes, 13 levels, staging+arenas 1468.2 MB
gpu: 432881 nodes, 13 levels, staging+arenas 1468.2 MB
HOST_ORBIT {"board":"5c2h2d","encode_seconds":0.0957824,"iteration":1,"menu":"50","mode":"abrupt_pair","passed":true,"pot":39.5,"raw_array_bytes":632946384,"raw_fallback":true,"restore_differing_values":0,"restore_max_absolute_error":0.0,"restore_seconds":0.0949834,"resumed_arrays_bitwise_equal":true,"resumed_values_bitwise_equal":true,"stack":182.0,"stored_array_bytes":632946384}
gpu: 432881 nodes, 13 levels, staging+arenas 1468.2 MB
gpu: 432881 nodes, 13 levels, staging+arenas 1468.2 MB
HOST_ORBIT {"board":"5c2h2d","encode_seconds":0.1039411,"iteration":17,"menu":"50","mode":"abrupt_pair","passed":true,"pot":39.5,"raw_array_bytes":632946384,"raw_fallback":true,"restore_differing_values":0,"restore_max_absolute_error":0.0,"restore_seconds":0.1073825,"resumed_arrays_bitwise_equal":true,"resumed_values_bitwise_equal":true,"stack":182.0,"stored_array_bytes":632946384}
gpu: 432881 nodes, 13 levels, staging+arenas 1468.2 MB
gpu: 432881 nodes, 13 levels, staging+arenas 1468.2 MB
HOST_ORBIT {"board":"5c2h2d","encode_seconds":0.1047329,"iteration":50,"menu":"50","mode":"abrupt_pair","passed":true,"pot":39.5,"raw_array_bytes":632946384,"raw_fallback":true,"restore_differing_values":0,"restore_max_absolute_error":0.0,"restore_seconds":0.1293692,"resumed_arrays_bitwise_equal":true,"resumed_values_bitwise_equal":true,"stack":182.0,"stored_array_bytes":632946384}
gpu: 143389 nodes, 11 levels, staging+arenas 481.9 MB
gpu: 143389 nodes, 11 levels, staging+arenas 481.9 MB
gpu: 143389 nodes, 11 levels, staging+arenas 481.9 MB
HOST_ORBIT {"board":"5c2h2d","encode_seconds":0.027099,"iteration":1,"menu":"50","mode":"abrupt_pair","passed":true,"pot":93.5,"raw_array_bytes":185356080,"raw_fallback":true,"restore_differing_values":0,"restore_max_absolute_error":0.0,"restore_seconds":0.0402302,"resumed_arrays_bitwise_equal":true,"resumed_values_bitwise_equal":true,"stack":155.0,"stored_array_bytes":185356080}
gpu: 143389 nodes, 11 levels, staging+arenas 481.9 MB
gpu: 143389 nodes, 11 levels, staging+arenas 481.9 MB
HOST_ORBIT {"board":"5c2h2d","encode_seconds":0.0134587,"iteration":17,"menu":"50","mode":"abrupt_pair","passed":true,"pot":93.5,"raw_array_bytes":185356080,"raw_fallback":true,"restore_differing_values":0,"restore_max_absolute_error":0.0,"restore_seconds":0.0413659,"resumed_arrays_bitwise_equal":true,"resumed_values_bitwise_equal":true,"stack":155.0,"stored_array_bytes":185356080}
gpu: 143389 nodes, 11 levels, staging+arenas 481.9 MB
gpu: 143389 nodes, 11 levels, staging+arenas 481.9 MB
HOST_ORBIT {"board":"5c2h2d","encode_seconds":0.0400927,"iteration":50,"menu":"50","mode":"abrupt_pair","passed":true,"pot":93.5,"raw_array_bytes":185356080,"raw_fallback":true,"restore_differing_values":0,"restore_max_absolute_error":0.0,"restore_seconds":0.040249,"resumed_arrays_bitwise_equal":true,"resumed_values_bitwise_equal":true,"stack":155.0,"stored_array_bytes":185356080}
gpu: 432881 nodes, 13 levels, staging+arenas 1244.5 MB
gpu: 432881 nodes, 13 levels, staging+arenas 1244.5 MB
gpu: 432881 nodes, 13 levels, staging+arenas 1244.5 MB
HOST_ORBIT {"board":"AcQd9d","encode_seconds":0.096665,"iteration":1,"menu":"50","mode":"abrupt_pair","passed":true,"pot":39.5,"raw_array_bytes":532041888,"raw_fallback":false,"restore_differing_values":0,"restore_max_absolute_error":0.0,"restore_seconds":0.2005572,"resumed_arrays_bitwise_equal":true,"resumed_values_bitwise_equal":true,"stack":182.0,"stored_array_bytes":317214528}
gpu: 432881 nodes, 13 levels, staging+arenas 1244.5 MB
gpu: 432881 nodes, 13 levels, staging+arenas 1244.5 MB
HOST_ORBIT {"board":"AcQd9d","encode_seconds":0.121488,"iteration":17,"menu":"50","mode":"abrupt_pair","passed":true,"pot":39.5,"raw_array_bytes":532041888,"raw_fallback":false,"restore_differing_values":0,"restore_max_absolute_error":0.0,"restore_seconds":0.1931204,"resumed_arrays_bitwise_equal":true,"resumed_values_bitwise_equal":true,"stack":182.0,"stored_array_bytes":317214528}
gpu: 432881 nodes, 13 levels, staging+arenas 1244.5 MB
gpu: 432881 nodes, 13 levels, staging+arenas 1244.5 MB
HOST_ORBIT {"board":"AcQd9d","encode_seconds":0.1310347,"iteration":50,"menu":"50","mode":"abrupt_pair","passed":true,"pot":39.5,"raw_array_bytes":532041888,"raw_fallback":false,"restore_differing_values":0,"restore_max_absolute_error":0.0,"restore_seconds":0.2163647,"resumed_arrays_bitwise_equal":true,"resumed_values_bitwise_equal":true,"stack":182.0,"stored_array_bytes":317214528}
gpu: 143389 nodes, 11 levels, staging+arenas 408.7 MB
gpu: 143389 nodes, 11 levels, staging+arenas 408.7 MB
gpu: 143389 nodes, 11 levels, staging+arenas 408.7 MB
HOST_ORBIT {"board":"AcQd9d","encode_seconds":0.0245912,"iteration":1,"menu":"50","mode":"abrupt_pair","passed":true,"pot":93.5,"raw_array_bytes":155806560,"raw_fallback":false,"restore_differing_values":0,"restore_max_absolute_error":0.0,"restore_seconds":0.0467722,"resumed_arrays_bitwise_equal":true,"resumed_values_bitwise_equal":true,"stack":155.0,"stored_array_bytes":93024576}
gpu: 143389 nodes, 11 levels, staging+arenas 408.7 MB
gpu: 143389 nodes, 11 levels, staging+arenas 408.7 MB
HOST_ORBIT {"board":"AcQd9d","encode_seconds":0.0249881,"iteration":17,"menu":"50","mode":"abrupt_pair","passed":true,"pot":93.5,"raw_array_bytes":155806560,"raw_fallback":false,"restore_differing_values":0,"restore_max_absolute_error":0.0,"restore_seconds":0.0471012,"resumed_arrays_bitwise_equal":true,"resumed_values_bitwise_equal":true,"stack":155.0,"stored_array_bytes":93024576}
gpu: 143389 nodes, 11 levels, staging+arenas 408.7 MB
gpu: 143389 nodes, 11 levels, staging+arenas 408.7 MB
HOST_ORBIT {"board":"AcQd9d","encode_seconds":0.0241202,"iteration":50,"menu":"50","mode":"abrupt_pair","passed":true,"pot":93.5,"raw_array_bytes":155806560,"raw_fallback":false,"restore_differing_values":0,"restore_max_absolute_error":0.0,"restore_seconds":0.0462343,"resumed_arrays_bitwise_equal":true,"resumed_values_bitwise_equal":true,"stack":155.0,"stored_array_bytes":93024576}
gpu: 1283337 nodes, 13 levels, staging+arenas 4393.7 MB
gpu: 1283337 nodes, 13 levels, staging+arenas 4393.7 MB
gpu: 1283337 nodes, 13 levels, staging+arenas 4393.7 MB
HOST_ORBIT {"board":"5c2h2d","encode_seconds":0.2809363,"iteration":1,"menu":"50,75","mode":"abrupt_pair","passed":true,"pot":39.5,"raw_array_bytes":1897838928,"raw_fallback":true,"restore_differing_values":0,"restore_max_absolute_error":0.0,"restore_seconds":0.2808673,"resumed_arrays_bitwise_equal":true,"resumed_values_bitwise_equal":true,"stack":182.0,"stored_array_bytes":1897838928}
gpu: 1283337 nodes, 13 levels, staging+arenas 4393.7 MB
gpu: 1283337 nodes, 13 levels, staging+arenas 4393.7 MB
HOST_ORBIT {"board":"5c2h2d","encode_seconds":0.1435088,"iteration":17,"menu":"50,75","mode":"abrupt_pair","passed":true,"pot":39.5,"raw_array_bytes":1897838928,"raw_fallback":true,"restore_differing_values":0,"restore_max_absolute_error":0.0,"restore_seconds":0.5072104,"resumed_arrays_bitwise_equal":true,"resumed_values_bitwise_equal":true,"stack":182.0,"stored_array_bytes":1897838928}
gpu: 1283337 nodes, 13 levels, staging+arenas 4393.7 MB
gpu: 1283337 nodes, 13 levels, staging+arenas 4393.7 MB
HOST_ORBIT {"board":"5c2h2d","encode_seconds":0.4244181,"iteration":50,"menu":"50,75","mode":"abrupt_pair","passed":true,"pot":39.5,"raw_array_bytes":1897838928,"raw_fallback":true,"restore_differing_values":0,"restore_max_absolute_error":0.0,"restore_seconds":0.4531103,"resumed_arrays_bitwise_equal":true,"resumed_values_bitwise_equal":true,"stack":182.0,"stored_array_bytes":1897838928}
gpu: 279425 nodes, 11 levels, staging+arenas 941.9 MB
gpu: 279425 nodes, 11 levels, staging+arenas 941.9 MB
gpu: 279425 nodes, 11 levels, staging+arenas 941.9 MB
HOST_ORBIT {"board":"5c2h2d","encode_seconds":0.0281611,"iteration":1,"menu":"50,75","mode":"abrupt_pair","passed":true,"pot":93.5,"raw_array_bytes":362594448,"raw_fallback":true,"restore_differing_values":0,"restore_max_absolute_error":0.0,"restore_seconds":0.0487929,"resumed_arrays_bitwise_equal":true,"resumed_values_bitwise_equal":true,"stack":155.0,"stored_array_bytes":362594448}
gpu: 279425 nodes, 11 levels, staging+arenas 941.9 MB
gpu: 279425 nodes, 11 levels, staging+arenas 941.9 MB
HOST_ORBIT {"board":"5c2h2d","encode_seconds":0.2850896,"iteration":17,"menu":"50,75","mode":"abrupt_pair","passed":true,"pot":93.5,"raw_array_bytes":362594448,"raw_fallback":true,"restore_differing_values":0,"restore_max_absolute_error":0.0,"restore_seconds":0.1737486,"resumed_arrays_bitwise_equal":true,"resumed_values_bitwise_equal":true,"stack":155.0,"stored_array_bytes":362594448}
gpu: 279425 nodes, 11 levels, staging+arenas 941.9 MB
gpu: 279425 nodes, 11 levels, staging+arenas 941.9 MB
HOST_ORBIT {"board":"5c2h2d","encode_seconds":0.0264175,"iteration":50,"menu":"50,75","mode":"abrupt_pair","passed":true,"pot":93.5,"raw_array_bytes":362594448,"raw_fallback":true,"restore_differing_values":0,"restore_max_absolute_error":0.0,"restore_seconds":0.0478579,"resumed_arrays_bitwise_equal":true,"resumed_values_bitwise_equal":true,"stack":155.0,"stored_array_bytes":362594448}
gpu: 1283337 nodes, 13 levels, staging+arenas 3724.8 MB
gpu: 1283337 nodes, 13 levels, staging+arenas 3724.8 MB
gpu: 1283337 nodes, 13 levels, staging+arenas 3724.8 MB
HOST_ORBIT {"board":"AcQd9d","encode_seconds":0.3047369,"iteration":1,"menu":"50,75","mode":"abrupt_pair","passed":true,"pot":39.5,"raw_array_bytes":1595284896,"raw_fallback":false,"restore_differing_values":0,"restore_max_absolute_error":0.0,"restore_seconds":0.5715094,"resumed_arrays_bitwise_equal":true,"resumed_values_bitwise_equal":true,"stack":182.0,"stored_array_bytes":951019968}
gpu: 1283337 nodes, 13 levels, staging+arenas 3724.8 MB
gpu: 1283337 nodes, 13 levels, staging+arenas 3724.8 MB
HOST_ORBIT {"board":"AcQd9d","encode_seconds":0.2462519,"iteration":17,"menu":"50,75","mode":"abrupt_pair","passed":true,"pot":39.5,"raw_array_bytes":1595284896,"raw_fallback":false,"restore_differing_values":0,"restore_max_absolute_error":0.0,"restore_seconds":0.7073512,"resumed_arrays_bitwise_equal":true,"resumed_values_bitwise_equal":true,"stack":182.0,"stored_array_bytes":951019968}
gpu: 1283337 nodes, 13 levels, staging+arenas 3724.8 MB
gpu: 1283337 nodes, 13 levels, staging+arenas 3724.8 MB
HOST_ORBIT {"board":"AcQd9d","encode_seconds":0.4385988,"iteration":50,"menu":"50,75","mode":"abrupt_pair","passed":true,"pot":39.5,"raw_array_bytes":1595284896,"raw_fallback":false,"restore_differing_values":0,"restore_max_absolute_error":0.0,"restore_seconds":0.6154119,"resumed_arrays_bitwise_equal":true,"resumed_values_bitwise_equal":true,"stack":182.0,"stored_array_bytes":951019968}
gpu: 279425 nodes, 11 levels, staging+arenas 798.9 MB
gpu: 279425 nodes, 11 levels, staging+arenas 798.9 MB
gpu: 279425 nodes, 11 levels, staging+arenas 798.9 MB
HOST_ORBIT {"board":"AcQd9d","encode_seconds":0.0464673,"iteration":1,"menu":"50,75","mode":"abrupt_pair","passed":true,"pot":93.5,"raw_array_bytes":304789536,"raw_fallback":false,"restore_differing_values":0,"restore_max_absolute_error":0.0,"restore_seconds":0.087236,"resumed_arrays_bitwise_equal":true,"resumed_values_bitwise_equal":true,"stack":155.0,"stored_array_bytes":181967808}
gpu: 279425 nodes, 11 levels, staging+arenas 798.9 MB
gpu: 279425 nodes, 11 levels, staging+arenas 798.9 MB
HOST_ORBIT {"board":"AcQd9d","encode_seconds":0.2735152,"iteration":17,"menu":"50,75","mode":"abrupt_pair","passed":true,"pot":93.5,"raw_array_bytes":304789536,"raw_fallback":false,"restore_differing_values":0,"restore_max_absolute_error":0.0,"restore_seconds":0.1139786,"resumed_arrays_bitwise_equal":true,"resumed_values_bitwise_equal":true,"stack":155.0,"stored_array_bytes":181967808}
gpu: 279425 nodes, 11 levels, staging+arenas 798.9 MB
gpu: 279425 nodes, 11 levels, staging+arenas 798.9 MB
HOST_ORBIT {"board":"AcQd9d","encode_seconds":0.0470327,"iteration":50,"menu":"50,75","mode":"abrupt_pair","passed":true,"pot":93.5,"raw_array_bytes":304789536,"raw_fallback":false,"restore_differing_values":0,"restore_max_absolute_error":0.0,"restore_seconds":0.1285124,"resumed_arrays_bitwise_equal":true,"resumed_values_bitwise_equal":true,"stack":155.0,"stored_array_bytes":181967808}
ok

test result: ok. 1 passed; 0 failed; 0 ignored; 0 measured; 0 filtered out; finished in 49.61s

