
running 1 test
test canonical_host_storage_v2_restores_explicit_tied_state_bitwise ... gpu: 195813 nodes, 12 levels, staging+arenas 80.2 MB
gpu: 195813 nodes, 12 levels, staging+arenas 80.2 MB
gpu: 195813 nodes, 12 levels, staging+arenas 80.2 MB
HOST_ORBIT {"board":"KsQs2d","encode_seconds":0.0110684,"iteration":1,"mode":"abrupt_pair","passed":true,"raw_array_bytes":38292320,"raw_fallback":false,"restore_differing_values":0,"restore_max_absolute_error":0.0,"restore_seconds":0.0259227,"resumed_arrays_bitwise_equal":true,"resumed_values_bitwise_equal":true,"stored_array_bytes":22827200}
gpu: 195813 nodes, 12 levels, staging+arenas 80.2 MB
gpu: 195813 nodes, 12 levels, staging+arenas 80.2 MB
HOST_ORBIT {"board":"KsQs2d","encode_seconds":0.0080246,"iteration":17,"mode":"abrupt_pair","passed":true,"raw_array_bytes":38292320,"raw_fallback":false,"restore_differing_values":0,"restore_max_absolute_error":0.0,"restore_seconds":0.0194976,"resumed_arrays_bitwise_equal":true,"resumed_values_bitwise_equal":true,"stored_array_bytes":22827200}
gpu: 195813 nodes, 12 levels, staging+arenas 80.2 MB
gpu: 195813 nodes, 12 levels, staging+arenas 80.2 MB
HOST_ORBIT {"board":"KsQs2d","encode_seconds":0.009262,"iteration":100,"mode":"abrupt_pair","passed":true,"raw_array_bytes":38292320,"raw_fallback":false,"restore_differing_values":0,"restore_max_absolute_error":0.0,"restore_seconds":0.0223867,"resumed_arrays_bitwise_equal":true,"resumed_values_bitwise_equal":true,"stored_array_bytes":22827200}
gpu: 195813 nodes, 12 levels, staging+arenas 80.2 MB
gpu: 195813 nodes, 12 levels, staging+arenas 80.2 MB
HOST_ORBIT {"board":"KsQs2d","encode_seconds":0.0092651,"iteration":300,"mode":"abrupt_pair","passed":true,"raw_array_bytes":38292320,"raw_fallback":false,"restore_differing_values":0,"restore_max_absolute_error":0.0,"restore_seconds":0.0238125,"resumed_arrays_bitwise_equal":true,"resumed_values_bitwise_equal":true,"stored_array_bytes":22827200}
gpu: 195813 nodes, 12 levels, staging+arenas 80.2 MB
gpu: 195813 nodes, 12 levels, staging+arenas 80.2 MB
gpu: 195813 nodes, 12 levels, staging+arenas 80.2 MB
HOST_ORBIT {"board":"KsQs2s","encode_seconds":0.0036381,"iteration":1,"mode":"abrupt_pair","passed":true,"raw_array_bytes":38292320,"raw_fallback":false,"restore_differing_values":0,"restore_max_absolute_error":0.0,"restore_seconds":0.0172062,"resumed_arrays_bitwise_equal":true,"resumed_values_bitwise_equal":true,"stored_array_bytes":10815200}
gpu: 195813 nodes, 12 levels, staging+arenas 80.2 MB
gpu: 195813 nodes, 12 levels, staging+arenas 80.2 MB
HOST_ORBIT {"board":"KsQs2s","encode_seconds":0.0042369,"iteration":17,"mode":"abrupt_pair","passed":true,"raw_array_bytes":38292320,"raw_fallback":false,"restore_differing_values":0,"restore_max_absolute_error":0.0,"restore_seconds":0.0168919,"resumed_arrays_bitwise_equal":true,"resumed_values_bitwise_equal":true,"stored_array_bytes":10815200}
gpu: 195813 nodes, 12 levels, staging+arenas 80.2 MB
gpu: 195813 nodes, 12 levels, staging+arenas 80.2 MB
HOST_ORBIT {"board":"KsQs2s","encode_seconds":0.0042644,"iteration":100,"mode":"abrupt_pair","passed":true,"raw_array_bytes":38292320,"raw_fallback":false,"restore_differing_values":0,"restore_max_absolute_error":0.0,"restore_seconds":0.0174027,"resumed_arrays_bitwise_equal":true,"resumed_values_bitwise_equal":true,"stored_array_bytes":10815200}
gpu: 195813 nodes, 12 levels, staging+arenas 80.2 MB
gpu: 195813 nodes, 12 levels, staging+arenas 80.2 MB
HOST_ORBIT {"board":"KsQs2s","encode_seconds":0.0092738,"iteration":300,"mode":"abrupt_pair","passed":true,"raw_array_bytes":38292320,"raw_fallback":false,"restore_differing_values":0,"restore_max_absolute_error":0.0,"restore_seconds":0.0197637,"resumed_arrays_bitwise_equal":true,"resumed_values_bitwise_equal":true,"stored_array_bytes":10815200}
gpu: 195813 nodes, 12 levels, staging+arenas 82.0 MB
gpu: 195813 nodes, 12 levels, staging+arenas 82.0 MB
gpu: 195813 nodes, 12 levels, staging+arenas 82.0 MB
HOST_ORBIT {"board":"KsQh2d","encode_seconds":0.0030767,"iteration":1,"mode":"abrupt_pair","passed":true,"raw_array_bytes":38988544,"raw_fallback":true,"restore_differing_values":0,"restore_max_absolute_error":0.0,"restore_seconds":0.0070019,"resumed_arrays_bitwise_equal":true,"resumed_values_bitwise_equal":true,"stored_array_bytes":38988544}
gpu: 195813 nodes, 12 levels, staging+arenas 82.0 MB
gpu: 195813 nodes, 12 levels, staging+arenas 82.0 MB
HOST_ORBIT {"board":"KsQh2d","encode_seconds":0.0029484,"iteration":17,"mode":"abrupt_pair","passed":true,"raw_array_bytes":38988544,"raw_fallback":true,"restore_differing_values":0,"restore_max_absolute_error":0.0,"restore_seconds":0.0061877,"resumed_arrays_bitwise_equal":true,"resumed_values_bitwise_equal":true,"stored_array_bytes":38988544}
gpu: 195813 nodes, 12 levels, staging+arenas 82.0 MB
gpu: 195813 nodes, 12 levels, staging+arenas 82.0 MB
HOST_ORBIT {"board":"KsQh2d","encode_seconds":0.0027697,"iteration":100,"mode":"abrupt_pair","passed":true,"raw_array_bytes":38988544,"raw_fallback":true,"restore_differing_values":0,"restore_max_absolute_error":0.0,"restore_seconds":0.0056204,"resumed_arrays_bitwise_equal":true,"resumed_values_bitwise_equal":true,"stored_array_bytes":38988544}
gpu: 195813 nodes, 12 levels, staging+arenas 82.0 MB
gpu: 195813 nodes, 12 levels, staging+arenas 82.0 MB
HOST_ORBIT {"board":"KsQh2d","encode_seconds":0.0058828,"iteration":300,"mode":"abrupt_pair","passed":true,"raw_array_bytes":38988544,"raw_fallback":true,"restore_differing_values":0,"restore_max_absolute_error":0.0,"restore_seconds":0.0089237,"resumed_arrays_bitwise_equal":true,"resumed_values_bitwise_equal":true,"stored_array_bytes":38988544}
gpu: 195813 nodes, 12 levels, staging+arenas 80.2 MB
gpu: 195813 nodes, 12 levels, staging+arenas 80.2 MB
gpu: 195813 nodes, 12 levels, staging+arenas 80.2 MB
HOST_ORBIT {"board":"KsQs2d","encode_seconds":0.0083394,"iteration":1,"mode":"smooth_pair","passed":true,"raw_array_bytes":38292320,"raw_fallback":false,"restore_differing_values":0,"restore_max_absolute_error":0.0,"restore_seconds":0.0197763,"resumed_arrays_bitwise_equal":true,"resumed_values_bitwise_equal":true,"stored_array_bytes":22827200}
gpu: 195813 nodes, 12 levels, staging+arenas 80.2 MB
gpu: 195813 nodes, 12 levels, staging+arenas 80.2 MB
HOST_ORBIT {"board":"KsQs2d","encode_seconds":0.0080273,"iteration":17,"mode":"smooth_pair","passed":true,"raw_array_bytes":38292320,"raw_fallback":false,"restore_differing_values":0,"restore_max_absolute_error":0.0,"restore_seconds":0.0191027,"resumed_arrays_bitwise_equal":true,"resumed_values_bitwise_equal":true,"stored_array_bytes":22827200}
gpu: 195813 nodes, 12 levels, staging+arenas 80.2 MB
gpu: 195813 nodes, 12 levels, staging+arenas 80.2 MB
HOST_ORBIT {"board":"KsQs2d","encode_seconds":0.0146312,"iteration":100,"mode":"smooth_pair","passed":true,"raw_array_bytes":38292320,"raw_fallback":false,"restore_differing_values":0,"restore_max_absolute_error":0.0,"restore_seconds":0.0206486,"resumed_arrays_bitwise_equal":true,"resumed_values_bitwise_equal":true,"stored_array_bytes":22827200}
gpu: 195813 nodes, 12 levels, staging+arenas 80.2 MB
gpu: 195813 nodes, 12 levels, staging+arenas 80.2 MB
HOST_ORBIT {"board":"KsQs2d","encode_seconds":0.0080284,"iteration":300,"mode":"smooth_pair","passed":true,"raw_array_bytes":38292320,"raw_fallback":false,"restore_differing_values":0,"restore_max_absolute_error":0.0,"restore_seconds":0.0190182,"resumed_arrays_bitwise_equal":true,"resumed_values_bitwise_equal":true,"stored_array_bytes":22827200}
gpu: 195813 nodes, 12 levels, staging+arenas 80.2 MB
gpu: 195813 nodes, 12 levels, staging+arenas 80.2 MB
gpu: 195813 nodes, 12 levels, staging+arenas 80.2 MB
HOST_ORBIT {"board":"KsQs2s","encode_seconds":0.0042768,"iteration":1,"mode":"smooth_pair","passed":true,"raw_array_bytes":38292320,"raw_fallback":false,"restore_differing_values":0,"restore_max_absolute_error":0.0,"restore_seconds":0.0199226,"resumed_arrays_bitwise_equal":true,"resumed_values_bitwise_equal":true,"stored_array_bytes":10815200}
gpu: 195813 nodes, 12 levels, staging+arenas 80.2 MB
gpu: 195813 nodes, 12 levels, staging+arenas 80.2 MB
HOST_ORBIT {"board":"KsQs2s","encode_seconds":0.0037582,"iteration":17,"mode":"smooth_pair","passed":true,"raw_array_bytes":38292320,"raw_fallback":false,"restore_differing_values":0,"restore_max_absolute_error":0.0,"restore_seconds":0.0175621,"resumed_arrays_bitwise_equal":true,"resumed_values_bitwise_equal":true,"stored_array_bytes":10815200}
gpu: 195813 nodes, 12 levels, staging+arenas 80.2 MB
gpu: 195813 nodes, 12 levels, staging+arenas 80.2 MB
HOST_ORBIT {"board":"KsQs2s","encode_seconds":0.0038127,"iteration":100,"mode":"smooth_pair","passed":true,"raw_array_bytes":38292320,"raw_fallback":false,"restore_differing_values":0,"restore_max_absolute_error":0.0,"restore_seconds":0.0171871,"resumed_arrays_bitwise_equal":true,"resumed_values_bitwise_equal":true,"stored_array_bytes":10815200}
gpu: 195813 nodes, 12 levels, staging+arenas 80.2 MB
gpu: 195813 nodes, 12 levels, staging+arenas 80.2 MB
HOST_ORBIT {"board":"KsQs2s","encode_seconds":0.0058439,"iteration":300,"mode":"smooth_pair","passed":true,"raw_array_bytes":38292320,"raw_fallback":false,"restore_differing_values":0,"restore_max_absolute_error":0.0,"restore_seconds":0.0215337,"resumed_arrays_bitwise_equal":true,"resumed_values_bitwise_equal":true,"stored_array_bytes":10815200}
gpu: 195813 nodes, 12 levels, staging+arenas 82.0 MB
gpu: 195813 nodes, 12 levels, staging+arenas 82.0 MB
gpu: 195813 nodes, 12 levels, staging+arenas 82.0 MB
HOST_ORBIT {"board":"KsQh2d","encode_seconds":0.003241,"iteration":1,"mode":"smooth_pair","passed":true,"raw_array_bytes":38988544,"raw_fallback":true,"restore_differing_values":0,"restore_max_absolute_error":0.0,"restore_seconds":0.0060123,"resumed_arrays_bitwise_equal":true,"resumed_values_bitwise_equal":true,"stored_array_bytes":38988544}
gpu: 195813 nodes, 12 levels, staging+arenas 82.0 MB
gpu: 195813 nodes, 12 levels, staging+arenas 82.0 MB
HOST_ORBIT {"board":"KsQh2d","encode_seconds":0.0027424,"iteration":17,"mode":"smooth_pair","passed":true,"raw_array_bytes":38988544,"raw_fallback":true,"restore_differing_values":0,"restore_max_absolute_error":0.0,"restore_seconds":0.0056887,"resumed_arrays_bitwise_equal":true,"resumed_values_bitwise_equal":true,"stored_array_bytes":38988544}
gpu: 195813 nodes, 12 levels, staging+arenas 82.0 MB
gpu: 195813 nodes, 12 levels, staging+arenas 82.0 MB
HOST_ORBIT {"board":"KsQh2d","encode_seconds":0.0059193,"iteration":100,"mode":"smooth_pair","passed":true,"raw_array_bytes":38988544,"raw_fallback":true,"restore_differing_values":0,"restore_max_absolute_error":0.0,"restore_seconds":0.0079661,"resumed_arrays_bitwise_equal":true,"resumed_values_bitwise_equal":true,"stored_array_bytes":38988544}
gpu: 195813 nodes, 12 levels, staging+arenas 82.0 MB
gpu: 195813 nodes, 12 levels, staging+arenas 82.0 MB
HOST_ORBIT {"board":"KsQh2d","encode_seconds":0.002645,"iteration":300,"mode":"smooth_pair","passed":true,"raw_array_bytes":38988544,"raw_fallback":true,"restore_differing_values":0,"restore_max_absolute_error":0.0,"restore_seconds":0.0056446,"resumed_arrays_bitwise_equal":true,"resumed_values_bitwise_equal":true,"stored_array_bytes":38988544}
ok

test result: ok. 1 passed; 0 failed; 0 ignored; 0 measured; 0 filtered out; finished in 10.08s

