seat0 entry mass removed=0.000001620262771236195
seat1 entry mass removed=0.0000012845353565876034
gpu: 432881 nodes, 13 levels, staging+arenas 1323.0 MB
GPU_STORAGE_MAP active=165920 missing_active=0 all_tree_missing=3430
stored KsQs2d pot=39.5: bytes=338179856 disk=true workspace=1661170368
gpu: 432881 nodes, 13 levels, staging+arenas 1323.0 MB
GPU_STORAGE_MAP active=165920 missing_active=0 all_tree_missing=3430
stored KsQs2s pot=39.5: bytes=160269032 disk=true workspace=1661170368
gpu: 432881 nodes, 13 levels, staging+arenas 1320.5 MB
stored KsQh2d pot=39.5: bytes=565676720 disk=true workspace=1661170368
gpu: 143389 nodes, 11 levels, staging+arenas 434.4 MB
GPU_STORAGE_MAP active=52436 missing_active=0 all_tree_missing=1078
stored KsQs2d pot=93.5: bytes=99172752 disk=true workspace=1661170368
gpu: 143389 nodes, 11 levels, staging+arenas 434.4 MB
GPU_STORAGE_MAP active=52436 missing_active=0 all_tree_missing=1078
stored KsQs2s pot=93.5: bytes=47122936 disk=true workspace=1661170368
gpu: 143389 nodes, 11 levels, staging+arenas 433.6 MB
stored KsQh2d pot=93.5: bytes=165656400 disk=true workspace=1661170368
planned_strategy_writes=56419185536
1 gap=77.88825484561856 elapsed=26.2
20 gap=4.161098797388908 elapsed=193.1
