seat0 entry mass removed=0.000001620262771236195
seat1 entry mass removed=0.0000012845353565876034
gpu: 432881 nodes, 13 levels, staging+arenas 1146.5 MB
GPU_STORAGE_MAP active=165920 missing_active=0 all_tree_missing=3430
stored AdAcJc pot=39.5: bytes=291691520 disk=false workspace=1438213480
gpu: 432881 nodes, 13 levels, staging+arenas 1212.2 MB
GPU_STORAGE_MAP active=165920 missing_active=0 all_tree_missing=3430
stored AdAc3c pot=39.5: bytes=309010704 disk=false workspace=1521219632
gpu: 432881 nodes, 13 levels, staging+arenas 1213.3 MB
stored AcKd9h pot=39.5: bytes=519811040 disk=false workspace=1526172336
gpu: 432881 nodes, 13 levels, staging+arenas 1241.7 MB
stored AcKd5h pot=39.5: bytes=532041888 disk=false workspace=1550674600
gpu: 432881 nodes, 13 levels, staging+arenas 1199.4 MB
GPU_STORAGE_MAP active=165920 missing_active=0 all_tree_missing=3430
stored AcKcQc pot=39.5: bytes=144717320 disk=false workspace=1550674600
gpu: 432881 nodes, 13 levels, staging+arenas 1211.2 MB
stored AcQdJh pot=39.5: bytes=516753328 disk=false workspace=1550674600
gpu: 432881 nodes, 13 levels, staging+arenas 1261.2 MB
stored AcQd7h pot=39.5: bytes=539686168 disk=false workspace=1570224160
gpu: 432881 nodes, 13 levels, staging+arenas 1279.3 MB
stored AcQd3h pot=39.5: bytes=547330448 disk=false workspace=1588340160
gpu: 432881 nodes, 13 levels, staging+arenas 1275.4 MB
GPU_STORAGE_MAP active=165920 missing_active=0 all_tree_missing=3430
stored AcQc4d pot=39.5: bytes=325418352 disk=false workspace=1604747808
gpu: 432881 nodes, 13 levels, staging+arenas 1236.7 MB
GPU_STORAGE_MAP active=165920 missing_active=0 all_tree_missing=3430
stored AcJd8c pot=39.5: bytes=315391456 disk=false workspace=1604747808
gpu: 432881 nodes, 13 levels, staging+arenas 1270.1 MB
GPU_STORAGE_MAP active=165920 missing_active=0 all_tree_missing=3430
stored AcJd4c pot=39.5: bytes=324506816 disk=false workspace=1608135696
gpu: 432881 nodes, 13 levels, staging+arenas 1268.6 MB
GPU_STORAGE_MAP active=165920 missing_active=0 all_tree_missing=3430
stored AcJc4d pot=39.5: bytes=324506816 disk=false workspace=1611523584
gpu: 432881 nodes, 13 levels, staging+arenas 1256.9 MB
GPU_STORAGE_MAP active=165920 missing_active=0 all_tree_missing=3430
stored AcTd7d pot=39.5: bytes=321772208 disk=false workspace=1611523584
gpu: 432881 nodes, 13 levels, staging+arenas 1278.9 MB
GPU_STORAGE_MAP active=165920 missing_active=0 all_tree_missing=3430
stored AcTd3c pot=39.5: bytes=327241424 disk=false workspace=1614911472
gpu: 432881 nodes, 13 levels, staging+arenas 1267.2 MB
stored Ac9h9d pot=39.5: bytes=544272736 disk=false workspace=1614911472
gpu: 432881 nodes, 13 levels, staging+arenas 1295.6 MB
GPU_STORAGE_MAP active=165920 missing_active=0 all_tree_missing=3430
stored Ac9d5c pot=39.5: bytes=331799104 disk=false workspace=1627420232
gpu: 432881 nodes, 13 levels, staging+arenas 1291.7 MB
GPU_STORAGE_MAP active=165920 missing_active=0 all_tree_missing=3430
stored Ac9c6c pot=39.5: bytes=156813096 disk=false workspace=1627420232
gpu: 432881 nodes, 13 levels, staging+arenas 1290.7 MB
stored Ac8d5h pot=39.5: bytes=553445872 disk=false workspace=1627420232
gpu: 432881 nodes, 13 levels, staging+arenas 1297.1 MB
GPU_STORAGE_MAP active=165920 missing_active=0 all_tree_missing=3430
stored Ac8c7c pot=39.5: bytes=157245088 disk=false workspace=1631330144
gpu: 432881 nodes, 13 levels, staging+arenas 1316.2 MB
GPU_STORAGE_MAP active=165920 missing_active=0 all_tree_missing=3430
stored Ac7d5c pot=39.5: bytes=337268320 disk=false workspace=1653481800
gpu: 432881 nodes, 13 levels, staging+arenas 1324.0 MB
GPU_STORAGE_MAP active=165920 missing_active=0 all_tree_missing=3430
stored Ac7c3d pot=39.5: bytes=339091392 disk=false workspace=1663124696
gpu: 432881 nodes, 13 levels, staging+arenas 1330.4 MB
GPU_STORAGE_MAP active=165920 missing_active=0 all_tree_missing=3430
stored Ac6d3c pot=39.5: bytes=340914464 disk=false workspace=1671334032
gpu: 432881 nodes, 13 levels, staging+arenas 1327.9 MB
stored Ac5d3h pot=39.5: bytes=570263288 disk=false workspace=1671334032
gpu: 432881 nodes, 13 levels, staging+arenas 1338.2 MB
GPU_STORAGE_MAP active=165920 missing_active=0 all_tree_missing=3430
stored Ac4d3c pot=39.5: bytes=342737536 disk=false workspace=1680976928
gpu: 432881 nodes, 13 levels, staging+arenas 1346.1 MB
GPU_STORAGE_MAP active=165920 missing_active=0 all_tree_missing=3430
stored Ac2d2c pot=39.5: bytes=344560608 disk=false workspace=1690619824
gpu: 432881 nodes, 13 levels, staging+arenas 1291.7 MB
stored KdKc4h pot=39.5: bytes=554974728 disk=false workspace=1690619824
gpu: 432881 nodes, 13 levels, staging+arenas 1277.9 MB
stored KcQd9h pot=39.5: bytes=547330448 disk=false workspace=1690619824
gpu: 432881 nodes, 13 levels, staging+arenas 1310.2 MB
stored KcQd5h pot=39.5: bytes=561090152 disk=false workspace=1690619824
gpu: 432881 nodes, 13 levels, staging+arenas 1259.8 MB
GPU_STORAGE_MAP active=165920 missing_active=0 all_tree_missing=3430
stored KcQcTd pot=39.5: bytes=321772208 disk=false workspace=1690619824
gpu: 432881 nodes, 13 levels, staging+arenas 1256.9 MB
GPU_STORAGE_MAP active=165920 missing_active=0 all_tree_missing=3430
stored KcJdTd pot=39.5: bytes=321772208 disk=false workspace=1690619824
gpu: 432881 nodes, 13 levels, staging+arenas 1302.0 MB
GPU_STORAGE_MAP active=165920 missing_active=0 all_tree_missing=3430
stored KcJd6d pot=39.5: bytes=333622176 disk=false workspace=1690619824
gpu: 432881 nodes, 13 levels, staging+arenas 1313.7 MB
GPU_STORAGE_MAP active=165920 missing_active=0 all_tree_missing=3430
stored KcJd2c pot=39.5: bytes=336356784 disk=false workspace=1690619824
gpu: 432881 nodes, 13 levels, staging+arenas 1276.1 MB
stored KcTd9h pot=39.5: bytes=548859304 disk=false workspace=1690619824
gpu: 432881 nodes, 13 levels, staging+arenas 1308.4 MB
GPU_STORAGE_MAP active=165920 missing_active=0 all_tree_missing=3430
stored KcTd5d pot=39.5: bytes=335445248 disk=false workspace=1690619824
gpu: 432881 nodes, 13 levels, staging+arenas 1300.6 MB
GPU_STORAGE_MAP active=165920 missing_active=0 all_tree_missing=3430
stored KcTc7d pot=39.5: bytes=333622176 disk=false workspace=1690619824
gpu: 432881 nodes, 13 levels, staging+arenas 1325.1 MB
GPU_STORAGE_MAP active=165920 missing_active=0 all_tree_missing=3430
stored Kc9d7d pot=39.5: bytes=340002928 disk=false workspace=1694007712
gpu: 432881 nodes, 13 levels, staging+arenas 1339.3 MB
GPU_STORAGE_MAP active=165920 missing_active=0 all_tree_missing=3430
stored Kc9d3d pot=39.5: bytes=343649072 disk=false workspace=1697395600
gpu: 432881 nodes, 13 levels, staging+arenas 1326.5 MB
stored Kc8d7h pot=39.5: bytes=570263288 disk=false workspace=1697395600
gpu: 432881 nodes, 13 levels, staging+arenas 1344.6 MB
stored Kc8d3h pot=39.5: bytes=577907568 disk=false workspace=1697395600
gpu: 432881 nodes, 13 levels, staging+arenas 1349.6 MB
stored Kc7h7d pot=39.5: bytes=580965280 disk=false workspace=1699871952
gpu: 432881 nodes, 13 levels, staging+arenas 1363.8 MB
GPU_STORAGE_MAP active=165920 missing_active=0 all_tree_missing=3430
stored Kc7d3c pot=39.5: bytes=350029824 disk=false workspace=1713814272
gpu: 432881 nodes, 13 levels, staging+arenas 1359.9 MB
GPU_STORAGE_MAP active=165920 missing_active=0 all_tree_missing=3430
stored Kc6d5c pot=39.5: bytes=349118288 disk=false workspace=1713814272
gpu: 432881 nodes, 13 levels, staging+arenas 1370.2 MB
GPU_STORAGE_MAP active=165920 missing_active=0 all_tree_missing=3430
stored Kc6c3d pot=39.5: bytes=351852896 disk=false workspace=1722023608
gpu: 432881 nodes, 13 levels, staging+arenas 1367.7 MB
GPU_STORAGE_MAP active=165920 missing_active=0 all_tree_missing=3430
stored Kc5c4d pot=39.5: bytes=350941360 disk=false workspace=1722023608
gpu: 432881 nodes, 13 levels, staging+arenas 1385.8 MB
stored Kc3h3d pot=39.5: bytes=596253840 disk=false workspace=1737663256
gpu: 432881 nodes, 13 levels, staging+arenas 1317.0 MB
GPU_STORAGE_MAP active=165920 missing_active=0 all_tree_missing=3430
stored QdQc8c pot=39.5: bytes=335445248 disk=false workspace=1737663256
gpu: 432881 nodes, 13 levels, staging+arenas 1274.0 MB
stored QcJdTh pot=39.5: bytes=545801592 disk=false workspace=1737663256
gpu: 432881 nodes, 13 levels, staging+arenas 1325.5 MB
GPU_STORAGE_MAP active=165920 missing_active=0 all_tree_missing=3430
stored QcJd6d pot=39.5: bytes=339091392 disk=false workspace=1737663256
gpu: 432881 nodes, 13 levels, staging+arenas 1337.2 MB
GPU_STORAGE_MAP active=165920 missing_active=0 all_tree_missing=3430
stored QcJd2d pot=39.5: bytes=341826000 disk=false workspace=1737663256
gpu: 432881 nodes, 13 levels, staging+arenas 1299.5 MB
stored QcTd9h pot=39.5: bytes=558032440 disk=false workspace=1737663256
gpu: 432881 nodes, 13 levels, staging+arenas 1331.9 MB
stored QcTd5h pot=39.5: bytes=571792144 disk=false workspace=1737663256
gpu: 432881 nodes, 13 levels, staging+arenas 1308.8 MB
GPU_STORAGE_MAP active=165920 missing_active=0 all_tree_missing=3430
stored QcTc8d pot=39.5: bytes=334533712 disk=false workspace=1737663256
gpu: 432881 nodes, 13 levels, staging+arenas 1348.5 MB
stored Qc9d7h pot=39.5: bytes=579436424 disk=false workspace=1737663256
gpu: 432881 nodes, 13 levels, staging+arenas 1366.7 MB
GPU_STORAGE_MAP active=165920 missing_active=0 all_tree_missing=3430
stored Qc9d3d pot=39.5: bytes=350029824 disk=false workspace=1738574792
gpu: 432881 nodes, 13 levels, staging+arenas 1345.0 MB
GPU_STORAGE_MAP active=165920 missing_active=0 all_tree_missing=3430
stored Qc8d8c pot=39.5: bytes=343649072 disk=false workspace=1738574792
gpu: 432881 nodes, 13 levels, staging+arenas 1368.1 MB
GPU_STORAGE_MAP active=165920 missing_active=0 all_tree_missing=3430
stored Qc8d4c pot=39.5: bytes=350029824 disk=false workspace=1739486328
gpu: 432881 nodes, 13 levels, staging+arenas 1376.9 MB
stored Qc7h7d pot=39.5: bytes=591667272 disk=false workspace=1739486328
gpu: 432881 nodes, 13 levels, staging+arenas 1391.2 MB
GPU_STORAGE_MAP active=165920 missing_active=0 all_tree_missing=3430
stored Qc7d3d pot=39.5: bytes=356410576 disk=false workspace=1750952296
gpu: 432881 nodes, 13 levels, staging+arenas 1391.2 MB
GPU_STORAGE_MAP active=165920 missing_active=0 all_tree_missing=3430
stored Qc6d5d pot=39.5: bytes=356410576 disk=false workspace=1750952296
gpu: 432881 nodes, 13 levels, staging+arenas 1397.5 MB
GPU_STORAGE_MAP active=165920 missing_active=0 all_tree_missing=3430
stored Qc6c3d pot=39.5: bytes=358233648 disk=false workspace=1755773744
gpu: 432881 nodes, 13 levels, staging+arenas 1399.0 MB
GPU_STORAGE_MAP active=165920 missing_active=0 all_tree_missing=3430
stored Qc5d2c pot=39.5: bytes=358233648 disk=false workspace=1760595192
gpu: 432881 nodes, 13 levels, staging+arenas 1405.4 MB
GPU_STORAGE_MAP active=165920 missing_active=0 all_tree_missing=3430
stored Qc4c2d pot=39.5: bytes=360056720 disk=false workspace=1765416640
gpu: 432881 nodes, 13 levels, staging+arenas 1318.7 MB
stored JdJc7h pot=39.5: bytes=567205576 disk=false workspace=1765416640
gpu: 432881 nodes, 13 levels, staging+arenas 1300.6 MB
GPU_STORAGE_MAP active=165920 missing_active=0 all_tree_missing=3430
stored JcTd9d pot=39.5: bytes=333622176 disk=false workspace=1765416640
gpu: 432881 nodes, 13 levels, staging+arenas 1329.0 MB
GPU_STORAGE_MAP active=165920 missing_active=0 all_tree_missing=3430
stored JcTd5c pot=39.5: bytes=340914464 disk=false workspace=1765416640
gpu: 432881 nodes, 13 levels, staging+arenas 1323.6 MB
GPU_STORAGE_MAP active=165920 missing_active=0 all_tree_missing=3430
stored JcTc7c pot=39.5: bytes=161133016 disk=false workspace=1765416640
gpu: 432881 nodes, 13 levels, staging+arenas 1341.8 MB
GPU_STORAGE_MAP active=165920 missing_active=0 all_tree_missing=3430
stored Jc9d7c pot=39.5: bytes=344560608 disk=false workspace=1765416640
gpu: 432881 nodes, 13 levels, staging+arenas 1359.9 MB
GPU_STORAGE_MAP active=165920 missing_active=0 all_tree_missing=3430
stored Jc9d3c pot=39.5: bytes=349118288 disk=false workspace=1765416640
gpu: 432881 nodes, 13 levels, staging+arenas 1347.1 MB
stored Jc8d7h pot=39.5: bytes=579436424 disk=false workspace=1765416640
gpu: 432881 nodes, 13 levels, staging+arenas 1365.2 MB
stored Jc8d3h pot=39.5: bytes=587080704 disk=false workspace=1765416640
gpu: 432881 nodes, 13 levels, staging+arenas 1370.2 MB
GPU_STORAGE_MAP active=165920 missing_active=0 all_tree_missing=3430
stored Jc7d7c pot=39.5: bytes=351852896 disk=false workspace=1765416640
gpu: 432881 nodes, 13 levels, staging+arenas 1384.4 MB
stored Jc7d2h pot=39.5: bytes=596253840 disk=false workspace=1767892992
gpu: 432881 nodes, 13 levels, staging+arenas 1386.9 MB
stored Jc6d4h pot=39.5: bytes=597782696 disk=false workspace=1770369344
gpu: 432881 nodes, 13 levels, staging+arenas 1390.8 MB
GPU_STORAGE_MAP active=165920 missing_active=0 all_tree_missing=3430
stored Jc6c2d pot=39.5: bytes=357322112 disk=false workspace=1772192416
gpu: 432881 nodes, 13 levels, staging+arenas 1392.2 MB
GPU_STORAGE_MAP active=165920 missing_active=0 all_tree_missing=3430
stored Jc5c3d pot=39.5: bytes=357322112 disk=false workspace=1772192416
gpu: 432881 nodes, 13 levels, staging+arenas 1406.4 MB
GPU_STORAGE_MAP active=165920 missing_active=0 all_tree_missing=3430
stored Jc3d3c pot=39.5: bytes=360968256 disk=false workspace=1772192416
gpu: 432881 nodes, 13 levels, staging+arenas 1336.4 MB
stored TdTc5h pot=39.5: bytes=576378712 disk=false workspace=1772192416
gpu: 432881 nodes, 13 levels, staging+arenas 1350.6 MB
GPU_STORAGE_MAP active=165920 missing_active=0 all_tree_missing=3430
stored Tc9d7d pot=39.5: bytes=347295216 disk=false workspace=1772192416
gpu: 432881 nodes, 13 levels, staging+arenas 1364.8 MB
GPU_STORAGE_MAP active=165920 missing_active=0 all_tree_missing=3430
stored Tc9d3c pot=39.5: bytes=350941360 disk=false workspace=1772192416
gpu: 432881 nodes, 13 levels, staging+arenas 1352.1 MB
stored Tc8d7h pot=39.5: bytes=582494136 disk=false workspace=1772192416
gpu: 432881 nodes, 13 levels, staging+arenas 1370.2 MB
stored Tc8d3h pot=39.5: bytes=590138416 disk=false workspace=1772192416
gpu: 432881 nodes, 13 levels, staging+arenas 1375.1 MB
GPU_STORAGE_MAP active=165920 missing_active=0 all_tree_missing=3430
stored Tc7d7c pot=39.5: bytes=353675968 disk=false workspace=1772192416
gpu: 432881 nodes, 13 levels, staging+arenas 1389.3 MB
GPU_STORAGE_MAP active=165920 missing_active=0 all_tree_missing=3430
stored Tc7d3c pot=39.5: bytes=357322112 disk=false workspace=1775580304
gpu: 432881 nodes, 13 levels, staging+arenas 1385.4 MB
GPU_STORAGE_MAP active=165920 missing_active=0 all_tree_missing=3430
stored Tc6d5c pot=39.5: bytes=356410576 disk=false workspace=1775580304
gpu: 432881 nodes, 13 levels, staging+arenas 1395.7 MB
GPU_STORAGE_MAP active=165920 missing_active=0 all_tree_missing=3430
stored Tc6c3c pot=39.5: bytes=170204848 disk=false workspace=1778056656
gpu: 432881 nodes, 13 levels, staging+arenas 1393.2 MB
GPU_STORAGE_MAP active=165920 missing_active=0 all_tree_missing=3430
stored Tc5c4d pot=39.5: bytes=358233648 disk=false workspace=1778056656
gpu: 432881 nodes, 13 levels, staging+arenas 1411.4 MB
stored Tc3h3d pot=39.5: bytes=608484688 disk=false workspace=1778056656
gpu: 432881 nodes, 13 levels, staging+arenas 1385.4 MB
GPU_STORAGE_MAP active=165920 missing_active=0 all_tree_missing=3430
stored 9d9c5c pot=39.5: bytes=356410576 disk=false workspace=1778056656
gpu: 432881 nodes, 13 levels, staging+arenas 1382.9 MB
GPU_STORAGE_MAP active=165920 missing_active=0 all_tree_missing=3430
stored 9c8d6c pot=39.5: bytes=355499040 disk=false workspace=1778056656
gpu: 432881 nodes, 13 levels, staging+arenas 1380.5 MB
GPU_STORAGE_MAP active=165920 missing_active=0 all_tree_missing=3430
stored 9c8c7d pot=39.5: bytes=354587504 disk=false workspace=1778056656
gpu: 432881 nodes, 13 levels, staging+arenas 1403.5 MB
GPU_STORAGE_MAP active=165920 missing_active=0 all_tree_missing=3430
stored 9c7d5d pot=39.5: bytes=360968256 disk=false workspace=1778968192
gpu: 432881 nodes, 13 levels, staging+arenas 1413.8 MB
GPU_STORAGE_MAP active=165920 missing_active=0 all_tree_missing=3430
stored 9c7c4d pot=39.5: bytes=363702864 disk=false workspace=1782356080
gpu: 432881 nodes, 13 levels, staging+arenas 1420.2 MB
GPU_STORAGE_MAP active=165920 missing_active=0 all_tree_missing=3430
stored 9c6d3c pot=39.5: bytes=365525936 disk=false workspace=1785743968
gpu: 432881 nodes, 13 levels, staging+arenas 1421.7 MB
stored 9c5d3h pot=39.5: bytes=613071256 disk=false workspace=1789653880
gpu: 432881 nodes, 13 levels, staging+arenas 1428.0 MB
GPU_STORAGE_MAP active=165920 missing_active=0 all_tree_missing=3430
stored 9c4d3d pot=39.5: bytes=367349008 disk=false workspace=1795386864
gpu: 432881 nodes, 13 levels, staging+arenas 1435.9 MB
GPU_STORAGE_MAP active=165920 missing_active=0 all_tree_missing=3430
stored 9c2d2c pot=39.5: bytes=369172080 disk=false workspace=1805029760
gpu: 432881 nodes, 13 levels, staging+arenas 1407.4 MB
stored 8c7d6h pot=39.5: bytes=606955832 disk=false workspace=1805029760
gpu: 432881 nodes, 13 levels, staging+arenas 1419.2 MB
stored 8c7d2h pot=39.5: bytes=611542400 disk=false workspace=1805029760
gpu: 432881 nodes, 13 levels, staging+arenas 1421.7 MB
stored 8c6d4h pot=39.5: bytes=613071256 disk=false workspace=1805029760
gpu: 432881 nodes, 13 levels, staging+arenas 1420.6 MB
stored 8c5h5d pot=39.5: bytes=611542400 disk=false workspace=1805029760
gpu: 432881 nodes, 13 levels, staging+arenas 1427.0 MB
GPU_STORAGE_MAP active=165920 missing_active=0 all_tree_missing=3430
stored 8c5c2d pot=39.5: bytes=366437472 disk=false workspace=1805029760
gpu: 432881 nodes, 13 levels, staging+arenas 1437.3 MB
stored 8c3d2h pot=39.5: bytes=619186680 disk=false workspace=1808939672
gpu: 432881 nodes, 13 levels, staging+arenas 1442.2 MB
GPU_STORAGE_MAP active=165920 missing_active=0 all_tree_missing=3430
stored 7d7c2c pot=39.5: bytes=370995152 disk=false workspace=1813239096
gpu: 432881 nodes, 13 levels, staging+arenas 1444.7 MB
stored 7c6d2h pot=39.5: bytes=623773248 disk=false workspace=1815715448
gpu: 432881 nodes, 13 levels, staging+arenas 1446.2 MB
GPU_STORAGE_MAP active=165920 missing_active=0 all_tree_missing=3430
stored 7c5d3c pot=39.5: bytes=371906688 disk=false workspace=1820536896
gpu: 432881 nodes, 13 levels, staging+arenas 1452.5 MB
stored 7c4d2h pot=39.5: bytes=626830960 disk=false workspace=1824446808
gpu: 432881 nodes, 13 levels, staging+arenas 1448.6 MB
GPU_STORAGE_MAP active=165920 missing_active=0 all_tree_missing=3430
stored 6d6c5c pot=39.5: bytes=372818224 disk=false workspace=1825358344
gpu: 432881 nodes, 13 levels, staging+arenas 1452.5 MB
stored 6c5d2h pot=39.5: bytes=626830960 disk=false workspace=1825358344
gpu: 432881 nodes, 13 levels, staging+arenas 1458.9 MB
GPU_STORAGE_MAP active=165920 missing_active=0 all_tree_missing=3430
stored 6c4d2d pot=39.5: bytes=375552832 disk=false workspace=1834479216
gpu: 432881 nodes, 13 levels, staging+arenas 1457.9 MB
stored 5d5c3h pot=39.5: bytes=628359816 disk=false workspace=1838389128
gpu: 432881 nodes, 13 levels, staging+arenas 1468.2 MB
stored 5c3h3d pot=39.5: bytes=632946384 disk=false workspace=1846208952
gpu: 432881 nodes, 13 levels, staging+arenas 1470.7 MB
stored 4c3d2h pot=39.5: bytes=634475240 disk=false workspace=1846208952
gpu: 143389 nodes, 11 levels, staging+arenas 376.6 MB
GPU_STORAGE_MAP active=52436 missing_active=0 all_tree_missing=1078
stored AdAcJc pot=93.5: bytes=85539840 disk=false workspace=1846208952
gpu: 143389 nodes, 11 levels, staging+arenas 398.1 MB
GPU_STORAGE_MAP active=52436 missing_active=0 all_tree_missing=1078
stored AdAc3c pot=93.5: bytes=90618768 disk=false workspace=1846208952
gpu: 143389 nodes, 11 levels, staging+arenas 398.4 MB
stored AcKd9h pot=93.5: bytes=152224800 disk=false workspace=1846208952
gpu: 143389 nodes, 11 levels, staging+arenas 407.7 MB
stored AcKd5h pot=93.5: bytes=155806560 disk=false workspace=1846208952
gpu: 143389 nodes, 11 levels, staging+arenas 393.9 MB
GPU_STORAGE_MAP active=52436 missing_active=0 all_tree_missing=1078
stored AcKcQc pot=93.5: bytes=42550360 disk=false workspace=1846208952
gpu: 143389 nodes, 11 levels, staging+arenas 397.8 MB
stored AcQdJh pot=93.5: bytes=151329360 disk=false workspace=1846208952
gpu: 143389 nodes, 11 levels, staging+arenas 414.2 MB
stored AcQd7h pot=93.5: bytes=158045160 disk=false workspace=1846208952
gpu: 143389 nodes, 11 levels, staging+arenas 420.1 MB
stored AcQd3h pot=93.5: bytes=160283760 disk=false workspace=1846208952
gpu: 143389 nodes, 11 levels, staging+arenas 418.8 MB
GPU_STORAGE_MAP active=52436 missing_active=0 all_tree_missing=1078
stored AcQc4d pot=93.5: bytes=95430384 disk=false workspace=1846208952
gpu: 143389 nodes, 11 levels, staging+arenas 406.1 MB
GPU_STORAGE_MAP active=52436 missing_active=0 all_tree_missing=1078
stored AcJd8c pot=93.5: bytes=92489952 disk=false workspace=1846208952
gpu: 143389 nodes, 11 levels, staging+arenas 417.0 MB
GPU_STORAGE_MAP active=52436 missing_active=0 all_tree_missing=1078
stored AcJd4c pot=93.5: bytes=95163072 disk=false workspace=1846208952
gpu: 143389 nodes, 11 levels, staging+arenas 416.5 MB
GPU_STORAGE_MAP active=52436 missing_active=0 all_tree_missing=1078
stored AcJc4d pot=93.5: bytes=95163072 disk=false workspace=1846208952
gpu: 143389 nodes, 11 levels, staging+arenas 412.7 MB
GPU_STORAGE_MAP active=52436 missing_active=0 all_tree_missing=1078
stored AcTd7d pot=93.5: bytes=94361136 disk=false workspace=1846208952
gpu: 143389 nodes, 11 levels, staging+arenas 419.9 MB
GPU_STORAGE_MAP active=52436 missing_active=0 all_tree_missing=1078
stored AcTd3c pot=93.5: bytes=95965008 disk=false workspace=1846208952
gpu: 143389 nodes, 11 levels, staging+arenas 416.0 MB
stored Ac9h9d pot=93.5: bytes=159388320 disk=false workspace=1846208952
gpu: 143389 nodes, 11 levels, staging+arenas 425.4 MB
GPU_STORAGE_MAP active=52436 missing_active=0 all_tree_missing=1078
stored Ac9d5c pot=93.5: bytes=97301568 disk=false workspace=1846208952
gpu: 143389 nodes, 11 levels, staging+arenas 424.1 MB
GPU_STORAGE_MAP active=52436 missing_active=0 all_tree_missing=1078
stored Ac9c6c pot=93.5: bytes=46106808 disk=false workspace=1846208952
gpu: 143389 nodes, 11 levels, staging+arenas 423.8 MB
stored Ac8d5h pot=93.5: bytes=162074640 disk=false workspace=1846208952
gpu: 143389 nodes, 11 levels, staging+arenas 425.9 MB
GPU_STORAGE_MAP active=52436 missing_active=0 all_tree_missing=1078
stored Ac8c7c pot=93.5: bytes=46233824 disk=false workspace=1846208952
gpu: 143389 nodes, 11 levels, staging+arenas 432.1 MB
GPU_STORAGE_MAP active=52436 missing_active=0 all_tree_missing=1078
stored Ac7d5c pot=93.5: bytes=98905440 disk=false workspace=1846208952
gpu: 143389 nodes, 11 levels, staging+arenas 434.7 MB
GPU_STORAGE_MAP active=52436 missing_active=0 all_tree_missing=1078
stored Ac7c3d pot=93.5: bytes=99440064 disk=false workspace=1846208952
gpu: 143389 nodes, 11 levels, staging+arenas 436.8 MB
GPU_STORAGE_MAP active=52436 missing_active=0 all_tree_missing=1078
stored Ac6d3c pot=93.5: bytes=99974688 disk=false workspace=1846208952
gpu: 143389 nodes, 11 levels, staging+arenas 436.0 MB
stored Ac5d3h pot=93.5: bytes=166999560 disk=false workspace=1846208952
gpu: 143389 nodes, 11 levels, staging+arenas 439.3 MB
GPU_STORAGE_MAP active=52436 missing_active=0 all_tree_missing=1078
stored Ac4d3c pot=93.5: bytes=100509312 disk=false workspace=1846208952
gpu: 143389 nodes, 11 levels, staging+arenas 441.9 MB
GPU_STORAGE_MAP active=52436 missing_active=0 all_tree_missing=1078
stored Ac2d2c pot=93.5: bytes=101043936 disk=false workspace=1846208952
gpu: 143389 nodes, 11 levels, staging+arenas 424.1 MB
stored KdKc4h pot=93.5: bytes=162522360 disk=false workspace=1846208952
gpu: 143389 nodes, 11 levels, staging+arenas 419.6 MB
stored KcQd9h pot=93.5: bytes=160283760 disk=false workspace=1846208952
gpu: 143389 nodes, 11 levels, staging+arenas 430.2 MB
stored KcQd5h pot=93.5: bytes=164313240 disk=false workspace=1846208952
gpu: 143389 nodes, 11 levels, staging+arenas 413.7 MB
GPU_STORAGE_MAP active=52436 missing_active=0 all_tree_missing=1078
stored KcQcTd pot=93.5: bytes=94361136 disk=false workspace=1846208952
gpu: 143389 nodes, 11 levels, staging+arenas 412.7 MB
GPU_STORAGE_MAP active=52436 missing_active=0 all_tree_missing=1078
stored KcJdTd pot=93.5: bytes=94361136 disk=false workspace=1846208952
gpu: 143389 nodes, 11 levels, staging+arenas 427.4 MB
GPU_STORAGE_MAP active=52436 missing_active=0 all_tree_missing=1078
stored KcJd6d pot=93.5: bytes=97836192 disk=false workspace=1846208952
gpu: 143389 nodes, 11 levels, staging+arenas 431.3 MB
GPU_STORAGE_MAP active=52436 missing_active=0 all_tree_missing=1078
stored KcJd2c pot=93.5: bytes=98638128 disk=false workspace=1846208952
gpu: 143389 nodes, 11 levels, staging+arenas 418.9 MB
stored KcTd9h pot=93.5: bytes=160731480 disk=false workspace=1846208952
gpu: 143389 nodes, 11 levels, staging+arenas 429.5 MB
GPU_STORAGE_MAP active=52436 missing_active=0 all_tree_missing=1078
stored KcTd5d pot=93.5: bytes=98370816 disk=false workspace=1846208952
gpu: 143389 nodes, 11 levels, staging+arenas 426.9 MB
GPU_STORAGE_MAP active=52436 missing_active=0 all_tree_missing=1078
stored KcTc7d pot=93.5: bytes=97836192 disk=false workspace=1846208952
gpu: 143389 nodes, 11 levels, staging+arenas 435.0 MB
GPU_STORAGE_MAP active=52436 missing_active=0 all_tree_missing=1078
stored Kc9d7d pot=93.5: bytes=99707376 disk=false workspace=1846208952
gpu: 143389 nodes, 11 levels, staging+arenas 439.6 MB
GPU_STORAGE_MAP active=52436 missing_active=0 all_tree_missing=1078
stored Kc9d3d pot=93.5: bytes=100776624 disk=false workspace=1846208952
gpu: 143389 nodes, 11 levels, staging+arenas 435.5 MB
stored Kc8d7h pot=93.5: bytes=166999560 disk=false workspace=1846208952
gpu: 143389 nodes, 11 levels, staging+arenas 441.4 MB
stored Kc8d3h pot=93.5: bytes=169238160 disk=false workspace=1846208952
gpu: 143389 nodes, 11 levels, staging+arenas 443.0 MB
stored Kc7h7d pot=93.5: bytes=170133600 disk=false workspace=1846208952
gpu: 143389 nodes, 11 levels, staging+arenas 447.7 MB
GPU_STORAGE_MAP active=52436 missing_active=0 all_tree_missing=1078
stored Kc7d3c pot=93.5: bytes=102647808 disk=false workspace=1846208952
gpu: 143389 nodes, 11 levels, staging+arenas 446.4 MB
GPU_STORAGE_MAP active=52436 missing_active=0 all_tree_missing=1078
stored Kc6d5c pot=93.5: bytes=102380496 disk=false workspace=1846208952
gpu: 143389 nodes, 11 levels, staging+arenas 449.8 MB
GPU_STORAGE_MAP active=52436 missing_active=0 all_tree_missing=1078
stored Kc6c3d pot=93.5: bytes=103182432 disk=false workspace=1846208952
gpu: 143389 nodes, 11 levels, staging+arenas 449.0 MB
GPU_STORAGE_MAP active=52436 missing_active=0 all_tree_missing=1078
stored Kc5c4d pot=93.5: bytes=102915120 disk=false workspace=1846208952
gpu: 143389 nodes, 11 levels, staging+arenas 454.9 MB
stored Kc3h3d pot=93.5: bytes=174610800 disk=false workspace=1846208952
gpu: 143389 nodes, 11 levels, staging+arenas 432.5 MB
GPU_STORAGE_MAP active=52436 missing_active=0 all_tree_missing=1078
stored QdQc8c pot=93.5: bytes=98370816 disk=false workspace=1846208952
gpu: 143389 nodes, 11 levels, staging+arenas 418.3 MB
stored QcJdTh pot=93.5: bytes=159836040 disk=false workspace=1846208952
gpu: 143389 nodes, 11 levels, staging+arenas 435.2 MB
GPU_STORAGE_MAP active=52436 missing_active=0 all_tree_missing=1078
stored QcJd6d pot=93.5: bytes=99440064 disk=false workspace=1846208952
gpu: 143389 nodes, 11 levels, staging+arenas 439.1 MB
GPU_STORAGE_MAP active=52436 missing_active=0 all_tree_missing=1078
stored QcJd2d pot=93.5: bytes=100242000 disk=false workspace=1846208952
gpu: 143389 nodes, 11 levels, staging+arenas 426.6 MB
stored QcTd9h pot=93.5: bytes=163417800 disk=false workspace=1846208952
gpu: 143389 nodes, 11 levels, staging+arenas 437.3 MB
stored QcTd5h pot=93.5: bytes=167447280 disk=false workspace=1846208952
gpu: 143389 nodes, 11 levels, staging+arenas 429.7 MB
GPU_STORAGE_MAP active=52436 missing_active=0 all_tree_missing=1078
stored QcTc8d pot=93.5: bytes=98103504 disk=false workspace=1846208952
gpu: 143389 nodes, 11 levels, staging+arenas 442.7 MB
stored Qc9d7h pot=93.5: bytes=169685880 disk=false workspace=1846208952
gpu: 143389 nodes, 11 levels, staging+arenas 448.7 MB
GPU_STORAGE_MAP active=52436 missing_active=0 all_tree_missing=1078
stored Qc9d3d pot=93.5: bytes=102647808 disk=false workspace=1846208952
gpu: 143389 nodes, 11 levels, staging+arenas 441.6 MB
GPU_STORAGE_MAP active=52436 missing_active=0 all_tree_missing=1078
stored Qc8d8c pot=93.5: bytes=100776624 disk=false workspace=1846208952
gpu: 143389 nodes, 11 levels, staging+arenas 449.2 MB
GPU_STORAGE_MAP active=52436 missing_active=0 all_tree_missing=1078
stored Qc8d4c pot=93.5: bytes=102647808 disk=false workspace=1846208952
gpu: 143389 nodes, 11 levels, staging+arenas 452.0 MB
stored Qc7h7d pot=93.5: bytes=173267640 disk=false workspace=1846208952
gpu: 143389 nodes, 11 levels, staging+arenas 456.7 MB
GPU_STORAGE_MAP active=52436 missing_active=0 all_tree_missing=1078
stored Qc7d3d pot=93.5: bytes=104518992 disk=false workspace=1846208952
gpu: 143389 nodes, 11 levels, staging+arenas 456.7 MB
GPU_STORAGE_MAP active=52436 missing_active=0 all_tree_missing=1078
stored Qc6d5d pot=93.5: bytes=104518992 disk=false workspace=1846208952
gpu: 143389 nodes, 11 levels, staging+arenas 458.8 MB
GPU_STORAGE_MAP active=52436 missing_active=0 all_tree_missing=1078
stored Qc6c3d pot=93.5: bytes=105053616 disk=false workspace=1846208952
gpu: 143389 nodes, 11 levels, staging+arenas 459.3 MB
GPU_STORAGE_MAP active=52436 missing_active=0 all_tree_missing=1078
stored Qc5d2c pot=93.5: bytes=105053616 disk=false workspace=1846208952
gpu: 143389 nodes, 11 levels, staging+arenas 461.4 MB
GPU_STORAGE_MAP active=52436 missing_active=0 all_tree_missing=1078
stored Qc4c2d pot=93.5: bytes=105588240 disk=false workspace=1846208952
gpu: 143389 nodes, 11 levels, staging+arenas 432.9 MB
stored JdJc7h pot=93.5: bytes=166104120 disk=false workspace=1846208952
gpu: 143389 nodes, 11 levels, staging+arenas 426.9 MB
GPU_STORAGE_MAP active=52436 missing_active=0 all_tree_missing=1078
stored JcTd9d pot=93.5: bytes=97836192 disk=false workspace=1846208952
gpu: 143389 nodes, 11 levels, staging+arenas 436.3 MB
GPU_STORAGE_MAP active=52436 missing_active=0 all_tree_missing=1078
stored JcTd5c pot=93.5: bytes=99974688 disk=false workspace=1846208952
gpu: 143389 nodes, 11 levels, staging+arenas 434.5 MB
GPU_STORAGE_MAP active=52436 missing_active=0 all_tree_missing=1078
stored JcTc7c pot=93.5: bytes=47376968 disk=false workspace=1846208952
gpu: 143389 nodes, 11 levels, staging+arenas 440.4 MB
GPU_STORAGE_MAP active=52436 missing_active=0 all_tree_missing=1078
stored Jc9d7c pot=93.5: bytes=101043936 disk=false workspace=1846208952
gpu: 143389 nodes, 11 levels, staging+arenas 446.4 MB
GPU_STORAGE_MAP active=52436 missing_active=0 all_tree_missing=1078
stored Jc9d3c pot=93.5: bytes=102380496 disk=false workspace=1846208952
gpu: 143389 nodes, 11 levels, staging+arenas 442.2 MB
stored Jc8d7h pot=93.5: bytes=169685880 disk=false workspace=1846208952
gpu: 143389 nodes, 11 levels, staging+arenas 448.2 MB
stored Jc8d3h pot=93.5: bytes=171924480 disk=false workspace=1846208952
gpu: 143389 nodes, 11 levels, staging+arenas 449.8 MB
GPU_STORAGE_MAP active=52436 missing_active=0 all_tree_missing=1078
stored Jc7d7c pot=93.5: bytes=103182432 disk=false workspace=1846208952
gpu: 143389 nodes, 11 levels, staging+arenas 454.4 MB
stored Jc7d2h pot=93.5: bytes=174610800 disk=false workspace=1846208952
gpu: 143389 nodes, 11 levels, staging+arenas 455.2 MB
stored Jc6d4h pot=93.5: bytes=175058520 disk=false workspace=1846208952
gpu: 143389 nodes, 11 levels, staging+arenas 456.5 MB
GPU_STORAGE_MAP active=52436 missing_active=0 all_tree_missing=1078
stored Jc6c2d pot=93.5: bytes=104786304 disk=false workspace=1846208952
gpu: 143389 nodes, 11 levels, staging+arenas 457.0 MB
GPU_STORAGE_MAP active=52436 missing_active=0 all_tree_missing=1078
stored Jc5c3d pot=93.5: bytes=104786304 disk=false workspace=1846208952
gpu: 143389 nodes, 11 levels, staging+arenas 461.7 MB
GPU_STORAGE_MAP active=52436 missing_active=0 all_tree_missing=1078
stored Jc3d3c pot=93.5: bytes=105855552 disk=false workspace=1846208952
gpu: 143389 nodes, 11 levels, staging+arenas 438.6 MB
stored TdTc5h pot=93.5: bytes=168790440 disk=false workspace=1846208952
gpu: 143389 nodes, 11 levels, staging+arenas 443.3 MB
GPU_STORAGE_MAP active=52436 missing_active=0 all_tree_missing=1078
stored Tc9d7d pot=93.5: bytes=101845872 disk=false workspace=1846208952
gpu: 143389 nodes, 11 levels, staging+arenas 448.0 MB
GPU_STORAGE_MAP active=52436 missing_active=0 all_tree_missing=1078
stored Tc9d3c pot=93.5: bytes=102915120 disk=false workspace=1846208952
gpu: 143389 nodes, 11 levels, staging+arenas 443.8 MB
stored Tc8d7h pot=93.5: bytes=170581320 disk=false workspace=1846208952
gpu: 143389 nodes, 11 levels, staging+arenas 449.8 MB
stored Tc8d3h pot=93.5: bytes=172819920 disk=false workspace=1846208952
gpu: 143389 nodes, 11 levels, staging+arenas 451.3 MB
GPU_STORAGE_MAP active=52436 missing_active=0 all_tree_missing=1078
stored Tc7d7c pot=93.5: bytes=103717056 disk=false workspace=1846208952
gpu: 143389 nodes, 11 levels, staging+arenas 456.0 MB
GPU_STORAGE_MAP active=52436 missing_active=0 all_tree_missing=1078
stored Tc7d3c pot=93.5: bytes=104786304 disk=false workspace=1846208952
gpu: 143389 nodes, 11 levels, staging+arenas 454.7 MB
GPU_STORAGE_MAP active=52436 missing_active=0 all_tree_missing=1078
stored Tc6d5c pot=93.5: bytes=104518992 disk=false workspace=1846208952
gpu: 143389 nodes, 11 levels, staging+arenas 458.1 MB
GPU_STORAGE_MAP active=52436 missing_active=0 all_tree_missing=1078
stored Tc6c3c pot=93.5: bytes=50044304 disk=false workspace=1846208952
gpu: 143389 nodes, 11 levels, staging+arenas 457.3 MB
GPU_STORAGE_MAP active=52436 missing_active=0 all_tree_missing=1078
stored Tc5c4d pot=93.5: bytes=105053616 disk=false workspace=1846208952
gpu: 143389 nodes, 11 levels, staging+arenas 463.2 MB
stored Tc3h3d pot=93.5: bytes=178192560 disk=false workspace=1846208952
gpu: 143389 nodes, 11 levels, staging+arenas 454.7 MB
GPU_STORAGE_MAP active=52436 missing_active=0 all_tree_missing=1078
stored 9d9c5c pot=93.5: bytes=104518992 disk=false workspace=1846208952
gpu: 143389 nodes, 11 levels, staging+arenas 453.9 MB
GPU_STORAGE_MAP active=52436 missing_active=0 all_tree_missing=1078
stored 9c8d6c pot=93.5: bytes=104251680 disk=false workspace=1846208952
gpu: 143389 nodes, 11 levels, staging+arenas 453.1 MB
GPU_STORAGE_MAP active=52436 missing_active=0 all_tree_missing=1078
stored 9c8c7d pot=93.5: bytes=103984368 disk=false workspace=1846208952
gpu: 143389 nodes, 11 levels, staging+arenas 460.7 MB
GPU_STORAGE_MAP active=52436 missing_active=0 all_tree_missing=1078
stored 9c7d5d pot=93.5: bytes=105855552 disk=false workspace=1846208952
gpu: 143389 nodes, 11 levels, staging+arenas 464.0 MB
GPU_STORAGE_MAP active=52436 missing_active=0 all_tree_missing=1078
stored 9c7c4d pot=93.5: bytes=106657488 disk=false workspace=1846208952
gpu: 143389 nodes, 11 levels, staging+arenas 466.1 MB
GPU_STORAGE_MAP active=52436 missing_active=0 all_tree_missing=1078
stored 9c6d3c pot=93.5: bytes=107192112 disk=false workspace=1846208952
gpu: 143389 nodes, 11 levels, staging+arenas 466.6 MB
stored 9c5d3h pot=93.5: bytes=179535720 disk=false workspace=1846208952
gpu: 143389 nodes, 11 levels, staging+arenas 468.7 MB
GPU_STORAGE_MAP active=52436 missing_active=0 all_tree_missing=1078
stored 9c4d3d pot=93.5: bytes=107726736 disk=false workspace=1846208952
gpu: 143389 nodes, 11 levels, staging+arenas 471.3 MB
GPU_STORAGE_MAP active=52436 missing_active=0 all_tree_missing=1078
stored 9c2d2c pot=93.5: bytes=108261360 disk=false workspace=1846208952
gpu: 143389 nodes, 11 levels, staging+arenas 462.0 MB
stored 8c7d6h pot=93.5: bytes=177744840 disk=false workspace=1846208952
gpu: 143389 nodes, 11 levels, staging+arenas 465.8 MB
stored 8c7d2h pot=93.5: bytes=179088000 disk=false workspace=1846208952
gpu: 143389 nodes, 11 levels, staging+arenas 466.6 MB
stored 8c6d4h pot=93.5: bytes=179535720 disk=false workspace=1846208952
gpu: 143389 nodes, 11 levels, staging+arenas 466.3 MB
stored 8c5h5d pot=93.5: bytes=179088000 disk=false workspace=1846208952
gpu: 143389 nodes, 11 levels, staging+arenas 468.4 MB
GPU_STORAGE_MAP active=52436 missing_active=0 all_tree_missing=1078
stored 8c5c2d pot=93.5: bytes=107459424 disk=false workspace=1846208952
gpu: 143389 nodes, 11 levels, staging+arenas 471.8 MB
stored 8c3d2h pot=93.5: bytes=181326600 disk=false workspace=1846208952
gpu: 143389 nodes, 11 levels, staging+arenas 473.4 MB
GPU_STORAGE_MAP active=52436 missing_active=0 all_tree_missing=1078
stored 7d7c2c pot=93.5: bytes=108795984 disk=false workspace=1846208952
gpu: 143389 nodes, 11 levels, staging+arenas 474.1 MB
stored 7c6d2h pot=93.5: bytes=182669760 disk=false workspace=1846208952
gpu: 143389 nodes, 11 levels, staging+arenas 474.6 MB
GPU_STORAGE_MAP active=52436 missing_active=0 all_tree_missing=1078
stored 7c5d3c pot=93.5: bytes=109063296 disk=false workspace=1846208952
gpu: 143389 nodes, 11 levels, staging+arenas 476.7 MB
stored 7c4d2h pot=93.5: bytes=183565200 disk=false workspace=1846208952
gpu: 143389 nodes, 11 levels, staging+arenas 475.4 MB
GPU_STORAGE_MAP active=52436 missing_active=0 all_tree_missing=1078
stored 6d6c5c pot=93.5: bytes=109330608 disk=false workspace=1846208952
gpu: 143389 nodes, 11 levels, staging+arenas 476.7 MB
stored 6c5d2h pot=93.5: bytes=183565200 disk=false workspace=1846208952
gpu: 143389 nodes, 11 levels, staging+arenas 478.8 MB
GPU_STORAGE_MAP active=52436 missing_active=0 all_tree_missing=1078
stored 6c4d2d pot=93.5: bytes=110132544 disk=false workspace=1846208952
gpu: 143389 nodes, 11 levels, staging+arenas 478.5 MB
stored 5d5c3h pot=93.5: bytes=184012920 disk=false workspace=1846208952
gpu: 143389 nodes, 11 levels, staging+arenas 481.9 MB
stored 5c3h3d pot=93.5: bytes=185356080 disk=false workspace=1846208952
gpu: 143389 nodes, 11 levels, staging+arenas 482.7 MB
stored 4c3d2h pot=93.5: bytes=185803800 disk=false workspace=1846208952
STUDY_PHASE {"elapsed_seconds":87.373963,"phase":"construction_complete"}
planned_strategy_writes=0
STUDY_PHASE {"elapsed_seconds":116.8932107,"iteration":1,"iteration_seconds":29.5191842,"phase":"iteration_complete","training_seconds":29.5191842}
STUDY_PHASE {"elapsed_seconds":116.893267,"iteration":1,"phase":"evaluation_start"}
STUDY_PHASE {"elapsed_seconds":397.9095297,"evaluation_seconds":281.0162551,"iteration":1,"phase":"evaluation_complete"}
1 gap=73.62337821332653 elapsed=397.9
STUDY_PHASE {"elapsed_seconds":427.319659,"iteration":2,"iteration_seconds":29.4074641,"phase":"iteration_complete","training_seconds":58.9266483}
STUDY_PHASE {"elapsed_seconds":455.624411,"iteration":3,"iteration_seconds":28.304711,"phase":"iteration_complete","training_seconds":87.2313593}
STUDY_PHASE {"elapsed_seconds":455.6244498,"iteration":3,"phase":"evaluation_start"}
STUDY_PHASE {"elapsed_seconds":735.7579419,"evaluation_seconds":561.1497404,"iteration":3,"phase":"evaluation_complete"}
3 gap=54.90411843870081 elapsed=735.8
