seat0 entry mass removed=0.000001620262771236195
seat1 entry mass removed=0.0000012845353565876034
gpu: 432881 nodes, 13 levels, staging+arenas 1208.3 MB
paged AdAc4c pot=39.5: shared workspace=1208299016 bytes
gpu: 432881 nodes, 13 levels, staging+arenas 1248.1 MB
paged AcKd4h pot=39.5: shared workspace=1248050160 bytes
gpu: 432881 nodes, 13 levels, staging+arenas 1244.5 MB
paged AcQd9d pot=39.5: shared workspace=1251960072 bytes
gpu: 432881 nodes, 13 levels, staging+arenas 1275.4 MB
paged AcQc4d pot=39.5: shared workspace=1275419544 bytes
gpu: 432881 nodes, 13 levels, staging+arenas 1270.1 MB
paged AcJd2h pot=39.5: shared workspace=1277895896 bytes
gpu: 432881 nodes, 13 levels, staging+arenas 1275.0 MB
paged AcTd4c pot=39.5: shared workspace=1282848600 bytes
gpu: 432881 nodes, 13 levels, staging+arenas 1295.6 MB
paged Ac9d4h pot=39.5: shared workspace=1295621128 bytes
gpu: 432881 nodes, 13 levels, staging+arenas 1301.0 MB
paged Ac8d3h pot=39.5: shared workspace=1303440952 bytes
gpu: 432881 nodes, 13 levels, staging+arenas 1320.1 MB
paged Ac7c4d pot=39.5: shared workspace=1320123392 bytes
gpu: 432881 nodes, 13 levels, staging+arenas 1327.9 MB
paged Ac5d2h pot=39.5: shared workspace=1327943216 bytes
gpu: 432881 nodes, 13 levels, staging+arenas 1277.5 MB
paged KdKc7h pot=39.5: shared workspace=1327943216 bytes
gpu: 432881 nodes, 13 levels, staging+arenas 1310.2 MB
paged KcQd5h pot=39.5: shared workspace=1327943216 bytes
gpu: 432881 nodes, 13 levels, staging+arenas 1276.5 MB
paged KcJd8h pot=39.5: shared workspace=1327943216 bytes
gpu: 432881 nodes, 13 levels, staging+arenas 1261.9 MB
paged KcThTd pot=39.5: shared workspace=1327943216 bytes
gpu: 432881 nodes, 13 levels, staging+arenas 1308.4 MB
paged KcTc5d pot=39.5: shared workspace=1327943216 bytes
gpu: 432881 nodes, 13 levels, staging+arenas 1332.9 MB
paged Kc9c5d pot=39.5: shared workspace=1332895920 bytes
gpu: 432881 nodes, 13 levels, staging+arenas 1349.6 MB
paged Kc7h7d pot=39.5: shared workspace=1349578360 bytes
gpu: 432881 nodes, 13 levels, staging+arenas 1370.2 MB
paged Kc6d3h pot=39.5: shared workspace=1370170712 bytes
gpu: 432881 nodes, 13 levels, staging+arenas 1378.0 MB
paged Kc4d2d pot=39.5: shared workspace=1377990536 bytes
gpu: 432881 nodes, 13 levels, staging+arenas 1277.9 MB
paged QcJdTc pot=39.5: shared workspace=1377990536 bytes
gpu: 432881 nodes, 13 levels, staging+arenas 1333.3 MB
paged QcJc5d pot=39.5: shared workspace=1377990536 bytes
gpu: 432881 nodes, 13 levels, staging+arenas 1303.4 MB
paged QcTc9d pot=39.5: shared workspace=1377990536 bytes
gpu: 432881 nodes, 13 levels, staging+arenas 1366.7 MB
paged Qc9d2d pot=39.5: shared workspace=1377990536 bytes
gpu: 432881 nodes, 13 levels, staging+arenas 1368.1 MB
paged Qc8c6c pot=39.5: shared workspace=1377990536 bytes
gpu: 432881 nodes, 13 levels, staging+arenas 1387.2 MB
paged Qc6d5c pot=39.5: shared workspace=1389720272 bytes
gpu: 432881 nodes, 13 levels, staging+arenas 1405.4 MB
paged Qc4d3h pot=39.5: shared workspace=1405359920 bytes
gpu: 432881 nodes, 13 levels, staging+arenas 1284.9 MB
paged JcTdTc pot=39.5: shared workspace=1405359920 bytes
gpu: 432881 nodes, 13 levels, staging+arenas 1337.8 MB
paged JcTc4d pot=39.5: shared workspace=1405359920 bytes
gpu: 432881 nodes, 13 levels, staging+arenas 1359.9 MB
paged Jc9c4d pot=39.5: shared workspace=1405359920 bytes
gpu: 432881 nodes, 13 levels, staging+arenas 1370.2 MB
paged Jc7d7c pot=39.5: shared workspace=1405359920 bytes
gpu: 432881 nodes, 13 levels, staging+arenas 1390.8 MB
paged Jc6d3h pot=39.5: shared workspace=1410312624 bytes
gpu: 432881 nodes, 13 levels, staging+arenas 1398.6 MB
paged Jc4d2c pot=39.5: shared workspace=1410312624 bytes
gpu: 432881 nodes, 13 levels, staging+arenas 1353.1 MB
paged Tc9d6h pot=39.5: shared workspace=1410312624 bytes
gpu: 432881 nodes, 13 levels, staging+arenas 1359.9 MB
paged Tc8d5h pot=39.5: shared workspace=1410312624 bytes
gpu: 432881 nodes, 13 levels, staging+arenas 1389.3 MB
paged Tc7d3h pot=39.5: shared workspace=1412788976 bytes
gpu: 432881 nodes, 13 levels, staging+arenas 1393.2 MB
paged Tc5d4h pot=39.5: shared workspace=1412788976 bytes
gpu: 432881 nodes, 13 levels, staging+arenas 1362.4 MB
paged 9d9c8c pot=39.5: shared workspace=1412788976 bytes
gpu: 432881 nodes, 13 levels, staging+arenas 1380.5 MB
paged 9c8c7d pot=39.5: shared workspace=1412788976 bytes
gpu: 432881 nodes, 13 levels, staging+arenas 1409.9 MB
paged 9c6d5h pot=39.5: shared workspace=1417741680 bytes
gpu: 432881 nodes, 13 levels, staging+arenas 1428.0 MB
paged 9c4d4c pot=39.5: shared workspace=1428037856 bytes
gpu: 432881 nodes, 13 levels, staging+arenas 1411.4 MB
paged 8c7d6c pot=39.5: shared workspace=1428037856 bytes
gpu: 432881 nodes, 13 levels, staging+arenas 1425.6 MB
paged 8c6d2d pot=39.5: shared workspace=1428037856 bytes
gpu: 432881 nodes, 13 levels, staging+arenas 1441.2 MB
paged 8c3d3c pot=39.5: shared workspace=1443677504 bytes
gpu: 432881 nodes, 13 levels, staging+arenas 1448.6 MB
paged 7c6c3d pot=39.5: shared workspace=1448630208 bytes
gpu: 432881 nodes, 13 levels, staging+arenas 1456.5 MB
paged 7c3c2d pot=39.5: shared workspace=1456450032 bytes
gpu: 432881 nodes, 13 levels, staging+arenas 1458.9 MB
paged 6c4d2c pot=39.5: shared workspace=1458926384 bytes
gpu: 432881 nodes, 13 levels, staging+arenas 1468.2 MB
paged 5c2h2d pot=39.5: shared workspace=1470656120 bytes
gpu: 143389 nodes, 11 levels, staging+arenas 396.8 MB
paged AdAc4c pot=93.5: shared workspace=1470656120 bytes
gpu: 143389 nodes, 11 levels, staging+arenas 409.8 MB
paged AcKd4h pot=93.5: shared workspace=1470656120 bytes
gpu: 143389 nodes, 11 levels, staging+arenas 408.7 MB
paged AcQd9d pot=93.5: shared workspace=1470656120 bytes
gpu: 143389 nodes, 11 levels, staging+arenas 418.8 MB
paged AcQc4d pot=93.5: shared workspace=1470656120 bytes
gpu: 143389 nodes, 11 levels, staging+arenas 417.0 MB
paged AcJd2h pot=93.5: shared workspace=1470656120 bytes
gpu: 143389 nodes, 11 levels, staging+arenas 418.6 MB
paged AcTd4c pot=93.5: shared workspace=1470656120 bytes
gpu: 143389 nodes, 11 levels, staging+arenas 425.4 MB
paged Ac9d4h pot=93.5: shared workspace=1470656120 bytes
gpu: 143389 nodes, 11 levels, staging+arenas 427.1 MB
paged Ac8d3h pot=93.5: shared workspace=1470656120 bytes
gpu: 143389 nodes, 11 levels, staging+arenas 433.4 MB
paged Ac7c4d pot=93.5: shared workspace=1470656120 bytes
gpu: 143389 nodes, 11 levels, staging+arenas 436.0 MB
paged Ac5d2h pot=93.5: shared workspace=1470656120 bytes
gpu: 143389 nodes, 11 levels, staging+arenas 419.4 MB
paged KdKc7h pot=93.5: shared workspace=1470656120 bytes
gpu: 143389 nodes, 11 levels, staging+arenas 430.2 MB
paged KcQd5h pot=93.5: shared workspace=1470656120 bytes
gpu: 143389 nodes, 11 levels, staging+arenas 419.1 MB
paged KcJd8h pot=93.5: shared workspace=1470656120 bytes
gpu: 143389 nodes, 11 levels, staging+arenas 414.2 MB
paged KcThTd pot=93.5: shared workspace=1470656120 bytes
gpu: 143389 nodes, 11 levels, staging+arenas 429.5 MB
paged KcTc5d pot=93.5: shared workspace=1470656120 bytes
gpu: 143389 nodes, 11 levels, staging+arenas 437.6 MB
paged Kc9c5d pot=93.5: shared workspace=1470656120 bytes
gpu: 143389 nodes, 11 levels, staging+arenas 443.0 MB
paged Kc7h7d pot=93.5: shared workspace=1470656120 bytes
gpu: 143389 nodes, 11 levels, staging+arenas 449.8 MB
paged Kc6d3h pot=93.5: shared workspace=1470656120 bytes
gpu: 143389 nodes, 11 levels, staging+arenas 452.3 MB
paged Kc4d2d pot=93.5: shared workspace=1470656120 bytes
gpu: 143389 nodes, 11 levels, staging+arenas 419.6 MB
paged QcJdTc pot=93.5: shared workspace=1470656120 bytes
gpu: 143389 nodes, 11 levels, staging+arenas 437.8 MB
paged QcJc5d pot=93.5: shared workspace=1470656120 bytes
gpu: 143389 nodes, 11 levels, staging+arenas 427.9 MB
paged QcTc9d pot=93.5: shared workspace=1470656120 bytes
gpu: 143389 nodes, 11 levels, staging+arenas 448.7 MB
paged Qc9d2d pot=93.5: shared workspace=1470656120 bytes
gpu: 143389 nodes, 11 levels, staging+arenas 449.2 MB
paged Qc8c6c pot=93.5: shared workspace=1470656120 bytes
gpu: 143389 nodes, 11 levels, staging+arenas 455.4 MB
paged Qc6d5c pot=93.5: shared workspace=1470656120 bytes
gpu: 143389 nodes, 11 levels, staging+arenas 461.4 MB
paged Qc4d3h pot=93.5: shared workspace=1470656120 bytes
gpu: 143389 nodes, 11 levels, staging+arenas 421.8 MB
paged JcTdTc pot=93.5: shared workspace=1470656120 bytes
gpu: 143389 nodes, 11 levels, staging+arenas 439.1 MB
paged JcTc4d pot=93.5: shared workspace=1470656120 bytes
gpu: 143389 nodes, 11 levels, staging+arenas 446.4 MB
paged Jc9c4d pot=93.5: shared workspace=1470656120 bytes
gpu: 143389 nodes, 11 levels, staging+arenas 449.8 MB
paged Jc7d7c pot=93.5: shared workspace=1470656120 bytes
gpu: 143389 nodes, 11 levels, staging+arenas 456.5 MB
paged Jc6d3h pot=93.5: shared workspace=1470656120 bytes
gpu: 143389 nodes, 11 levels, staging+arenas 459.1 MB
paged Jc4d2c pot=93.5: shared workspace=1470656120 bytes
gpu: 143389 nodes, 11 levels, staging+arenas 444.1 MB
paged Tc9d6h pot=93.5: shared workspace=1470656120 bytes
gpu: 143389 nodes, 11 levels, staging+arenas 446.4 MB
paged Tc8d5h pot=93.5: shared workspace=1470656120 bytes
gpu: 143389 nodes, 11 levels, staging+arenas 456.0 MB
paged Tc7d3h pot=93.5: shared workspace=1470656120 bytes
gpu: 143389 nodes, 11 levels, staging+arenas 457.3 MB
paged Tc5d4h pot=93.5: shared workspace=1470656120 bytes
gpu: 143389 nodes, 11 levels, staging+arenas 447.2 MB
paged 9d9c8c pot=93.5: shared workspace=1470656120 bytes
gpu: 143389 nodes, 11 levels, staging+arenas 453.1 MB
paged 9c8c7d pot=93.5: shared workspace=1470656120 bytes
gpu: 143389 nodes, 11 levels, staging+arenas 462.7 MB
paged 9c6d5h pot=93.5: shared workspace=1470656120 bytes
gpu: 143389 nodes, 11 levels, staging+arenas 468.7 MB
paged 9c4d4c pot=93.5: shared workspace=1470656120 bytes
gpu: 143389 nodes, 11 levels, staging+arenas 463.2 MB
paged 8c7d6c pot=93.5: shared workspace=1470656120 bytes
gpu: 143389 nodes, 11 levels, staging+arenas 467.9 MB
paged 8c6d2d pot=93.5: shared workspace=1470656120 bytes
gpu: 143389 nodes, 11 levels, staging+arenas 473.1 MB
paged 8c3d3c pot=93.5: shared workspace=1470656120 bytes
gpu: 143389 nodes, 11 levels, staging+arenas 475.4 MB
paged 7c6c3d pot=93.5: shared workspace=1470656120 bytes
gpu: 143389 nodes, 11 levels, staging+arenas 478.0 MB
paged 7c3c2d pot=93.5: shared workspace=1470656120 bytes
gpu: 143389 nodes, 11 levels, staging+arenas 478.8 MB
paged 6c4d2c pot=93.5: shared workspace=1470656120 bytes
gpu: 143389 nodes, 11 levels, staging+arenas 481.9 MB
paged 5c2h2d pot=93.5: shared workspace=1470656120 bytes
1 gap=73.80555204289419 elapsed=86.7
20 gap=5.206158072856386 elapsed=418.9
100 gap=0.7754846501716042 elapsed=1648.5
500 gap=0.05265297237414579 elapsed=7758.8
2000 gap=0.0074238271182358595 elapsed=28832.0
