capacity AdAcQh 39.5: 1 entries, state 0.492 GB, retained GPU 0.049 GB
capacity AdAcQh 93.5: 2 entries, state 0.636 GB, retained GPU 0.070 GB
capacity AdAc2h 39.5: 3 entries, state 1.153 GB, retained GPU 0.119 GB
capacity AdAc2h 93.5: 4 entries, state 1.305 GB, retained GPU 0.141 GB
capacity AcKd9d 39.5: 5 entries, state 1.615 GB, retained GPU 0.190 GB
capacity AcKd9d 93.5: 6 entries, state 1.707 GB, retained GPU 0.211 GB
capacity AcKd4c 39.5: 7 entries, state 2.026 GB, retained GPU 0.260 GB
capacity AcKd4c 93.5: 8 entries, state 2.120 GB, retained GPU 0.282 GB
capacity AcKc5d 39.5: 9 entries, state 2.438 GB, retained GPU 0.330 GB
capacity AcKc5d 93.5: 10 entries, state 2.531 GB, retained GPU 0.352 GB
capacity AcQd8h 39.5: 11 entries, state 3.061 GB, retained GPU 0.401 GB
capacity AcQd8h 93.5: 12 entries, state 3.216 GB, retained GPU 0.423 GB
capacity AcQd4c 39.5: 13 entries, state 3.543 GB, retained GPU 0.472 GB
capacity AcQd4c 93.5: 14 entries, state 3.638 GB, retained GPU 0.494 GB
capacity AcQc3d 39.5: 15 entries, state 3.965 GB, retained GPU 0.543 GB
capacity AcQc3d 93.5: 16 entries, state 4.060 GB, retained GPU 0.565 GB
capacity AcJd7h 39.5: 17 entries, state 4.597 GB, retained GPU 0.614 GB
capacity AcJd7h 93.5: 18 entries, state 4.754 GB, retained GPU 0.636 GB
capacity AcJd2d 39.5: 19 entries, state 5.079 GB, retained GPU 0.685 GB
capacity AcJd2d 93.5: 20 entries, state 5.174 GB, retained GPU 0.707 GB
capacity AcTd9d 39.5: 21 entries, state 5.491 GB, retained GPU 0.755 GB
capacity AcTd9d 93.5: 22 entries, state 5.584 GB, retained GPU 0.777 GB
capacity AcTd4h 39.5: 23 entries, state 6.130 GB, retained GPU 0.827 GB
capacity AcTd4h 93.5: 24 entries, state 6.290 GB, retained GPU 0.849 GB
capacity AcTc3c 39.5: 25 entries, state 6.445 GB, retained GPU 0.897 GB
capacity AcTc3c 93.5: 26 entries, state 6.491 GB, retained GPU 0.919 GB
capacity Ac9d4c 39.5: 27 entries, state 6.824 GB, retained GPU 0.968 GB
capacity Ac9d4c 93.5: 28 entries, state 6.921 GB, retained GPU 0.990 GB
capacity Ac8h8d 39.5: 29 entries, state 7.466 GB, retained GPU 1.040 GB
capacity Ac8h8d 93.5: 30 entries, state 7.625 GB, retained GPU 1.062 GB
capacity Ac8d3d 39.5: 31 entries, state 7.958 GB, retained GPU 1.111 GB
capacity Ac8d3d 93.5: 32 entries, state 8.055 GB, retained GPU 1.133 GB
capacity Ac7d6c 39.5: 33 entries, state 8.392 GB, retained GPU 1.182 GB
capacity Ac7d6c 93.5: 34 entries, state 8.490 GB, retained GPU 1.204 GB
capacity Ac7c5d 39.5: 35 entries, state 8.827 GB, retained GPU 1.253 GB
capacity Ac7c5d 93.5: 36 entries, state 8.925 GB, retained GPU 1.275 GB
capacity Ac6d2h 39.5: 37 entries, state 9.496 GB, retained GPU 1.325 GB
capacity Ac6d2h 93.5: 38 entries, state 9.663 GB, retained GPU 1.348 GB
capacity Ac5d3c 39.5: 39 entries, state 10.003 GB, retained GPU 1.397 GB
capacity Ac5d3c 93.5: 40 entries, state 10.103 GB, retained GPU 1.419 GB
capacity Ac4c2d 39.5: 41 entries, state 10.446 GB, retained GPU 1.468 GB
capacity Ac4c2d 93.5: 42 entries, state 10.547 GB, retained GPU 1.491 GB
capacity KdKc8h 39.5: 43 entries, state 11.086 GB, retained GPU 1.540 GB
capacity KdKc8h 93.5: 44 entries, state 11.244 GB, retained GPU 1.562 GB
capacity KcQdJc 39.5: 45 entries, state 11.564 GB, retained GPU 1.611 GB
capacity KcQdJc 93.5: 46 entries, state 11.658 GB, retained GPU 1.633 GB
capacity KcQd6c 39.5: 47 entries, state 11.993 GB, retained GPU 1.682 GB
capacity KcQd6c 93.5: 48 entries, state 12.091 GB, retained GPU 1.704 GB
capacity KcQc9c 39.5: 49 entries, state 12.247 GB, retained GPU 1.752 GB
capacity KcQc9c 93.5: 50 entries, state 12.293 GB, retained GPU 1.774 GB
capacity KcJd9c 39.5: 51 entries, state 12.619 GB, retained GPU 1.823 GB
capacity KcJd9c 93.5: 52 entries, state 12.715 GB, retained GPU 1.845 GB
capacity KcJd4c 39.5: 53 entries, state 13.050 GB, retained GPU 1.894 GB
capacity KcJd4c 93.5: 54 entries, state 13.148 GB, retained GPU 1.916 GB
capacity KcJc3d 39.5: 55 entries, state 13.486 GB, retained GPU 1.965 GB
capacity KcJc3d 93.5: 56 entries, state 13.585 GB, retained GPU 1.987 GB
capacity KcTd6c 39.5: 57 entries, state 13.920 GB, retained GPU 2.036 GB
capacity KcTd6c 93.5: 58 entries, state 14.018 GB, retained GPU 2.059 GB
capacity KcTc8d 39.5: 59 entries, state 14.347 GB, retained GPU 2.107 GB
capacity KcTc8d 93.5: 60 entries, state 14.443 GB, retained GPU 2.129 GB
capacity Kc9d6h 39.5: 61 entries, state 15.015 GB, retained GPU 2.179 GB
capacity Kc9d6h 93.5: 62 entries, state 15.182 GB, retained GPU 2.202 GB
capacity Kc9d2c 39.5: 63 entries, state 15.526 GB, retained GPU 2.251 GB
capacity Kc9d2c 93.5: 64 entries, state 15.626 GB, retained GPU 2.273 GB
capacity Kc8d6c 39.5: 65 entries, state 15.968 GB, retained GPU 2.323 GB
capacity Kc8d6c 93.5: 66 entries, state 16.069 GB, retained GPU 2.345 GB
capacity Kc8c6d 39.5: 67 entries, state 16.411 GB, retained GPU 2.394 GB
capacity Kc8c6d 93.5: 68 entries, state 16.512 GB, retained GPU 2.416 GB
capacity Kc7d3h 39.5: 69 entries, state 17.099 GB, retained GPU 2.467 GB
capacity Kc7d3h 93.5: 70 entries, state 17.271 GB, retained GPU 2.489 GB
capacity Kc6d5d 39.5: 71 entries, state 17.621 GB, retained GPU 2.539 GB
capacity Kc6d5d 93.5: 72 entries, state 17.723 GB, retained GPU 2.561 GB
capacity Kc5d5c 39.5: 73 entries, state 18.074 GB, retained GPU 2.611 GB
capacity Kc5d5c 93.5: 74 entries, state 18.176 GB, retained GPU 2.633 GB
capacity Kc4d3h 39.5: 75 entries, state 18.769 GB, retained GPU 2.683 GB
capacity Kc4d3h 93.5: 76 entries, state 18.943 GB, retained GPU 2.706 GB
capacity QdQcJh 39.5: 77 entries, state 19.489 GB, retained GPU 2.756 GB
capacity QdQcJh 93.5: 78 entries, state 19.649 GB, retained GPU 2.778 GB
capacity QdQc2c 39.5: 79 entries, state 19.993 GB, retained GPU 2.827 GB
capacity QdQc2c 93.5: 80 entries, state 20.094 GB, retained GPU 2.850 GB
capacity QcJd6h 39.5: 81 entries, state 20.663 GB, retained GPU 2.899 GB
capacity QcJd6h 93.5: 82 entries, state 20.830 GB, retained GPU 2.922 GB
capacity QcJd2c 39.5: 83 entries, state 21.171 GB, retained GPU 2.971 GB
capacity QcJd2c 93.5: 84 entries, state 21.272 GB, retained GPU 2.994 GB
capacity QcTd8h 39.5: 85 entries, state 21.831 GB, retained GPU 3.043 GB
capacity QcTd8h 93.5: 86 entries, state 21.995 GB, retained GPU 3.066 GB
capacity QcTd3h 39.5: 87 entries, state 22.571 GB, retained GPU 3.116 GB
capacity QcTd3h 93.5: 88 entries, state 22.740 GB, retained GPU 3.138 GB
capacity Qc9d9c 39.5: 89 entries, state 23.082 GB, retained GPU 3.187 GB
capacity Qc9d9c 93.5: 90 entries, state 23.182 GB, retained GPU 3.210 GB
capacity Qc9d4c 39.5: 91 entries, state 23.531 GB, retained GPU 3.259 GB
capacity Qc9d4c 93.5: 92 entries, state 23.634 GB, retained GPU 3.282 GB
capacity Qc8d8c 39.5: 93 entries, state 23.977 GB, retained GPU 3.331 GB
capacity Qc8d8c 93.5: 94 entries, state 24.078 GB, retained GPU 3.353 GB
capacity Qc8d3d 39.5: 95 entries, state 24.429 GB, retained GPU 3.403 GB
capacity Qc8d3d 93.5: 96 entries, state 24.532 GB, retained GPU 3.425 GB
capacity Qc7d6c 39.5: 97 entries, state 24.886 GB, retained GPU 3.475 GB
capacity Qc7d6c 93.5: 98 entries, state 24.989 GB, retained GPU 3.497 GB
capacity Qc7c5d 39.5: 99 entries, state 25.343 GB, retained GPU 3.547 GB
capacity Qc7c5d 93.5: 100 entries, state 25.447 GB, retained GPU 3.569 GB
capacity Qc6d2h 39.5: 101 entries, state 26.048 GB, retained GPU 3.620 GB
capacity Qc6d2h 93.5: 102 entries, state 26.224 GB, retained GPU 3.643 GB
capacity Qc5d2h 39.5: 103 entries, state 26.825 GB, retained GPU 3.693 GB
capacity Qc5d2h 93.5: 104 entries, state 27.000 GB, retained GPU 3.716 GB
capacity Qc3h3d 39.5: 105 entries, state 27.607 GB, retained GPU 3.766 GB
capacity Qc3h3d 93.5: 106 entries, state 27.785 GB, retained GPU 3.789 GB
capacity JdJc6c 39.5: 107 entries, state 28.125 GB, retained GPU 3.838 GB
capacity JdJc6c 93.5: 108 entries, state 28.225 GB, retained GPU 3.861 GB
capacity JcTd7h 39.5: 109 entries, state 28.794 GB, retained GPU 3.911 GB
capacity JcTd7h 93.5: 110 entries, state 28.960 GB, retained GPU 3.933 GB
capacity JcTd3c 39.5: 111 entries, state 29.304 GB, retained GPU 3.982 GB
capacity JcTd3c 93.5: 112 entries, state 29.405 GB, retained GPU 4.005 GB
capacity Jc9d8c 39.5: 113 entries, state 29.745 GB, retained GPU 4.054 GB
capacity Jc9d8c 93.5: 114 entries, state 29.844 GB, retained GPU 4.076 GB
capacity Jc9d3h 39.5: 115 entries, state 30.430 GB, retained GPU 4.126 GB
capacity Jc9d3h 93.5: 116 entries, state 30.601 GB, retained GPU 4.149 GB
capacity Jc8d7h 39.5: 117 entries, state 31.181 GB, retained GPU 4.199 GB
capacity Jc8d7h 93.5: 118 entries, state 31.350 GB, retained GPU 4.222 GB
capacity Jc8d2h 39.5: 119 entries, state 31.938 GB, retained GPU 4.272 GB
capacity Jc8d2h 93.5: 120 entries, state 32.109 GB, retained GPU 4.295 GB
capacity Jc7d5h 39.5: 121 entries, state 32.701 GB, retained GPU 4.345 GB
capacity Jc7d5h 93.5: 122 entries, state 32.874 GB, retained GPU 4.368 GB
capacity Jc7c3d 39.5: 123 entries, state 33.230 GB, retained GPU 4.417 GB
capacity Jc7c3d 93.5: 124 entries, state 33.334 GB, retained GPU 4.440 GB
capacity Jc6c5d 39.5: 125 entries, state 33.689 GB, retained GPU 4.489 GB
capacity Jc6c5d 93.5: 126 entries, state 33.793 GB, retained GPU 4.512 GB
capacity Jc5d2c 39.5: 127 entries, state 34.150 GB, retained GPU 4.561 GB
capacity Jc5d2c 93.5: 128 entries, state 34.255 GB, retained GPU 4.584 GB
capacity Jc3d2c 39.5: 129 entries, state 34.615 GB, retained GPU 4.634 GB
capacity Jc3d2c 93.5: 130 entries, state 34.720 GB, retained GPU 4.657 GB
capacity TdTc2h 39.5: 131 entries, state 35.301 GB, retained GPU 4.707 GB
capacity TdTc2h 93.5: 132 entries, state 35.472 GB, retained GPU 4.729 GB
capacity Tc9d4h 39.5: 133 entries, state 36.059 GB, retained GPU 4.779 GB
capacity Tc9d4h 93.5: 134 entries, state 36.231 GB, retained GPU 4.802 GB
capacity Tc9c3d 39.5: 135 entries, state 36.582 GB, retained GPU 4.852 GB
capacity Tc9c3d 93.5: 136 entries, state 36.686 GB, retained GPU 4.874 GB
capacity Tc8d3h 39.5: 137 entries, state 37.276 GB, retained GPU 4.924 GB
capacity Tc8d3h 93.5: 138 entries, state 37.449 GB, retained GPU 4.947 GB
capacity Tc7d6h 39.5: 139 entries, state 38.043 GB, retained GPU 4.997 GB
capacity Tc7d6h 93.5: 140 entries, state 38.217 GB, retained GPU 5.020 GB
capacity Tc7c5d 39.5: 141 entries, state 38.572 GB, retained GPU 5.070 GB
capacity Tc7c5d 93.5: 142 entries, state 38.676 GB, retained GPU 5.092 GB
capacity Tc6d3c 39.5: 143 entries, state 39.035 GB, retained GPU 5.142 GB
capacity Tc6d3c 93.5: 144 entries, state 39.141 GB, retained GPU 5.165 GB
capacity Tc5d2h 39.5: 145 entries, state 39.743 GB, retained GPU 5.215 GB
capacity Tc5d2h 93.5: 146 entries, state 39.919 GB, retained GPU 5.238 GB
capacity Tc4c3c 39.5: 147 entries, state 40.090 GB, retained GPU 5.287 GB
capacity Tc4c3c 93.5: 148 entries, state 40.141 GB, retained GPU 5.310 GB
capacity 9d9c4c 39.5: 149 entries, state 40.499 GB, retained GPU 5.359 GB
capacity 9d9c4c 93.5: 150 entries, state 40.604 GB, retained GPU 5.382 GB
capacity 9c8d5c 39.5: 151 entries, state 40.959 GB, retained GPU 5.431 GB
capacity 9c8d5c 93.5: 152 entries, state 41.064 GB, retained GPU 5.454 GB
capacity 9c8c2d 39.5: 153 entries, state 41.423 GB, retained GPU 5.504 GB
capacity 9c8c2d 93.5: 154 entries, state 41.528 GB, retained GPU 5.526 GB
capacity 9c7d3c 39.5: 155 entries, state 41.892 GB, retained GPU 5.576 GB
capacity 9c7d3c 93.5: 156 entries, state 41.999 GB, retained GPU 5.599 GB
capacity 9c6d4c 39.5: 157 entries, state 42.363 GB, retained GPU 5.649 GB
capacity 9c6d4c 93.5: 158 entries, state 42.470 GB, retained GPU 5.672 GB
capacity 9c5d4c 39.5: 159 entries, state 42.835 GB, retained GPU 5.721 GB
capacity 9c5d4c 93.5: 160 entries, state 42.942 GB, retained GPU 5.744 GB
capacity 9c4d2h 39.5: 161 entries, state 43.558 GB, retained GPU 5.795 GB
capacity 9c4d2h 93.5: 162 entries, state 43.738 GB, retained GPU 5.818 GB
capacity 8d8c6c 39.5: 163 entries, state 44.097 GB, retained GPU 5.867 GB
capacity 8d8c6c 93.5: 164 entries, state 44.203 GB, retained GPU 5.890 GB
capacity 8c7d4h 39.5: 165 entries, state 44.813 GB, retained GPU 5.941 GB
capacity 8c7d4h 93.5: 166 entries, state 44.991 GB, retained GPU 5.964 GB
capacity 8c6d5h 39.5: 167 entries, state 45.601 GB, retained GPU 6.014 GB
capacity 8c6d5h 93.5: 168 entries, state 45.780 GB, retained GPU 6.037 GB
capacity 8c6c3c 39.5: 169 entries, state 45.954 GB, retained GPU 6.086 GB
capacity 8c6c3c 93.5: 170 entries, state 46.005 GB, retained GPU 6.109 GB
capacity 8c5c2d 39.5: 171 entries, state 46.372 GB, retained GPU 6.159 GB
capacity 8c5c2d 93.5: 172 entries, state 46.479 GB, retained GPU 6.182 GB
capacity 8c3d2c 39.5: 173 entries, state 46.848 GB, retained GPU 6.232 GB
capacity 8c3d2c 93.5: 174 entries, state 46.957 GB, retained GPU 6.255 GB
capacity 7c6d5d 39.5: 175 entries, state 47.327 GB, retained GPU 6.304 GB
capacity 7c6d5d 93.5: 176 entries, state 47.435 GB, retained GPU 6.328 GB
capacity 7c5d5c 39.5: 177 entries, state 47.805 GB, retained GPU 6.377 GB
capacity 7c5d5c 93.5: 178 entries, state 47.914 GB, retained GPU 6.400 GB
capacity 7c4d3h 39.5: 179 entries, state 48.541 GB, retained GPU 6.451 GB
capacity 7c4d3h 93.5: 180 entries, state 48.724 GB, retained GPU 6.474 GB
capacity 6d6c5h 39.5: 181 entries, state 49.348 GB, retained GPU 6.525 GB
capacity 6d6c5h 93.5: 182 entries, state 49.531 GB, retained GPU 6.548 GB
capacity 6c5d2h 39.5: 183 entries, state 50.157 GB, retained GPU 6.599 GB
capacity 6c5d2h 93.5: 184 entries, state 50.341 GB, retained GPU 6.622 GB
capacity 6c4c2c 39.5: 185 entries, state 50.519 GB, retained GPU 6.672 GB
capacity 6c4c2c 93.5: 186 entries, state 50.571 GB, retained GPU 6.695 GB
capacity 5c4d3d 39.5: 187 entries, state 50.947 GB, retained GPU 6.745 GB
capacity 5c4d3d 93.5: 188 entries, state 51.057 GB, retained GPU 6.768 GB
capacity 4d4c3c 39.5: 189 entries, state 51.435 GB, retained GPU 6.818 GB
capacity 4d4c3c 93.5: 190 entries, state 51.546 GB, retained GPU 6.841 GB
capacity 7c4d4c 39.5: 191 entries, state 51.920 GB, retained GPU 6.891 GB
capacity 7c4d4c 93.5: 192 entries, state 52.030 GB, retained GPU 6.914 GB
capacity Jc4d4c 39.5: 193 entries, state 52.389 GB, retained GPU 6.964 GB
capacity Jc4d4c 93.5: 194 entries, state 52.494 GB, retained GPU 6.986 GB
capacity 2h2d2c 39.5: 195 entries, state 53.135 GB, retained GPU 7.037 GB
capacity 2h2d2c 93.5: 196 entries, state 53.322 GB, retained GPU 7.061 GB
capacity QdQcTh 39.5: 197 entries, state 53.871 GB, retained GPU 7.110 GB
capacity QdQcTh 93.5: 198 entries, state 54.032 GB, retained GPU 7.133 GB
capacity Tc7c2c 39.5: 199 entries, state 54.201 GB, retained GPU 7.182 GB
capacity Tc7c2c 93.5: 200 entries, state 54.251 GB, retained GPU 7.204 GB
capacity 8c7c4c 39.5: 201 entries, state 54.424 GB, retained GPU 7.253 GB
capacity 8c7c4c 93.5: 202 entries, state 54.475 GB, retained GPU 7.276 GB
capacity 7c6d5c 39.5: 203 entries, state 54.844 GB, retained GPU 7.326 GB
capacity 7c6d5c 93.5: 204 entries, state 54.953 GB, retained GPU 7.349 GB
capacity Kc3c2d 39.5: 205 entries, state 55.307 GB, retained GPU 7.398 GB
capacity Kc3c2d 93.5: 206 entries, state 55.411 GB, retained GPU 7.421 GB
capacity 5c4d3h 39.5: 207 entries, state 56.041 GB, retained GPU 7.471 GB
capacity 5c4d3h 93.5: 208 entries, state 56.225 GB, retained GPU 7.495 GB
capacity Jc4d2h 39.5: 209 entries, state 56.828 GB, retained GPU 7.545 GB
capacity Jc4d2h 93.5: 210 entries, state 57.004 GB, retained GPU 7.568 GB
capacity AdAc4c 39.5: 211 entries, state 57.312 GB, retained GPU 7.617 GB
capacity AdAc4c 93.5: 212 entries, state 57.403 GB, retained GPU 7.638 GB
capacity AcKd4h 39.5: 213 entries, state 57.938 GB, retained GPU 7.687 GB
capacity AcKd4h 93.5: 214 entries, state 58.094 GB, retained GPU 7.710 GB
capacity AcQd9d 39.5: 215 entries, state 58.412 GB, retained GPU 7.758 GB
capacity AcQd9d 93.5: 216 entries, state 58.505 GB, retained GPU 7.780 GB
capacity AcQc4d 39.5: 217 entries, state 58.830 GB, retained GPU 7.829 GB
capacity AcQc4d 93.5: 218 entries, state 58.926 GB, retained GPU 7.851 GB
capacity AcJd2h 39.5: 219 entries, state 59.470 GB, retained GPU 7.900 GB
capacity AcJd2h 93.5: 220 entries, state 59.629 GB, retained GPU 7.922 GB
capacity AcTd4c 39.5: 221 entries, state 59.956 GB, retained GPU 7.971 GB
capacity AcTd4c 93.5: 222 entries, state 60.051 GB, retained GPU 7.993 GB
capacity Ac9d4h 39.5: 223 entries, state 60.608 GB, retained GPU 8.043 GB
capacity Ac9d4h 93.5: 224 entries, state 60.771 GB, retained GPU 8.065 GB
capacity Ac8d3h 39.5: 225 entries, state 61.329 GB, retained GPU 8.115 GB
capacity Ac8d3h 93.5: 226 entries, state 61.492 GB, retained GPU 8.137 GB
capacity Ac7c4d 39.5: 227 entries, state 61.830 GB, retained GPU 8.186 GB
capacity Ac7c4d 93.5: 228 entries, state 61.930 GB, retained GPU 8.209 GB
capacity Ac5d2h 39.5: 229 entries, state 62.500 GB, retained GPU 8.258 GB
capacity Ac5d2h 93.5: 230 entries, state 62.667 GB, retained GPU 8.281 GB
capacity KdKc7h 39.5: 231 entries, state 63.216 GB, retained GPU 8.331 GB
capacity KdKc7h 93.5: 232 entries, state 63.376 GB, retained GPU 8.353 GB
capacity KcQd5h 39.5: 233 entries, state 63.937 GB, retained GPU 8.403 GB
capacity KcQd5h 93.5: 234 entries, state 64.102 GB, retained GPU 8.425 GB
capacity KcJd8h 39.5: 235 entries, state 64.649 GB, retained GPU 8.475 GB
capacity KcJd8h 93.5: 236 entries, state 64.809 GB, retained GPU 8.497 GB
capacity KcThTd 39.5: 237 entries, state 65.352 GB, retained GPU 8.546 GB
capacity KcThTd 93.5: 238 entries, state 65.511 GB, retained GPU 8.568 GB
capacity KcTc5d 39.5: 239 entries, state 65.847 GB, retained GPU 8.617 GB
capacity KcTc5d 93.5: 240 entries, state 65.945 GB, retained GPU 8.640 GB
capacity Kc9c5d 39.5: 241 entries, state 66.287 GB, retained GPU 8.689 GB
capacity Kc9c5d 93.5: 242 entries, state 66.387 GB, retained GPU 8.711 GB
capacity Kc7h7d 39.5: 243 entries, state 66.968 GB, retained GPU 8.761 GB
capacity Kc7h7d 93.5: 244 entries, state 67.138 GB, retained GPU 8.784 GB
capacity Kc6d3h 39.5: 245 entries, state 67.728 GB, retained GPU 8.834 GB
capacity Kc6d3h 93.5: 246 entries, state 67.901 GB, retained GPU 8.857 GB
capacity Kc4d2d 39.5: 247 entries, state 68.255 GB, retained GPU 8.906 GB
capacity Kc4d2d 93.5: 248 entries, state 68.358 GB, retained GPU 8.929 GB
capacity QcJdTc 39.5: 249 entries, state 68.685 GB, retained GPU 8.978 GB
capacity QcJdTc 93.5: 250 entries, state 68.780 GB, retained GPU 9.000 GB
capacity QcJc5d 39.5: 251 entries, state 69.121 GB, retained GPU 9.049 GB
capacity QcJc5d 93.5: 252 entries, state 69.221 GB, retained GPU 9.071 GB
capacity QcTc9d 39.5: 253 entries, state 69.555 GB, retained GPU 9.120 GB
capacity QcTc9d 93.5: 254 entries, state 69.653 GB, retained GPU 9.142 GB
capacity Qc9d2d 39.5: 255 entries, state 70.003 GB, retained GPU 9.192 GB
capacity Qc9d2d 93.5: 256 entries, state 70.105 GB, retained GPU 9.214 GB
capacity Qc8c6c 39.5: 257 entries, state 70.271 GB, retained GPU 9.263 GB
capacity Qc8c6c 93.5: 258 entries, state 70.320 GB, retained GPU 9.285 GB
capacity Qc6d5c 39.5: 259 entries, state 70.676 GB, retained GPU 9.335 GB
capacity Qc6d5c 93.5: 260 entries, state 70.780 GB, retained GPU 9.357 GB
capacity Qc4d3h 39.5: 261 entries, state 71.384 GB, retained GPU 9.408 GB
capacity Qc4d3h 93.5: 262 entries, state 71.561 GB, retained GPU 9.431 GB
capacity JcTdTc 39.5: 263 entries, state 71.891 GB, retained GPU 9.480 GB
capacity JcTdTc 93.5: 264 entries, state 71.987 GB, retained GPU 9.502 GB
capacity JcTc4d 39.5: 265 entries, state 72.331 GB, retained GPU 9.551 GB
capacity JcTc4d 93.5: 266 entries, state 72.432 GB, retained GPU 9.573 GB
capacity Jc9c4d 39.5: 267 entries, state 72.781 GB, retained GPU 9.623 GB
capacity Jc9c4d 93.5: 268 entries, state 72.883 GB, retained GPU 9.645 GB
capacity Jc7d7c 39.5: 269 entries, state 73.235 GB, retained GPU 9.695 GB
capacity Jc7d7c 93.5: 270 entries, state 73.338 GB, retained GPU 9.717 GB
capacity Jc6d3h 39.5: 271 entries, state 73.938 GB, retained GPU 9.767 GB
capacity Jc6d3h 93.5: 272 entries, state 74.113 GB, retained GPU 9.790 GB
capacity Jc4d2c 39.5: 273 entries, state 74.472 GB, retained GPU 9.840 GB
capacity Jc4d2c 93.5: 274 entries, state 74.578 GB, retained GPU 9.863 GB
capacity Tc9d6h 39.5: 275 entries, state 75.162 GB, retained GPU 9.913 GB
capacity Tc9d6h 93.5: 276 entries, state 75.333 GB, retained GPU 9.936 GB
capacity Tc8d5h 39.5: 277 entries, state 75.918 GB, retained GPU 9.986 GB
capacity Tc8d5h 93.5: 278 entries, state 76.090 GB, retained GPU 10.008 GB
capacity Tc7d3h 39.5: 279 entries, state 76.689 GB, retained GPU 10.059 GB
capacity Tc7d3h 93.5: 280 entries, state 76.864 GB, retained GPU 10.082 GB
capacity Tc5d4h 39.5: 281 entries, state 77.465 GB, retained GPU 10.132 GB
capacity Tc5d4h 93.5: 282 entries, state 77.641 GB, retained GPU 10.155 GB
capacity 9d9c8c 39.5: 283 entries, state 77.991 GB, retained GPU 10.204 GB
capacity 9d9c8c 93.5: 284 entries, state 78.094 GB, retained GPU 10.227 GB
capacity 9c8c7d 39.5: 285 entries, state 78.449 GB, retained GPU 10.276 GB
capacity 9c8c7d 93.5: 286 entries, state 78.553 GB, retained GPU 10.299 GB
capacity 9c6d5h 39.5: 287 entries, state 79.161 GB, retained GPU 10.349 GB
capacity 9c6d5h 93.5: 288 entries, state 79.339 GB, retained GPU 10.372 GB
capacity 9c4d4c 39.5: 289 entries, state 79.707 GB, retained GPU 10.422 GB
capacity 9c4d4c 93.5: 290 entries, state 79.814 GB, retained GPU 10.445 GB
capacity 8c7d6c 39.5: 291 entries, state 80.177 GB, retained GPU 10.495 GB
capacity 8c7d6c 93.5: 292 entries, state 80.283 GB, retained GPU 10.518 GB
capacity 8c6d2d 39.5: 293 entries, state 80.650 GB, retained GPU 10.567 GB
capacity 8c6d2d 93.5: 294 entries, state 80.757 GB, retained GPU 10.590 GB
capacity 8c3d3c 39.5: 295 entries, state 81.127 GB, retained GPU 10.640 GB
capacity 8c3d3c 93.5: 296 entries, state 81.236 GB, retained GPU 10.663 GB
capacity 7c6c3d 39.5: 297 entries, state 81.609 GB, retained GPU 10.713 GB
capacity 7c6c3d 93.5: 298 entries, state 81.718 GB, retained GPU 10.736 GB
capacity 7c3c2d 39.5: 299 entries, state 82.093 GB, retained GPU 10.786 GB
capacity 7c3c2d 93.5: 300 entries, state 82.203 GB, retained GPU 10.809 GB
capacity 6c4d2c 39.5: 301 entries, state 82.578 GB, retained GPU 10.859 GB
capacity 6c4d2c 93.5: 302 entries, state 82.688 GB, retained GPU 10.882 GB
capacity 5c2h2d 39.5: 303 entries, state 83.321 GB, retained GPU 10.933 GB
capacity 5c2h2d 93.5: 304 entries, state 83.507 GB, retained GPU 10.957 GB
capacity KhQd9d 39.5: 305 entries, state 83.834 GB, retained GPU 11.005 GB
capacity KhQd9d 93.5: 306 entries, state 83.930 GB, retained GPU 11.027 GB
capacity 8c7c4h 39.5: 307 entries, state 84.295 GB, retained GPU 11.077 GB
capacity 8c7c4h 93.5: 308 entries, state 84.403 GB, retained GPU 11.100 GB
capacity Qc5d5c 39.5: 309 entries, state 84.759 GB, retained GPU 11.149 GB
capacity Qc5d5c 93.5: 310 entries, state 84.863 GB, retained GPU 11.172 GB
capacity Jc9d9c 39.5: 311 entries, state 85.204 GB, retained GPU 11.221 GB
capacity Jc9d9c 93.5: 312 entries, state 85.304 GB, retained GPU 11.244 GB
capacity Tc3h3d 39.5: 313 entries, state 85.913 GB, retained GPU 11.294 GB
capacity Tc3h3d 93.5: 314 entries, state 86.091 GB, retained GPU 11.317 GB
capacity AhAdAc 39.5: 315 entries, state 86.553 GB, retained GPU 11.366 GB
capacity AhAdAc 93.5: 316 entries, state 86.688 GB, retained GPU 11.387 GB
capacity AcTc8c 39.5: 317 entries, state 86.839 GB, retained GPU 11.434 GB
capacity AcTc8c 93.5: 318 entries, state 86.884 GB, retained GPU 11.456 GB
capacity QcJc3c 39.5: 319 entries, state 87.046 GB, retained GPU 11.505 GB
capacity QcJc3c 93.5: 320 entries, state 87.094 GB, retained GPU 11.527 GB
capacity Kc8c2d 39.5: 321 entries, state 87.440 GB, retained GPU 11.576 GB
capacity Kc8c2d 93.5: 322 entries, state 87.541 GB, retained GPU 11.599 GB
capacity 9c6c4d 39.5: 323 entries, state 87.906 GB, retained GPU 11.648 GB
capacity 9c6c4d 93.5: 324 entries, state 88.013 GB, retained GPU 11.671 GB
capacity Qc9d5h 39.5: 325 entries, state 88.595 GB, retained GPU 11.721 GB
capacity Qc9d5h 93.5: 326 entries, state 88.766 GB, retained GPU 11.744 GB
capacity Ac9d5h 39.5: 327 entries, state 89.319 GB, retained GPU 11.794 GB
capacity Ac9d5h 93.5: 328 entries, state 89.481 GB, retained GPU 11.816 GB
