seat0 entry mass removed=0.000001620262771236195
seat1 entry mass removed=0.0000012845353565876034
gpu: 432881 nodes, 13 levels, staging+arenas 1392.6 MB
projected projected_explicit Qc5d5c pot=39.5: device action arenas=597782696 bytes
gpu: 432881 nodes, 13 levels, staging+arenas 1327.6 MB
projected projected_explicit Jc9d9c pot=39.5: device action arenas=571792144 bytes
gpu: 432881 nodes, 13 levels, staging+arenas 1411.4 MB
projected projected_explicit Tc3h3d pot=39.5: device action arenas=608484688 bytes
gpu: 432881 nodes, 13 levels, staging+arenas 1084.7 MB
projected projected_explicit AhAdAc pot=39.5: device action arenas=461714512 bytes
gpu: 432881 nodes, 13 levels, staging+arenas 1248.1 MB
projected projected_explicit AcTc8c pot=39.5: device action arenas=535099600 bytes
gpu: 432881 nodes, 13 levels, staging+arenas 1343.6 MB
projected projected_explicit QcJc3c pot=39.5: device action arenas=576378712 bytes
gpu: 432881 nodes, 13 levels, staging+arenas 1348.5 MB
projected projected_explicit Kc8c2d pot=39.5: device action arenas=579436424 bytes
gpu: 432881 nodes, 13 levels, staging+arenas 1416.3 MB
projected projected_explicit 9c6c4d pot=39.5: device action arenas=611542400 bytes
gpu: 432881 nodes, 13 levels, staging+arenas 1356.4 MB
projected projected_explicit Qc9d5h pot=39.5: device action arenas=582494136 bytes
gpu: 432881 nodes, 13 levels, staging+arenas 1289.2 MB
projected projected_explicit Ac9d5h pot=39.5: device action arenas=553445872 bytes
gpu: 143389 nodes, 11 levels, staging+arenas 457.2 MB
projected projected_explicit Qc5d5c pot=93.5: device action arenas=175058520 bytes
gpu: 143389 nodes, 11 levels, staging+arenas 435.8 MB
projected projected_explicit Jc9d9c pot=93.5: device action arenas=167447280 bytes
gpu: 143389 nodes, 11 levels, staging+arenas 463.2 MB
projected projected_explicit Tc3h3d pot=93.5: device action arenas=178192560 bytes
gpu: 143389 nodes, 11 levels, staging+arenas 356.3 MB
projected projected_explicit AhAdAc pot=93.5: device action arenas=135211440 bytes
gpu: 143389 nodes, 11 levels, staging+arenas 409.8 MB
projected projected_explicit AcTc8c pot=93.5: device action arenas=156702000 bytes
gpu: 143389 nodes, 11 levels, staging+arenas 441.1 MB
projected projected_explicit QcJc3c pot=93.5: device action arenas=168790440 bytes
gpu: 143389 nodes, 11 levels, staging+arenas 442.7 MB
projected projected_explicit Kc8c2d pot=93.5: device action arenas=169685880 bytes
gpu: 143389 nodes, 11 levels, staging+arenas 464.8 MB
projected projected_explicit 9c6c4d pot=93.5: device action arenas=179088000 bytes
gpu: 143389 nodes, 11 levels, staging+arenas 445.3 MB
projected projected_explicit Qc9d5h pot=93.5: device action arenas=170581320 bytes
gpu: 143389 nodes, 11 levels, staging+arenas 423.3 MB
projected projected_explicit Ac9d5h pot=93.5: device action arenas=162074640 bytes
1 gap=75.4953524025687 elapsed=18.2
20 gap=5.621201300832736 elapsed=35.9
100 gap=0.6412936233944198 elapsed=72.6
500 gap=0.0430282586094366 elapsed=209.4
2000 gap=0.004092761586624416 elapsed=691.1
