seat0 entry mass removed=0.000001620262771236195
seat1 entry mass removed=0.0000012845353565876034
gpu: 432881 nodes, 13 levels, staging+arenas 839.8 MB
projected projected_compact Qc5d5c pot=39.5: device action arenas=356410576 bytes
gpu: 432881 nodes, 13 levels, staging+arenas 800.5 MB
projected projected_compact Jc9d9c pot=39.5: device action arenas=340914464 bytes
gpu: 432881 nodes, 13 levels, staging+arenas 1411.4 MB
projected projected_compact Tc3h3d pot=39.5: device action arenas=608484688 bytes
gpu: 432881 nodes, 13 levels, staging+arenas 1084.7 MB
projected projected_compact AhAdAc pot=39.5: device action arenas=461714512 bytes
gpu: 432881 nodes, 13 levels, staging+arenas 356.4 MB
projected projected_compact AcTc8c pot=39.5: device action arenas=151197200 bytes
gpu: 432881 nodes, 13 levels, staging+arenas 383.7 MB
projected projected_compact QcJc3c pot=39.5: device action arenas=162860984 bytes
gpu: 432881 nodes, 13 levels, staging+arenas 813.2 MB
projected projected_compact Kc8c2d pot=39.5: device action arenas=345472144 bytes
gpu: 432881 nodes, 13 levels, staging+arenas 854.0 MB
projected projected_compact 9c6c4d pot=39.5: device action arenas=364614400 bytes
gpu: 432881 nodes, 13 levels, staging+arenas 1356.4 MB
projected projected_compact Qc9d5h pot=39.5: device action arenas=582494136 bytes
gpu: 432881 nodes, 13 levels, staging+arenas 1289.2 MB
projected projected_compact Ac9d5h pot=39.5: device action arenas=553445872 bytes
gpu: 143389 nodes, 11 levels, staging+arenas 276.2 MB
projected projected_compact Qc5d5c pot=93.5: device action arenas=104518992 bytes
gpu: 143389 nodes, 11 levels, staging+arenas 263.3 MB
projected projected_compact Jc9d9c pot=93.5: device action arenas=99974688 bytes
gpu: 143389 nodes, 11 levels, staging+arenas 463.2 MB
projected projected_compact Tc3h3d pot=93.5: device action arenas=178192560 bytes
gpu: 143389 nodes, 11 levels, staging+arenas 356.3 MB
projected projected_compact AhAdAc pot=93.5: device action arenas=135211440 bytes
gpu: 143389 nodes, 11 levels, staging+arenas 117.4 MB
projected projected_compact AcTc8c pot=93.5: device action arenas=44455600 bytes
gpu: 143389 nodes, 11 levels, staging+arenas 126.4 MB
projected projected_compact QcJc3c pot=93.5: device action arenas=47885032 bytes
gpu: 143389 nodes, 11 levels, staging+arenas 267.5 MB
projected projected_compact Kc8c2d pot=93.5: device action arenas=101311248 bytes
gpu: 143389 nodes, 11 levels, staging+arenas 280.8 MB
projected projected_compact 9c6c4d pot=93.5: device action arenas=106924800 bytes
gpu: 143389 nodes, 11 levels, staging+arenas 445.3 MB
projected projected_compact Qc9d5h pot=93.5: device action arenas=170581320 bytes
gpu: 143389 nodes, 11 levels, staging+arenas 423.3 MB
projected projected_compact Ac9d5h pot=93.5: device action arenas=162074640 bytes
1 gap=75.49535238330355 elapsed=16.8
20 gap=5.622345280627876 elapsed=32.2
100 gap=0.6398101408046899 elapsed=62.5
500 gap=0.04370828892533529 elapsed=169.9
2000 gap=0.004177368855649899 elapsed=543.0
