preflop gpu: coupled multiway, 1024 particles, 198564 reach CDFs, 32-particle batches, 2079 MB CDF scratch
preflop gpu: compact CDF slots 95564 of 198564, 6.4 MB immutable map
preflop gpu: deployed_prepass reference, 32-particle grouping and HU-cache=true with accurately budgeted storage
preflop gpu: 410270 nodes, 23 levels, 211189 terminals (21534 calibrated), 0 forced + 0 frozen nodes, ~3418 MB VRAM
iteration 1525 elapsed 26.23
iteration 1550 elapsed 52.47
iteration 1575 elapsed 78.83
iteration 1600 elapsed 104.82
iteration 1625 elapsed 131.58
iteration 1650 elapsed 158.42
iteration 1675 elapsed 184.79
iteration 1700 elapsed 210.81
iteration 1725 elapsed 236.84
iteration 1750 elapsed 262.56
iteration 1775 elapsed 288.25
iteration 1800 elapsed 314.08
iteration 1825 elapsed 340.23
iteration 1850 elapsed 366.34
iteration 1875 elapsed 392.19
iteration 1900 elapsed 418.18
iteration 1925 elapsed 444.09
iteration 1950 elapsed 471.06
iteration 1975 elapsed 497.44
iteration 2000 elapsed 523.86
completed 2000
