   Compiling solver v0.1.0 (T:\Dev\GTOpen\target\autoresearch\preflop-convergence-20260911\crates\solver)
warning: unused import: `super::super::*`
 --> crates\solver\src\preflop\gpu\narrow_offsets\tests.rs:2:5
  |
2 | use super::super::*;
  |     ^^^^^^^^^^^^^^^
  |
  = note: `#[warn(unused_imports)]` (part of `#[warn(unused)]`) on by default

warning: function `requested` is never used
 --> crates\solver\src\preflop\gpu\fused_cdf.rs:3:15
  |
3 | pub(super) fn requested()->bool {
  |               ^^^^^^^^^
  |
  = note: `#[warn(dead_code)]` (part of `#[warn(unused)]`) on by default

warning: `solver` (lib test) generated 2 warnings (run `cargo fix --lib -p solver --tests` to apply 1 suggestion)
    Finished `release` profile [optimized] target(s) in 2m 08s
     Running unittests src\lib.rs (target\release\deps\solver-93fc82d31ffca743.exe)

running 0 tests

test result: ok. 0 passed; 0 failed; 0 ignored; 0 measured; 168 filtered out; finished in 0.00s

