   Compiling solver v0.1.0 (T:\Dev\GTOpen\target\autoresearch\preflop-convergence-20260911\crates\solver)
warning: unused import: `super::super::*`
 --> crates\solver\src\preflop\gpu\narrow_offsets\tests.rs:2:5
  |
2 | use super::super::*;
  |     ^^^^^^^^^^^^^^^
  |
  = note: `#[warn(unused_imports)]` (part of `#[warn(unused)]`) on by default

warning: `solver` (lib test) generated 1 warning (run `cargo fix --lib -p solver --tests` to apply 1 suggestion)
    Finished `release` profile [optimized] target(s) in 2m 06s
     Running unittests src\lib.rs (target\release\deps\solver-93fc82d31ffca743.exe)

running 1 test
test preflop::gpu::cohort_reuse::tests::retained_phase_tracing_preserves_solver_bits ... preflop gpu: coupled multiway, 1024 particles, 56 reach CDFs, 32-particle batches, 1 MB CDF scratch
preflop gpu: compact CDF slots 36 of 56, 0.0 MB immutable map
preflop gpu: deployed_prepass reference, 32-particle grouping and HU-cache=true with accurately budgeted storage
preflop gpu: 136 nodes, 8 levels, 72 terminals (0 calibrated), 0 forced + 0 frozen nodes, ~272 MB VRAM
COHORT_PLAN {"base_bytes":3407824,"capacity":56,"extra_bytes":149104,"group_masks":[1,14],"groups":[[0],[1,2,3]],"original_cdf_bytes":783360,"peak_bytes":272441104,"static_rows":86,"total_bytes":4005648}
preflop gpu: coupled multiway, 1024 particles, 56 reach CDFs, 32-particle batches, 1 MB CDF scratch
preflop gpu: compact CDF slots 36 of 56, 0.0 MB immutable map
preflop gpu: deployed_prepass reference, 32-particle grouping and HU-cache=true with accurately budgeted storage
preflop gpu: 136 nodes, 8 levels, 72 terminals (0 calibrated), 0 forced + 0 frozen nodes, ~272 MB VRAM
COHORT_PLAN {"base_bytes":3407824,"capacity":56,"extra_bytes":149104,"group_masks":[1,14],"groups":[[0],[1,2,3]],"original_cdf_bytes":783360,"peak_bytes":272441104,"static_rows":86,"total_bytes":4005648}
preflop gpu: coupled multiway, 1024 particles, 56 reach CDFs, 32-particle batches, 1 MB CDF scratch
preflop gpu: compact CDF slots 36 of 56, 0.0 MB immutable map
preflop gpu: deployed_prepass reference, 32-particle grouping and HU-cache=true with accurately budgeted storage
preflop gpu: 136 nodes, 8 levels, 72 terminals (0 calibrated), 0 forced + 0 frozen nodes, ~272 MB VRAM
COHORT_PLAN {"base_bytes":3407824,"capacity":56,"extra_bytes":149104,"group_masks":[1,14],"groups":[[0],[1,2,3]],"original_cdf_bytes":783360,"peak_bytes":272441104,"static_rows":86,"total_bytes":4005648}
preflop gpu: coupled multiway, 1024 particles, 56 reach CDFs, 32-particle batches, 1 MB CDF scratch
preflop gpu: compact CDF slots 36 of 56, 0.0 MB immutable map
preflop gpu: deployed_prepass reference, 32-particle grouping and HU-cache=true with accurately budgeted storage
preflop gpu: 136 nodes, 8 levels, 72 terminals (0 calibrated), 0 forced + 0 frozen nodes, ~272 MB VRAM
COHORT_PLAN {"base_bytes":3407824,"capacity":56,"extra_bytes":149104,"group_masks":[1,14],"groups":[[0],[1,2,3]],"original_cdf_bytes":783360,"peak_bytes":272441104,"static_rows":86,"total_bytes":4005648}
preflop gpu: coupled multiway, 1024 particles, 56 reach CDFs, 32-particle batches, 1 MB CDF scratch
preflop gpu: compact CDF slots 36 of 56, 0.0 MB immutable map
preflop gpu: deployed_prepass reference, 32-particle grouping and HU-cache=true with accurately budgeted storage
preflop gpu: 136 nodes, 8 levels, 72 terminals (0 calibrated), 1 forced + 17 frozen nodes, ~272 MB VRAM
COHORT_PLAN {"base_bytes":3409848,"capacity":56,"extra_bytes":149104,"group_masks":[1,14],"groups":[[0],[1,2,3]],"original_cdf_bytes":783360,"peak_bytes":272443128,"static_rows":86,"total_bytes":4007672}
preflop gpu: coupled multiway, 1024 particles, 56 reach CDFs, 32-particle batches, 1 MB CDF scratch
preflop gpu: compact CDF slots 36 of 56, 0.0 MB immutable map
preflop gpu: deployed_prepass reference, 32-particle grouping and HU-cache=true with accurately budgeted storage
preflop gpu: 136 nodes, 8 levels, 72 terminals (0 calibrated), 1 forced + 17 frozen nodes, ~272 MB VRAM
COHORT_PLAN {"base_bytes":3409848,"capacity":56,"extra_bytes":149104,"group_masks":[1,14],"groups":[[0],[1,2,3]],"original_cdf_bytes":783360,"peak_bytes":272443128,"static_rows":86,"total_bytes":4007672}
preflop gpu: coupled multiway, 1024 particles, 56 reach CDFs, 32-particle batches, 1 MB CDF scratch
preflop gpu: compact CDF slots 36 of 56, 0.0 MB immutable map
preflop gpu: deployed_prepass reference, 32-particle grouping and HU-cache=true with accurately budgeted storage
preflop gpu: 136 nodes, 8 levels, 72 terminals (0 calibrated), 1 forced + 17 frozen nodes, ~272 MB VRAM
COHORT_PLAN {"base_bytes":3409848,"capacity":56,"extra_bytes":149104,"group_masks":[1,14],"groups":[[0],[1,2,3]],"original_cdf_bytes":783360,"peak_bytes":272443128,"static_rows":86,"total_bytes":4007672}
preflop gpu: coupled multiway, 1024 particles, 56 reach CDFs, 32-particle batches, 1 MB CDF scratch
preflop gpu: compact CDF slots 36 of 56, 0.0 MB immutable map
preflop gpu: deployed_prepass reference, 32-particle grouping and HU-cache=true with accurately budgeted storage
preflop gpu: 136 nodes, 8 levels, 72 terminals (0 calibrated), 1 forced + 17 frozen nodes, ~272 MB VRAM
COHORT_PLAN {"base_bytes":3409848,"capacity":56,"extra_bytes":149104,"group_masks":[1,14],"groups":[[0],[1,2,3]],"original_cdf_bytes":783360,"peak_bytes":272443128,"static_rows":86,"total_bytes":4007672}
preflop gpu: coupled multiway, 1024 particles, 119 reach CDFs, 32-particle batches, 2 MB CDF scratch
preflop gpu: compact CDF slots 62 of 119, 0.0 MB immutable map
preflop gpu: deployed_prepass reference, 32-particle grouping and HU-cache=true with accurately budgeted storage
preflop gpu: 190 nodes, 8 levels, 64 terminals (0 calibrated), 0 forced + 0 frozen nodes, ~274 MB VRAM
COHORT_PLAN {"base_bytes":4134628,"capacity":108,"extra_bytes":220772,"group_masks":[1,14,112],"groups":[[0],[1,2,3],[4,5,6]],"original_cdf_bytes":1349120,"peak_bytes":273822912,"static_rows":278,"total_bytes":5387456}
preflop gpu: coupled multiway, 1024 particles, 119 reach CDFs, 32-particle batches, 2 MB CDF scratch
preflop gpu: compact CDF slots 62 of 119, 0.0 MB immutable map
preflop gpu: deployed_prepass reference, 32-particle grouping and HU-cache=true with accurately budgeted storage
preflop gpu: 190 nodes, 8 levels, 64 terminals (0 calibrated), 0 forced + 0 frozen nodes, ~274 MB VRAM
COHORT_PLAN {"base_bytes":4134628,"capacity":108,"extra_bytes":220772,"group_masks":[1,14,112],"groups":[[0],[1,2,3],[4,5,6]],"original_cdf_bytes":1349120,"peak_bytes":273822912,"static_rows":278,"total_bytes":5387456}
preflop gpu: coupled multiway, 1024 particles, 119 reach CDFs, 32-particle batches, 2 MB CDF scratch
preflop gpu: compact CDF slots 62 of 119, 0.0 MB immutable map
preflop gpu: deployed_prepass reference, 32-particle grouping and HU-cache=true with accurately budgeted storage
preflop gpu: 190 nodes, 8 levels, 64 terminals (0 calibrated), 0 forced + 0 frozen nodes, ~274 MB VRAM
COHORT_PLAN {"base_bytes":4134628,"capacity":108,"extra_bytes":220772,"group_masks":[1,14,112],"groups":[[0],[1,2,3],[4,5,6]],"original_cdf_bytes":1349120,"peak_bytes":273822912,"static_rows":278,"total_bytes":5387456}
preflop gpu: coupled multiway, 1024 particles, 119 reach CDFs, 32-particle batches, 2 MB CDF scratch
preflop gpu: compact CDF slots 62 of 119, 0.0 MB immutable map
preflop gpu: deployed_prepass reference, 32-particle grouping and HU-cache=true with accurately budgeted storage
preflop gpu: 190 nodes, 8 levels, 64 terminals (0 calibrated), 0 forced + 0 frozen nodes, ~274 MB VRAM
COHORT_PLAN {"base_bytes":4134628,"capacity":108,"extra_bytes":220772,"group_masks":[1,14,112],"groups":[[0],[1,2,3],[4,5,6]],"original_cdf_bytes":1349120,"peak_bytes":273822912,"static_rows":278,"total_bytes":5387456}
preflop gpu: coupled multiway, 1024 particles, 119 reach CDFs, 32-particle batches, 2 MB CDF scratch
preflop gpu: compact CDF slots 62 of 119, 0.0 MB immutable map
preflop gpu: deployed_prepass reference, 32-particle grouping and HU-cache=true with accurately budgeted storage
preflop gpu: 190 nodes, 8 levels, 64 terminals (0 calibrated), 1 forced + 32 frozen nodes, ~274 MB VRAM
COHORT_PLAN {"base_bytes":4135976,"capacity":108,"extra_bytes":220772,"group_masks":[1,14,112],"groups":[[0],[1,2,3],[4,5,6]],"original_cdf_bytes":1349120,"peak_bytes":273824260,"static_rows":278,"total_bytes":5388804}
preflop gpu: coupled multiway, 1024 particles, 119 reach CDFs, 32-particle batches, 2 MB CDF scratch
preflop gpu: compact CDF slots 62 of 119, 0.0 MB immutable map
preflop gpu: deployed_prepass reference, 32-particle grouping and HU-cache=true with accurately budgeted storage
preflop gpu: 190 nodes, 8 levels, 64 terminals (0 calibrated), 1 forced + 32 frozen nodes, ~274 MB VRAM
COHORT_PLAN {"base_bytes":4135976,"capacity":108,"extra_bytes":220772,"group_masks":[1,14,112],"groups":[[0],[1,2,3],[4,5,6]],"original_cdf_bytes":1349120,"peak_bytes":273824260,"static_rows":278,"total_bytes":5388804}
preflop gpu: coupled multiway, 1024 particles, 119 reach CDFs, 32-particle batches, 2 MB CDF scratch
preflop gpu: compact CDF slots 62 of 119, 0.0 MB immutable map
preflop gpu: deployed_prepass reference, 32-particle grouping and HU-cache=true with accurately budgeted storage
preflop gpu: 190 nodes, 8 levels, 64 terminals (0 calibrated), 1 forced + 32 frozen nodes, ~274 MB VRAM
COHORT_PLAN {"base_bytes":4135976,"capacity":108,"extra_bytes":220772,"group_masks":[1,14,112],"groups":[[0],[1,2,3],[4,5,6]],"original_cdf_bytes":1349120,"peak_bytes":273824260,"static_rows":278,"total_bytes":5388804}
preflop gpu: coupled multiway, 1024 particles, 119 reach CDFs, 32-particle batches, 2 MB CDF scratch
preflop gpu: compact CDF slots 62 of 119, 0.0 MB immutable map
preflop gpu: deployed_prepass reference, 32-particle grouping and HU-cache=true with accurately budgeted storage
preflop gpu: 190 nodes, 8 levels, 64 terminals (0 calibrated), 1 forced + 32 frozen nodes, ~274 MB VRAM
COHORT_PLAN {"base_bytes":4135976,"capacity":108,"extra_bytes":220772,"group_masks":[1,14,112],"groups":[[0],[1,2,3],[4,5,6]],"original_cdf_bytes":1349120,"peak_bytes":273824260,"static_rows":278,"total_bytes":5388804}
preflop gpu: coupled multiway, 1024 particles, 501 reach CDFs, 32-particle batches, 10 MB CDF scratch
preflop gpu: compact CDF slots 254 of 501, 0.0 MB immutable map
preflop gpu: deployed_prepass reference, 32-particle grouping and HU-cache=true with accurately budgeted storage
preflop gpu: 766 nodes, 10 levels, 256 terminals (0 calibrated), 0 forced + 0 frozen nodes, ~284 MB VRAM
COHORT_PLAN {"base_bytes":10080540,"capacity":444,"extra_bytes":884468,"group_masks":[11,100,400],"groups":[[0,1,3],[2,5,6],[4,7,8]],"original_cdf_bytes":5527040,"peak_bytes":283663304,"static_rows":1332,"total_bytes":15227848}
preflop gpu: coupled multiway, 1024 particles, 501 reach CDFs, 32-particle batches, 10 MB CDF scratch
preflop gpu: compact CDF slots 254 of 501, 0.0 MB immutable map
preflop gpu: deployed_prepass reference, 32-particle grouping and HU-cache=true with accurately budgeted storage
preflop gpu: 766 nodes, 10 levels, 256 terminals (0 calibrated), 0 forced + 0 frozen nodes, ~284 MB VRAM
COHORT_PLAN {"base_bytes":10080540,"capacity":444,"extra_bytes":884468,"group_masks":[11,100,400],"groups":[[0,1,3],[2,5,6],[4,7,8]],"original_cdf_bytes":5527040,"peak_bytes":283663304,"static_rows":1332,"total_bytes":15227848}
preflop gpu: coupled multiway, 1024 particles, 501 reach CDFs, 32-particle batches, 10 MB CDF scratch
preflop gpu: compact CDF slots 254 of 501, 0.0 MB immutable map
preflop gpu: deployed_prepass reference, 32-particle grouping and HU-cache=true with accurately budgeted storage
preflop gpu: 766 nodes, 10 levels, 256 terminals (0 calibrated), 0 forced + 0 frozen nodes, ~284 MB VRAM
COHORT_PLAN {"base_bytes":10080540,"capacity":444,"extra_bytes":884468,"group_masks":[11,100,400],"groups":[[0,1,3],[2,5,6],[4,7,8]],"original_cdf_bytes":5527040,"peak_bytes":283663304,"static_rows":1332,"total_bytes":15227848}
preflop gpu: coupled multiway, 1024 particles, 501 reach CDFs, 32-particle batches, 10 MB CDF scratch
preflop gpu: compact CDF slots 254 of 501, 0.0 MB immutable map
preflop gpu: deployed_prepass reference, 32-particle grouping and HU-cache=true with accurately budgeted storage
preflop gpu: 766 nodes, 10 levels, 256 terminals (0 calibrated), 0 forced + 0 frozen nodes, ~284 MB VRAM
COHORT_PLAN {"base_bytes":10080540,"capacity":444,"extra_bytes":884468,"group_masks":[11,100,400],"groups":[[0,1,3],[2,5,6],[4,7,8]],"original_cdf_bytes":5527040,"peak_bytes":283663304,"static_rows":1332,"total_bytes":15227848}
preflop gpu: coupled multiway, 1024 particles, 501 reach CDFs, 32-particle batches, 10 MB CDF scratch
preflop gpu: compact CDF slots 254 of 501, 0.0 MB immutable map
preflop gpu: deployed_prepass reference, 32-particle grouping and HU-cache=true with accurately budgeted storage
preflop gpu: 766 nodes, 10 levels, 256 terminals (0 calibrated), 1 forced + 128 frozen nodes, ~284 MB VRAM
COHORT_PLAN {"base_bytes":10081888,"capacity":444,"extra_bytes":884468,"group_masks":[11,100,400],"groups":[[0,1,3],[2,5,6],[4,7,8]],"original_cdf_bytes":5527040,"peak_bytes":283664652,"static_rows":1332,"total_bytes":15229196}
preflop gpu: coupled multiway, 1024 particles, 501 reach CDFs, 32-particle batches, 10 MB CDF scratch
preflop gpu: compact CDF slots 254 of 501, 0.0 MB immutable map
preflop gpu: deployed_prepass reference, 32-particle grouping and HU-cache=true with accurately budgeted storage
preflop gpu: 766 nodes, 10 levels, 256 terminals (0 calibrated), 1 forced + 128 frozen nodes, ~284 MB VRAM
COHORT_PLAN {"base_bytes":10081888,"capacity":444,"extra_bytes":884468,"group_masks":[11,100,400],"groups":[[0,1,3],[2,5,6],[4,7,8]],"original_cdf_bytes":5527040,"peak_bytes":283664652,"static_rows":1332,"total_bytes":15229196}
preflop gpu: coupled multiway, 1024 particles, 501 reach CDFs, 32-particle batches, 10 MB CDF scratch
preflop gpu: compact CDF slots 254 of 501, 0.0 MB immutable map
preflop gpu: deployed_prepass reference, 32-particle grouping and HU-cache=true with accurately budgeted storage
preflop gpu: 766 nodes, 10 levels, 256 terminals (0 calibrated), 1 forced + 128 frozen nodes, ~284 MB VRAM
COHORT_PLAN {"base_bytes":10081888,"capacity":444,"extra_bytes":884468,"group_masks":[11,100,400],"groups":[[0,1,3],[2,5,6],[4,7,8]],"original_cdf_bytes":5527040,"peak_bytes":283664652,"static_rows":1332,"total_bytes":15229196}
preflop gpu: coupled multiway, 1024 particles, 501 reach CDFs, 32-particle batches, 10 MB CDF scratch
preflop gpu: compact CDF slots 254 of 501, 0.0 MB immutable map
preflop gpu: deployed_prepass reference, 32-particle grouping and HU-cache=true with accurately budgeted storage
preflop gpu: 766 nodes, 10 levels, 256 terminals (0 calibrated), 1 forced + 128 frozen nodes, ~284 MB VRAM
COHORT_PLAN {"base_bytes":10081888,"capacity":444,"extra_bytes":884468,"group_masks":[11,100,400],"groups":[[0,1,3],[2,5,6],[4,7,8]],"original_cdf_bytes":5527040,"peak_bytes":283664652,"static_rows":1332,"total_bytes":15229196}
ok

test result: ok. 1 passed; 0 failed; 0 ignored; 0 measured; 169 filtered out; finished in 6.36s

