   Compiling solver v0.1.0 (T:\Dev\GTOpen\target\autoresearch\preflop-convergence-20260911\crates\solver)
warning: unused import: `super::*`
 --> crates\solver\src\preflop\gpu\narrow_offsets.rs:2:5
  |
2 | use super::*;
  |     ^^^^^^^^
  |
  = note: `#[warn(unused_imports)]` (part of `#[warn(unused)]`) on by default

warning: `solver` (lib) generated 1 warning (run `cargo fix --lib -p solver` to apply 1 suggestion)
    Finished `release` profile [optimized] target(s) in 1m 00s
     Running tests\preflop_throughput.rs (target\release\deps\preflop_throughput-81a5d4710d6c37ce.exe)

running 1 test
test production_selection_matches_reference_and_falls_back_with_small_budget ... preflop gpu: 10 nodes, 4 levels, 6 terminals (0 calibrated), 0 forced + 0 frozen nodes, ~64 MB VRAM
preflop gpu: 10 nodes, 4 levels, 6 terminals (0 calibrated), 0 forced + 0 frozen nodes, ~64 MB VRAM
preflop gpu: 10 nodes, 4 levels, 6 terminals (0 calibrated), 0 forced + 0 frozen nodes, ~64 MB VRAM
preflop gpu: 10 nodes, 4 levels, 6 terminals (0 calibrated), 0 forced + 0 frozen nodes, ~64 MB VRAM
preflop gpu: coupled multiway, 1024 particles, 56 reach CDFs, 32-particle batches, 1 MB CDF scratch
preflop gpu: compact CDF slots 36 of 56, 0.0 MB immutable map
preflop gpu: deployed_prepass reference, 32-particle grouping and HU-cache=true with accurately budgeted storage
preflop gpu: 136 nodes, 8 levels, 72 terminals (0 calibrated), 0 forced + 0 frozen nodes, ~67 MB VRAM
preflop gpu: coupled multiway, 1024 particles, 56 reach CDFs, 32-particle batches, 1 MB CDF scratch
preflop gpu: compact CDF slots 36 of 56, 0.0 MB immutable map
preflop gpu: deployed_prepass reference, 32-particle grouping and HU-cache=true with accurately budgeted storage
preflop gpu: 136 nodes, 8 levels, 72 terminals (0 calibrated), 0 forced + 0 frozen nodes, ~67 MB VRAM
preflop gpu: coupled multiway, 1024 particles, 56 reach CDFs, 32-particle batches, 1 MB CDF scratch
preflop gpu: compact CDF slots 36 of 56, 0.0 MB immutable map
preflop gpu: deployed_prepass reference, 32-particle grouping and HU-cache=true with accurately budgeted storage
preflop gpu: 136 nodes, 8 levels, 72 terminals (0 calibrated), 0 forced + 0 frozen nodes, ~67 MB VRAM
preflop gpu: coupled multiway, 1024 particles, 56 reach CDFs, 32-particle batches, 1 MB CDF scratch
preflop gpu: compact CDF slots 36 of 56, 0.0 MB immutable map
preflop gpu: deployed_prepass reference, 32-particle grouping and HU-cache=true with accurately budgeted storage
preflop gpu: 136 nodes, 8 levels, 72 terminals (0 calibrated), 0 forced + 0 frozen nodes, ~272 MB VRAM
COHORT_PLAN {"base_bytes":3407824,"capacity":56,"extra_bytes":149104,"group_masks":[1,14],"groups":[[0],[1,2,3]],"original_cdf_bytes":783360,"peak_bytes":272441104,"static_rows":86,"total_bytes":4005648}
ok

test result: ok. 1 passed; 0 failed; 0 ignored; 0 measured; 0 filtered out; finished in 1.63s

