warning: unused import: `super::*`
 --> crates\solver\src\preflop\gpu\narrow_offsets.rs:2:5
  |
2 | use super::*;
  |     ^^^^^^^^
  |
  = note: `#[warn(unused_imports)]` (part of `#[warn(unused)]`) on by default

warning: unused import: `SAMPLES`
 --> crates\solver\src\preflop\gpu\static_cdf.rs:3:42
  |
3 | use super::super::multiway::{CoupledDeck,SAMPLES};
  |                                          ^^^^^^^

warning: field `original_bytes` is never read
   --> crates\solver\src\preflop\gpu\static_cdf.rs:149:74
    |
147 | pub(super) struct Packed {
    |                   ------ field in this struct
148 |     pub prefix:CudaSlice<u32>,pub hand:CudaSlice<u32>,pub offsets:CudaSlice<u32>,
149 |     pub writer:CudaFunction,pub terminal:CudaFunction,pub stride:u32,pub original_bytes:usize,
    |                                                                          ^^^^^^^^^^^^^^
    |
    = note: `#[warn(dead_code)]` (part of `#[warn(unused)]`) on by default

warning: methods `bytes` and `report` are never used
   --> crates\solver\src\preflop\gpu\static_cdf.rs:152:12
    |
151 | impl Packed {
    | ----------- methods in this implementation
152 |     pub fn bytes(&self)->usize{(self.prefix.len()+self.hand.len()+self.offsets.len())*4}
    |            ^^^^^
153 |     pub fn report(&self)->serde_json::Value{json!({"row_stride":self.stride,"static_bytes":self.bytes(),"original_cdf_bytes":self.o...
    |            ^^^^^^

warning: `solver` (lib) generated 4 warnings (run `cargo fix --lib -p solver` to apply 2 suggestions)
   Compiling server v0.1.0 (T:\Dev\GTOpen\target\autoresearch\preflop-convergence-20260911\crates\server)
    Finished `release` profile [optimized] target(s) in 1m 26s
