warning: unused import: `super::super::*`
 --> crates\solver\src\preflop\gpu\narrow_offsets\tests.rs:2:5
  |
2 | use super::super::*;
  |     ^^^^^^^^^^^^^^^
  |
  = note: `#[warn(unused_imports)]` (part of `#[warn(unused)]`) on by default

warning: `solver` (lib test) generated 1 warning (run `cargo fix --lib -p solver --tests` to apply 1 suggestion)
    Finished `release` profile [optimized] target(s) in 0.13s
     Running unittests src\lib.rs (target\release\deps\solver-93fc82d31ffca743.exe)

running 5 tests
test preflop::gpu::static_cdf::ordinary::tests::allocation_failures_drop_private_engine ... preflop gpu: coupled multiway, 1024 particles, 56 reach CDFs, 32-particle batches, 1 MB CDF scratch
preflop gpu: compact CDF slots 36 of 56, 0.0 MB immutable map
preflop gpu: deployed_prepass reference, 32-particle grouping and HU-cache=true with accurately budgeted storage
preflop gpu: 136 nodes, 8 levels, 72 terminals (0 calibrated), 0 forced + 0 frozen nodes, ~67 MB VRAM
preflop gpu: coupled multiway, 1024 particles, 56 reach CDFs, 32-particle batches, 1 MB CDF scratch
preflop gpu: compact CDF slots 36 of 56, 0.0 MB immutable map
preflop gpu: deployed_prepass reference, 32-particle grouping and HU-cache=true with accurately budgeted storage
preflop gpu: 136 nodes, 8 levels, 72 terminals (0 calibrated), 0 forced + 0 frozen nodes, ~67 MB VRAM
preflop gpu: coupled multiway, 1024 particles, 56 reach CDFs, 32-particle batches, 1 MB CDF scratch
preflop gpu: compact CDF slots 36 of 56, 0.0 MB immutable map
preflop gpu: deployed_prepass reference, 32-particle grouping and HU-cache=true with accurately budgeted storage
preflop gpu: 136 nodes, 8 levels, 72 terminals (0 calibrated), 0 forced + 0 frozen nodes, ~67 MB VRAM
preflop gpu: coupled multiway, 1024 particles, 56 reach CDFs, 32-particle batches, 1 MB CDF scratch
preflop gpu: compact CDF slots 36 of 56, 0.0 MB immutable map
preflop gpu: deployed_prepass reference, 32-particle grouping and HU-cache=true with accurately budgeted storage
preflop gpu: 136 nodes, 8 levels, 72 terminals (0 calibrated), 0 forced + 0 frozen nodes, ~67 MB VRAM
preflop gpu: coupled multiway, 1024 particles, 56 reach CDFs, 32-particle batches, 1 MB CDF scratch
preflop gpu: compact CDF slots 36 of 56, 0.0 MB immutable map
preflop gpu: deployed_prepass reference, 32-particle grouping and HU-cache=true with accurately budgeted storage
preflop gpu: 136 nodes, 8 levels, 72 terminals (0 calibrated), 0 forced + 0 frozen nodes, ~67 MB VRAM
preflop gpu: coupled multiway, 1024 particles, 56 reach CDFs, 32-particle batches, 1 MB CDF scratch
preflop gpu: compact CDF slots 36 of 56, 0.0 MB immutable map
preflop gpu: deployed_prepass reference, 32-particle grouping and HU-cache=true with accurately budgeted storage
preflop gpu: 136 nodes, 8 levels, 72 terminals (0 calibrated), 0 forced + 0 frozen nodes, ~67 MB VRAM
ok
test preflop::gpu::static_cdf::ordinary::tests::complete_states_graphs_policies_and_batches ... preflop gpu: coupled multiway, 1024 particles, 12 reach CDFs, 32-particle batches, 0 MB CDF scratch
preflop gpu: compact CDF slots 8 of 12, 0.0 MB immutable map
preflop gpu: deployed_prepass reference, 32-particle grouping and HU-cache=true with accurately budgeted storage
preflop gpu: 40 nodes, 6 levels, 22 terminals (0 calibrated), 0 forced + 0 frozen nodes, ~66 MB VRAM
preflop gpu: coupled multiway, 1024 particles, 12 reach CDFs, 32-particle batches, 0 MB CDF scratch
preflop gpu: compact CDF slots 8 of 12, 0.0 MB immutable map
preflop gpu: deployed_prepass reference, 32-particle grouping and HU-cache=true with accurately budgeted storage
preflop gpu: 40 nodes, 6 levels, 22 terminals (0 calibrated), 0 forced + 0 frozen nodes, ~66 MB VRAM
preflop gpu: coupled multiway, 1024 particles, 12 reach CDFs, 32-particle batches, 0 MB CDF scratch
preflop gpu: compact CDF slots 8 of 12, 0.0 MB immutable map
preflop gpu: deployed_prepass reference, 32-particle grouping and HU-cache=true with accurately budgeted storage
preflop gpu: 40 nodes, 6 levels, 22 terminals (0 calibrated), 0 forced + 0 frozen nodes, ~66 MB VRAM
preflop gpu: coupled multiway, 1024 particles, 12 reach CDFs, 32-particle batches, 0 MB CDF scratch
preflop gpu: compact CDF slots 8 of 12, 0.0 MB immutable map
preflop gpu: deployed_prepass reference, 32-particle grouping and HU-cache=true with accurately budgeted storage
preflop gpu: 40 nodes, 6 levels, 22 terminals (0 calibrated), 0 forced + 0 frozen nodes, ~66 MB VRAM
preflop gpu: coupled multiway, 1024 particles, 12 reach CDFs, 32-particle batches, 0 MB CDF scratch
preflop gpu: compact CDF slots 8 of 12, 0.0 MB immutable map
preflop gpu: deployed_prepass reference, 32-particle grouping and HU-cache=true with accurately budgeted storage
preflop gpu: 40 nodes, 6 levels, 22 terminals (0 calibrated), 0 forced + 0 frozen nodes, ~66 MB VRAM
preflop gpu: coupled multiway, 1024 particles, 12 reach CDFs, 32-particle batches, 0 MB CDF scratch
preflop gpu: compact CDF slots 8 of 12, 0.0 MB immutable map
preflop gpu: deployed_prepass reference, 32-particle grouping and HU-cache=true with accurately budgeted storage
preflop gpu: 40 nodes, 6 levels, 22 terminals (0 calibrated), 0 forced + 0 frozen nodes, ~66 MB VRAM
preflop gpu: coupled multiway, 1024 particles, 12 reach CDFs, 32-particle batches, 0 MB CDF scratch
preflop gpu: compact CDF slots 8 of 12, 0.0 MB immutable map
preflop gpu: deployed_prepass reference, 32-particle grouping and HU-cache=true with accurately budgeted storage
preflop gpu: 40 nodes, 6 levels, 22 terminals (0 calibrated), 0 forced + 0 frozen nodes, ~66 MB VRAM
preflop gpu: coupled multiway, 1024 particles, 12 reach CDFs, 32-particle batches, 0 MB CDF scratch
preflop gpu: compact CDF slots 8 of 12, 0.0 MB immutable map
preflop gpu: deployed_prepass reference, 32-particle grouping and HU-cache=true with accurately budgeted storage
preflop gpu: 40 nodes, 6 levels, 22 terminals (0 calibrated), 0 forced + 0 frozen nodes, ~66 MB VRAM
preflop gpu: coupled multiway, 1024 particles, 12 reach CDFs, 32-particle batches, 0 MB CDF scratch
preflop gpu: compact CDF slots 8 of 12, 0.0 MB immutable map
preflop gpu: deployed_prepass reference, 32-particle grouping and HU-cache=true with accurately budgeted storage
preflop gpu: 40 nodes, 6 levels, 22 terminals (0 calibrated), 1 forced + 5 frozen nodes, ~66 MB VRAM
preflop gpu: coupled multiway, 1024 particles, 12 reach CDFs, 32-particle batches, 0 MB CDF scratch
preflop gpu: compact CDF slots 8 of 12, 0.0 MB immutable map
preflop gpu: deployed_prepass reference, 32-particle grouping and HU-cache=true with accurately budgeted storage
preflop gpu: 40 nodes, 6 levels, 22 terminals (0 calibrated), 1 forced + 5 frozen nodes, ~66 MB VRAM
preflop gpu: coupled multiway, 1024 particles, 12 reach CDFs, 32-particle batches, 0 MB CDF scratch
preflop gpu: compact CDF slots 8 of 12, 0.0 MB immutable map
preflop gpu: deployed_prepass reference, 32-particle grouping and HU-cache=true with accurately budgeted storage
preflop gpu: 40 nodes, 6 levels, 22 terminals (0 calibrated), 1 forced + 5 frozen nodes, ~66 MB VRAM
preflop gpu: coupled multiway, 1024 particles, 12 reach CDFs, 32-particle batches, 0 MB CDF scratch
preflop gpu: compact CDF slots 8 of 12, 0.0 MB immutable map
preflop gpu: deployed_prepass reference, 32-particle grouping and HU-cache=true with accurately budgeted storage
preflop gpu: 40 nodes, 6 levels, 22 terminals (0 calibrated), 1 forced + 5 frozen nodes, ~66 MB VRAM
preflop gpu: coupled multiway, 1024 particles, 12 reach CDFs, 32-particle batches, 0 MB CDF scratch
preflop gpu: compact CDF slots 8 of 12, 0.0 MB immutable map
preflop gpu: deployed_prepass reference, 32-particle grouping and HU-cache=true with accurately budgeted storage
preflop gpu: 40 nodes, 6 levels, 22 terminals (0 calibrated), 1 forced + 5 frozen nodes, ~66 MB VRAM
preflop gpu: coupled multiway, 1024 particles, 12 reach CDFs, 32-particle batches, 0 MB CDF scratch
preflop gpu: compact CDF slots 8 of 12, 0.0 MB immutable map
preflop gpu: deployed_prepass reference, 32-particle grouping and HU-cache=true with accurately budgeted storage
preflop gpu: 40 nodes, 6 levels, 22 terminals (0 calibrated), 1 forced + 5 frozen nodes, ~66 MB VRAM
preflop gpu: coupled multiway, 1024 particles, 12 reach CDFs, 32-particle batches, 0 MB CDF scratch
preflop gpu: compact CDF slots 8 of 12, 0.0 MB immutable map
preflop gpu: deployed_prepass reference, 32-particle grouping and HU-cache=true with accurately budgeted storage
preflop gpu: 40 nodes, 6 levels, 22 terminals (0 calibrated), 1 forced + 5 frozen nodes, ~66 MB VRAM
preflop gpu: coupled multiway, 1024 particles, 12 reach CDFs, 32-particle batches, 0 MB CDF scratch
preflop gpu: compact CDF slots 8 of 12, 0.0 MB immutable map
preflop gpu: deployed_prepass reference, 32-particle grouping and HU-cache=true with accurately budgeted storage
preflop gpu: 40 nodes, 6 levels, 22 terminals (0 calibrated), 1 forced + 5 frozen nodes, ~66 MB VRAM
preflop gpu: coupled multiway, 1024 particles, 56 reach CDFs, 32-particle batches, 1 MB CDF scratch
preflop gpu: compact CDF slots 36 of 56, 0.0 MB immutable map
preflop gpu: deployed_prepass reference, 32-particle grouping and HU-cache=true with accurately budgeted storage
preflop gpu: 136 nodes, 8 levels, 72 terminals (0 calibrated), 0 forced + 0 frozen nodes, ~67 MB VRAM
preflop gpu: coupled multiway, 1024 particles, 56 reach CDFs, 32-particle batches, 1 MB CDF scratch
preflop gpu: compact CDF slots 36 of 56, 0.0 MB immutable map
preflop gpu: deployed_prepass reference, 32-particle grouping and HU-cache=true with accurately budgeted storage
preflop gpu: 136 nodes, 8 levels, 72 terminals (0 calibrated), 0 forced + 0 frozen nodes, ~67 MB VRAM
preflop gpu: coupled multiway, 1024 particles, 56 reach CDFs, 32-particle batches, 1 MB CDF scratch
preflop gpu: compact CDF slots 36 of 56, 0.0 MB immutable map
preflop gpu: deployed_prepass reference, 32-particle grouping and HU-cache=true with accurately budgeted storage
preflop gpu: 136 nodes, 8 levels, 72 terminals (0 calibrated), 0 forced + 0 frozen nodes, ~67 MB VRAM
preflop gpu: coupled multiway, 1024 particles, 56 reach CDFs, 32-particle batches, 1 MB CDF scratch
preflop gpu: compact CDF slots 36 of 56, 0.0 MB immutable map
preflop gpu: deployed_prepass reference, 32-particle grouping and HU-cache=true with accurately budgeted storage
preflop gpu: 136 nodes, 8 levels, 72 terminals (0 calibrated), 0 forced + 0 frozen nodes, ~67 MB VRAM
preflop gpu: coupled multiway, 1024 particles, 56 reach CDFs, 32-particle batches, 1 MB CDF scratch
preflop gpu: compact CDF slots 36 of 56, 0.0 MB immutable map
preflop gpu: deployed_prepass reference, 32-particle grouping and HU-cache=true with accurately budgeted storage
preflop gpu: 136 nodes, 8 levels, 72 terminals (0 calibrated), 0 forced + 0 frozen nodes, ~67 MB VRAM
preflop gpu: coupled multiway, 1024 particles, 56 reach CDFs, 32-particle batches, 1 MB CDF scratch
preflop gpu: compact CDF slots 36 of 56, 0.0 MB immutable map
preflop gpu: deployed_prepass reference, 32-particle grouping and HU-cache=true with accurately budgeted storage
preflop gpu: 136 nodes, 8 levels, 72 terminals (0 calibrated), 0 forced + 0 frozen nodes, ~67 MB VRAM
preflop gpu: coupled multiway, 1024 particles, 56 reach CDFs, 32-particle batches, 1 MB CDF scratch
preflop gpu: compact CDF slots 36 of 56, 0.0 MB immutable map
preflop gpu: deployed_prepass reference, 32-particle grouping and HU-cache=true with accurately budgeted storage
preflop gpu: 136 nodes, 8 levels, 72 terminals (0 calibrated), 0 forced + 0 frozen nodes, ~67 MB VRAM
preflop gpu: coupled multiway, 1024 particles, 56 reach CDFs, 32-particle batches, 1 MB CDF scratch
preflop gpu: compact CDF slots 36 of 56, 0.0 MB immutable map
preflop gpu: deployed_prepass reference, 32-particle grouping and HU-cache=true with accurately budgeted storage
preflop gpu: 136 nodes, 8 levels, 72 terminals (0 calibrated), 0 forced + 0 frozen nodes, ~67 MB VRAM
preflop gpu: coupled multiway, 1024 particles, 56 reach CDFs, 32-particle batches, 1 MB CDF scratch
preflop gpu: compact CDF slots 36 of 56, 0.0 MB immutable map
preflop gpu: deployed_prepass reference, 32-particle grouping and HU-cache=true with accurately budgeted storage
preflop gpu: 136 nodes, 8 levels, 72 terminals (0 calibrated), 1 forced + 17 frozen nodes, ~67 MB VRAM
preflop gpu: coupled multiway, 1024 particles, 56 reach CDFs, 32-particle batches, 1 MB CDF scratch
preflop gpu: compact CDF slots 36 of 56, 0.0 MB immutable map
preflop gpu: deployed_prepass reference, 32-particle grouping and HU-cache=true with accurately budgeted storage
preflop gpu: 136 nodes, 8 levels, 72 terminals (0 calibrated), 1 forced + 17 frozen nodes, ~67 MB VRAM
preflop gpu: coupled multiway, 1024 particles, 56 reach CDFs, 32-particle batches, 1 MB CDF scratch
preflop gpu: compact CDF slots 36 of 56, 0.0 MB immutable map
preflop gpu: deployed_prepass reference, 32-particle grouping and HU-cache=true with accurately budgeted storage
preflop gpu: 136 nodes, 8 levels, 72 terminals (0 calibrated), 1 forced + 17 frozen nodes, ~67 MB VRAM
preflop gpu: coupled multiway, 1024 particles, 56 reach CDFs, 32-particle batches, 1 MB CDF scratch
preflop gpu: compact CDF slots 36 of 56, 0.0 MB immutable map
preflop gpu: deployed_prepass reference, 32-particle grouping and HU-cache=true with accurately budgeted storage
preflop gpu: 136 nodes, 8 levels, 72 terminals (0 calibrated), 1 forced + 17 frozen nodes, ~67 MB VRAM
preflop gpu: coupled multiway, 1024 particles, 56 reach CDFs, 32-particle batches, 1 MB CDF scratch
preflop gpu: compact CDF slots 36 of 56, 0.0 MB immutable map
preflop gpu: deployed_prepass reference, 32-particle grouping and HU-cache=true with accurately budgeted storage
preflop gpu: 136 nodes, 8 levels, 72 terminals (0 calibrated), 1 forced + 17 frozen nodes, ~67 MB VRAM
preflop gpu: coupled multiway, 1024 particles, 56 reach CDFs, 32-particle batches, 1 MB CDF scratch
preflop gpu: compact CDF slots 36 of 56, 0.0 MB immutable map
preflop gpu: deployed_prepass reference, 32-particle grouping and HU-cache=true with accurately budgeted storage
preflop gpu: 136 nodes, 8 levels, 72 terminals (0 calibrated), 1 forced + 17 frozen nodes, ~67 MB VRAM
preflop gpu: coupled multiway, 1024 particles, 56 reach CDFs, 32-particle batches, 1 MB CDF scratch
preflop gpu: compact CDF slots 36 of 56, 0.0 MB immutable map
preflop gpu: deployed_prepass reference, 32-particle grouping and HU-cache=true with accurately budgeted storage
preflop gpu: 136 nodes, 8 levels, 72 terminals (0 calibrated), 1 forced + 17 frozen nodes, ~67 MB VRAM
preflop gpu: coupled multiway, 1024 particles, 56 reach CDFs, 32-particle batches, 1 MB CDF scratch
preflop gpu: compact CDF slots 36 of 56, 0.0 MB immutable map
preflop gpu: deployed_prepass reference, 32-particle grouping and HU-cache=true with accurately budgeted storage
preflop gpu: 136 nodes, 8 levels, 72 terminals (0 calibrated), 1 forced + 17 frozen nodes, ~67 MB VRAM
preflop gpu: coupled multiway, 1024 particles, 119 reach CDFs, 32-particle batches, 1 MB CDF scratch
preflop gpu: compact CDF slots 62 of 119, 0.0 MB immutable map
preflop gpu: deployed_prepass reference, 32-particle grouping and HU-cache=true with accurately budgeted storage
preflop gpu: 190 nodes, 8 levels, 64 terminals (0 calibrated), 0 forced + 0 frozen nodes, ~68 MB VRAM
preflop gpu: coupled multiway, 1024 particles, 119 reach CDFs, 32-particle batches, 1 MB CDF scratch
preflop gpu: compact CDF slots 62 of 119, 0.0 MB immutable map
preflop gpu: deployed_prepass reference, 32-particle grouping and HU-cache=true with accurately budgeted storage
preflop gpu: 190 nodes, 8 levels, 64 terminals (0 calibrated), 0 forced + 0 frozen nodes, ~68 MB VRAM
preflop gpu: coupled multiway, 1024 particles, 119 reach CDFs, 32-particle batches, 1 MB CDF scratch
preflop gpu: compact CDF slots 62 of 119, 0.0 MB immutable map
preflop gpu: deployed_prepass reference, 32-particle grouping and HU-cache=true with accurately budgeted storage
preflop gpu: 190 nodes, 8 levels, 64 terminals (0 calibrated), 0 forced + 0 frozen nodes, ~68 MB VRAM
preflop gpu: coupled multiway, 1024 particles, 119 reach CDFs, 32-particle batches, 1 MB CDF scratch
preflop gpu: compact CDF slots 62 of 119, 0.0 MB immutable map
preflop gpu: deployed_prepass reference, 32-particle grouping and HU-cache=true with accurately budgeted storage
preflop gpu: 190 nodes, 8 levels, 64 terminals (0 calibrated), 0 forced + 0 frozen nodes, ~68 MB VRAM
preflop gpu: coupled multiway, 1024 particles, 119 reach CDFs, 32-particle batches, 1 MB CDF scratch
preflop gpu: compact CDF slots 62 of 119, 0.0 MB immutable map
preflop gpu: deployed_prepass reference, 32-particle grouping and HU-cache=true with accurately budgeted storage
preflop gpu: 190 nodes, 8 levels, 64 terminals (0 calibrated), 0 forced + 0 frozen nodes, ~68 MB VRAM
preflop gpu: coupled multiway, 1024 particles, 119 reach CDFs, 32-particle batches, 1 MB CDF scratch
preflop gpu: compact CDF slots 62 of 119, 0.0 MB immutable map
preflop gpu: deployed_prepass reference, 32-particle grouping and HU-cache=true with accurately budgeted storage
preflop gpu: 190 nodes, 8 levels, 64 terminals (0 calibrated), 0 forced + 0 frozen nodes, ~68 MB VRAM
preflop gpu: coupled multiway, 1024 particles, 119 reach CDFs, 32-particle batches, 1 MB CDF scratch
preflop gpu: compact CDF slots 62 of 119, 0.0 MB immutable map
preflop gpu: deployed_prepass reference, 32-particle grouping and HU-cache=true with accurately budgeted storage
preflop gpu: 190 nodes, 8 levels, 64 terminals (0 calibrated), 0 forced + 0 frozen nodes, ~68 MB VRAM
preflop gpu: coupled multiway, 1024 particles, 119 reach CDFs, 32-particle batches, 1 MB CDF scratch
preflop gpu: compact CDF slots 62 of 119, 0.0 MB immutable map
preflop gpu: deployed_prepass reference, 32-particle grouping and HU-cache=true with accurately budgeted storage
preflop gpu: 190 nodes, 8 levels, 64 terminals (0 calibrated), 0 forced + 0 frozen nodes, ~68 MB VRAM
preflop gpu: coupled multiway, 1024 particles, 119 reach CDFs, 32-particle batches, 1 MB CDF scratch
preflop gpu: compact CDF slots 62 of 119, 0.0 MB immutable map
preflop gpu: deployed_prepass reference, 32-particle grouping and HU-cache=true with accurately budgeted storage
preflop gpu: 190 nodes, 8 levels, 64 terminals (0 calibrated), 1 forced + 32 frozen nodes, ~68 MB VRAM
preflop gpu: coupled multiway, 1024 particles, 119 reach CDFs, 32-particle batches, 1 MB CDF scratch
preflop gpu: compact CDF slots 62 of 119, 0.0 MB immutable map
preflop gpu: deployed_prepass reference, 32-particle grouping and HU-cache=true with accurately budgeted storage
preflop gpu: 190 nodes, 8 levels, 64 terminals (0 calibrated), 1 forced + 32 frozen nodes, ~68 MB VRAM
preflop gpu: coupled multiway, 1024 particles, 119 reach CDFs, 32-particle batches, 1 MB CDF scratch
preflop gpu: compact CDF slots 62 of 119, 0.0 MB immutable map
preflop gpu: deployed_prepass reference, 32-particle grouping and HU-cache=true with accurately budgeted storage
preflop gpu: 190 nodes, 8 levels, 64 terminals (0 calibrated), 1 forced + 32 frozen nodes, ~68 MB VRAM
preflop gpu: coupled multiway, 1024 particles, 119 reach CDFs, 32-particle batches, 1 MB CDF scratch
preflop gpu: compact CDF slots 62 of 119, 0.0 MB immutable map
preflop gpu: deployed_prepass reference, 32-particle grouping and HU-cache=true with accurately budgeted storage
preflop gpu: 190 nodes, 8 levels, 64 terminals (0 calibrated), 1 forced + 32 frozen nodes, ~68 MB VRAM
preflop gpu: coupled multiway, 1024 particles, 119 reach CDFs, 32-particle batches, 1 MB CDF scratch
preflop gpu: compact CDF slots 62 of 119, 0.0 MB immutable map
preflop gpu: deployed_prepass reference, 32-particle grouping and HU-cache=true with accurately budgeted storage
preflop gpu: 190 nodes, 8 levels, 64 terminals (0 calibrated), 1 forced + 32 frozen nodes, ~68 MB VRAM
preflop gpu: coupled multiway, 1024 particles, 119 reach CDFs, 32-particle batches, 1 MB CDF scratch
preflop gpu: compact CDF slots 62 of 119, 0.0 MB immutable map
preflop gpu: deployed_prepass reference, 32-particle grouping and HU-cache=true with accurately budgeted storage
preflop gpu: 190 nodes, 8 levels, 64 terminals (0 calibrated), 1 forced + 32 frozen nodes, ~68 MB VRAM
preflop gpu: coupled multiway, 1024 particles, 119 reach CDFs, 32-particle batches, 1 MB CDF scratch
preflop gpu: compact CDF slots 62 of 119, 0.0 MB immutable map
preflop gpu: deployed_prepass reference, 32-particle grouping and HU-cache=true with accurately budgeted storage
preflop gpu: 190 nodes, 8 levels, 64 terminals (0 calibrated), 1 forced + 32 frozen nodes, ~68 MB VRAM
preflop gpu: coupled multiway, 1024 particles, 119 reach CDFs, 32-particle batches, 1 MB CDF scratch
preflop gpu: compact CDF slots 62 of 119, 0.0 MB immutable map
preflop gpu: deployed_prepass reference, 32-particle grouping and HU-cache=true with accurately budgeted storage
preflop gpu: 190 nodes, 8 levels, 64 terminals (0 calibrated), 1 forced + 32 frozen nodes, ~68 MB VRAM
preflop gpu: coupled multiway, 1024 particles, 501 reach CDFs, 32-particle batches, 6 MB CDF scratch
preflop gpu: compact CDF slots 254 of 501, 0.0 MB immutable map
preflop gpu: deployed_prepass reference, 32-particle grouping and HU-cache=true with accurately budgeted storage
preflop gpu: 766 nodes, 10 levels, 256 terminals (0 calibrated), 0 forced + 0 frozen nodes, ~74 MB VRAM
preflop gpu: coupled multiway, 1024 particles, 501 reach CDFs, 32-particle batches, 6 MB CDF scratch
preflop gpu: compact CDF slots 254 of 501, 0.0 MB immutable map
preflop gpu: deployed_prepass reference, 32-particle grouping and HU-cache=true with accurately budgeted storage
preflop gpu: 766 nodes, 10 levels, 256 terminals (0 calibrated), 0 forced + 0 frozen nodes, ~74 MB VRAM
preflop gpu: coupled multiway, 1024 particles, 501 reach CDFs, 32-particle batches, 6 MB CDF scratch
preflop gpu: compact CDF slots 254 of 501, 0.0 MB immutable map
preflop gpu: deployed_prepass reference, 32-particle grouping and HU-cache=true with accurately budgeted storage
preflop gpu: 766 nodes, 10 levels, 256 terminals (0 calibrated), 0 forced + 0 frozen nodes, ~74 MB VRAM
preflop gpu: coupled multiway, 1024 particles, 501 reach CDFs, 32-particle batches, 6 MB CDF scratch
preflop gpu: compact CDF slots 254 of 501, 0.0 MB immutable map
preflop gpu: deployed_prepass reference, 32-particle grouping and HU-cache=true with accurately budgeted storage
preflop gpu: 766 nodes, 10 levels, 256 terminals (0 calibrated), 0 forced + 0 frozen nodes, ~74 MB VRAM
preflop gpu: coupled multiway, 1024 particles, 501 reach CDFs, 32-particle batches, 6 MB CDF scratch
preflop gpu: compact CDF slots 254 of 501, 0.0 MB immutable map
preflop gpu: deployed_prepass reference, 32-particle grouping and HU-cache=true with accurately budgeted storage
preflop gpu: 766 nodes, 10 levels, 256 terminals (0 calibrated), 0 forced + 0 frozen nodes, ~74 MB VRAM
preflop gpu: coupled multiway, 1024 particles, 501 reach CDFs, 32-particle batches, 6 MB CDF scratch
preflop gpu: compact CDF slots 254 of 501, 0.0 MB immutable map
preflop gpu: deployed_prepass reference, 32-particle grouping and HU-cache=true with accurately budgeted storage
preflop gpu: 766 nodes, 10 levels, 256 terminals (0 calibrated), 0 forced + 0 frozen nodes, ~74 MB VRAM
preflop gpu: coupled multiway, 1024 particles, 501 reach CDFs, 32-particle batches, 6 MB CDF scratch
preflop gpu: compact CDF slots 254 of 501, 0.0 MB immutable map
preflop gpu: deployed_prepass reference, 32-particle grouping and HU-cache=true with accurately budgeted storage
preflop gpu: 766 nodes, 10 levels, 256 terminals (0 calibrated), 0 forced + 0 frozen nodes, ~74 MB VRAM
preflop gpu: coupled multiway, 1024 particles, 501 reach CDFs, 32-particle batches, 6 MB CDF scratch
preflop gpu: compact CDF slots 254 of 501, 0.0 MB immutable map
preflop gpu: deployed_prepass reference, 32-particle grouping and HU-cache=true with accurately budgeted storage
preflop gpu: 766 nodes, 10 levels, 256 terminals (0 calibrated), 0 forced + 0 frozen nodes, ~74 MB VRAM
preflop gpu: coupled multiway, 1024 particles, 501 reach CDFs, 32-particle batches, 6 MB CDF scratch
preflop gpu: compact CDF slots 254 of 501, 0.0 MB immutable map
preflop gpu: deployed_prepass reference, 32-particle grouping and HU-cache=true with accurately budgeted storage
preflop gpu: 766 nodes, 10 levels, 256 terminals (0 calibrated), 1 forced + 128 frozen nodes, ~74 MB VRAM
preflop gpu: coupled multiway, 1024 particles, 501 reach CDFs, 32-particle batches, 6 MB CDF scratch
preflop gpu: compact CDF slots 254 of 501, 0.0 MB immutable map
preflop gpu: deployed_prepass reference, 32-particle grouping and HU-cache=true with accurately budgeted storage
preflop gpu: 766 nodes, 10 levels, 256 terminals (0 calibrated), 1 forced + 128 frozen nodes, ~74 MB VRAM
preflop gpu: coupled multiway, 1024 particles, 501 reach CDFs, 32-particle batches, 6 MB CDF scratch
preflop gpu: compact CDF slots 254 of 501, 0.0 MB immutable map
preflop gpu: deployed_prepass reference, 32-particle grouping and HU-cache=true with accurately budgeted storage
preflop gpu: 766 nodes, 10 levels, 256 terminals (0 calibrated), 1 forced + 128 frozen nodes, ~74 MB VRAM
preflop gpu: coupled multiway, 1024 particles, 501 reach CDFs, 32-particle batches, 6 MB CDF scratch
preflop gpu: compact CDF slots 254 of 501, 0.0 MB immutable map
preflop gpu: deployed_prepass reference, 32-particle grouping and HU-cache=true with accurately budgeted storage
preflop gpu: 766 nodes, 10 levels, 256 terminals (0 calibrated), 1 forced + 128 frozen nodes, ~74 MB VRAM
preflop gpu: coupled multiway, 1024 particles, 501 reach CDFs, 32-particle batches, 6 MB CDF scratch
preflop gpu: compact CDF slots 254 of 501, 0.0 MB immutable map
preflop gpu: deployed_prepass reference, 32-particle grouping and HU-cache=true with accurately budgeted storage
preflop gpu: 766 nodes, 10 levels, 256 terminals (0 calibrated), 1 forced + 128 frozen nodes, ~74 MB VRAM
preflop gpu: coupled multiway, 1024 particles, 501 reach CDFs, 32-particle batches, 6 MB CDF scratch
preflop gpu: compact CDF slots 254 of 501, 0.0 MB immutable map
preflop gpu: deployed_prepass reference, 32-particle grouping and HU-cache=true with accurately budgeted storage
preflop gpu: 766 nodes, 10 levels, 256 terminals (0 calibrated), 1 forced + 128 frozen nodes, ~74 MB VRAM
preflop gpu: coupled multiway, 1024 particles, 501 reach CDFs, 32-particle batches, 6 MB CDF scratch
preflop gpu: compact CDF slots 254 of 501, 0.0 MB immutable map
preflop gpu: deployed_prepass reference, 32-particle grouping and HU-cache=true with accurately budgeted storage
preflop gpu: 766 nodes, 10 levels, 256 terminals (0 calibrated), 1 forced + 128 frozen nodes, ~74 MB VRAM
preflop gpu: coupled multiway, 1024 particles, 501 reach CDFs, 32-particle batches, 6 MB CDF scratch
preflop gpu: compact CDF slots 254 of 501, 0.0 MB immutable map
preflop gpu: deployed_prepass reference, 32-particle grouping and HU-cache=true with accurately budgeted storage
preflop gpu: 766 nodes, 10 levels, 256 terminals (0 calibrated), 1 forced + 128 frozen nodes, ~74 MB VRAM
ok
test preflop::gpu::static_cdf::ordinary::tests::frozen_native_benchmark ... ignored, guarded native saved-game C24 timing only
test preflop::gpu::static_cdf::ordinary::tests::save_reload_and_actual_stop ... preflop gpu: coupled multiway, 1024 particles, 56 reach CDFs, 32-particle batches, 1 MB CDF scratch
preflop gpu: compact CDF slots 36 of 56, 0.0 MB immutable map
preflop gpu: deployed_prepass reference, 32-particle grouping and HU-cache=true with accurately budgeted storage
preflop gpu: 136 nodes, 8 levels, 72 terminals (0 calibrated), 1 forced + 17 frozen nodes, ~67 MB VRAM
preflop gpu: coupled multiway, 1024 particles, 56 reach CDFs, 32-particle batches, 1 MB CDF scratch
preflop gpu: compact CDF slots 36 of 56, 0.0 MB immutable map
preflop gpu: deployed_prepass reference, 32-particle grouping and HU-cache=true with accurately budgeted storage
preflop gpu: 136 nodes, 8 levels, 72 terminals (0 calibrated), 1 forced + 17 frozen nodes, ~67 MB VRAM
preflop gpu: coupled multiway, 1024 particles, 56 reach CDFs, 32-particle batches, 1 MB CDF scratch
preflop gpu: compact CDF slots 36 of 56, 0.0 MB immutable map
preflop gpu: deployed_prepass reference, 32-particle grouping and HU-cache=true with accurately budgeted storage
preflop gpu: 136 nodes, 8 levels, 72 terminals (0 calibrated), 1 forced + 17 frozen nodes, ~67 MB VRAM
preflop gpu: coupled multiway, 1024 particles, 56 reach CDFs, 32-particle batches, 1 MB CDF scratch
preflop gpu: compact CDF slots 36 of 56, 0.0 MB immutable map
preflop gpu: deployed_prepass reference, 32-particle grouping and HU-cache=true with accurately budgeted storage
preflop gpu: 136 nodes, 8 levels, 72 terminals (0 calibrated), 1 forced + 17 frozen nodes, ~67 MB VRAM
preflop gpu: coupled multiway, 1024 particles, 56 reach CDFs, 32-particle batches, 1 MB CDF scratch
preflop gpu: compact CDF slots 36 of 56, 0.0 MB immutable map
preflop gpu: deployed_prepass reference, 32-particle grouping and HU-cache=true with accurately budgeted storage
preflop gpu: 136 nodes, 8 levels, 72 terminals (0 calibrated), 1 forced + 17 frozen nodes, ~67 MB VRAM
preflop gpu: coupled multiway, 1024 particles, 56 reach CDFs, 32-particle batches, 1 MB CDF scratch
preflop gpu: compact CDF slots 36 of 56, 0.0 MB immutable map
preflop gpu: deployed_prepass reference, 32-particle grouping and HU-cache=true with accurately budgeted storage
preflop gpu: 136 nodes, 8 levels, 72 terminals (0 calibrated), 1 forced + 17 frozen nodes, ~67 MB VRAM
preflop gpu: coupled multiway, 1024 particles, 56 reach CDFs, 32-particle batches, 1 MB CDF scratch
preflop gpu: compact CDF slots 36 of 56, 0.0 MB immutable map
preflop gpu: deployed_prepass reference, 32-particle grouping and HU-cache=true with accurately budgeted storage
preflop gpu: 136 nodes, 8 levels, 72 terminals (0 calibrated), 1 forced + 17 frozen nodes, ~67 MB VRAM
preflop gpu: coupled multiway, 1024 particles, 56 reach CDFs, 32-particle batches, 1 MB CDF scratch
preflop gpu: compact CDF slots 36 of 56, 0.0 MB immutable map
preflop gpu: deployed_prepass reference, 32-particle grouping and HU-cache=true with accurately budgeted storage
preflop gpu: 136 nodes, 8 levels, 72 terminals (0 calibrated), 1 forced + 17 frozen nodes, ~67 MB VRAM
ok
test preflop::gpu::static_cdf::ordinary::tests::terminals_zero_mass_recovery ... preflop gpu: coupled multiway, 1024 particles, 56 reach CDFs, 32-particle batches, 1 MB CDF scratch
preflop gpu: compact CDF slots 36 of 56, 0.0 MB immutable map
preflop gpu: deployed_prepass reference, 32-particle grouping and HU-cache=true with accurately budgeted storage
preflop gpu: 136 nodes, 8 levels, 72 terminals (0 calibrated), 0 forced + 0 frozen nodes, ~67 MB VRAM
preflop gpu: coupled multiway, 1024 particles, 56 reach CDFs, 32-particle batches, 1 MB CDF scratch
preflop gpu: compact CDF slots 36 of 56, 0.0 MB immutable map
preflop gpu: deployed_prepass reference, 32-particle grouping and HU-cache=true with accurately budgeted storage
preflop gpu: 136 nodes, 8 levels, 72 terminals (0 calibrated), 0 forced + 0 frozen nodes, ~67 MB VRAM
preflop gpu: coupled multiway, 1024 particles, 56 reach CDFs, 32-particle batches, 1 MB CDF scratch
preflop gpu: compact CDF slots 36 of 56, 0.0 MB immutable map
preflop gpu: deployed_prepass reference, 32-particle grouping and HU-cache=true with accurately budgeted storage
preflop gpu: 136 nodes, 8 levels, 72 terminals (0 calibrated), 0 forced + 0 frozen nodes, ~67 MB VRAM
preflop gpu: coupled multiway, 1024 particles, 56 reach CDFs, 32-particle batches, 1 MB CDF scratch
preflop gpu: compact CDF slots 36 of 56, 0.0 MB immutable map
preflop gpu: deployed_prepass reference, 32-particle grouping and HU-cache=true with accurately budgeted storage
preflop gpu: 136 nodes, 8 levels, 72 terminals (0 calibrated), 0 forced + 0 frozen nodes, ~67 MB VRAM
preflop gpu: coupled multiway, 1024 particles, 501 reach CDFs, 32-particle batches, 6 MB CDF scratch
preflop gpu: compact CDF slots 254 of 501, 0.0 MB immutable map
preflop gpu: deployed_prepass reference, 32-particle grouping and HU-cache=true with accurately budgeted storage
preflop gpu: 766 nodes, 10 levels, 256 terminals (0 calibrated), 0 forced + 0 frozen nodes, ~74 MB VRAM
preflop gpu: coupled multiway, 1024 particles, 501 reach CDFs, 32-particle batches, 6 MB CDF scratch
preflop gpu: compact CDF slots 254 of 501, 0.0 MB immutable map
preflop gpu: deployed_prepass reference, 32-particle grouping and HU-cache=true with accurately budgeted storage
preflop gpu: 766 nodes, 10 levels, 256 terminals (0 calibrated), 0 forced + 0 frozen nodes, ~74 MB VRAM
preflop gpu: coupled multiway, 1024 particles, 501 reach CDFs, 32-particle batches, 6 MB CDF scratch
preflop gpu: compact CDF slots 254 of 501, 0.0 MB immutable map
preflop gpu: deployed_prepass reference, 32-particle grouping and HU-cache=true with accurately budgeted storage
preflop gpu: 766 nodes, 10 levels, 256 terminals (0 calibrated), 0 forced + 0 frozen nodes, ~74 MB VRAM
preflop gpu: coupled multiway, 1024 particles, 501 reach CDFs, 32-particle batches, 6 MB CDF scratch
preflop gpu: compact CDF slots 254 of 501, 0.0 MB immutable map
preflop gpu: deployed_prepass reference, 32-particle grouping and HU-cache=true with accurately budgeted storage
preflop gpu: 766 nodes, 10 levels, 256 terminals (0 calibrated), 0 forced + 0 frozen nodes, ~74 MB VRAM
ok

test result: ok. 4 passed; 0 failed; 1 ignored; 0 measured; 182 filtered out; finished in 29.13s

