   Compiling solver v0.1.0 (T:\Dev\GTOpen\target\autoresearch\preflop-convergence-20260911\crates\solver)
error[E0425]: cannot find type `BTreeMap` in this scope
   --> crates\solver\src\preflop\gpu\cross_player_inventory.rs:192:51
    |
192 | pub(super) fn device_buffer_bytes(g:&PreflopGpu)->BTreeMap<&'static str,usize>{ super::static_cdf::ordinary::ordinary_buffer_bytes(...
    |                                                   ^^^^^^^^ not found in this scope
    |
    = note: struct `crate::report::tests::BTreeMap` exists but is inaccessible
help: consider importing this struct
    |
  2 + use std::collections::BTreeMap;
    |

warning: unused import: `super::super::*`
 --> crates\solver\src\preflop\gpu\narrow_offsets\tests.rs:2:5
  |
2 | use super::super::*;
  |     ^^^^^^^^^^^^^^^
  |
  = note: `#[warn(unused_imports)]` (part of `#[warn(unused)]`) on by default

For more information about this error, try `rustc --explain E0425`.
warning: `solver` (lib test) generated 1 warning
error: could not compile `solver` (lib test) due to 1 previous error; 1 warning emitted
