solver threads: 8
GTO solver running at http://127.0.0.1:56710
preflop gpu: coupled multiway, 1024 particles, 10728 reach CDFs, 32-particle batches, 218 MB CDF scratch
preflop gpu: compact CDF slots 5890 of 10728, 0.3 MB immutable map
preflop gpu: deployed_prepass reference, 32-particle grouping and HU-cache=true with accurately budgeted storage
preflop gpu: 23038 nodes, 17 levels, 12168 terminals (1873 calibrated), 0 forced + 0 frozen nodes, ~582 MB VRAM
COHORT_PLAN {"base_bytes":199330816,"capacity":10020,"extra_bytes":21954136,"group_masks":[7,56],"groups":[[0,1,2],[3,4,5]],"original_cdf_bytes":128166400,"peak_bytes":582381088,"static_rows":19332,"total_bytes":313945632}
preflop solving on GPU: {"mode":"retained_cohorts","configured_budget_mb":23000,"cohort_limit_mb":20500,"fallback_reason":null,"narrow_offsets":true,"static_cdf":true,"static_cdf_fallback_reason":null}
preflop gpu: coupled multiway, 1024 particles, 10728 reach CDFs, 32-particle batches, 218 MB CDF scratch
preflop gpu: compact CDF slots 5890 of 10728, 0.3 MB immutable map
preflop gpu: deployed_prepass reference, 32-particle grouping and HU-cache=true with accurately budgeted storage
preflop gpu: 23038 nodes, 17 levels, 12168 terminals (1873 calibrated), 0 forced + 0 frozen nodes, ~582 MB VRAM
COHORT_PLAN {"base_bytes":199330816,"capacity":10020,"extra_bytes":21954136,"group_masks":[7,56],"groups":[[0,1,2],[3,4,5]],"original_cdf_bytes":128166400,"peak_bytes":582381088,"static_rows":19332,"total_bytes":313945632}
preflop solving on GPU: {"mode":"retained_cohorts","configured_budget_mb":23000,"cohort_limit_mb":20500,"fallback_reason":null,"narrow_offsets":true,"static_cdf":true,"static_cdf_fallback_reason":null}
preflop gpu: coupled multiway, 1024 particles, 10728 reach CDFs, 32-particle batches, 218 MB CDF scratch
preflop gpu: compact CDF slots 5890 of 10728, 0.3 MB immutable map
preflop gpu: deployed_prepass reference, 32-particle grouping and HU-cache=true with accurately budgeted storage
preflop gpu: 23038 nodes, 17 levels, 12168 terminals (1873 calibrated), 0 forced + 0 frozen nodes, ~582 MB VRAM
COHORT_PLAN {"base_bytes":199330816,"capacity":10020,"extra_bytes":21954136,"group_masks":[7,56],"groups":[[0,1,2],[3,4,5]],"original_cdf_bytes":128166400,"peak_bytes":582381088,"static_rows":19332,"total_bytes":313945632}
preflop solving on GPU: {"mode":"retained_cohorts","configured_budget_mb":23000,"cohort_limit_mb":20500,"fallback_reason":null,"narrow_offsets":true,"static_cdf":true,"static_cdf_fallback_reason":null}
preflop gpu: coupled multiway, 1024 particles, 10728 reach CDFs, 32-particle batches, 218 MB CDF scratch
preflop gpu: compact CDF slots 5890 of 10728, 0.3 MB immutable map
preflop gpu: deployed_prepass reference, 32-particle grouping and HU-cache=true with accurately budgeted storage
preflop gpu: 23038 nodes, 17 levels, 12168 terminals (1873 calibrated), 0 forced + 0 frozen nodes, ~582 MB VRAM
COHORT_PLAN {"base_bytes":199330816,"capacity":10020,"extra_bytes":21954136,"group_masks":[7,56],"groups":[[0,1,2],[3,4,5]],"original_cdf_bytes":128166400,"peak_bytes":582381088,"static_rows":19332,"total_bytes":313945632}
preflop solving on GPU: {"mode":"retained_cohorts","configured_budget_mb":23000,"cohort_limit_mb":20500,"fallback_reason":null,"narrow_offsets":true,"static_cdf":true,"static_cdf_fallback_reason":null}
preflop gpu: coupled multiway, 1024 particles, 10728 reach CDFs, 32-particle batches, 218 MB CDF scratch
preflop gpu: compact CDF slots 5890 of 10728, 0.3 MB immutable map
preflop gpu: deployed_prepass reference, 32-particle grouping and HU-cache=true with accurately budgeted storage
preflop gpu: 23038 nodes, 17 levels, 12168 terminals (1873 calibrated), 0 forced + 0 frozen nodes, ~582 MB VRAM
COHORT_PLAN {"base_bytes":199330816,"capacity":10020,"extra_bytes":21954136,"group_masks":[7,56],"groups":[[0,1,2],[3,4,5]],"original_cdf_bytes":128166400,"peak_bytes":582381088,"static_rows":19332,"total_bytes":313945632}
preflop solving on GPU: {"mode":"retained_cohorts","configured_budget_mb":23000,"cohort_limit_mb":20500,"fallback_reason":null,"narrow_offsets":true,"static_cdf":true,"static_cdf_fallback_reason":null}
preflop gpu: coupled multiway, 1024 particles, 760578 reach CDFs, 32-particle batches, 13985 MB CDF scratch
preflop gpu: compact CDF slots 388082 of 760578, 24.3 MB immutable map
preflop gpu: deployed_prepass reference, 32-particle grouping and HU-cache=true with accurately budgeted storage
preflop gpu: 1567754 nodes, 23 levels, 805640 terminals (119099 calibrated), 0 forced + 0 frozen nodes, ~20447 MB VRAM
COHORT_PLAN {"base_bytes":13042658036,"capacity":642685,"extra_bytes":1423384180,"group_masks":[161,70,24],"groups":[[0,5,7],[1,2,6],[3,4]],"original_cdf_bytes":8444664320,"peak_bytes":20446750580,"static_rows":1810900,"total_bytes":20178315124}
preflop solving on GPU: {"mode":"retained_cohorts","configured_budget_mb":23000,"cohort_limit_mb":20500,"fallback_reason":null,"narrow_offsets":true,"static_cdf":true,"static_cdf_fallback_reason":null}
preflop gpu: coupled multiway, 1024 particles, 760578 reach CDFs, 32-particle batches, 13985 MB CDF scratch
preflop gpu: compact CDF slots 388082 of 760578, 24.3 MB immutable map
preflop gpu: deployed_prepass reference, 32-particle grouping and HU-cache=true with accurately budgeted storage
preflop gpu: 1567754 nodes, 23 levels, 805640 terminals (119099 calibrated), 0 forced + 0 frozen nodes, ~20447 MB VRAM
COHORT_PLAN {"base_bytes":13042658036,"capacity":642685,"extra_bytes":1423384180,"group_masks":[161,70,24],"groups":[[0,5,7],[1,2,6],[3,4]],"original_cdf_bytes":8444664320,"peak_bytes":20446750580,"static_rows":1810900,"total_bytes":20178315124}
preflop solving on GPU: {"mode":"retained_cohorts","configured_budget_mb":23000,"cohort_limit_mb":20500,"fallback_reason":null,"narrow_offsets":true,"static_cdf":true,"static_cdf_fallback_reason":null}
preflop gpu: coupled multiway, 1024 particles, 760578 reach CDFs, 32-particle batches, 13985 MB CDF scratch
preflop gpu: compact CDF slots 388082 of 760578, 24.3 MB immutable map
preflop gpu: deployed_prepass reference, 32-particle grouping and HU-cache=true with accurately budgeted storage
preflop gpu: 1567754 nodes, 23 levels, 805640 terminals (119099 calibrated), 0 forced + 0 frozen nodes, ~20447 MB VRAM
COHORT_PLAN {"base_bytes":13042658036,"capacity":642685,"extra_bytes":1423384180,"group_masks":[161,70,24],"groups":[[0,5,7],[1,2,6],[3,4]],"original_cdf_bytes":8444664320,"peak_bytes":20446750580,"static_rows":1810900,"total_bytes":20178315124}
preflop solving on GPU: {"mode":"retained_cohorts","configured_budget_mb":23000,"cohort_limit_mb":20500,"fallback_reason":null,"narrow_offsets":true,"static_cdf":true,"static_cdf_fallback_reason":null}
preflop gpu: coupled multiway, 1024 particles, 760578 reach CDFs, 32-particle batches, 13985 MB CDF scratch
preflop gpu: compact CDF slots 388082 of 760578, 24.3 MB immutable map
preflop gpu: deployed_prepass reference, 32-particle grouping and HU-cache=true with accurately budgeted storage
preflop gpu: 1567754 nodes, 23 levels, 805640 terminals (119099 calibrated), 0 forced + 0 frozen nodes, ~20447 MB VRAM
COHORT_PLAN {"base_bytes":13042658036,"capacity":642685,"extra_bytes":1423384180,"group_masks":[161,70,24],"groups":[[0,5,7],[1,2,6],[3,4]],"original_cdf_bytes":8444664320,"peak_bytes":20446750580,"static_rows":1810900,"total_bytes":20178315124}
preflop solving on GPU: {"mode":"retained_cohorts","configured_budget_mb":23000,"cohort_limit_mb":20500,"fallback_reason":null,"narrow_offsets":true,"static_cdf":true,"static_cdf_fallback_reason":null}
preflop gpu: coupled multiway, 1024 particles, 760578 reach CDFs, 32-particle batches, 13985 MB CDF scratch
preflop gpu: compact CDF slots 388082 of 760578, 24.3 MB immutable map
preflop gpu: deployed_prepass reference, 32-particle grouping and HU-cache=true with accurately budgeted storage
preflop gpu: 1567754 nodes, 23 levels, 805640 terminals (119099 calibrated), 0 forced + 0 frozen nodes, ~20447 MB VRAM
COHORT_PLAN {"base_bytes":13042658036,"capacity":642685,"extra_bytes":1423384180,"group_masks":[161,70,24],"groups":[[0,5,7],[1,2,6],[3,4]],"original_cdf_bytes":8444664320,"peak_bytes":20446750580,"static_rows":1810900,"total_bytes":20178315124}
preflop solving on GPU: {"mode":"retained_cohorts","configured_budget_mb":23000,"cohort_limit_mb":20500,"fallback_reason":null,"narrow_offsets":true,"static_cdf":true,"static_cdf_fallback_reason":null}
