{
  "probes": [
    {
      "hand": "AA",
      "control": 0.832554125,
      "folds": 0.8328479905634515,
      "difference": 0.0002938655634514564,
      "se": 5.643887713211319e-05,
      "ci95": [
        0.00017970715913926072,
        0.0004080239677636521
      ],
      "effective_sample_sizes": [
        4000000.0,
        3722782.025926675
      ]
    },
    {
      "hand": "AKs",
      "control": 0.498267,
      "folds": 0.501071693532426,
      "difference": 0.0028046935324259614,
      "se": 5.4592049120960495e-05,
      "ci95": [
        0.0026942706903627938,
        0.002915116374489129
      ],
      "effective_sample_sizes": [
        4000000.0,
        3723999.742692378
      ]
    },
    {
      "hand": "AKo",
      "control": 0.472434,
      "folds": 0.47523370270788823,
      "difference": 0.0027997027078882075,
      "se": 5.976947195998363e-05,
      "ci95": [
        0.0026788075396593568,
        0.0029205978761170583
      ],
      "effective_sample_sizes": [
        4000000.0,
        3739314.993413075
      ]
    },
    {
      "hand": "QQ",
      "control": 0.585839125,
      "folds": 0.5810949494045727,
      "difference": -0.00474417559542728,
      "se": 5.81821110896e-05,
      "ci95": [
        -0.004861860023236784,
        -0.004626491167617776
      ],
      "effective_sample_sizes": [
        4000000.0,
        3702559.419154102
      ]
    },
    {
      "hand": "JJ",
      "control": 0.510717125,
      "folds": 0.5065346881276845,
      "difference": -0.004182436872315454,
      "se": 9.760880530438465e-05,
      "ci95": [
        -0.004379869316520268,
        -0.003985004428110639
      ],
      "effective_sample_sizes": [
        4000000.0,
        3646666.457382108
      ]
    },
    {
      "hand": "TT",
      "control": 0.45171175,
      "folds": 0.448775823073161,
      "difference": -0.0029359269268390276,
      "se": 9.348236839953852e-05,
      "ci95": [
        -0.0031250128645843056,
        -0.0027468409890937496
      ],
      "effective_sample_sizes": [
        4000000.0,
        3622458.3336136397
      ]
    },
    {
      "hand": "99",
      "control": 0.385028375,
      "folds": 0.3836267831178171,
      "difference": -0.0014015918821828621,
      "se": 7.322374785967168e-05,
      "ci95": [
        -0.0015497008921096813,
        -0.001253482872256043
      ],
      "effective_sample_sizes": [
        4000000.0,
        3621928.351323888
      ]
    },
    {
      "hand": "AQs",
      "control": 0.403375625,
      "folds": 0.4044354948310266,
      "difference": 0.001059869831026572,
      "se": 6.751472786826096e-05,
      "ci95": [
        0.0009233084039986877,
        0.0011964312580544562
      ],
      "effective_sample_sizes": [
        4000000.0,
        3728035.774407913
      ]
    }
  ],
  "root_effective_sample_sizes": [
    2000000.0,
    1838715.9218841598
  ],
  "entry_proposal_max_z": 1.7440870826588952,
  "unit_control_passed": true,
  "draws": 34000000,
  "intervals": "Pointwise paired batch-ratio 95% t intervals, not simultaneous coverage or strategic EV bounds"
}
