preflop gpu: coupled multiway, 1024 particles, 198564 reach CDFs, 32-particle batches, 2079 MB CDF scratch
preflop gpu: compact CDF slots 95564 of 198564, 6.4 MB immutable map
preflop gpu: deployed_prepass reference, 32-particle grouping and HU-cache=true with accurately budgeted storage
preflop gpu: 410270 nodes, 23 levels, 211189 terminals (21534 calibrated), 0 forced + 0 frozen nodes, ~3418 MB VRAM
iteration 1025 elapsed 17.98
iteration 1050 elapsed 36.17
iteration 1075 elapsed 57.78
iteration 1100 elapsed 77.37
iteration 1125 elapsed 95.77
iteration 1150 elapsed 114.20
iteration 1175 elapsed 132.33
iteration 1200 elapsed 150.25
iteration 1225 elapsed 168.73
iteration 1250 elapsed 189.84
iteration 1275 elapsed 207.85
iteration 1300 elapsed 225.88
iteration 1325 elapsed 243.83
iteration 1350 elapsed 261.26
iteration 1375 elapsed 279.07
iteration 1400 elapsed 297.30
iteration 1425 elapsed 316.30
iteration 1450 elapsed 334.06
iteration 1475 elapsed 351.93
iteration 1500 elapsed 369.60
completed 1500
