preflop gpu: coupled multiway, 1024 particles, 198564 reach CDFs, 32-particle batches, 2079 MB CDF scratch
preflop gpu: compact CDF slots 95564 of 198564, 6.4 MB immutable map
preflop gpu: deployed_prepass reference, 32-particle grouping and HU-cache=true with accurately budgeted storage
preflop gpu: 410270 nodes, 23 levels, 211189 terminals (21534 calibrated), 0 forced + 0 frozen nodes, ~3418 MB VRAM
iteration 1025 elapsed 27.43
iteration 1050 elapsed 53.99
iteration 1075 elapsed 79.91
iteration 1100 elapsed 105.85
iteration 1125 elapsed 131.61
iteration 1150 elapsed 157.76
iteration 1175 elapsed 184.18
iteration 1200 elapsed 210.74
iteration 1225 elapsed 237.14
iteration 1250 elapsed 262.28
iteration 1275 elapsed 288.79
iteration 1300 elapsed 314.91
iteration 1325 elapsed 341.02
iteration 1350 elapsed 367.55
iteration 1375 elapsed 393.84
iteration 1400 elapsed 420.22
iteration 1425 elapsed 447.16
iteration 1450 elapsed 473.44
iteration 1475 elapsed 500.32
iteration 1500 elapsed 527.16
completed 1500
